D:/Dokumente/GitHub/Software/01_jrg/08_STM32H745/03_TouchGFX/02_TUT02/CM7/Core/Src/main.c:103:5:main	24	static,ignoring_inline_asm
D:/Dokumente/GitHub/Software/01_jrg/08_STM32H745/03_TouchGFX/02_TUT02/CM7/Core/Src/main.c:228:6:SystemClock_Config	120	static
D:/Dokumente/GitHub/Software/01_jrg/08_STM32H745/03_TouchGFX/02_TUT02/CM7/Core/Src/main.c:294:13:MX_CRC_Init	8	static
D:/Dokumente/GitHub/Software/01_jrg/08_STM32H745/03_TouchGFX/02_TUT02/CM7/Core/Src/main.c:325:13:MX_DMA2D_Init	8	static
D:/Dokumente/GitHub/Software/01_jrg/08_STM32H745/03_TouchGFX/02_TUT02/CM7/Core/Src/main.c:354:13:MX_LTDC_Init	64	static
D:/Dokumente/GitHub/Software/01_jrg/08_STM32H745/03_TouchGFX/02_TUT02/CM7/Core/Src/main.c:416:13:MX_QUADSPI_Init	8	static
D:/Dokumente/GitHub/Software/01_jrg/08_STM32H745/03_TouchGFX/02_TUT02/CM7/Core/Src/main.c:446:6:MX_FMC_Init	40	static
D:/Dokumente/GitHub/Software/01_jrg/08_STM32H745/03_TouchGFX/02_TUT02/CM7/Core/Src/main.c:497:13:MX_GPIO_Init	72	static
D:/Dokumente/GitHub/Software/01_jrg/08_STM32H745/03_TouchGFX/02_TUT02/CM7/Core/Src/main.c:564:6:StartDefaultTask	16	static
D:/Dokumente/GitHub/Software/01_jrg/08_STM32H745/03_TouchGFX/02_TUT02/CM7/Core/Src/main.c:582:13:TouchGFX_Task	16	static
D:/Dokumente/GitHub/Software/01_jrg/08_STM32H745/03_TouchGFX/02_TUT02/CM7/Core/Src/main.c:595:6:MPU_Config	24	static
D:/Dokumente/GitHub/Software/01_jrg/08_STM32H745/03_TouchGFX/02_TUT02/CM7/Core/Src/main.c:638:6:HAL_TIM_PeriodElapsedCallback	16	static
D:/Dokumente/GitHub/Software/01_jrg/08_STM32H745/03_TouchGFX/02_TUT02/CM7/Core/Src/main.c:655:6:Error_Handler	4	static,ignoring_inline_asm
