D:/Dokumente/GitHub/Software/01_jrg/08_STM32H745/03_TouchGFX/02_TUT02/CM7/Core/Src/stm32h7xx_hal_msp.c:64:6:HAL_MspInit	16	static
D:/Dokumente/GitHub/Software/01_jrg/08_STM32H745/03_TouchGFX/02_TUT02/CM7/Core/Src/stm32h7xx_hal_msp.c:87:6:HAL_CRC_MspInit	24	static
D:/Dokumente/GitHub/Software/01_jrg/08_STM32H745/03_TouchGFX/02_TUT02/CM7/Core/Src/stm32h7xx_hal_msp.c:109:6:HAL_CRC_MspDeInit	16	static
D:/Dokumente/GitHub/Software/01_jrg/08_STM32H745/03_TouchGFX/02_TUT02/CM7/Core/Src/stm32h7xx_hal_msp.c:131:6:HAL_DMA2D_MspInit	24	static
D:/Dokumente/GitHub/Software/01_jrg/08_STM32H745/03_TouchGFX/02_TUT02/CM7/Core/Src/stm32h7xx_hal_msp.c:156:6:HAL_DMA2D_MspDeInit	16	static
D:/Dokumente/GitHub/Software/01_jrg/08_STM32H745/03_TouchGFX/02_TUT02/CM7/Core/Src/stm32h7xx_hal_msp.c:181:6:HAL_LTDC_MspInit	248	static
D:/Dokumente/GitHub/Software/01_jrg/08_STM32H745/03_TouchGFX/02_TUT02/CM7/Core/Src/stm32h7xx_hal_msp.c:293:6:HAL_LTDC_MspDeInit	16	static
D:/Dokumente/GitHub/Software/01_jrg/08_STM32H745/03_TouchGFX/02_TUT02/CM7/Core/Src/stm32h7xx_hal_msp.c:361:6:HAL_QSPI_MspInit	248	static
D:/Dokumente/GitHub/Software/01_jrg/08_STM32H745/03_TouchGFX/02_TUT02/CM7/Core/Src/stm32h7xx_hal_msp.c:457:6:HAL_QSPI_MspDeInit	16	static
D:/Dokumente/GitHub/Software/01_jrg/08_STM32H745/03_TouchGFX/02_TUT02/CM7/Core/Src/stm32h7xx_hal_msp.c:498:13:HAL_FMC_MspInit	224	static
D:/Dokumente/GitHub/Software/01_jrg/08_STM32H745/03_TouchGFX/02_TUT02/CM7/Core/Src/stm32h7xx_hal_msp.c:607:6:HAL_SDRAM_MspInit	16	static
D:/Dokumente/GitHub/Software/01_jrg/08_STM32H745/03_TouchGFX/02_TUT02/CM7/Core/Src/stm32h7xx_hal_msp.c:619:13:HAL_FMC_MspDeInit	8	static
D:/Dokumente/GitHub/Software/01_jrg/08_STM32H745/03_TouchGFX/02_TUT02/CM7/Core/Src/stm32h7xx_hal_msp.c:691:6:HAL_SDRAM_MspDeInit	16	static
