14:11:19 **** Incremental Build of configuration Debug for project awfg ****
make pre-build main-build 
a9-linaro-pre-build-step
' '
make: Nothing to be done for 'main-build'.
14:14:22 **** Incremental Build of configuration Debug for project awfg ****
make pre-build main-build 
a9-linaro-pre-build-step
' '
'Building file: ../src/ert_main.c'
'Invoking: ARM v7 gcc compiler'
arm-none-eabi-gcc -Wall -O0 -g3 -c -fmessage-length=0 -MT"src/ert_main.o" -mcpu=cortex-a9 -mfpu=vfpv3 -mfloat-abi=hard -I../../awfg_bsp/ps7_cortexa9_0/include -MMD -MP -MF"src/ert_main.d" -MT"src/ert_main.o" -o "src/ert_main.o" "../src/ert_main.c"
../src/ert_main.c: In function 'main':
../src/ert_main.c:96:5: warning: "/*" within comment [-Wcomment]
     /*  Perform application tasks here */
      
'Finished building: ../src/ert_main.c'
' '
'Building target: awfg.elf'
'Invoking: ARM v7 gcc linker'
arm-none-eabi-gcc -mcpu=cortex-a9 -mfpu=vfpv3 -mfloat-abi=hard -Wl,-build-id=none -specs=Xilinx.spec -Wl,-T -Wl,../src/lscript.ld -L../../awfg_bsp/ps7_cortexa9_0/lib -o "awfg.elf"  ./src/AWFG_2022b.o ./src/ert_main.o ./src/rtGetInf.o ./src/rtGetNaN.o ./src/rt_nonfinite.o   -lm -Wl,--start-group,-lxil,-lgcc,-lc,--end-group
'Finished building target: awfg.elf'
' '
'Invoking: ARM v7 Print Size'
arm-none-eabi-size awfg.elf  |tee "awfg.elf.size"
   text	   data	    bss	    dec	    hex	filename
  33136	   1184	  30920	  65240	   fed8	awfg.elf
'Finished building: awfg.elf.size'
' '
14:16:27 **** Incremental Build of configuration Debug for project awfg ****
make pre-build main-build 
a9-linaro-pre-build-step
' '
make: Nothing to be done for 'main-build'.
