<html>
<body>
<pre>
<h1>µVision Build Log</h1>
<h2>Tool Versions:</h2>
IDE-Version: µVision V5.29.0.0
Copyright (C) 2019 ARM Ltd and ARM Germany GmbH. All rights reserved.
License Information: Jo Bau, -, LIC=21ERA-1V8JA-PZRWB-2BQYN-RK7DR-LKBXM
 
Tool Versions:
Toolchain:       MDK-ARM Plus  Version: 5.29.0.0
Toolchain Path:  C:\Keil_v5\ARM\ARMCC\Bin
C Compiler:      Armcc.exe V5.06 update 6 (build 750)
Assembler:       Armasm.exe V5.06 update 6 (build 750)
Linker/Locator:  ArmLink.exe V5.06 update 6 (build 750)
Library Manager: ArmAr.exe V5.06 update 6 (build 750)
Hex Converter:   FromElf.exe V5.06 update 6 (build 750)
CPU DLL:         SARMCM3.DLL V5.29.0.0
Dialog DLL:      DCM.DLL V1.17.3.0
Target DLL:      STLink\ST-LINKIII-KEIL_SWO.dll V3.0.7.0
Dialog DLL:      TCM.DLL V1.36.5.0
 
<h2>Project:</h2>
D:\Dokumente\GitHub\Software\01_jrg\08_STM32H745\04_SteeringWheel\SteeringWheel\MDK-ARM\stm32h745i_disco.uvprojx
Project File Date:  02/23/2023

<h2>Output:</h2>
*** Using Compiler 'V5.06 update 6 (build 750)', folder: 'C:\Keil_v5\ARM\ARMCC\Bin'
Build target 'STM32H745I_DISCO_CM7'
compiling flash_tasks.c...
../CM7/Core/Inc/fdcan_conf.h(145): warning:  #1295-D: Deprecated declaration TASK_FDCAN_RX - give arg types
  void TASK_FDCAN_RX();
../CM7/Core/Inc/fdcan_conf.h(146): warning:  #1295-D: Deprecated declaration TASK_FDCAN_TX - give arg types
  void TASK_FDCAN_TX();
../CM7/Core/Inc/GUI_Communication.h(21): warning:  #1295-D: Deprecated declaration SendToGUI - give arg types
  void SendToGUI();
../CM7/Core/Inc/GUI_Communication.h(22): warning:  #1295-D: Deprecated declaration msg_calc - give arg types
  void msg_calc();
flash_tasks.c: 4 warnings, 0 errors
linking...
Program Size: Code=101868 RO-data=896800 RW-data=760 ZI-data=61232  
"stm32h745i_disco_CM7\stm32h745i_disco_CM7.axf" - 0 Error(s), 4 Warning(s).

<h2>Software Packages used:</h2>

Package Vendor: ARM
                http://www.keil.com/pack/ARM.CMSIS.5.8.0.pack
                ARM.CMSIS.5.8.0
                CMSIS (Common Microcontroller Software Interface Standard)
   * Component: CORE Version: 5.5.0

Package Vendor: Keil
                http://www.keil.com/pack/Keil.STM32H7xx_DFP.3.0.0.pack
                Keil.STM32H7xx_DFP.3.0.0
                STMicroelectronics STM32H7 Series Device Support and Examples

<h2>Collection of Component include folders:</h2>
  .\RTE\_STM32H745I_DISCO_CM7
  C:\Users\Yoshi\AppData\Local\Arm\Packs\ARM\CMSIS\5.8.0\CMSIS\Core\Include
  C:\Users\Yoshi\AppData\Local\Arm\Packs\Keil\STM32H7xx_DFP\3.0.0\Drivers\CMSIS\Device\ST\STM32H7xx\Include

<h2>Collection of Component Files used:</h2>

   * Component: ARM::CMSIS:CORE:5.5.0
Build Time Elapsed:  00:00:01
</pre>
</body>
</html>
