Component: ARM Compiler 5.06 update 6 (build 750) Tool: armlink [4d35ed]

==============================================================================

Section Cross References

    main.o(i.main) refers to dave.o(i.DAVE_Init) for DAVE_Init
    adc_measurement.o(i.ADC_MEASUREMENT_Init) refers to global_adc.o(i.GLOBAL_ADC_Init) for GLOBAL_ADC_Init
    adc_measurement.o(i.ADC_MEASUREMENT_Init) refers to xmc_vadc.o(i.XMC_VADC_GLOBAL_InputClassInit) for XMC_VADC_GLOBAL_InputClassInit
    adc_measurement.o(i.ADC_MEASUREMENT_Init) refers to xmc_vadc.o(i.XMC_VADC_GLOBAL_BackgroundInit) for XMC_VADC_GLOBAL_BackgroundInit
    adc_measurement.o(i.ADC_MEASUREMENT_Init) refers to xmc_vadc.o(i.XMC_VADC_GROUP_ChannelInit) for XMC_VADC_GROUP_ChannelInit
    adc_measurement.o(i.ADC_MEASUREMENT_Init) refers to xmc_vadc.o(i.XMC_VADC_GLOBAL_BackgroundSetReqSrcEventInterruptNode) for XMC_VADC_GLOBAL_BackgroundSetReqSrcEventInterruptNode
    adc_measurement.o(i.ADC_MEASUREMENT_Init) refers to adc_measurement.o(i.XMC_VADC_GLOBAL_BackgroundTriggerConversion) for XMC_VADC_GLOBAL_BackgroundTriggerConversion
    adc_measurement.o(i.ADC_MEASUREMENT_StartConversion) refers to adc_measurement.o(i.XMC_VADC_GLOBAL_BackgroundTriggerConversion) for XMC_VADC_GLOBAL_BackgroundTriggerConversion
    adc_measurement_conf.o(.data) refers to adc_measurement_conf.o(.constdata) for backgnd_config
    adc_measurement_conf.o(.data) refers to global_adc_conf.o(.data) for GLOBAL_ADC_0
    can_node.o(i.CAN_NODE_ConfigBaudrate) refers to xmc_can.o(i.XMC_CAN_NODE_NominalBitTimeConfigure) for XMC_CAN_NODE_NominalBitTimeConfigure
    can_node.o(i.CAN_NODE_DisableEvent) refers to xmc_can.o(i.XMC_CAN_NODE_DisableEvent) for XMC_CAN_NODE_DisableEvent
    can_node.o(i.CAN_NODE_EnableEvent) refers to xmc_can.o(i.XMC_CAN_NODE_EnableEvent) for XMC_CAN_NODE_EnableEvent
    can_node.o(i.CAN_NODE_Init) refers to global_can.o(i.GLOBAL_CAN_Init) for GLOBAL_CAN_Init
    can_node.o(i.CAN_NODE_Init) refers to xmc_can.o(i.XMC_CAN_NODE_NominalBitTimeConfigureEx) for XMC_CAN_NODE_NominalBitTimeConfigureEx
    can_node.o(i.CAN_NODE_Init) refers to xmc4_gpio.o(i.XMC_GPIO_Init) for XMC_GPIO_Init
    can_node.o(i.CAN_NODE_Init) refers to can_node.o(i.CAN_NODE_SetNodeEvents) for CAN_NODE_SetNodeEvents
    can_node.o(i.CAN_NODE_Init) refers to xmc_can.o(i.XMC_CAN_AllocateMOtoNodeList) for XMC_CAN_AllocateMOtoNodeList
    can_node.o(i.CAN_NODE_Init) refers to can_node.o(i.CAN_NODE_MO_Init) for CAN_NODE_MO_Init
    can_node.o(i.CAN_NODE_MO_Init) refers to xmc_can.o(i.XMC_CAN_MO_Config) for XMC_CAN_MO_Config
    can_node.o(i.CAN_NODE_MO_Init) refers to can_node.o(i.XMC_CAN_MO_SetEventNodePointer) for XMC_CAN_MO_SetEventNodePointer
    can_node.o(i.CAN_NODE_MO_Init) refers to can_node.o(i.XMC_CAN_MO_EnableEvent) for XMC_CAN_MO_EnableEvent
    can_node.o(i.CAN_NODE_MO_Receive) refers to xmc_can.o(i.XMC_CAN_MO_Receive) for XMC_CAN_MO_Receive
    can_node.o(i.CAN_NODE_MO_ReceiveData) refers to xmc_can.o(i.XMC_CAN_MO_ReceiveData) for XMC_CAN_MO_ReceiveData
    can_node.o(i.CAN_NODE_MO_Transmit) refers to xmc_can.o(i.XMC_CAN_MO_Transmit) for XMC_CAN_MO_Transmit
    can_node.o(i.CAN_NODE_MO_UpdateData) refers to xmc_can.o(i.XMC_CAN_MO_UpdateData) for XMC_CAN_MO_UpdateData
    can_node.o(i.CAN_NODE_SetNodeEvents) refers to can_node.o(i.CAN_NODE_SetNodePointer) for CAN_NODE_SetNodePointer
    can_node.o(i.CAN_NODE_SetNodeEvents) refers to xmc_can.o(i.XMC_CAN_NODE_EnableEvent) for XMC_CAN_NODE_EnableEvent
    can_node.o(i.CAN_NODE_SetNodePointer) refers to can_node.o(i.XMC_CAN_NODE_SetEventNodePointer) for XMC_CAN_NODE_SetEventNodePointer
    can_node_conf.o(.constdata) refers to can_node_conf.o(.data) for CAN_NODE_0_LMO_01
    can_node_conf.o(.constdata) refers to global_can_conf.o(.data) for GLOBAL_CAN_0
    clock_xmc4.o(i.CLOCK_XMC4_StepSystemPllFrequency) refers to xmc4_scu.o(i.XMC_SCU_CLOCK_StepSystemPllFrequency) for XMC_SCU_CLOCK_StepSystemPllFrequency
    clock_xmc4_conf.o(i.SystemCoreClockSetup) refers to rt_memcpy_w.o(.text) for __aeabi_memcpy4
    clock_xmc4_conf.o(i.SystemCoreClockSetup) refers to xmc4_scu.o(i.XMC_SCU_CLOCK_Init) for XMC_SCU_CLOCK_Init
    clock_xmc4_conf.o(i.SystemCoreClockSetup) refers to xmc4_scu.o(i.XMC_SCU_HIB_SetRtcClockSource) for XMC_SCU_HIB_SetRtcClockSource
    clock_xmc4_conf.o(i.SystemCoreClockSetup) refers to xmc4_scu.o(i.XMC_SCU_CLOCK_SetUsbClockSource) for XMC_SCU_CLOCK_SetUsbClockSource
    clock_xmc4_conf.o(i.SystemCoreClockSetup) refers to xmc4_scu.o(i.XMC_SCU_CLOCK_SetUsbClockDivider) for XMC_SCU_CLOCK_SetUsbClockDivider
    clock_xmc4_conf.o(i.SystemCoreClockSetup) refers to xmc4_scu.o(i.XMC_SCU_CLOCK_EnableUsbPll) for XMC_SCU_CLOCK_EnableUsbPll
    clock_xmc4_conf.o(i.SystemCoreClockSetup) refers to xmc4_scu.o(i.XMC_SCU_CLOCK_StartUsbPll) for XMC_SCU_CLOCK_StartUsbPll
    clock_xmc4_conf.o(i.SystemCoreClockSetup) refers to xmc4_scu.o(i.XMC_SCU_CLOCK_SetWdtClockSource) for XMC_SCU_CLOCK_SetWdtClockSource
[...]
    ../clib/angel/sys.s                      0x00000000   Number         0  libspace.o ABSOLUTE
    ../clib/angel/sys.s                      0x00000000   Number         0  sys_stackheap_outer.o ABSOLUTE
    ../clib/angel/sysapp.c                   0x00000000   Number         0  sys_command.o ABSOLUTE
    ../clib/angel/sysapp.c                   0x00000000   Number         0  sys_exit.o ABSOLUTE
    ../clib/angel/sysapp.c                   0x00000000   Number         0  sys_wrch.o ABSOLUTE
    ../clib/armsys.c                         0x00000000   Number         0  no_argv.o ABSOLUTE
    ../clib/armsys.c                         0x00000000   Number         0  argv_veneer.o ABSOLUTE
    ../clib/armsys.c                         0x00000000   Number         0  _get_argv_nomalloc.o ABSOLUTE
    ../clib/armsys.c                         0x00000000   Number         0  argv_veneer.o ABSOLUTE
    ../clib/heapalloc.c                      0x00000000   Number         0  hrguard.o ABSOLUTE
    ../clib/heapaux.c                        0x00000000   Number         0  heapauxi.o ABSOLUTE
    ../clib/libinit.s                        0x00000000   Number         0  libinit.o ABSOLUTE
    ../clib/libinit.s                        0x00000000   Number         0  libshutdown2.o ABSOLUTE
    ../clib/libinit.s                        0x00000000   Number         0  libinit2.o ABSOLUTE
    ../clib/libinit.s                        0x00000000   Number         0  libshutdown.o ABSOLUTE
    ../clib/memcpset.s                       0x00000000   Number         0  rt_memcpy_v6.o ABSOLUTE
    ../clib/memcpset.s                       0x00000000   Number         0  rt_memcpy_w.o ABSOLUTE
    ../clib/memcpset.s                       0x00000000   Number         0  rt_memclr_w.o ABSOLUTE
    ../clib/signal.c                         0x00000000   Number         0  defsig_fpe_inner.o ABSOLUTE
    ../clib/signal.c                         0x00000000   Number         0  defsig_abrt_inner.o ABSOLUTE
    ../clib/signal.c                         0x00000000   Number         0  defsig_pvfn_inner.o ABSOLUTE
    ../clib/signal.c                         0x00000000   Number         0  defsig_general.o ABSOLUTE
    ../clib/signal.c                         0x00000000   Number         0  __raise.o ABSOLUTE
    ../clib/signal.c                         0x00000000   Number         0  defsig_rtmem_inner.o ABSOLUTE
    ../clib/signal.c                         0x00000000   Number         0  defsig_exit.o ABSOLUTE
    ../clib/signal.c                         0x00000000   Number         0  defsig_rtmem_formal.o ABSOLUTE
    ../clib/signal.c                         0x00000000   Number         0  defsig_cppl_inner.o ABSOLUTE
    ../clib/signal.c                         0x00000000   Number         0  defsig_segv_inner.o ABSOLUTE
    ../clib/signal.c                         0x00000000   Number         0  defsig_stak_inner.o ABSOLUTE
    ../clib/signal.c                         0x00000000   Number         0  defsig_other.o ABSOLUTE
    ../clib/signal.c                         0x00000000   Number         0  defsig_rtred_inner.o ABSOLUTE
    ../clib/signal.c                         0x00000000   Number         0  defsig_rtmem_outer.o ABSOLUTE
    ../clib/signal.s                         0x00000000   Number         0  defsig.o ABSOLUTE
    ../clib/stdlib.c                         0x00000000   Number         0  exit.o ABSOLUTE
    ../fplib/fpinit.s                        0x00000000   Number         0  fpinit.o ABSOLUTE
    C:\Users\Yoshi\AppData\Local\Arm\Packs\Infineon\XMC4000_DFP\2.13.0\Device\XMClib\src\xmc4_eru.c 0x00000000   Number         0  xmc4_eru.o ABSOLUTE
    C:\Users\Yoshi\AppData\Local\Arm\Packs\Infineon\XMC4000_DFP\2.13.0\Device\XMClib\src\xmc4_flash.c 0x00000000   Number         0  xmc4_flash.o ABSOLUTE
    C:\Users\Yoshi\AppData\Local\Arm\Packs\Infineon\XMC4000_DFP\2.13.0\Device\XMClib\src\xmc4_gpio.c 0x00000000   Number         0  xmc4_gpio.o ABSOLUTE
    C:\Users\Yoshi\AppData\Local\Arm\Packs\Infineon\XMC4000_DFP\2.13.0\Device\XMClib\src\xmc4_rtc.c 0x00000000   Number         0  xmc4_rtc.o ABSOLUTE
    C:\Users\Yoshi\AppData\Local\Arm\Packs\Infineon\XMC4000_DFP\2.13.0\Device\XMClib\src\xmc4_scu.c 0x00000000   Number         0  xmc4_scu.o ABSOLUTE
    C:\Users\Yoshi\AppData\Local\Arm\Packs\Infineon\XMC4000_DFP\2.13.0\Device\XMClib\src\xmc_can.c 0x00000000   Number         0  xmc_can.o ABSOLUTE
    C:\Users\Yoshi\AppData\Local\Arm\Packs\Infineon\XMC4000_DFP\2.13.0\Device\XMClib\src\xmc_ccu4.c 0x00000000   Number         0  xmc_ccu4.o ABSOLUTE
    C:\Users\Yoshi\AppData\Local\Arm\Packs\Infineon\XMC4000_DFP\2.13.0\Device\XMClib\src\xmc_ccu8.c 0x00000000   Number         0  xmc_ccu8.o ABSOLUTE
    C:\Users\Yoshi\AppData\Local\Arm\Packs\Infineon\XMC4000_DFP\2.13.0\Device\XMClib\src\xmc_common.c 0x00000000   Number         0  xmc_common.o ABSOLUTE
    C:\Users\Yoshi\AppData\Local\Arm\Packs\Infineon\XMC4000_DFP\2.13.0\Device\XMClib\src\xmc_dac.c 0x00000000   Number         0  xmc_dac.o ABSOLUTE
    C:\Users\Yoshi\AppData\Local\Arm\Packs\Infineon\XMC4000_DFP\2.13.0\Device\XMClib\src\xmc_dma.c 0x00000000   Number         0  xmc_dma.o ABSOLUTE
    C:\Users\Yoshi\AppData\Local\Arm\Packs\Infineon\XMC4000_DFP\2.13.0\Device\XMClib\src\xmc_dsd.c 0x00000000   Number         0  xmc_dsd.o ABSOLUTE
    C:\Users\Yoshi\AppData\Local\Arm\Packs\Infineon\XMC4000_DFP\2.13.0\Device\XMClib\src\xmc_ebu.c 0x00000000   Number         0  xmc_ebu.o ABSOLUTE
    C:\Users\Yoshi\AppData\Local\Arm\Packs\Infineon\XMC4000_DFP\2.13.0\Device\XMClib\src\xmc_eru.c 0x00000000   Number         0  xmc_eru.o ABSOLUTE
    C:\Users\Yoshi\AppData\Local\Arm\Packs\Infineon\XMC4000_DFP\2.13.0\Device\XMClib\src\xmc_eth_mac.c 0x00000000   Number         0  xmc_eth_mac.o ABSOLUTE
    C:\Users\Yoshi\AppData\Local\Arm\Packs\Infineon\XMC4000_DFP\2.13.0\Device\XMClib\src\xmc_fce.c 0x00000000   Number         0  xmc_fce.o ABSOLUTE
    C:\Users\Yoshi\AppData\Local\Arm\Packs\Infineon\XMC4000_DFP\2.13.0\Device\XMClib\src\xmc_gpio.c 0x00000000   Number         0  xmc_gpio.o ABSOLUTE
    C:\Users\Yoshi\AppData\Local\Arm\Packs\Infineon\XMC4000_DFP\2.13.0\Device\XMClib\src\xmc_hrpwm.c 0x00000000   Number         0  xmc_hrpwm.o ABSOLUTE
    C:\Users\Yoshi\AppData\Local\Arm\Packs\Infineon\XMC4000_DFP\2.13.0\Device\XMClib\src\xmc_i2c.c 0x00000000   Number         0  xmc_i2c.o ABSOLUTE
    C:\Users\Yoshi\AppData\Local\Arm\Packs\Infineon\XMC4000_DFP\2.13.0\Device\XMClib\src\xmc_i2s.c 0x00000000   Number         0  xmc_i2s.o ABSOLUTE
    C:\Users\Yoshi\AppData\Local\Arm\Packs\Infineon\XMC4000_DFP\2.13.0\Device\XMClib\src\xmc_ledts.c 0x00000000   Number         0  xmc_ledts.o ABSOLUTE
    C:\Users\Yoshi\AppData\Local\Arm\Packs\Infineon\XMC4000_DFP\2.13.0\Device\XMClib\src\xmc_posif.c 0x00000000   Number         0  xmc_posif.o ABSOLUTE
    C:\Users\Yoshi\AppData\Local\Arm\Packs\Infineon\XMC4000_DFP\2.13.0\Device\XMClib\src\xmc_rtc.c 0x00000000   Number         0  xmc_rtc.o ABSOLUTE
    C:\Users\Yoshi\AppData\Local\Arm\Packs\Infineon\XMC4000_DFP\2.13.0\Device\XMClib\src\xmc_sdmmc.c 0x00000000   Number         0  xmc_sdmmc.o ABSOLUTE
    C:\Users\Yoshi\AppData\Local\Arm\Packs\Infineon\XMC4000_DFP\2.13.0\Device\XMClib\src\xmc_spi.c 0x00000000   Number         0  xmc_spi.o ABSOLUTE
    C:\Users\Yoshi\AppData\Local\Arm\Packs\Infineon\XMC4000_DFP\2.13.0\Device\XMClib\src\xmc_uart.c 0x00000000   Number         0  xmc_uart.o ABSOLUTE
    C:\Users\Yoshi\AppData\Local\Arm\Packs\Infineon\XMC4000_DFP\2.13.0\Device\XMClib\src\xmc_usbd.c 0x00000000   Number         0  xmc_usbd.o ABSOLUTE
    C:\Users\Yoshi\AppData\Local\Arm\Packs\Infineon\XMC4000_DFP\2.13.0\Device\XMClib\src\xmc_usic.c 0x00000000   Number         0  xmc_usic.o ABSOLUTE
    C:\Users\Yoshi\AppData\Local\Arm\Packs\Infineon\XMC4000_DFP\2.13.0\Device\XMClib\src\xmc_vadc.c 0x00000000   Number         0  xmc_vadc.o ABSOLUTE
    C:\Users\Yoshi\AppData\Local\Arm\Packs\Infineon\XMC4000_DFP\2.13.0\Device\XMClib\src\xmc_wdt.c 0x00000000   Number         0  xmc_wdt.o ABSOLUTE
    C:\Users\Yoshi\Documents\GitHub\Software\01_jrg\06_XMC\uVisionTest\Dave\Generated\ADC_MEASUREMENT\adc_measurement.c 0x00000000   Number         0  adc_measurement.o ABSOLUTE
    C:\Users\Yoshi\Documents\GitHub\Software\01_jrg\06_XMC\uVisionTest\Dave\Generated\ADC_MEASUREMENT\adc_measurement_conf.c 0x00000000   Number         0  adc_measurement_conf.o ABSOLUTE
    C:\Users\Yoshi\Documents\GitHub\Software\01_jrg\06_XMC\uVisionTest\Dave\Generated\CAN_NODE\can_node.c 0x00000000   Number         0  can_node.o ABSOLUTE
    C:\Users\Yoshi\Documents\GitHub\Software\01_jrg\06_XMC\uVisionTest\Dave\Generated\CAN_NODE\can_node_conf.c 0x00000000   Number         0  can_node_conf.o ABSOLUTE
    C:\Users\Yoshi\Documents\GitHub\Software\01_jrg\06_XMC\uVisionTest\Dave\Generated\CLOCK_XMC4\clock_xmc4.c 0x00000000   Number         0  clock_xmc4.o ABSOLUTE
    C:\Users\Yoshi\Documents\GitHub\Software\01_jrg\06_XMC\uVisionTest\Dave\Generated\CLOCK_XMC4\clock_xmc4_conf.c 0x00000000   Number         0  clock_xmc4_conf.o ABSOLUTE
    C:\Users\Yoshi\Documents\GitHub\Software\01_jrg\06_XMC\uVisionTest\Dave\Generated\CPU_CTRL_XMC4\cpu_ctrl_xmc4.c 0x00000000   Number         0  cpu_ctrl_xmc4.o ABSOLUTE
    C:\Users\Yoshi\Documents\GitHub\Software\01_jrg\06_XMC\uVisionTest\Dave\Generated\CPU_CTRL_XMC4\cpu_ctrl_xmc4_conf.c 0x00000000   Number         0  cpu_ctrl_xmc4_conf.o ABSOLUTE
    C:\Users\Yoshi\Documents\GitHub\Software\01_jrg\06_XMC\uVisionTest\Dave\Generated\DAVE.c 0x00000000   Number         0  dave.o ABSOLUTE
    C:\Users\Yoshi\Documents\GitHub\Software\01_jrg\06_XMC\uVisionTest\Dave\Generated\GLOBAL_ADC\global_adc.c 0x00000000   Number         0  global_adc.o ABSOLUTE
    C:\Users\Yoshi\Documents\GitHub\Software\01_jrg\06_XMC\uVisionTest\Dave\Generated\GLOBAL_ADC\global_adc_conf.c 0x00000000   Number         0  global_adc_conf.o ABSOLUTE
    C:\Users\Yoshi\Documents\GitHub\Software\01_jrg\06_XMC\uVisionTest\Dave\Generated\GLOBAL_CAN\global_can.c 0x00000000   Number         0  global_can.o ABSOLUTE
    C:\Users\Yoshi\Documents\GitHub\Software\01_jrg\06_XMC\uVisionTest\Dave\Generated\GLOBAL_CAN\global_can_conf.c 0x00000000   Number         0  global_can_conf.o ABSOLUTE
    C:\\Users\\Yoshi\\AppData\\Local\\Arm\\Packs\\Infineon\\XMC4000_DFP\\2.13.0\\Device\\XMClib\\src\\xmc4_eru.c 0x00000000   Number         0  xmc4_eru.o ABSOLUTE
    C:\\Users\\Yoshi\\AppData\\Local\\Arm\\Packs\\Infineon\\XMC4000_DFP\\2.13.0\\Device\\XMClib\\src\\xmc4_flash.c 0x00000000   Number         0  xmc4_flash.o ABSOLUTE
    C:\\Users\\Yoshi\\AppData\\Local\\Arm\\Packs\\Infineon\\XMC4000_DFP\\2.13.0\\Device\\XMClib\\src\\xmc4_gpio.c 0x00000000   Number         0  xmc4_gpio.o ABSOLUTE
    C:\\Users\\Yoshi\\AppData\\Local\\Arm\\Packs\\Infineon\\XMC4000_DFP\\2.13.0\\Device\\XMClib\\src\\xmc4_rtc.c 0x00000000   Number         0  xmc4_rtc.o ABSOLUTE
    C:\\Users\\Yoshi\\AppData\\Local\\Arm\\Packs\\Infineon\\XMC4000_DFP\\2.13.0\\Device\\XMClib\\src\\xmc4_scu.c 0x00000000   Number         0  xmc4_scu.o ABSOLUTE
    C:\\Users\\Yoshi\\AppData\\Local\\Arm\\Packs\\Infineon\\XMC4000_DFP\\2.13.0\\Device\\XMClib\\src\\xmc_can.c 0x00000000   Number         0  xmc_can.o ABSOLUTE
    C:\\Users\\Yoshi\\AppData\\Local\\Arm\\Packs\\Infineon\\XMC4000_DFP\\2.13.0\\Device\\XMClib\\src\\xmc_ccu4.c 0x00000000   Number         0  xmc_ccu4.o ABSOLUTE
    C:\\Users\\Yoshi\\AppData\\Local\\Arm\\Packs\\Infineon\\XMC4000_DFP\\2.13.0\\Device\\XMClib\\src\\xmc_ccu8.c 0x00000000   Number         0  xmc_ccu8.o ABSOLUTE
    C:\\Users\\Yoshi\\AppData\\Local\\Arm\\Packs\\Infineon\\XMC4000_DFP\\2.13.0\\Device\\XMClib\\src\\xmc_common.c 0x00000000   Number         0  xmc_common.o ABSOLUTE
    C:\\Users\\Yoshi\\AppData\\Local\\Arm\\Packs\\Infineon\\XMC4000_DFP\\2.13.0\\Device\\XMClib\\src\\xmc_dac.c 0x00000000   Number         0  xmc_dac.o ABSOLUTE
    C:\\Users\\Yoshi\\AppData\\Local\\Arm\\Packs\\Infineon\\XMC4000_DFP\\2.13.0\\Device\\XMClib\\src\\xmc_dma.c 0x00000000   Number         0  xmc_dma.o ABSOLUTE
    C:\\Users\\Yoshi\\AppData\\Local\\Arm\\Packs\\Infineon\\XMC4000_DFP\\2.13.0\\Device\\XMClib\\src\\xmc_dsd.c 0x00000000   Number         0  xmc_dsd.o ABSOLUTE
    C:\\Users\\Yoshi\\AppData\\Local\\Arm\\Packs\\Infineon\\XMC4000_DFP\\2.13.0\\Device\\XMClib\\src\\xmc_ebu.c 0x00000000   Number         0  xmc_ebu.o ABSOLUTE
    C:\\Users\\Yoshi\\AppData\\Local\\Arm\\Packs\\Infineon\\XMC4000_DFP\\2.13.0\\Device\\XMClib\\src\\xmc_eru.c 0x00000000   Number         0  xmc_eru.o ABSOLUTE
    C:\\Users\\Yoshi\\AppData\\Local\\Arm\\Packs\\Infineon\\XMC4000_DFP\\2.13.0\\Device\\XMClib\\src\\xmc_eth_mac.c 0x00000000   Number         0  xmc_eth_mac.o ABSOLUTE
    C:\\Users\\Yoshi\\AppData\\Local\\Arm\\Packs\\Infineon\\XMC4000_DFP\\2.13.0\\Device\\XMClib\\src\\xmc_fce.c 0x00000000   Number         0  xmc_fce.o ABSOLUTE
    C:\\Users\\Yoshi\\AppData\\Local\\Arm\\Packs\\Infineon\\XMC4000_DFP\\2.13.0\\Device\\XMClib\\src\\xmc_gpio.c 0x00000000   Number         0  xmc_gpio.o ABSOLUTE
    C:\\Users\\Yoshi\\AppData\\Local\\Arm\\Packs\\Infineon\\XMC4000_DFP\\2.13.0\\Device\\XMClib\\src\\xmc_hrpwm.c 0x00000000   Number         0  xmc_hrpwm.o ABSOLUTE
    C:\\Users\\Yoshi\\AppData\\Local\\Arm\\Packs\\Infineon\\XMC4000_DFP\\2.13.0\\Device\\XMClib\\src\\xmc_i2c.c 0x00000000   Number         0  xmc_i2c.o ABSOLUTE
    C:\\Users\\Yoshi\\AppData\\Local\\Arm\\Packs\\Infineon\\XMC4000_DFP\\2.13.0\\Device\\XMClib\\src\\xmc_i2s.c 0x00000000   Number         0  xmc_i2s.o ABSOLUTE
    C:\\Users\\Yoshi\\AppData\\Local\\Arm\\Packs\\Infineon\\XMC4000_DFP\\2.13.0\\Device\\XMClib\\src\\xmc_ledts.c 0x00000000   Number         0  xmc_ledts.o ABSOLUTE
    C:\\Users\\Yoshi\\AppData\\Local\\Arm\\Packs\\Infineon\\XMC4000_DFP\\2.13.0\\Device\\XMClib\\src\\xmc_posif.c 0x00000000   Number         0  xmc_posif.o ABSOLUTE
    C:\\Users\\Yoshi\\AppData\\Local\\Arm\\Packs\\Infineon\\XMC4000_DFP\\2.13.0\\Device\\XMClib\\src\\xmc_rtc.c 0x00000000   Number         0  xmc_rtc.o ABSOLUTE
    C:\\Users\\Yoshi\\AppData\\Local\\Arm\\Packs\\Infineon\\XMC4000_DFP\\2.13.0\\Device\\XMClib\\src\\xmc_sdmmc.c 0x00000000   Number         0  xmc_sdmmc.o ABSOLUTE
    C:\\Users\\Yoshi\\AppData\\Local\\Arm\\Packs\\Infineon\\XMC4000_DFP\\2.13.0\\Device\\XMClib\\src\\xmc_spi.c 0x00000000   Number         0  xmc_spi.o ABSOLUTE
    C:\\Users\\Yoshi\\AppData\\Local\\Arm\\Packs\\Infineon\\XMC4000_DFP\\2.13.0\\Device\\XMClib\\src\\xmc_uart.c 0x00000000   Number         0  xmc_uart.o ABSOLUTE
    C:\\Users\\Yoshi\\AppData\\Local\\Arm\\Packs\\Infineon\\XMC4000_DFP\\2.13.0\\Device\\XMClib\\src\\xmc_usbd.c 0x00000000   Number         0  xmc_usbd.o ABSOLUTE
    C:\\Users\\Yoshi\\AppData\\Local\\Arm\\Packs\\Infineon\\XMC4000_DFP\\2.13.0\\Device\\XMClib\\src\\xmc_usic.c 0x00000000   Number         0  xmc_usic.o ABSOLUTE
    C:\\Users\\Yoshi\\AppData\\Local\\Arm\\Packs\\Infineon\\XMC4000_DFP\\2.13.0\\Device\\XMClib\\src\\xmc_vadc.c 0x00000000   Number         0  xmc_vadc.o ABSOLUTE
    C:\\Users\\Yoshi\\AppData\\Local\\Arm\\Packs\\Infineon\\XMC4000_DFP\\2.13.0\\Device\\XMClib\\src\\xmc_wdt.c 0x00000000   Number         0  xmc_wdt.o ABSOLUTE
    C:\\Users\\Yoshi\\Documents\\GitHub\\Software\\01_jrg\\06_XMC\\uVisionTest\\Dave\\Generated\\ADC_MEASUREMENT\\adc_measurement.c 0x00000000   Number         0  adc_measurement.o ABSOLUTE
    C:\\Users\\Yoshi\\Documents\\GitHub\\Software\\01_jrg\\06_XMC\\uVisionTest\\Dave\\Generated\\ADC_MEASUREMENT\\adc_measurement_conf.c 0x00000000   Number         0  adc_measurement_conf.o ABSOLUTE
    C:\\Users\\Yoshi\\Documents\\GitHub\\Software\\01_jrg\\06_XMC\\uVisionTest\\Dave\\Generated\\CAN_NODE\\can_node.c 0x00000000   Number         0  can_node.o ABSOLUTE
    C:\\Users\\Yoshi\\Documents\\GitHub\\Software\\01_jrg\\06_XMC\\uVisionTest\\Dave\\Generated\\CAN_NODE\\can_node_conf.c 0x00000000   Number         0  can_node_conf.o ABSOLUTE
    C:\\Users\\Yoshi\\Documents\\GitHub\\Software\\01_jrg\\06_XMC\\uVisionTest\\Dave\\Generated\\CLOCK_XMC4\\clock_xmc4.c 0x00000000   Number         0  clock_xmc4.o ABSOLUTE
    C:\\Users\\Yoshi\\Documents\\GitHub\\Software\\01_jrg\\06_XMC\\uVisionTest\\Dave\\Generated\\CLOCK_XMC4\\clock_xmc4_conf.c 0x00000000   Number         0  clock_xmc4_conf.o ABSOLUTE
    C:\\Users\\Yoshi\\Documents\\GitHub\\Software\\01_jrg\\06_XMC\\uVisionTest\\Dave\\Generated\\CPU_CTRL_XMC4\\cpu_ctrl_xmc4.c 0x00000000   Number         0  cpu_ctrl_xmc4.o ABSOLUTE
    C:\\Users\\Yoshi\\Documents\\GitHub\\Software\\01_jrg\\06_XMC\\uVisionTest\\Dave\\Generated\\CPU_CTRL_XMC4\\cpu_ctrl_xmc4_conf.c 0x00000000   Number         0  cpu_ctrl_xmc4_conf.o ABSOLUTE
    C:\\Users\\Yoshi\\Documents\\GitHub\\Software\\01_jrg\\06_XMC\\uVisionTest\\Dave\\Generated\\DAVE.c 0x00000000   Number         0  dave.o ABSOLUTE
    C:\\Users\\Yoshi\\Documents\\GitHub\\Software\\01_jrg\\06_XMC\\uVisionTest\\Dave\\Generated\\GLOBAL_ADC\\global_adc.c 0x00000000   Number         0  global_adc.o ABSOLUTE
    C:\\Users\\Yoshi\\Documents\\GitHub\\Software\\01_jrg\\06_XMC\\uVisionTest\\Dave\\Generated\\GLOBAL_ADC\\global_adc_conf.c 0x00000000   Number         0  global_adc_conf.o ABSOLUTE
    C:\\Users\\Yoshi\\Documents\\GitHub\\Software\\01_jrg\\06_XMC\\uVisionTest\\Dave\\Generated\\GLOBAL_CAN\\global_can.c 0x00000000   Number         0  global_can.o ABSOLUTE
    C:\\Users\\Yoshi\\Documents\\GitHub\\Software\\01_jrg\\06_XMC\\uVisionTest\\Dave\\Generated\\GLOBAL_CAN\\global_can_conf.c 0x00000000   Number         0  global_can_conf.o ABSOLUTE
    RTE\Device\XMC4500-F100x1024\startup_XMC4500.s 0x00000000   Number         0  startup_xmc4500.o ABSOLUTE
    RTE\Device\XMC4500-F100x1024\system_XMC4500.c 0x00000000   Number         0  system_xmc4500.o ABSOLUTE
    RTE\\Device\\XMC4500-F100x1024\\system_XMC4500.c 0x00000000   Number         0  system_xmc4500.o ABSOLUTE
    dc.s                                     0x00000000   Number         0  dc.o ABSOLUTE
    main.c                                   0x00000000   Number         0  main.o ABSOLUTE
    main.c                                   0x00000000   Number         0  main.o ABSOLUTE
    RESET                                    0x08000000   Section      512  startup_xmc4500.o(RESET)
    !!!main                                  0x08000200   Section        8  __main.o(!!!main)
    !!!scatter                               0x08000208   Section       52  __scatter.o(!!!scatter)
    !!handler_copy                           0x0800023c   Section       26  __scatter_copy.o(!!handler_copy)
    !!handler_zi                             0x08000258   Section       28  __scatter_zi.o(!!handler_zi)
    .ARM.Collect$$libinit$$00000000          0x08000274   Section        2  libinit.o(.ARM.Collect$$libinit$$00000000)
    .ARM.Collect$$libinit$$00000001          0x08000276   Section        4  libinit2.o(.ARM.Collect$$libinit$$00000001)
    .ARM.Collect$$libinit$$00000004          0x0800027a   Section        0  libinit2.o(.ARM.Collect$$libinit$$00000004)
    .ARM.Collect$$libinit$$0000000A          0x0800027a   Section        0  libinit2.o(.ARM.Collect$$libinit$$0000000A)
    .ARM.Collect$$libinit$$0000000C          0x0800027a   Section        0  libinit2.o(.ARM.Collect$$libinit$$0000000C)
    .ARM.Collect$$libinit$$0000000E          0x0800027a   Section        0  libinit2.o(.ARM.Collect$$libinit$$0000000E)
    .ARM.Collect$$libinit$$00000011          0x0800027a   Section        0  libinit2.o(.ARM.Collect$$libinit$$00000011)
    .ARM.Collect$$libinit$$00000013          0x0800027a   Section        0  libinit2.o(.ARM.Collect$$libinit$$00000013)
    .ARM.Collect$$libinit$$00000015          0x0800027a   Section        0  libinit2.o(.ARM.Collect$$libinit$$00000015)
    .ARM.Collect$$libinit$$00000017          0x0800027a   Section        0  libinit2.o(.ARM.Collect$$libinit$$00000017)
    .ARM.Collect$$libinit$$00000019          0x0800027a   Section        0  libinit2.o(.ARM.Collect$$libinit$$00000019)
    .ARM.Collect$$libinit$$0000001B          0x0800027a   Section        0  libinit2.o(.ARM.Collect$$libinit$$0000001B)
    .ARM.Collect$$libinit$$0000001D          0x0800027a   Section        0  libinit2.o(.ARM.Collect$$libinit$$0000001D)
    .ARM.Collect$$libinit$$0000001F          0x0800027a   Section        0  libinit2.o(.ARM.Collect$$libinit$$0000001F)
    .ARM.Collect$$libinit$$00000021          0x0800027a   Section        0  libinit2.o(.ARM.Collect$$libinit$$00000021)
    .ARM.Collect$$libinit$$00000023          0x0800027a   Section        0  libinit2.o(.ARM.Collect$$libinit$$00000023)
    .ARM.Collect$$libinit$$00000025          0x0800027a   Section        0  libinit2.o(.ARM.Collect$$libinit$$00000025)
    .ARM.Collect$$libinit$$0000002C          0x0800027a   Section        0  libinit2.o(.ARM.Collect$$libinit$$0000002C)
    .ARM.Collect$$libinit$$0000002E          0x0800027a   Section        0  libinit2.o(.ARM.Collect$$libinit$$0000002E)
    .ARM.Collect$$libinit$$00000030          0x0800027a   Section        0  libinit2.o(.ARM.Collect$$libinit$$00000030)
    .ARM.Collect$$libinit$$00000032          0x0800027a   Section        0  libinit2.o(.ARM.Collect$$libinit$$00000032)
    .ARM.Collect$$libinit$$00000033          0x0800027a   Section        2  libinit2.o(.ARM.Collect$$libinit$$00000033)
    .ARM.Collect$$libshutdown$$00000000      0x0800027c   Section        2  libshutdown.o(.ARM.Collect$$libshutdown$$00000000)
    .ARM.Collect$$libshutdown$$00000002      0x0800027e   Section        0  libshutdown2.o(.ARM.Collect$$libshutdown$$00000002)
    .ARM.Collect$$libshutdown$$00000004      0x0800027e   Section        0  libshutdown2.o(.ARM.Collect$$libshutdown$$00000004)
    .ARM.Collect$$libshutdown$$00000007      0x0800027e   Section        0  libshutdown2.o(.ARM.Collect$$libshutdown$$00000007)
    .ARM.Collect$$libshutdown$$0000000A      0x0800027e   Section        0  libshutdown2.o(.ARM.Collect$$libshutdown$$0000000A)
    .ARM.Collect$$libshutdown$$0000000C      0x0800027e   Section        0  libshutdown2.o(.ARM.Collect$$libshutdown$$0000000C)
    .ARM.Collect$$libshutdown$$0000000F      0x0800027e   Section        0  libshutdown2.o(.ARM.Collect$$libshutdown$$0000000F)
    .ARM.Collect$$libshutdown$$00000010      0x0800027e   Section        2  libshutdown2.o(.ARM.Collect$$libshutdown$$00000010)
    .ARM.Collect$$rtentry$$00000000          0x08000280   Section        0  __rtentry.o(.ARM.Collect$$rtentry$$00000000)
    .ARM.Collect$$rtentry$$00000002          0x08000280   Section        0  __rtentry2.o(.ARM.Collect$$rtentry$$00000002)
    .ARM.Collect$$rtentry$$00000004          0x08000280   Section        6  __rtentry4.o(.ARM.Collect$$rtentry$$00000004)
    .ARM.Collect$$rtentry$$00000009          0x08000286   Section        0  __rtentry2.o(.ARM.Collect$$rtentry$$00000009)
    .ARM.Collect$$rtentry$$0000000A          0x08000286   Section        4  __rtentry2.o(.ARM.Collect$$rtentry$$0000000A)
    .ARM.Collect$$rtentry$$0000000C          0x0800028a   Section        0  __rtentry2.o(.ARM.Collect$$rtentry$$0000000C)
    .ARM.Collect$$rtentry$$0000000D          0x0800028a   Section        8  __rtentry2.o(.ARM.Collect$$rtentry$$0000000D)
    .ARM.Collect$$rtexit$$00000000           0x08000292   Section        2  rtexit.o(.ARM.Collect$$rtexit$$00000000)
    .ARM.Collect$$rtexit$$00000002           0x08000294   Section        0  rtexit2.o(.ARM.Collect$$rtexit$$00000002)
    .ARM.Collect$$rtexit$$00000003           0x08000294   Section        4  rtexit2.o(.ARM.Collect$$rtexit$$00000003)
    .ARM.Collect$$rtexit$$00000004           0x08000298   Section        6  rtexit2.o(.ARM.Collect$$rtexit$$00000004)
    .text                                    0x080002a0   Section       56  startup_xmc4500.o(.text)
    $v0                                      0x080002a0   Number         0  startup_xmc4500.o(.text)
    .text                                    0x080002d8   Section      138  rt_memcpy_v6.o(.text)
    .text                                    0x08000362   Section      100  rt_memcpy_w.o(.text)
    .text                                    0x080003c6   Section        0  heapauxi.o(.text)
    .text                                    0x080003cc   Section       74  sys_stackheap_outer.o(.text)
    .text                                    0x08000416   Section        0  exit.o(.text)
    .text                                    0x08000428   Section        8  libspace.o(.text)
    .text                                    0x08000430   Section        0  sys_exit.o(.text)
    .text                                    0x0800043c   Section        2  use_no_semi.o(.text)
    .text                                    0x0800043e   Section        0  indicate_semi.o(.text)
    i.ADC_MEASUREMENT_Init                   0x08000440   Section        0  adc_measurement.o(i.ADC_MEASUREMENT_Init)
    i.CAN_NODE_Init                          0x080005cc   Section        0  can_node.o(i.CAN_NODE_Init)
    i.CAN_NODE_MO_Init                       0x080006b8   Section        0  can_node.o(i.CAN_NODE_MO_Init)
    i.CAN_NODE_SetNodeEvents                 0x08000704   Section        0  can_node.o(i.CAN_NODE_SetNodeEvents)
    CAN_NODE_SetNodeEvents                   0x08000705   Thumb Code    76  can_node.o(i.CAN_NODE_SetNodeEvents)
    i.CAN_NODE_SetNodePointer                0x08000750   Section        0  can_node.o(i.CAN_NODE_SetNodePointer)
    CAN_NODE_SetNodePointer                  0x08000751   Thumb Code    62  can_node.o(i.CAN_NODE_SetNodePointer)
    i.CLOCK_XMC4_Init                        0x0800078e   Section        0  clock_xmc4.o(i.CLOCK_XMC4_Init)
    i.DAVE_Init                              0x08000798   Section        0  dave.o(i.DAVE_Init)
    i.GLOBAL_ADC_Init                        0x080007c8   Section        0  global_adc.o(i.GLOBAL_ADC_Init)
    i.GLOBAL_CAN_Init                        0x0800083c   Section        0  global_can.o(i.GLOBAL_CAN_Init)
    i.OSCHP_GetFrequency                     0x0800085c   Section        0  clock_xmc4.o(i.OSCHP_GetFrequency)
    i.SystemCoreClockSetup                   0x08000864   Section        0  clock_xmc4_conf.o(i.SystemCoreClockSetup)
    i.SystemCoreClockUpdate                  0x080008b0   Section        0  system_xmc4500.o(i.SystemCoreClockUpdate)
    i.SystemCoreSetup                        0x08000954   Section        0  cpu_ctrl_xmc4_conf.o(i.SystemCoreSetup)
    i.SystemInit                             0x080009f0   Section        0  system_xmc4500.o(i.SystemInit)
    i.XMC_CAN_AllocateMOtoNodeList           0x08000a0c   Section        0  xmc_can.o(i.XMC_CAN_AllocateMOtoNodeList)
    i.XMC_CAN_Enable                         0x08000a4c   Section        0  xmc_can.o(i.XMC_CAN_Enable)
    i.XMC_CAN_GetBaudrateClockFrequency      0x08000a70   Section        0  xmc_can.o(i.XMC_CAN_GetBaudrateClockFrequency)
    i.XMC_CAN_InitEx                         0x08000a7e   Section        0  xmc_can.o(i.XMC_CAN_InitEx)
    i.XMC_CAN_MO_Config                      0x08000adc   Section        0  xmc_can.o(i.XMC_CAN_MO_Config)
    i.XMC_CAN_MO_EnableEvent                 0x08000ba0   Section        0  can_node.o(i.XMC_CAN_MO_EnableEvent)
    XMC_CAN_MO_EnableEvent                   0x08000ba1   Thumb Code    12  can_node.o(i.XMC_CAN_MO_EnableEvent)
    i.XMC_CAN_MO_SetEventNodePointer         0x08000bac   Section        0  can_node.o(i.XMC_CAN_MO_SetEventNodePointer)
    XMC_CAN_MO_SetEventNodePointer           0x08000bad   Thumb Code    24  can_node.o(i.XMC_CAN_MO_SetEventNodePointer)
    i.XMC_CAN_MO_UpdateData                  0x08000bc4   Section        0  xmc_can.o(i.XMC_CAN_MO_UpdateData)
    i.XMC_CAN_NODE_DisableConfigurationChange 0x08000c00   Section        0  xmc_can.o(i.XMC_CAN_NODE_DisableConfigurationChange)
    XMC_CAN_NODE_DisableConfigurationChange  0x08000c01   Thumb Code    10  xmc_can.o(i.XMC_CAN_NODE_DisableConfigurationChange)
    i.XMC_CAN_NODE_EnableConfigurationChange 0x08000c0a   Section        0  xmc_can.o(i.XMC_CAN_NODE_EnableConfigurationChange)
    XMC_CAN_NODE_EnableConfigurationChange   0x08000c0b   Thumb Code    10  xmc_can.o(i.XMC_CAN_NODE_EnableConfigurationChange)
    i.XMC_CAN_NODE_EnableEvent               0x08000c14   Section        0  xmc_can.o(i.XMC_CAN_NODE_EnableEvent)
    i.XMC_CAN_NODE_NominalBitTimeConfigureEx 0x08000c2a   Section        0  xmc_can.o(i.XMC_CAN_NODE_NominalBitTimeConfigureEx)
    i.XMC_CAN_NODE_SetEventNodePointer       0x08000d1a   Section        0  can_node.o(i.XMC_CAN_NODE_SetEventNodePointer)
    XMC_CAN_NODE_SetEventNodePointer         0x08000d1b   Thumb Code    20  can_node.o(i.XMC_CAN_NODE_SetEventNodePointer)
    i.XMC_CAN_SetBaudrateClockSource         0x08000d2e   Section        0  xmc_can.o(i.XMC_CAN_SetBaudrateClockSource)
    i.XMC_GPIO_Init                          0x08000d30   Section        0  xmc4_gpio.o(i.XMC_GPIO_Init)
    i.XMC_SCU_CLOCK_DisableSystemPll         0x08000de8   Section        0  xmc4_scu.o(i.XMC_SCU_CLOCK_DisableSystemPll)
    i.XMC_SCU_CLOCK_EnableHighPerformanceOscillator 0x08000e00   Section        0  xmc4_scu.o(i.XMC_SCU_CLOCK_EnableHighPerformanceOscillator)
    i.XMC_SCU_CLOCK_EnableLowPowerOscillator 0x08000e48   Section        0  xmc4_scu.o(i.XMC_SCU_CLOCK_EnableLowPowerOscillator)
    i.XMC_SCU_CLOCK_EnableSystemPll          0x08000ebc   Section        0  xmc4_scu.o(i.XMC_SCU_CLOCK_EnableSystemPll)
    i.XMC_SCU_CLOCK_EnableUsbPll             0x08000ed4   Section        0  xmc4_scu.o(i.XMC_SCU_CLOCK_EnableUsbPll)
    i.XMC_SCU_CLOCK_GetPeripheralClockFrequency 0x08000eec   Section        0  xmc4_scu.o(i.XMC_SCU_CLOCK_GetPeripheralClockFrequency)
    i.XMC_SCU_CLOCK_Init                     0x08000f08   Section        0  xmc4_scu.o(i.XMC_SCU_CLOCK_Init)
    i.XMC_SCU_CLOCK_IsHighPerformanceOscillatorStable 0x08000fa8   Section        0  xmc4_scu.o(i.XMC_SCU_CLOCK_IsHighPerformanceOscillatorStable)
    i.XMC_SCU_CLOCK_IsLowPowerOscillatorStable 0x08000fc4   Section        0  xmc4_scu.o(i.XMC_SCU_CLOCK_IsLowPowerOscillatorStable)
    i.XMC_SCU_CLOCK_SetBackupClockCalibrationMode 0x08000fd4   Section        0  xmc4_scu.o(i.XMC_SCU_CLOCK_SetBackupClockCalibrationMode)
    i.XMC_SCU_CLOCK_SetCcuClockDivider       0x08001010   Section        0  xmc4_scu.o(i.XMC_SCU_CLOCK_SetCcuClockDivider)
    i.XMC_SCU_CLOCK_SetCpuClockDivider       0x08001028   Section        0  xmc4_scu.o(i.XMC_SCU_CLOCK_SetCpuClockDivider)
    i.XMC_SCU_CLOCK_SetEbuClockDivider       0x08001040   Section        0  xmc4_scu.o(i.XMC_SCU_CLOCK_SetEbuClockDivider)
    i.XMC_SCU_CLOCK_SetPeripheralClockDivider 0x08001058   Section        0  xmc4_scu.o(i.XMC_SCU_CLOCK_SetPeripheralClockDivider)
    i.XMC_SCU_CLOCK_SetSystemClockDivider    0x08001070   Section        0  xmc4_scu.o(i.XMC_SCU_CLOCK_SetSystemClockDivider)
    i.XMC_SCU_CLOCK_SetSystemClockSource     0x08001088   Section        0  xmc4_scu.o(i.XMC_SCU_CLOCK_SetSystemClockSource)
    i.XMC_SCU_CLOCK_SetSystemPllClockSource  0x0800109c   Section        0  xmc4_scu.o(i.XMC_SCU_CLOCK_SetSystemPllClockSource)
    i.XMC_SCU_CLOCK_SetUsbClockDivider       0x080010c4   Section        0  xmc4_scu.o(i.XMC_SCU_CLOCK_SetUsbClockDivider)
    i.XMC_SCU_CLOCK_SetUsbClockSource        0x080010dc   Section        0  xmc4_scu.o(i.XMC_SCU_CLOCK_SetUsbClockSource)
    i.XMC_SCU_CLOCK_SetWdtClockDivider       0x080010f0   Section        0  xmc4_scu.o(i.XMC_SCU_CLOCK_SetWdtClockDivider)
    i.XMC_SCU_CLOCK_SetWdtClockSource        0x08001108   Section        0  xmc4_scu.o(i.XMC_SCU_CLOCK_SetWdtClockSource)
    i.XMC_SCU_CLOCK_StartSystemPll           0x0800111c   Section        0  xmc4_scu.o(i.XMC_SCU_CLOCK_StartSystemPll)
    i.XMC_SCU_CLOCK_StartUsbPll              0x08001250   Section        0  xmc4_scu.o(i.XMC_SCU_CLOCK_StartUsbPll)
    i.XMC_SCU_CLOCK_StepSystemPllFrequency   0x080012a8   Section        0  xmc4_scu.o(i.XMC_SCU_CLOCK_StepSystemPllFrequency)
    i.XMC_SCU_HIB_EnableHibernateDomain      0x080012cc   Section        0  xmc4_scu.o(i.XMC_SCU_HIB_EnableHibernateDomain)
    i.XMC_SCU_HIB_SetRtcClockSource          0x08001318   Section        0  xmc4_scu.o(i.XMC_SCU_HIB_SetRtcClockSource)
    i.XMC_SCU_HIB_SetStandbyClockSource      0x08001344   Section        0  xmc4_scu.o(i.XMC_SCU_HIB_SetStandbyClockSource)
    i.XMC_SCU_INTERRUPT_ClearEventStatus     0x08001370   Section        0  xmc4_scu.o(i.XMC_SCU_INTERRUPT_ClearEventStatus)
    i.XMC_SCU_INTERUPT_GetEventStatus        0x0800137c   Section        0  xmc4_scu.o(i.XMC_SCU_INTERUPT_GetEventStatus)
    i.XMC_SCU_RESET_DeassertPeripheralReset  0x08001388   Section        0  xmc4_scu.o(i.XMC_SCU_RESET_DeassertPeripheralReset)
    i.XMC_SCU_lDelay                         0x080013a0   Section        0  xmc4_scu.o(i.XMC_SCU_lDelay)
    XMC_SCU_lDelay                           0x080013a1   Thumb Code    34  xmc4_scu.o(i.XMC_SCU_lDelay)
    i.XMC_VADC_GLOBAL_BackgroundInit         0x080013cc   Section        0  xmc_vadc.o(i.XMC_VADC_GLOBAL_BackgroundInit)
    i.XMC_VADC_GLOBAL_BackgroundSetReqSrcEventInterruptNode 0x08001478   Section        0  xmc_vadc.o(i.XMC_VADC_GLOBAL_BackgroundSetReqSrcEventInterruptNode)
    i.XMC_VADC_GLOBAL_BackgroundTriggerConversion 0x0800149a   Section        0  adc_measurement.o(i.XMC_VADC_GLOBAL_BackgroundTriggerConversion)
    XMC_VADC_GLOBAL_BackgroundTriggerConversion 0x0800149b   Thumb Code    14  adc_measurement.o(i.XMC_VADC_GLOBAL_BackgroundTriggerConversion)
    i.XMC_VADC_GLOBAL_EnableModule           0x080014a8   Section        0  xmc_vadc.o(i.XMC_VADC_GLOBAL_EnableModule)
    i.XMC_VADC_GLOBAL_Init                   0x080014b2   Section        0  xmc_vadc.o(i.XMC_VADC_GLOBAL_Init)
    i.XMC_VADC_GLOBAL_InputClassInit         0x080014e4   Section        0  xmc_vadc.o(i.XMC_VADC_GLOBAL_InputClassInit)
    i.XMC_VADC_GLOBAL_StartupCalibration     0x08001510   Section        0  xmc_vadc.o(i.XMC_VADC_GLOBAL_StartupCalibration)
    i.XMC_VADC_GROUP_BackgroundDisableArbitrationSlot 0x08001550   Section        0  xmc_vadc.o(i.XMC_VADC_GROUP_BackgroundDisableArbitrationSlot)
    XMC_VADC_GROUP_BackgroundDisableArbitrationSlot 0x08001551   Thumb Code    14  xmc_vadc.o(i.XMC_VADC_GROUP_BackgroundDisableArbitrationSlot)
    i.XMC_VADC_GROUP_BackgroundEnableArbitrationSlot 0x0800155e   Section        0  xmc_vadc.o(i.XMC_VADC_GROUP_BackgroundEnableArbitrationSlot)
    XMC_VADC_GROUP_BackgroundEnableArbitrationSlot 0x0800155f   Thumb Code    14  xmc_vadc.o(i.XMC_VADC_GROUP_BackgroundEnableArbitrationSlot)
    i.XMC_VADC_GROUP_ChannelInit             0x0800156c   Section        0  xmc_vadc.o(i.XMC_VADC_GROUP_ChannelInit)
    i.XMC_VADC_GROUP_Init                    0x080015da   Section        0  xmc_vadc.o(i.XMC_VADC_GROUP_Init)
    i.XMC_VADC_GROUP_InputClassInit          0x08001662   Section        0  xmc_vadc.o(i.XMC_VADC_GROUP_InputClassInit)
    i.XMC_VADC_GROUP_SetPowerMode            0x080016d0   Section        0  xmc_vadc.o(i.XMC_VADC_GROUP_SetPowerMode)
    i.main                                   0x080016e2   Section        0  main.o(i.main)
    i.max                                    0x080016f2   Section        0  xmc_can.o(i.max)
    max                                      0x080016f3   Thumb Code    14  xmc_can.o(i.max)
    i.min                                    0x08001700   Section        0  xmc_can.o(i.min)
    min                                      0x08001701   Thumb Code    14  xmc_can.o(i.min)
    x$fpl$fpinit                             0x0800170e   Section       10  fpinit.o(x$fpl$fpinit)
    $v0                                      0x0800170e   Number         0  fpinit.o(x$fpl$fpinit)
    .constdata                               0x08001718   Section       16  adc_measurement_conf.o(.constdata)
    .constdata                               0x08001728   Section      236  can_node_conf.o(.constdata)
    CAN_NODE_0_gpio_out                      0x08001728   Data           8  can_node_conf.o(.constdata)
    CAN_NODE_0_gpio_out_config               0x08001730   Data          12  can_node_conf.o(.constdata)
    CAN_NODE_0_gpio_in                       0x0800173c   Data           8  can_node_conf.o(.constdata)
    CAN_NODE_0_gpio_in_config                0x08001744   Data          12  can_node_conf.o(.constdata)
    CAN_NODE_0_BitTimeConfig                 0x08001750   Data          12  can_node_conf.o(.constdata)
    CAN_NODE_0_sr                            0x0800175c   Data           4  can_node_conf.o(.constdata)
    .constdata                               0x08001814   Section       20  clock_xmc4_conf.o(.constdata)
    .constdata                               0x08001828   Section      104  global_adc_conf.o(.constdata)
    .constdata                               0x08001890   Section       16  xmc_vadc.o(.constdata)
    g_xmc_vadc_group_array                   0x08001890   Data          16  xmc_vadc.o(.constdata)
    .data                                    0x20000000   Section       64  adc_measurement_conf.o(.data)
    .data                                    0x20000040   Section       32  can_node_conf.o(.data)
    CAN_NODE_0_LMO_01                        0x20000040   Data          32  can_node_conf.o(.data)
    .data                                    0x20000060   Section        1  clock_xmc4_conf.o(.data)
    .data                                    0x20000064   Section       76  global_adc_conf.o(.data)
    .data                                    0x200000b0   Section       12  global_can_conf.o(.data)
    .bss                                     0x200000bc   Section       96  libspace.o(.bss)
    HEAP                                     0x20000120   Section      512  startup_xmc4500.o(HEAP)
    Heap_Mem                                 0x20000120   Data         512  startup_xmc4500.o(HEAP)
    STACK                                    0x20000320   Section     2048  startup_xmc4500.o(STACK)
    Stack_Mem                                0x20000320   Data        2048  startup_xmc4500.o(STACK)
    __initial_sp                             0x20000b20   Data           0  startup_xmc4500.o(STACK)
    .ARM.__AT_0x2000FFC0                     0x2000ffc0   Section        4  system_xmc4500.o(.ARM.__AT_0x2000FFC0)
    .ARM.__AT_0x2000FFC4                     0x2000ffc4   Section       16  system_xmc4500.o(.ARM.__AT_0x2000FFC4)

    Global Symbols

    Symbol Name                              Value     Ov Type        Size  Object(Section)

    BuildAttributes$$THM_ISAv4$E$P$D$K$B$S$7EM$VFPi3$EXTD16$VFPS$VFMA$PE$A:L22UL41UL21$X:L11$S22US41US21$IEEE1$IW$USESV6$~STKCKD$USESV7$~SHL$OSPACE$ROPI$EBA8$UX$STANDARDLIB$REQ8$PRES8$EABIv2 0x00000000   Number         0  anon$$obj.o ABSOLUTE
    __ARM_use_no_argv                        0x00000000   Number         0  main.o ABSOLUTE
    __ARM_exceptions_init                     - Undefined Weak Reference
    __alloca_initialize                       - Undefined Weak Reference
    __arm_preinit_                            - Undefined Weak Reference
    __cpp_initialize__aeabi_                  - Undefined Weak Reference
    __cxa_finalize                            - Undefined Weak Reference
    __rt_locale                               - Undefined Weak Reference
    __sigvec_lookup                           - Undefined Weak Reference
    _atexit_init                              - Undefined Weak Reference
    _call_atexit_fns                          - Undefined Weak Reference
    _clock_init                               - Undefined Weak Reference
    _fp_trap_init                             - Undefined Weak Reference
    _fp_trap_shutdown                         - Undefined Weak Reference
    _get_lc_collate                           - Undefined Weak Reference
    _get_lc_ctype                             - Undefined Weak Reference
    _get_lc_monetary                          - Undefined Weak Reference
    _get_lc_numeric                           - Undefined Weak Reference
    _get_lc_time                              - Undefined Weak Reference
    _getenv_init                              - Undefined Weak Reference
    _handle_redirection                       - Undefined Weak Reference
    _init_alloc                               - Undefined Weak Reference
    _init_user_alloc                          - Undefined Weak Reference
    _initio                                   - Undefined Weak Reference
    _rand_init                                - Undefined Weak Reference
    _signal_finish                            - Undefined Weak Reference
    _signal_init                              - Undefined Weak Reference
    _terminate_alloc                          - Undefined Weak Reference
    _terminate_user_alloc                     - Undefined Weak Reference
    _terminateio                              - Undefined Weak Reference
    __Vectors_Size                           0x00000200   Number         0  startup_xmc4500.o ABSOLUTE
    __Vectors                                0x08000000   Data           4  startup_xmc4500.o(RESET)
    __Vectors_End                            0x08000200   Data           0  startup_xmc4500.o(RESET)
    __main                                   0x08000201   Thumb Code     8  __main.o(!!!main)
    __scatterload                            0x08000209   Thumb Code     0  __scatter.o(!!!scatter)
    __scatterload_rt2                        0x08000209   Thumb Code    44  __scatter.o(!!!scatter)
    __scatterload_rt2_thumb_only             0x08000209   Thumb Code     0  __scatter.o(!!!scatter)
    __scatterload_null                       0x08000217   Thumb Code     0  __scatter.o(!!!scatter)
    __scatterload_copy                       0x0800023d   Thumb Code    26  __scatter_copy.o(!!handler_copy)
    __scatterload_zeroinit                   0x08000259   Thumb Code    28  __scatter_zi.o(!!handler_zi)
    __rt_lib_init                            0x08000275   Thumb Code     0  libinit.o(.ARM.Collect$$libinit$$00000000)
    __rt_lib_init_fp_1                       0x08000277   Thumb Code     0  libinit2.o(.ARM.Collect$$libinit$$00000001)
    __rt_lib_init_alloca_1                   0x0800027b   Thumb Code     0  libinit2.o(.ARM.Collect$$libinit$$0000002E)
    __rt_lib_init_argv_1                     0x0800027b   Thumb Code     0  libinit2.o(.ARM.Collect$$libinit$$0000002C)
    __rt_lib_init_atexit_1                   0x0800027b   Thumb Code     0  libinit2.o(.ARM.Collect$$libinit$$0000001B)
    __rt_lib_init_clock_1                    0x0800027b   Thumb Code     0  libinit2.o(.ARM.Collect$$libinit$$00000021)
    __rt_lib_init_cpp_1                      0x0800027b   Thumb Code     0  libinit2.o(.ARM.Collect$$libinit$$00000032)
    __rt_lib_init_exceptions_1               0x0800027b   Thumb Code     0  libinit2.o(.ARM.Collect$$libinit$$00000030)
    __rt_lib_init_fp_trap_1                  0x0800027b   Thumb Code     0  libinit2.o(.ARM.Collect$$libinit$$0000001F)
    __rt_lib_init_getenv_1                   0x0800027b   Thumb Code     0  libinit2.o(.ARM.Collect$$libinit$$00000023)
    __rt_lib_init_heap_1                     0x0800027b   Thumb Code     0  libinit2.o(.ARM.Collect$$libinit$$0000000A)
    __rt_lib_init_lc_collate_1               0x0800027b   Thumb Code     0  libinit2.o(.ARM.Collect$$libinit$$00000011)
    __rt_lib_init_lc_ctype_1                 0x0800027b   Thumb Code     0  libinit2.o(.ARM.Collect$$libinit$$00000013)
    __rt_lib_init_lc_monetary_1              0x0800027b   Thumb Code     0  libinit2.o(.ARM.Collect$$libinit$$00000015)
    __rt_lib_init_lc_numeric_1               0x0800027b   Thumb Code     0  libinit2.o(.ARM.Collect$$libinit$$00000017)
    __rt_lib_init_lc_time_1                  0x0800027b   Thumb Code     0  libinit2.o(.ARM.Collect$$libinit$$00000019)
    __rt_lib_init_preinit_1                  0x0800027b   Thumb Code     0  libinit2.o(.ARM.Collect$$libinit$$00000004)
    __rt_lib_init_rand_1                     0x0800027b   Thumb Code     0  libinit2.o(.ARM.Collect$$libinit$$0000000E)
    __rt_lib_init_return                     0x0800027b   Thumb Code     0  libinit2.o(.ARM.Collect$$libinit$$00000033)
    __rt_lib_init_signal_1                   0x0800027b   Thumb Code     0  libinit2.o(.ARM.Collect$$libinit$$0000001D)
    __rt_lib_init_stdio_1                    0x0800027b   Thumb Code     0  libinit2.o(.ARM.Collect$$libinit$$00000025)
    __rt_lib_init_user_alloc_1               0x0800027b   Thumb Code     0  libinit2.o(.ARM.Collect$$libinit$$0000000C)
    __rt_lib_shutdown                        0x0800027d   Thumb Code     0  libshutdown.o(.ARM.Collect$$libshutdown$$00000000)
    __rt_lib_shutdown_cpp_1                  0x0800027f   Thumb Code     0  libshutdown2.o(.ARM.Collect$$libshutdown$$00000002)
    __rt_lib_shutdown_fp_trap_1              0x0800027f   Thumb Code     0  libshutdown2.o(.ARM.Collect$$libshutdown$$00000007)
    __rt_lib_shutdown_heap_1                 0x0800027f   Thumb Code     0  libshutdown2.o(.ARM.Collect$$libshutdown$$0000000F)
    __rt_lib_shutdown_return                 0x0800027f   Thumb Code     0  libshutdown2.o(.ARM.Collect$$libshutdown$$00000010)
    __rt_lib_shutdown_signal_1               0x0800027f   Thumb Code     0  libshutdown2.o(.ARM.Collect$$libshutdown$$0000000A)
    __rt_lib_shutdown_stdio_1                0x0800027f   Thumb Code     0  libshutdown2.o(.ARM.Collect$$libshutdown$$00000004)
    __rt_lib_shutdown_user_alloc_1           0x0800027f   Thumb Code     0  libshutdown2.o(.ARM.Collect$$libshutdown$$0000000C)
    __rt_entry                               0x08000281   Thumb Code     0  __rtentry.o(.ARM.Collect$$rtentry$$00000000)
    __rt_entry_presh_1                       0x08000281   Thumb Code     0  __rtentry2.o(.ARM.Collect$$rtentry$$00000002)
    __rt_entry_sh                            0x08000281   Thumb Code     0  __rtentry4.o(.ARM.Collect$$rtentry$$00000004)
    __rt_entry_li                            0x08000287   Thumb Code     0  __rtentry2.o(.ARM.Collect$$rtentry$$0000000A)
    __rt_entry_postsh_1                      0x08000287   Thumb Code     0  __rtentry2.o(.ARM.Collect$$rtentry$$00000009)
    __rt_entry_main                          0x0800028b   Thumb Code     0  __rtentry2.o(.ARM.Collect$$rtentry$$0000000D)
    __rt_entry_postli_1                      0x0800028b   Thumb Code     0  __rtentry2.o(.ARM.Collect$$rtentry$$0000000C)
    __rt_exit                                0x08000293   Thumb Code     0  rtexit.o(.ARM.Collect$$rtexit$$00000000)
    __rt_exit_ls                             0x08000295   Thumb Code     0  rtexit2.o(.ARM.Collect$$rtexit$$00000003)
    __rt_exit_prels_1                        0x08000295   Thumb Code     0  rtexit2.o(.ARM.Collect$$rtexit$$00000002)
    __rt_exit_exit                           0x08000299   Thumb Code     0  rtexit2.o(.ARM.Collect$$rtexit$$00000004)
    Reset_Handler                            0x080002a1   Thumb Code    12  startup_xmc4500.o(.text)
    BusFault_Handler                         0x080002ad   Thumb Code     0  startup_xmc4500.o(.text)
    CAN0_0_IRQHandler                        0x080002ad   Thumb Code     0  startup_xmc4500.o(.text)
    CAN0_1_IRQHandler                        0x080002ad   Thumb Code     0  startup_xmc4500.o(.text)
    CAN0_2_IRQHandler                        0x080002ad   Thumb Code     0  startup_xmc4500.o(.text)
    CAN0_3_IRQHandler                        0x080002ad   Thumb Code     0  startup_xmc4500.o(.text)
    CAN0_4_IRQHandler                        0x080002ad   Thumb Code     0  startup_xmc4500.o(.text)
    CAN0_5_IRQHandler                        0x080002ad   Thumb Code     0  startup_xmc4500.o(.text)
    CAN0_6_IRQHandler                        0x080002ad   Thumb Code     0  startup_xmc4500.o(.text)
    CAN0_7_IRQHandler                        0x080002ad   Thumb Code     0  startup_xmc4500.o(.text)
    CCU40_0_IRQHandler                       0x080002ad   Thumb Code     0  startup_xmc4500.o(.text)
    CCU40_1_IRQHandler                       0x080002ad   Thumb Code     0  startup_xmc4500.o(.text)
    CCU40_2_IRQHandler                       0x080002ad   Thumb Code     0  startup_xmc4500.o(.text)
    CCU40_3_IRQHandler                       0x080002ad   Thumb Code     0  startup_xmc4500.o(.text)
    CCU41_0_IRQHandler                       0x080002ad   Thumb Code     0  startup_xmc4500.o(.text)
    CCU41_1_IRQHandler                       0x080002ad   Thumb Code     0  startup_xmc4500.o(.text)
    CCU41_2_IRQHandler                       0x080002ad   Thumb Code     0  startup_xmc4500.o(.text)
    CCU41_3_IRQHandler                       0x080002ad   Thumb Code     0  startup_xmc4500.o(.text)
    CCU42_0_IRQHandler                       0x080002ad   Thumb Code     0  startup_xmc4500.o(.text)
    CCU42_1_IRQHandler                       0x080002ad   Thumb Code     0  startup_xmc4500.o(.text)
    CCU42_2_IRQHandler                       0x080002ad   Thumb Code     0  startup_xmc4500.o(.text)
    CCU42_3_IRQHandler                       0x080002ad   Thumb Code     0  startup_xmc4500.o(.text)
    CCU43_0_IRQHandler                       0x080002ad   Thumb Code     0  startup_xmc4500.o(.text)
    CCU43_1_IRQHandler                       0x080002ad   Thumb Code     0  startup_xmc4500.o(.text)
    CCU43_2_IRQHandler                       0x080002ad   Thumb Code     0  startup_xmc4500.o(.text)
    CCU43_3_IRQHandler                       0x080002ad   Thumb Code     0  startup_xmc4500.o(.text)
    CCU80_0_IRQHandler                       0x080002ad   Thumb Code     0  startup_xmc4500.o(.text)
    CCU80_1_IRQHandler                       0x080002ad   Thumb Code     0  startup_xmc4500.o(.text)
    CCU80_2_IRQHandler                       0x080002ad   Thumb Code     0  startup_xmc4500.o(.text)
    CCU80_3_IRQHandler                       0x080002ad   Thumb Code     0  startup_xmc4500.o(.text)
    CCU81_0_IRQHandler                       0x080002ad   Thumb Code     0  startup_xmc4500.o(.text)
    CCU81_1_IRQHandler                       0x080002ad   Thumb Code     0  startup_xmc4500.o(.text)
    CCU81_2_IRQHandler                       0x080002ad   Thumb Code     0  startup_xmc4500.o(.text)
    CCU81_3_IRQHandler                       0x080002ad   Thumb Code     0  startup_xmc4500.o(.text)
    DAC0_0_IRQHandler                        0x080002ad   Thumb Code     0  startup_xmc4500.o(.text)
    DAC0_1_IRQHandler                        0x080002ad   Thumb Code     0  startup_xmc4500.o(.text)
    DSD0_0_IRQHandler                        0x080002ad   Thumb Code     0  startup_xmc4500.o(.text)
    DSD0_1_IRQHandler                        0x080002ad   Thumb Code     0  startup_xmc4500.o(.text)
    DSD0_2_IRQHandler                        0x080002ad   Thumb Code     0  startup_xmc4500.o(.text)
    DSD0_3_IRQHandler                        0x080002ad   Thumb Code     0  startup_xmc4500.o(.text)
    DSD0_4_IRQHandler                        0x080002ad   Thumb Code     0  startup_xmc4500.o(.text)
    DSD0_5_IRQHandler                        0x080002ad   Thumb Code     0  startup_xmc4500.o(.text)
    DSD0_6_IRQHandler                        0x080002ad   Thumb Code     0  startup_xmc4500.o(.text)
    DSD0_7_IRQHandler                        0x080002ad   Thumb Code     0  startup_xmc4500.o(.text)
    DebugMon_Handler                         0x080002ad   Thumb Code     0  startup_xmc4500.o(.text)
    ERU0_0_IRQHandler                        0x080002ad   Thumb Code     0  startup_xmc4500.o(.text)
    ERU0_1_IRQHandler                        0x080002ad   Thumb Code     0  startup_xmc4500.o(.text)
    ERU0_2_IRQHandler                        0x080002ad   Thumb Code     0  startup_xmc4500.o(.text)
    ERU0_3_IRQHandler                        0x080002ad   Thumb Code     0  startup_xmc4500.o(.text)
    ERU1_0_IRQHandler                        0x080002ad   Thumb Code     0  startup_xmc4500.o(.text)
    ERU1_1_IRQHandler                        0x080002ad   Thumb Code     0  startup_xmc4500.o(.text)
    ERU1_2_IRQHandler                        0x080002ad   Thumb Code     0  startup_xmc4500.o(.text)
    ERU1_3_IRQHandler                        0x080002ad   Thumb Code     0  startup_xmc4500.o(.text)
    ETH0_0_IRQHandler                        0x080002ad   Thumb Code     0  startup_xmc4500.o(.text)
    FCE0_0_IRQHandler                        0x080002ad   Thumb Code     0  startup_xmc4500.o(.text)
    GPDMA0_0_IRQHandler                      0x080002ad   Thumb Code     0  startup_xmc4500.o(.text)
    GPDMA1_0_IRQHandler                      0x080002ad   Thumb Code     0  startup_xmc4500.o(.text)
    HardFault_Handler                        0x080002ad   Thumb Code     0  startup_xmc4500.o(.text)
    LEDTS0_0_IRQHandler                      0x080002ad   Thumb Code     0  startup_xmc4500.o(.text)
    MemManage_Handler                        0x080002ad   Thumb Code     0  startup_xmc4500.o(.text)
    NMI_Handler                              0x080002ad   Thumb Code     0  startup_xmc4500.o(.text)
    PMU0_0_IRQHandler                        0x080002ad   Thumb Code     0  startup_xmc4500.o(.text)
    POSIF0_0_IRQHandler                      0x080002ad   Thumb Code     0  startup_xmc4500.o(.text)
    POSIF0_1_IRQHandler                      0x080002ad   Thumb Code     0  startup_xmc4500.o(.text)
    POSIF1_0_IRQHandler                      0x080002ad   Thumb Code     0  startup_xmc4500.o(.text)
    POSIF1_1_IRQHandler                      0x080002ad   Thumb Code     0  startup_xmc4500.o(.text)
    PendSV_Handler                           0x080002ad   Thumb Code     0  startup_xmc4500.o(.text)
    SCU_0_IRQHandler                         0x080002ad   Thumb Code     0  startup_xmc4500.o(.text)
    SDMMC0_0_IRQHandler                      0x080002ad   Thumb Code     0  startup_xmc4500.o(.text)
    SVC_Handler                              0x080002ad   Thumb Code     0  startup_xmc4500.o(.text)
    SysTick_Handler                          0x080002ad   Thumb Code     0  startup_xmc4500.o(.text)
    USB0_0_IRQHandler                        0x080002ad   Thumb Code     0  startup_xmc4500.o(.text)
    USIC0_0_IRQHandler                       0x080002ad   Thumb Code     0  startup_xmc4500.o(.text)
    USIC0_1_IRQHandler                       0x080002ad   Thumb Code     0  startup_xmc4500.o(.text)
    USIC0_2_IRQHandler                       0x080002ad   Thumb Code     0  startup_xmc4500.o(.text)
    USIC0_3_IRQHandler                       0x080002ad   Thumb Code     0  startup_xmc4500.o(.text)
    USIC0_4_IRQHandler                       0x080002ad   Thumb Code     0  startup_xmc4500.o(.text)
    USIC0_5_IRQHandler                       0x080002ad   Thumb Code     0  startup_xmc4500.o(.text)
    USIC1_0_IRQHandler                       0x080002ad   Thumb Code     0  startup_xmc4500.o(.text)
    USIC1_1_IRQHandler                       0x080002ad   Thumb Code     0  startup_xmc4500.o(.text)
    USIC1_2_IRQHandler                       0x080002ad   Thumb Code     0  startup_xmc4500.o(.text)
    USIC1_3_IRQHandler                       0x080002ad   Thumb Code     0  startup_xmc4500.o(.text)
    USIC1_4_IRQHandler                       0x080002ad   Thumb Code     0  startup_xmc4500.o(.text)
    USIC1_5_IRQHandler                       0x080002ad   Thumb Code     0  startup_xmc4500.o(.text)
    USIC2_0_IRQHandler                       0x080002ad   Thumb Code     0  startup_xmc4500.o(.text)
    USIC2_1_IRQHandler                       0x080002ad   Thumb Code     0  startup_xmc4500.o(.text)
    USIC2_2_IRQHandler                       0x080002ad   Thumb Code     0  startup_xmc4500.o(.text)
    USIC2_3_IRQHandler                       0x080002ad   Thumb Code     0  startup_xmc4500.o(.text)
    USIC2_4_IRQHandler                       0x080002ad   Thumb Code     0  startup_xmc4500.o(.text)
    USIC2_5_IRQHandler                       0x080002ad   Thumb Code     0  startup_xmc4500.o(.text)
    UsageFault_Handler                       0x080002ad   Thumb Code     0  startup_xmc4500.o(.text)
    VADC0_C0_0_IRQHandler                    0x080002ad   Thumb Code     0  startup_xmc4500.o(.text)
    VADC0_C0_1_IRQHandler                    0x080002ad   Thumb Code     0  startup_xmc4500.o(.text)
    VADC0_C0_2_IRQHandler                    0x080002ad   Thumb Code     0  startup_xmc4500.o(.text)
    VADC0_C0_3_IRQHandler                    0x080002ad   Thumb Code     0  startup_xmc4500.o(.text)
    VADC0_G0_0_IRQHandler                    0x080002ad   Thumb Code     0  startup_xmc4500.o(.text)
    VADC0_G0_1_IRQHandler                    0x080002ad   Thumb Code     0  startup_xmc4500.o(.text)
    VADC0_G0_2_IRQHandler                    0x080002ad   Thumb Code     0  startup_xmc4500.o(.text)
    VADC0_G0_3_IRQHandler                    0x080002ad   Thumb Code     0  startup_xmc4500.o(.text)
    VADC0_G1_0_IRQHandler                    0x080002ad   Thumb Code     0  startup_xmc4500.o(.text)
    VADC0_G1_1_IRQHandler                    0x080002ad   Thumb Code     0  startup_xmc4500.o(.text)
    VADC0_G1_2_IRQHandler                    0x080002ad   Thumb Code     0  startup_xmc4500.o(.text)
    VADC0_G1_3_IRQHandler                    0x080002ad   Thumb Code     0  startup_xmc4500.o(.text)
    VADC0_G2_0_IRQHandler                    0x080002ad   Thumb Code     0  startup_xmc4500.o(.text)
    VADC0_G2_1_IRQHandler                    0x080002ad   Thumb Code     0  startup_xmc4500.o(.text)
    VADC0_G2_2_IRQHandler                    0x080002ad   Thumb Code     0  startup_xmc4500.o(.text)
    VADC0_G2_3_IRQHandler                    0x080002ad   Thumb Code     0  startup_xmc4500.o(.text)
    VADC0_G3_0_IRQHandler                    0x080002ad   Thumb Code     0  startup_xmc4500.o(.text)
    VADC0_G3_1_IRQHandler                    0x080002ad   Thumb Code     0  startup_xmc4500.o(.text)
    VADC0_G3_2_IRQHandler                    0x080002ad   Thumb Code     0  startup_xmc4500.o(.text)
    VADC0_G3_3_IRQHandler                    0x080002ad   Thumb Code     0  startup_xmc4500.o(.text)
    __user_initial_stackheap                 0x080002b1   Thumb Code     0  startup_xmc4500.o(.text)
    __aeabi_memcpy                           0x080002d9   Thumb Code     0  rt_memcpy_v6.o(.text)
    __rt_memcpy                              0x080002d9   Thumb Code   138  rt_memcpy_v6.o(.text)
    _memcpy_lastbytes                        0x0800033f   Thumb Code     0  rt_memcpy_v6.o(.text)
    __aeabi_memcpy4                          0x08000363   Thumb Code     0  rt_memcpy_w.o(.text)
    __aeabi_memcpy8                          0x08000363   Thumb Code     0  rt_memcpy_w.o(.text)
    __rt_memcpy_w                            0x08000363   Thumb Code   100  rt_memcpy_w.o(.text)
    _memcpy_lastbytes_aligned                0x080003ab   Thumb Code     0  rt_memcpy_w.o(.text)
    __use_two_region_memory                  0x080003c7   Thumb Code     2  heapauxi.o(.text)
    __rt_heap_escrow$2region                 0x080003c9   Thumb Code     2  heapauxi.o(.text)
    __rt_heap_expand$2region                 0x080003cb   Thumb Code     2  heapauxi.o(.text)
    __user_setup_stackheap                   0x080003cd   Thumb Code    74  sys_stackheap_outer.o(.text)
    exit                                     0x08000417   Thumb Code    18  exit.o(.text)
    __user_libspace                          0x08000429   Thumb Code     8  libspace.o(.text)
    __user_perproc_libspace                  0x08000429   Thumb Code     0  libspace.o(.text)
    __user_perthread_libspace                0x08000429   Thumb Code     0  libspace.o(.text)
    _sys_exit                                0x08000431   Thumb Code     8  sys_exit.o(.text)
    __I$use$semihosting                      0x0800043d   Thumb Code     0  use_no_semi.o(.text)
    __use_no_semihosting_swi                 0x0800043d   Thumb Code     2  use_no_semi.o(.text)
    __semihosting_library_function           0x0800043f   Thumb Code     0  indicate_semi.o(.text)
    ADC_MEASUREMENT_Init                     0x08000441   Thumb Code   386  adc_measurement.o(i.ADC_MEASUREMENT_Init)
    CAN_NODE_Init                            0x080005cd   Thumb Code   236  can_node.o(i.CAN_NODE_Init)
    CAN_NODE_MO_Init                         0x080006b9   Thumb Code    76  can_node.o(i.CAN_NODE_MO_Init)
    CLOCK_XMC4_Init                          0x0800078f   Thumb Code    10  clock_xmc4.o(i.CLOCK_XMC4_Init)
    DAVE_Init                                0x08000799   Thumb Code    36  dave.o(i.DAVE_Init)
    GLOBAL_ADC_Init                          0x080007c9   Thumb Code   116  global_adc.o(i.GLOBAL_ADC_Init)
    GLOBAL_CAN_Init                          0x0800083d   Thumb Code    32  global_can.o(i.GLOBAL_CAN_Init)
    OSCHP_GetFrequency                       0x0800085d   Thumb Code     4  clock_xmc4.o(i.OSCHP_GetFrequency)
    SystemCoreClockSetup                     0x08000865   Thumb Code    72  clock_xmc4_conf.o(i.SystemCoreClockSetup)
    SystemCoreClockUpdate                    0x080008b1   Thumb Code   148  system_xmc4500.o(i.SystemCoreClockUpdate)
    SystemCoreSetup                          0x08000955   Thumb Code   140  cpu_ctrl_xmc4_conf.o(i.SystemCoreSetup)
    SystemInit                               0x080009f1   Thumb Code    22  system_xmc4500.o(i.SystemInit)
    XMC_CAN_AllocateMOtoNodeList             0x08000a0d   Thumb Code    62  xmc_can.o(i.XMC_CAN_AllocateMOtoNodeList)
    XMC_CAN_Enable                           0x08000a4d   Thumb Code    32  xmc_can.o(i.XMC_CAN_Enable)
    XMC_CAN_GetBaudrateClockFrequency        0x08000a71   Thumb Code    14  xmc_can.o(i.XMC_CAN_GetBaudrateClockFrequency)
    XMC_CAN_InitEx                           0x08000a7f   Thumb Code    94  xmc_can.o(i.XMC_CAN_InitEx)
    XMC_CAN_MO_Config                        0x08000add   Thumb Code   182  xmc_can.o(i.XMC_CAN_MO_Config)
    XMC_CAN_MO_UpdateData                    0x08000bc5   Thumb Code    56  xmc_can.o(i.XMC_CAN_MO_UpdateData)
    XMC_CAN_NODE_EnableEvent                 0x08000c15   Thumb Code    22  xmc_can.o(i.XMC_CAN_NODE_EnableEvent)
    XMC_CAN_NODE_NominalBitTimeConfigureEx   0x08000c2b   Thumb Code   240  xmc_can.o(i.XMC_CAN_NODE_NominalBitTimeConfigureEx)
    XMC_CAN_SetBaudrateClockSource           0x08000d2f   Thumb Code     2  xmc_can.o(i.XMC_CAN_SetBaudrateClockSource)
    XMC_GPIO_Init                            0x08000d31   Thumb Code   174  xmc4_gpio.o(i.XMC_GPIO_Init)
    XMC_SCU_CLOCK_DisableSystemPll           0x08000de9   Thumb Code    14  xmc4_scu.o(i.XMC_SCU_CLOCK_DisableSystemPll)
    XMC_SCU_CLOCK_EnableHighPerformanceOscillator 0x08000e01   Thumb Code    60  xmc4_scu.o(i.XMC_SCU_CLOCK_EnableHighPerformanceOscillator)
    XMC_SCU_CLOCK_EnableLowPowerOscillator   0x08000e49   Thumb Code   108  xmc4_scu.o(i.XMC_SCU_CLOCK_EnableLowPowerOscillator)
    XMC_SCU_CLOCK_EnableSystemPll            0x08000ebd   Thumb Code    14  xmc4_scu.o(i.XMC_SCU_CLOCK_EnableSystemPll)
    XMC_SCU_CLOCK_EnableUsbPll               0x08000ed5   Thumb Code    14  xmc4_scu.o(i.XMC_SCU_CLOCK_EnableUsbPll)
    XMC_SCU_CLOCK_GetPeripheralClockFrequency 0x08000eed   Thumb Code    18  xmc4_scu.o(i.XMC_SCU_CLOCK_GetPeripheralClockFrequency)
    XMC_SCU_CLOCK_Init                       0x08000f09   Thumb Code   154  xmc4_scu.o(i.XMC_SCU_CLOCK_Init)
    XMC_SCU_CLOCK_IsHighPerformanceOscillatorStable 0x08000fa9   Thumb Code    22  xmc4_scu.o(i.XMC_SCU_CLOCK_IsHighPerformanceOscillatorStable)
    XMC_SCU_CLOCK_IsLowPowerOscillatorStable 0x08000fc5   Thumb Code    12  xmc4_scu.o(i.XMC_SCU_CLOCK_IsLowPowerOscillatorStable)
    XMC_SCU_CLOCK_SetBackupClockCalibrationMode 0x08000fd5   Thumb Code    56  xmc4_scu.o(i.XMC_SCU_CLOCK_SetBackupClockCalibrationMode)
    XMC_SCU_CLOCK_SetCcuClockDivider         0x08001011   Thumb Code    18  xmc4_scu.o(i.XMC_SCU_CLOCK_SetCcuClockDivider)
    XMC_SCU_CLOCK_SetCpuClockDivider         0x08001029   Thumb Code    18  xmc4_scu.o(i.XMC_SCU_CLOCK_SetCpuClockDivider)
    XMC_SCU_CLOCK_SetEbuClockDivider         0x08001041   Thumb Code    18  xmc4_scu.o(i.XMC_SCU_CLOCK_SetEbuClockDivider)
    XMC_SCU_CLOCK_SetPeripheralClockDivider  0x08001059   Thumb Code    18  xmc4_scu.o(i.XMC_SCU_CLOCK_SetPeripheralClockDivider)
    XMC_SCU_CLOCK_SetSystemClockDivider      0x08001071   Thumb Code    18  xmc4_scu.o(i.XMC_SCU_CLOCK_SetSystemClockDivider)
    XMC_SCU_CLOCK_SetSystemClockSource       0x08001089   Thumb Code    16  xmc4_scu.o(i.XMC_SCU_CLOCK_SetSystemClockSource)
    XMC_SCU_CLOCK_SetSystemPllClockSource    0x0800109d   Thumb Code    34  xmc4_scu.o(i.XMC_SCU_CLOCK_SetSystemPllClockSource)
    XMC_SCU_CLOCK_SetUsbClockDivider         0x080010c5   Thumb Code    18  xmc4_scu.o(i.XMC_SCU_CLOCK_SetUsbClockDivider)
    XMC_SCU_CLOCK_SetUsbClockSource          0x080010dd   Thumb Code    16  xmc4_scu.o(i.XMC_SCU_CLOCK_SetUsbClockSource)
    XMC_SCU_CLOCK_SetWdtClockDivider         0x080010f1   Thumb Code    18  xmc4_scu.o(i.XMC_SCU_CLOCK_SetWdtClockDivider)
    XMC_SCU_CLOCK_SetWdtClockSource          0x08001109   Thumb Code    16  xmc4_scu.o(i.XMC_SCU_CLOCK_SetWdtClockSource)
    XMC_SCU_CLOCK_StartSystemPll             0x0800111d   Thumb Code   294  xmc4_scu.o(i.XMC_SCU_CLOCK_StartSystemPll)
    XMC_SCU_CLOCK_StartUsbPll                0x08001251   Thumb Code    84  xmc4_scu.o(i.XMC_SCU_CLOCK_StartUsbPll)
    XMC_SCU_CLOCK_StepSystemPllFrequency     0x080012a9   Thumb Code    30  xmc4_scu.o(i.XMC_SCU_CLOCK_StepSystemPllFrequency)
    XMC_SCU_HIB_EnableHibernateDomain        0x080012cd   Thumb Code    68  xmc4_scu.o(i.XMC_SCU_HIB_EnableHibernateDomain)
    XMC_SCU_HIB_SetRtcClockSource            0x08001319   Thumb Code    34  xmc4_scu.o(i.XMC_SCU_HIB_SetRtcClockSource)
    XMC_SCU_HIB_SetStandbyClockSource        0x08001345   Thumb Code    34  xmc4_scu.o(i.XMC_SCU_HIB_SetStandbyClockSource)
    XMC_SCU_INTERRUPT_ClearEventStatus       0x08001371   Thumb Code     6  xmc4_scu.o(i.XMC_SCU_INTERRUPT_ClearEventStatus)
    XMC_SCU_INTERUPT_GetEventStatus          0x0800137d   Thumb Code     6  xmc4_scu.o(i.XMC_SCU_INTERUPT_GetEventStatus)
    XMC_SCU_RESET_DeassertPeripheralReset    0x08001389   Thumb Code    20  xmc4_scu.o(i.XMC_SCU_RESET_DeassertPeripheralReset)
    XMC_VADC_GLOBAL_BackgroundInit           0x080013cd   Thumb Code   168  xmc_vadc.o(i.XMC_VADC_GLOBAL_BackgroundInit)
    XMC_VADC_GLOBAL_BackgroundSetReqSrcEventInterruptNode 0x08001479   Thumb Code    34  xmc_vadc.o(i.XMC_VADC_GLOBAL_BackgroundSetReqSrcEventInterruptNode)
    XMC_VADC_GLOBAL_EnableModule             0x080014a9   Thumb Code    10  xmc_vadc.o(i.XMC_VADC_GLOBAL_EnableModule)
    XMC_VADC_GLOBAL_Init                     0x080014b3   Thumb Code    50  xmc_vadc.o(i.XMC_VADC_GLOBAL_Init)
    XMC_VADC_GLOBAL_InputClassInit           0x080014e5   Thumb Code    38  xmc_vadc.o(i.XMC_VADC_GLOBAL_InputClassInit)
    XMC_VADC_GLOBAL_StartupCalibration       0x08001511   Thumb Code    58  xmc_vadc.o(i.XMC_VADC_GLOBAL_StartupCalibration)
    XMC_VADC_GROUP_ChannelInit               0x0800156d   Thumb Code   110  xmc_vadc.o(i.XMC_VADC_GROUP_ChannelInit)
    XMC_VADC_GROUP_Init                      0x080015db   Thumb Code   136  xmc_vadc.o(i.XMC_VADC_GROUP_Init)
    XMC_VADC_GROUP_InputClassInit            0x08001663   Thumb Code   110  xmc_vadc.o(i.XMC_VADC_GROUP_InputClassInit)
    XMC_VADC_GROUP_SetPowerMode              0x080016d1   Thumb Code    18  xmc_vadc.o(i.XMC_VADC_GROUP_SetPowerMode)
    main                                     0x080016e3   Thumb Code    16  main.o(i.main)
    _fp_init                                 0x0800170f   Thumb Code    10  fpinit.o(x$fpl$fpinit)
    __fplib_config_fpu_vfp                   0x08001717   Thumb Code     0  fpinit.o(x$fpl$fpinit)
    __fplib_config_pureend_doubles           0x08001717   Thumb Code     0  fpinit.o(x$fpl$fpinit)
    global_iclass_config                     0x08001718   Data           4  adc_measurement_conf.o(.constdata)
    backgnd_config                           0x0800171c   Data          12  adc_measurement_conf.o(.constdata)
    CAN_NODE_0_LMO_01_Config                 0x08001760   Data          12  can_node_conf.o(.constdata)
    CAN_NODE_0                               0x0800176c   Data         168  can_node_conf.o(.constdata)
    group_init_handle0                       0x08001828   Data          20  global_adc_conf.o(.constdata)
    group_init_handle1                       0x0800183c   Data          20  global_adc_conf.o(.constdata)
    group_init_handle2                       0x08001850   Data          20  global_adc_conf.o(.constdata)
    group_init_handle3                       0x08001864   Data          20  global_adc_conf.o(.constdata)
    global_config                            0x08001878   Data          24  global_adc_conf.o(.constdata)
    Region$$Table$$Base                      0x080018a0   Number         0  anon$$obj.o(Region$$Table)
    Region$$Table$$Limit                     0x080018c0   Number         0  anon$$obj.o(Region$$Table)
    Channel_A_ch_config                      0x20000000   Data          12  adc_measurement_conf.o(.data)
    Channel_A_res_config                     0x2000000c   Data           4  adc_measurement_conf.o(.data)
    ADC_MEASUREMENT_Channel_A_handle         0x20000010   Data          16  adc_measurement_conf.o(.data)
    ADC_MEASUREMENT_channel_array            0x20000020   Data           4  adc_measurement_conf.o(.data)
    ADC_MEASUREMENT_0                        0x20000024   Data          28  adc_measurement_conf.o(.data)
    CLOCK_XMC4_0                             0x20000060   Data           1  clock_xmc4_conf.o(.data)
    group_0_config                           0x20000064   Data          12  global_adc_conf.o(.data)
    group_1_config                           0x20000070   Data          12  global_adc_conf.o(.data)
    group_2_config                           0x2000007c   Data          12  global_adc_conf.o(.data)
    group_3_config                           0x20000088   Data          12  global_adc_conf.o(.data)
    GLOBAL_ADC_0                             0x20000094   Data          28  global_adc_conf.o(.data)
    GLOBAL_CAN_0                             0x200000b0   Data          12  global_can_conf.o(.data)
    __libspace_start                         0x200000bc   Data          96  libspace.o(.bss)
    __temporary_stack_top$libspace           0x2000011c   Data           0  libspace.o(.bss)
    SystemCoreClock                          0x2000ffc0   Data           4  system_xmc4500.o(.ARM.__AT_0x2000FFC0)
    g_chipid                                 0x2000ffc4   Data          16  system_xmc4500.o(.ARM.__AT_0x2000FFC4)



==============================================================================

Memory Map of the image

  Image Entry point : 0x080002a1

  Load Region LR_1 (Base: 0x08000000, Size: 0x0000197c, Max: 0xffffffff, ABSOLUTE)

    Execution Region ER_RO (Exec base: 0x08000000, Load base: 0x08000000, Size: 0x000018c0, Max: 0xffffffff, ABSOLUTE)

    Exec Addr    Load Addr    Size         Type   Attr      Idx    E Section Name        Object

    0x08000000   0x08000000   0x00000200   Data   RO         5230    RESET               startup_xmc4500.o
    0x08000200   0x08000200   0x00000008   Code   RO         5309  * !!!main             c_w.l(__main.o)
    0x08000208   0x08000208   0x00000034   Code   RO         5466    !!!scatter          c_w.l(__scatter.o)
    0x0800023c   0x0800023c   0x0000001a   Code   RO         5468    !!handler_copy      c_w.l(__scatter_copy.o)
    0x08000256   0x08000256   0x00000002   PAD
    0x08000258   0x08000258   0x0000001c   Code   RO         5470    !!handler_zi        c_w.l(__scatter_zi.o)
    0x08000274   0x08000274   0x00000002   Code   RO         5336    .ARM.Collect$$libinit$$00000000  c_w.l(libinit.o)
    0x08000276   0x08000276   0x00000004   Code   RO         5342    .ARM.Collect$$libinit$$00000001  c_w.l(libinit2.o)
    0x0800027a   0x0800027a   0x00000000   Code   RO         5345    .ARM.Collect$$libinit$$00000004  c_w.l(libinit2.o)
    0x0800027a   0x0800027a   0x00000000   Code   RO         5348    .ARM.Collect$$libinit$$0000000A  c_w.l(libinit2.o)
    0x0800027a   0x0800027a   0x00000000   Code   RO         5350    .ARM.Collect$$libinit$$0000000C  c_w.l(libinit2.o)
    0x0800027a   0x0800027a   0x00000000   Code   RO         5352    .ARM.Collect$$libinit$$0000000E  c_w.l(libinit2.o)
    0x0800027a   0x0800027a   0x00000000   Code   RO         5355    .ARM.Collect$$libinit$$00000011  c_w.l(libinit2.o)
    0x0800027a   0x0800027a   0x00000000   Code   RO         5357    .ARM.Collect$$libinit$$00000013  c_w.l(libinit2.o)
    0x0800027a   0x0800027a   0x00000000   Code   RO         5359    .ARM.Collect$$libinit$$00000015  c_w.l(libinit2.o)
    0x0800027a   0x0800027a   0x00000000   Code   RO         5361    .ARM.Collect$$libinit$$00000017  c_w.l(libinit2.o)
    0x0800027a   0x0800027a   0x00000000   Code   RO         5363    .ARM.Collect$$libinit$$00000019  c_w.l(libinit2.o)
    0x0800027a   0x0800027a   0x00000000   Code   RO         5365    .ARM.Collect$$libinit$$0000001B  c_w.l(libinit2.o)
    0x0800027a   0x0800027a   0x00000000   Code   RO         5367    .ARM.Collect$$libinit$$0000001D  c_w.l(libinit2.o)
    0x0800027a   0x0800027a   0x00000000   Code   RO         5369    .ARM.Collect$$libinit$$0000001F  c_w.l(libinit2.o)
    0x0800027a   0x0800027a   0x00000000   Code   RO         5371    .ARM.Collect$$libinit$$00000021  c_w.l(libinit2.o)
    0x0800027a   0x0800027a   0x00000000   Code   RO         5373    .ARM.Collect$$libinit$$00000023  c_w.l(libinit2.o)
    0x0800027a   0x0800027a   0x00000000   Code   RO         5375    .ARM.Collect$$libinit$$00000025  c_w.l(libinit2.o)
    0x0800027a   0x0800027a   0x00000000   Code   RO         5379    .ARM.Collect$$libinit$$0000002C  c_w.l(libinit2.o)
    0x0800027a   0x0800027a   0x00000000   Code   RO         5381    .ARM.Collect$$libinit$$0000002E  c_w.l(libinit2.o)
    0x0800027a   0x0800027a   0x00000000   Code   RO         5383    .ARM.Collect$$libinit$$00000030  c_w.l(libinit2.o)
    0x0800027a   0x0800027a   0x00000000   Code   RO         5385    .ARM.Collect$$libinit$$00000032  c_w.l(libinit2.o)
    0x0800027a   0x0800027a   0x00000002   Code   RO         5386    .ARM.Collect$$libinit$$00000033  c_w.l(libinit2.o)
    0x0800027c   0x0800027c   0x00000002   Code   RO         5406    .ARM.Collect$$libshutdown$$00000000  c_w.l(libshutdown.o)
    0x0800027e   0x0800027e   0x00000000   Code   RO         5419    .ARM.Collect$$libshutdown$$00000002  c_w.l(libshutdown2.o)
    0x0800027e   0x0800027e   0x00000000   Code   RO         5421    .ARM.Collect$$libshutdown$$00000004  c_w.l(libshutdown2.o)
    0x0800027e   0x0800027e   0x00000000   Code   RO         5424    .ARM.Collect$$libshutdown$$00000007  c_w.l(libshutdown2.o)
    0x0800027e   0x0800027e   0x00000000   Code   RO         5427    .ARM.Collect$$libshutdown$$0000000A  c_w.l(libshutdown2.o)
    0x0800027e   0x0800027e   0x00000000   Code   RO         5429    .ARM.Collect$$libshutdown$$0000000C  c_w.l(libshutdown2.o)
    0x0800027e   0x0800027e   0x00000000   Code   RO         5432    .ARM.Collect$$libshutdown$$0000000F  c_w.l(libshutdown2.o)
    0x0800027e   0x0800027e   0x00000002   Code   RO         5433    .ARM.Collect$$libshutdown$$00000010  c_w.l(libshutdown2.o)
    0x08000280   0x08000280   0x00000000   Code   RO         5311    .ARM.Collect$$rtentry$$00000000  c_w.l(__rtentry.o)
    0x08000280   0x08000280   0x00000000   Code   RO         5313    .ARM.Collect$$rtentry$$00000002  c_w.l(__rtentry2.o)
    0x08000280   0x08000280   0x00000006   Code   RO         5325    .ARM.Collect$$rtentry$$00000004  c_w.l(__rtentry4.o)
    0x08000286   0x08000286   0x00000000   Code   RO         5315    .ARM.Collect$$rtentry$$00000009  c_w.l(__rtentry2.o)
    0x08000286   0x08000286   0x00000004   Code   RO         5316    .ARM.Collect$$rtentry$$0000000A  c_w.l(__rtentry2.o)
    0x0800028a   0x0800028a   0x00000000   Code   RO         5318    .ARM.Collect$$rtentry$$0000000C  c_w.l(__rtentry2.o)
    0x0800028a   0x0800028a   0x00000008   Code   RO         5319    .ARM.Collect$$rtentry$$0000000D  c_w.l(__rtentry2.o)
    0x08000292   0x08000292   0x00000002   Code   RO         5340    .ARM.Collect$$rtexit$$00000000  c_w.l(rtexit.o)
    0x08000294   0x08000294   0x00000000   Code   RO         5388    .ARM.Collect$$rtexit$$00000002  c_w.l(rtexit2.o)
    0x08000294   0x08000294   0x00000004   Code   RO         5389    .ARM.Collect$$rtexit$$00000003  c_w.l(rtexit2.o)
    0x08000298   0x08000298   0x00000006   Code   RO         5390    .ARM.Collect$$rtexit$$00000004  c_w.l(rtexit2.o)
    0x0800029e   0x0800029e   0x00000002   PAD
    0x080002a0   0x080002a0   0x00000038   Code   RO         5231  * .text               startup_xmc4500.o
    0x080002d8   0x080002d8   0x0000008a   Code   RO         5301    .text               c_w.l(rt_memcpy_v6.o)
    0x08000362   0x08000362   0x00000064   Code   RO         5303    .text               c_w.l(rt_memcpy_w.o)
    0x080003c6   0x080003c6   0x00000006   Code   RO         5307    .text               c_w.l(heapauxi.o)
    0x080003cc   0x080003cc   0x0000004a   Code   RO         5327    .text               c_w.l(sys_stackheap_outer.o)
    0x08000416   0x08000416   0x00000012   Code   RO         5329    .text               c_w.l(exit.o)
    0x08000428   0x08000428   0x00000008   Code   RO         5337    .text               c_w.l(libspace.o)
    0x08000430   0x08000430   0x0000000c   Code   RO         5398    .text               c_w.l(sys_exit.o)
    0x0800043c   0x0800043c   0x00000002   Code   RO         5409    .text               c_w.l(use_no_semi.o)
    0x0800043e   0x0800043e   0x00000000   Code   RO         5411    .text               c_w.l(indicate_semi.o)
    0x0800043e   0x0800043e   0x00000002   PAD
    0x08000440   0x08000440   0x0000018c   Code   RO          168    i.ADC_MEASUREMENT_Init  adc_measurement.o
    0x080005cc   0x080005cc   0x000000ec   Code   RO          276    i.CAN_NODE_Init     can_node.o
    0x080006b8   0x080006b8   0x0000004c   Code   RO          279    i.CAN_NODE_MO_Init  can_node.o
    0x08000704   0x08000704   0x0000004c   Code   RO          284    i.CAN_NODE_SetNodeEvents  can_node.o
    0x08000750   0x08000750   0x0000003e   Code   RO          285    i.CAN_NODE_SetNodePointer  can_node.o
    0x0800078e   0x0800078e   0x0000000a   Code   RO          446    i.CLOCK_XMC4_Init   clock_xmc4.o
    0x08000798   0x08000798   0x00000030   Code   RO          615    i.DAVE_Init         dave.o
    0x080007c8   0x080007c8   0x00000074   Code   RO          703    i.GLOBAL_ADC_Init   global_adc.o
    0x0800083c   0x0800083c   0x00000020   Code   RO          774    i.GLOBAL_CAN_Init   global_can.o
    0x0800085c   0x0800085c   0x00000008   Code   RO          448    i.OSCHP_GetFrequency  clock_xmc4.o
    0x08000864   0x08000864   0x0000004c   Code   RO          497    i.SystemCoreClockSetup  clock_xmc4_conf.o
    0x080008b0   0x080008b0   0x000000a4   Code   RO         5240    i.SystemCoreClockUpdate  system_xmc4500.o
    0x08000954   0x08000954   0x0000009c   Code   RO          580    i.SystemCoreSetup   cpu_ctrl_xmc4_conf.o
    0x080009f0   0x080009f0   0x0000001c   Code   RO         5242    i.SystemInit        system_xmc4500.o
    0x08000a0c   0x08000a0c   0x0000003e   Code   RO         1875    i.XMC_CAN_AllocateMOtoNodeList  xmc_can.o
    0x08000a4a   0x08000a4a   0x00000002   PAD
    0x08000a4c   0x08000a4c   0x00000024   Code   RO         1877    i.XMC_CAN_Enable    xmc_can.o
    0x08000a70   0x08000a70   0x0000000e   Code   RO         1879    i.XMC_CAN_GetBaudrateClockFrequency  xmc_can.o
    0x08000a7e   0x08000a7e   0x0000005e   Code   RO         1883    i.XMC_CAN_InitEx    xmc_can.o
    0x08000adc   0x08000adc   0x000000c4   Code   RO         1884    i.XMC_CAN_MO_Config  xmc_can.o
    0x08000ba0   0x08000ba0   0x0000000c   Code   RO          286    i.XMC_CAN_MO_EnableEvent  can_node.o
    0x08000bac   0x08000bac   0x00000018   Code   RO          287    i.XMC_CAN_MO_SetEventNodePointer  can_node.o
    0x08000bc4   0x08000bc4   0x0000003c   Code   RO         1892    i.XMC_CAN_MO_UpdateData  xmc_can.o
    0x08000c00   0x08000c00   0x0000000a   Code   RO         1893    i.XMC_CAN_NODE_DisableConfigurationChange  xmc_can.o
    0x08000c0a   0x08000c0a   0x0000000a   Code   RO         1895    i.XMC_CAN_NODE_EnableConfigurationChange  xmc_can.o
    0x08000c14   0x08000c14   0x00000016   Code   RO         1896    i.XMC_CAN_NODE_EnableEvent  xmc_can.o
    0x08000c2a   0x08000c2a   0x000000f0   Code   RO         1898    i.XMC_CAN_NODE_NominalBitTimeConfigureEx  xmc_can.o
    0x08000d1a   0x08000d1a   0x00000014   Code   RO          288    i.XMC_CAN_NODE_SetEventNodePointer  can_node.o
    0x08000d2e   0x08000d2e   0x00000002   Code   RO         1900    i.XMC_CAN_SetBaudrateClockSource  xmc_can.o
    0x08000d30   0x08000d30   0x000000b8   Code   RO         1053    i.XMC_GPIO_Init     xmc4_gpio.o
    0x08000de8   0x08000de8   0x00000018   Code   RO         1177    i.XMC_SCU_CLOCK_DisableSystemPll  xmc4_scu.o
    0x08000e00   0x08000e00   0x00000048   Code   RO         1180    i.XMC_SCU_CLOCK_EnableHighPerformanceOscillator  xmc4_scu.o
    0x08000e48   0x08000e48   0x00000074   Code   RO         1182    i.XMC_SCU_CLOCK_EnableLowPowerOscillator  xmc4_scu.o
    0x08000ebc   0x08000ebc   0x00000018   Code   RO         1184    i.XMC_SCU_CLOCK_EnableSystemPll  xmc4_scu.o
    0x08000ed4   0x08000ed4   0x00000018   Code   RO         1185    i.XMC_SCU_CLOCK_EnableUsbPll  xmc4_scu.o
    0x08000eec   0x08000eec   0x0000001c   Code   RO         1191    i.XMC_SCU_CLOCK_GetPeripheralClockFrequency  xmc4_scu.o
    0x08000f08   0x08000f08   0x000000a0   Code   RO         1198    i.XMC_SCU_CLOCK_Init  xmc4_scu.o
    0x08000fa8   0x08000fa8   0x0000001c   Code   RO         1200    i.XMC_SCU_CLOCK_IsHighPerformanceOscillatorStable  xmc4_scu.o
    0x08000fc4   0x08000fc4   0x00000010   Code   RO         1201    i.XMC_SCU_CLOCK_IsLowPowerOscillatorStable  xmc4_scu.o
    0x08000fd4   0x08000fd4   0x0000003c   Code   RO         1204    i.XMC_SCU_CLOCK_SetBackupClockCalibrationMode  xmc4_scu.o
    0x08001010   0x08001010   0x00000018   Code   RO         1205    i.XMC_SCU_CLOCK_SetCcuClockDivider  xmc4_scu.o
    0x08001028   0x08001028   0x00000018   Code   RO         1206    i.XMC_SCU_CLOCK_SetCpuClockDivider  xmc4_scu.o
    0x08001040   0x08001040   0x00000018   Code   RO         1207    i.XMC_SCU_CLOCK_SetEbuClockDivider  xmc4_scu.o
    0x08001058   0x08001058   0x00000018   Code   RO         1210    i.XMC_SCU_CLOCK_SetPeripheralClockDivider  xmc4_scu.o
    0x08001070   0x08001070   0x00000018   Code   RO         1211    i.XMC_SCU_CLOCK_SetSystemClockDivider  xmc4_scu.o
    0x08001088   0x08001088   0x00000014   Code   RO         1212    i.XMC_SCU_CLOCK_SetSystemClockSource  xmc4_scu.o
    0x0800109c   0x0800109c   0x00000028   Code   RO         1213    i.XMC_SCU_CLOCK_SetSystemPllClockSource  xmc4_scu.o
    0x080010c4   0x080010c4   0x00000018   Code   RO         1214    i.XMC_SCU_CLOCK_SetUsbClockDivider  xmc4_scu.o
    0x080010dc   0x080010dc   0x00000014   Code   RO         1215    i.XMC_SCU_CLOCK_SetUsbClockSource  xmc4_scu.o
    0x080010f0   0x080010f0   0x00000018   Code   RO         1216    i.XMC_SCU_CLOCK_SetWdtClockDivider  xmc4_scu.o
    0x08001108   0x08001108   0x00000014   Code   RO         1217    i.XMC_SCU_CLOCK_SetWdtClockSource  xmc4_scu.o
    0x0800111c   0x0800111c   0x00000134   Code   RO         1218    i.XMC_SCU_CLOCK_StartSystemPll  xmc4_scu.o
    0x08001250   0x08001250   0x00000058   Code   RO         1219    i.XMC_SCU_CLOCK_StartUsbPll  xmc4_scu.o
    0x080012a8   0x080012a8   0x00000024   Code   RO         1220    i.XMC_SCU_CLOCK_StepSystemPllFrequency  xmc4_scu.o
    0x080012cc   0x080012cc   0x0000004c   Code   RO         1235    i.XMC_SCU_HIB_EnableHibernateDomain  xmc4_scu.o
    0x08001318   0x08001318   0x0000002c   Code   RO         1243    i.XMC_SCU_HIB_SetRtcClockSource  xmc4_scu.o
    0x08001344   0x08001344   0x0000002c   Code   RO         1245    i.XMC_SCU_HIB_SetStandbyClockSource  xmc4_scu.o
    0x08001370   0x08001370   0x0000000c   Code   RO         1248    i.XMC_SCU_INTERRUPT_ClearEventStatus  xmc4_scu.o
    0x0800137c   0x0800137c   0x0000000c   Code   RO         1255    i.XMC_SCU_INTERUPT_GetEventStatus  xmc4_scu.o
    0x08001388   0x08001388   0x00000018   Code   RO         1271    i.XMC_SCU_RESET_DeassertPeripheralReset  xmc4_scu.o
    0x080013a0   0x080013a0   0x0000002c   Code   RO         1284    i.XMC_SCU_lDelay    xmc4_scu.o
    0x080013cc   0x080013cc   0x000000ac   Code   RO         4743    i.XMC_VADC_GLOBAL_BackgroundInit  xmc_vadc.o
    0x08001478   0x08001478   0x00000022   Code   RO         4747    i.XMC_VADC_GLOBAL_BackgroundSetReqSrcEventInterruptNode  xmc_vadc.o
    0x0800149a   0x0800149a   0x0000000e   Code   RO          170    i.XMC_VADC_GLOBAL_BackgroundTriggerConversion  adc_measurement.o
    0x080014a8   0x080014a8   0x0000000a   Code   RO         4750    i.XMC_VADC_GLOBAL_EnableModule  xmc_vadc.o
    0x080014b2   0x080014b2   0x00000032   Code   RO         4752    i.XMC_VADC_GLOBAL_Init  xmc_vadc.o
    0x080014e4   0x080014e4   0x0000002c   Code   RO         4753    i.XMC_VADC_GLOBAL_InputClassInit  xmc_vadc.o
    0x08001510   0x08001510   0x00000040   Code   RO         4758    i.XMC_VADC_GLOBAL_StartupCalibration  xmc_vadc.o
    0x08001550   0x08001550   0x0000000e   Code   RO         4760    i.XMC_VADC_GROUP_BackgroundDisableArbitrationSlot  xmc_vadc.o
    0x0800155e   0x0800155e   0x0000000e   Code   RO         4761    i.XMC_VADC_GROUP_BackgroundEnableArbitrationSlot  xmc_vadc.o
    0x0800156c   0x0800156c   0x0000006e   Code   RO         4763    i.XMC_VADC_GROUP_ChannelInit  xmc_vadc.o
    0x080015da   0x080015da   0x00000088   Code   RO         4779    i.XMC_VADC_GROUP_Init  xmc_vadc.o
    0x08001662   0x08001662   0x0000006e   Code   RO         4780    i.XMC_VADC_GROUP_InputClassInit  xmc_vadc.o
    0x080016d0   0x080016d0   0x00000012   Code   RO         4805    i.XMC_VADC_GROUP_SetPowerMode  xmc_vadc.o
    0x080016e2   0x080016e2   0x00000010   Code   RO            4    i.main              main.o
    0x080016f2   0x080016f2   0x0000000e   Code   RO         1904    i.max               xmc_can.o
    0x08001700   0x08001700   0x0000000e   Code   RO         1905    i.min               xmc_can.o
    0x0800170e   0x0800170e   0x0000000a   Code   RO         5396    x$fpl$fpinit        fz_wm.l(fpinit.o)
    0x08001718   0x08001718   0x00000010   Data   RO          242    .constdata          adc_measurement_conf.o
    0x08001728   0x08001728   0x000000ec   Data   RO          417    .constdata          can_node_conf.o
    0x08001814   0x08001814   0x00000014   Data   RO          498    .constdata          clock_xmc4_conf.o
    0x08001828   0x08001828   0x00000068   Data   RO          745    .constdata          global_adc_conf.o
    0x08001890   0x08001890   0x00000010   Data   RO         4813    .constdata          xmc_vadc.o
    0x080018a0   0x080018a0   0x00000020   Data   RO         5464    Region$$Table       anon$$obj.o


    Execution Region ER_RW (Exec base: 0x20000000, Load base: 0x080018c0, Size: 0x000000bc, Max: 0xffffffff, ABSOLUTE)

    Exec Addr    Load Addr    Size         Type   Attr      Idx    E Section Name        Object

    0x20000000   0x080018c0   0x00000040   Data   RW          243    .data               adc_measurement_conf.o
    0x20000040   0x08001900   0x00000020   Data   RW          418    .data               can_node_conf.o
    0x20000060   0x08001920   0x00000001   Data   RW          499    .data               clock_xmc4_conf.o
    0x20000061   0x08001921   0x00000003   PAD
    0x20000064   0x08001924   0x0000004c   Data   RW          746    .data               global_adc_conf.o
    0x200000b0   0x08001970   0x0000000c   Data   RW          813    .data               global_can_conf.o


    Execution Region ER_ZI (Exec base: 0x200000bc, Load base: 0x0800197c, Size: 0x00000a64, Max: 0xffffffff, ABSOLUTE)

    Exec Addr    Load Addr    Size         Type   Attr      Idx    E Section Name        Object

    0x200000bc        -       0x00000060   Zero   RW         5338    .bss                c_w.l(libspace.o)
    0x2000011c   0x0800197c   0x00000004   PAD
    0x20000120        -       0x00000200   Zero   RW         5229    HEAP                startup_xmc4500.o
    0x20000320        -       0x00000800   Zero   RW         5228    STACK               startup_xmc4500.o



  Load Region LR$$.ARM.__AT_0x2000FFC0 (Base: 0x2000ffc0, Size: 0x00000000, Max: 0x00000004, ABSOLUTE)

    Execution Region ER$$.ARM.__AT_0x2000FFC0 (Exec base: 0x2000ffc0, Load base: 0x2000ffc0, Size: 0x00000004, Max: 0x00000004, ABSOLUTE, UNINIT)

    Exec Addr    Load Addr    Size         Type   Attr      Idx    E Section Name        Object

    0x2000ffc0        -       0x00000004   Zero   RW         5244    .ARM.__AT_0x2000FFC0  system_xmc4500.o



  Load Region LR$$.ARM.__AT_0x2000FFC4 (Base: 0x2000ffc4, Size: 0x00000000, Max: 0x00000010, ABSOLUTE)

    Execution Region ER$$.ARM.__AT_0x2000FFC4 (Exec base: 0x2000ffc4, Load base: 0x2000ffc4, Size: 0x00000010, Max: 0x00000010, ABSOLUTE, UNINIT)

    Exec Addr    Load Addr    Size         Type   Attr      Idx    E Section Name        Object

    0x2000ffc4        -       0x00000010   Zero   RW         5245    .ARM.__AT_0x2000FFC4  system_xmc4500.o


==============================================================================

Image component sizes


      Code (inc. data)   RO Data    RW Data    ZI Data      Debug   Object Name

       410         10          0          0          0      53962   adc_measurement.o
         0          0         16         64          0       2880   adc_measurement_conf.o
       506          0          0          0          0      19411   can_node.o
         0          0        236         32          0       3138   can_node_conf.o
        18          4          0          0          0       2627   clock_xmc4.o
        76          4         20          1          0        982   clock_xmc4_conf.o
       156         16          0          0          0      30969   cpu_ctrl_xmc4_conf.o
        48         12          0          0          0       1340   dave.o
       116          0          0          0          0      20806   global_adc.o
         0          0        104         76          0       2373   global_adc_conf.o
        32          0          0          0          0       2110   global_can.o
         0          0          0         12          0        259   global_can_conf.o
        16          0          0          0          0     520223   main.o
        56         32        512          0       2560        516   startup_xmc4500.o
       192         22          0          0         20       5096   system_xmc4500.o
       184         10          0          0          0       1344   xmc4_gpio.o
      1508        218          0          0          0      34588   xmc4_scu.o
       774         22          0          0          0      21394   xmc_can.o
       776         16         16          0          0      28282   xmc_vadc.o

    ----------------------------------------------------------------------
      4870        366        936        188       2580     752300   Object Totals
         0          0         32          0          0          0   (incl. Generated)
         2          0          0          3          0          0   (incl. Padding)

    ----------------------------------------------------------------------

      Code (inc. data)   RO Data    RW Data    ZI Data      Debug   Library Member Name

         8          0          0          0          0         68   __main.o
         0          0          0          0          0          0   __rtentry.o
        12          0          0          0          0          0   __rtentry2.o
         6          0          0          0          0          0   __rtentry4.o
        52          8          0          0          0          0   __scatter.o
        26          0          0          0          0          0   __scatter_copy.o
        28          0          0          0          0          0   __scatter_zi.o
        18          0          0          0          0         80   exit.o
         6          0          0          0          0        152   heapauxi.o
         0          0          0          0          0          0   indicate_semi.o
         2          0          0          0          0          0   libinit.o
         6          0          0          0          0          0   libinit2.o
         2          0          0          0          0          0   libshutdown.o
         2          0          0          0          0          0   libshutdown2.o
         8          4          0          0         96         68   libspace.o
       138          0          0          0          0         68   rt_memcpy_v6.o
       100          0          0          0          0         80   rt_memcpy_w.o
         2          0          0          0          0          0   rtexit.o
        10          0          0          0          0          0   rtexit2.o
        12          4          0          0          0         68   sys_exit.o
        74          0          0          0          0         80   sys_stackheap_outer.o
         2          0          0          0          0         68   use_no_semi.o
        10          0          0          0          0        116   fpinit.o

    ----------------------------------------------------------------------
       530         16          0          0        100        848   Library Totals
         6          0          0          0          4          0   (incl. Padding)

    ----------------------------------------------------------------------

      Code (inc. data)   RO Data    RW Data    ZI Data      Debug   Library Name

       514         16          0          0         96        732   c_w.l
        10          0          0          0          0        116   fz_wm.l

    ----------------------------------------------------------------------
       530         16          0          0        100        848   Library Totals

    ----------------------------------------------------------------------

==============================================================================


      Code (inc. data)   RO Data    RW Data    ZI Data      Debug   

      5400        382        936        188       2680     745788   Grand Totals
      5400        382        936        188       2680     745788   ELF Image Totals
      5400        382        936        188          0          0   ROM Totals

==============================================================================

    Total RO  Size (Code + RO Data)                 6336 (   6.19kB)
    Total RW  Size (RW Data + ZI Data)              2868 (   2.80kB)
    Total ROM Size (Code + RO Data + RW Data)       6524 (   6.37kB)

==============================================================================

