13:44:00 **** Incremental Build of configuration Debug for project ADC_RTOS ****
"\"C:\\Infineon\\Tools\\DAVE IDE\\4.5.0.202105191637\\eclipse\\ARM-GCC-49\\bin\\make\"" --output-sync -j8 all 
'Building file: ../main.c'
../main.c: In function 'main':
'Invoking: ARM-GCC C Compiler'
../main.c:38:3: warning: implicit declaration of function 'xTaskCreate' [-Wimplicit-function-declaration]
"C:/Infineon/Tools/DAVE IDE/4.5.0.202105191637/eclipse/ARM-GCC-49/bin/arm-none-eabi-gcc" -MMD -MT "main.o" -DXMC4500_F100x1024 -I"C:/Users/Yoshi/Documents/GitHub/Software/01_jrg/06_XMC/ADC_RTOS/Libraries/XMCLib/inc" -I"C:/Users/Yoshi/Documents/GitHub/Software/01_jrg/06_XMC/ADC_RTOS/Libraries/CMSIS/Include" -I"C:/Users/Yoshi/Documents/GitHub/Software/01_jrg/06_XMC/ADC_RTOS/Libraries/CMSIS/Infineon/XMC4500_series/Include" -I"C:/Users/Yoshi/Documents/GitHub/Software/01_jrg/06_XMC/ADC_RTOS" -I"C:/Users/Yoshi/Documents/GitHub/Software/01_jrg/06_XMC/ADC_RTOS/Dave/Generated" -I"C:/Users/Yoshi/Documents/GitHub/Software/01_jrg/06_XMC/ADC_RTOS/Libraries" -O0 -ffunction-sections -fdata-sections -Wall -std=gnu99 -mfloat-abi=softfp -Wa,-adhlns="main.o.lst" -pipe -c -fmessage-length=0 -MMD -MP -MF"main.d" -MT"main.d main.o" -mcpu=cortex-m4 -mfpu=fpv4-sp-d16 -mthumb -g -gdwarf-2 -o "main.o" "../main.c" 
   xTaskCreate(Task_CAN_Transmit,"CAN_Transmit",1000, NULL, 0, NULL);
   ^
../main.c:41:3: warning: implicit declaration of function 'vTaskStartScheduler' [-Wimplicit-function-declaration]
   vTaskStartScheduler();
   ^
'Finished building: ../main.c'

../main.c: In function 'Task_CAN_Transmit':
../main.c:71:3: warning: implicit declaration of function 'vTaskDelay' [-Wimplicit-function-declaration]
   vTaskDelay(pdMS_TO_TICKS(delay_for_CAN_Transmit));
   ^
'Building target: ADC_RTOS.elf'
'Invoking: ARM-GCC C Linker'
"C:/Infineon/Tools/DAVE IDE/4.5.0.202105191637/eclipse/ARM-GCC-49/bin/arm-none-eabi-gcc" -T"../linker_script.ld" -nostartfiles -Xlinker --gc-sections -specs=nano.specs -specs=nosys.specs -Wl,-Map,"ADC_RTOS.map" -mfloat-abi=softfp -mfpu=fpv4-sp-d16 -mcpu=cortex-m4 -mthumb -g -gdwarf-2 -o "ADC_RTOS.elf" "@objects.rsp"  -lm
'Finished building target: ADC_RTOS.elf'

'Invoking: ARM-GCC Create Flash Image'
"C:/Infineon/Tools/DAVE IDE/4.5.0.202105191637/eclipse/ARM-GCC-49/bin/arm-none-eabi-objcopy" -O ihex "ADC_RTOS.elf" "ADC_RTOS.hex"
'Finished building: ADC_RTOS.hex'

'Invoking: ARM-GCC Print Size'
"C:/Infineon/Tools/DAVE IDE/4.5.0.202105191637/eclipse/ARM-GCC-49/bin/arm-none-eabi-size" --format=berkeley "ADC_RTOS.elf"
   text	   data	    bss	    dec	    hex	filename
  19808	    296	   2500	  22604	   584c	ADC_RTOS.elf
'Finished building: ADC_RTOS.siz'

'Invoking: ARM-GCC Create Listing'
"C:/Infineon/Tools/DAVE IDE/4.5.0.202105191637/eclipse/ARM-GCC-49/bin/arm-none-eabi-objdump" -h -S "ADC_RTOS.elf" > "ADC_RTOS.lst"
'Finished building: ADC_RTOS.lst'


13:44:03 Build Finished (took 2s.492ms)

