<!doctype html public "-//w3c//dtd html 4.0 transitional//en">
<html><head>
<title>Static Call Graph - [.\Objects\Template.axf]</title></head>
<body><HR>
<H1>Static Call Graph for image .\Objects\Template.axf</H1><HR>
<BR><P>#&#060CALLGRAPH&#062# ARM Linker, 6160001: Last Updated: Mon Apr 26 16:03:44 2021
<BR><P>
<H3>Maximum Stack Usage =        152 bytes + Unknown(Functions without stacksize, Cycles, Untraceable Function Pointers)</H3><H3>
Call chain for Maximum Stack Depth:</H3>
__rt_entry_main &rArr; main &rArr; HAL_RCC_ClockConfig &rArr; HAL_RCC_GetSysClockFreq &rArr; __aeabi_uldivmod
<P>
<H3>
Functions with no stack information
</H3><UL>
 <LI><a href="#[82]">__user_initial_stackheap</a>
</UL>
</UL>
<P>
<H3>
Mutually Recursive functions
</H3> <LI><a href="#[1]">NMI_Handler</a>&nbsp;&nbsp;&nbsp;&rArr;&nbsp;&nbsp;&nbsp;<a href="#[1]">NMI_Handler</a><BR>
 <LI><a href="#[2]">HardFault_Handler</a>&nbsp;&nbsp;&nbsp;&rArr;&nbsp;&nbsp;&nbsp;<a href="#[2]">HardFault_Handler</a><BR>
 <LI><a href="#[3]">MemManage_Handler</a>&nbsp;&nbsp;&nbsp;&rArr;&nbsp;&nbsp;&nbsp;<a href="#[3]">MemManage_Handler</a><BR>
 <LI><a href="#[4]">BusFault_Handler</a>&nbsp;&nbsp;&nbsp;&rArr;&nbsp;&nbsp;&nbsp;<a href="#[4]">BusFault_Handler</a><BR>
 <LI><a href="#[5]">UsageFault_Handler</a>&nbsp;&nbsp;&nbsp;&rArr;&nbsp;&nbsp;&nbsp;<a href="#[5]">UsageFault_Handler</a><BR>
 <LI><a href="#[7]">DebugMon_Handler</a>&nbsp;&nbsp;&nbsp;&rArr;&nbsp;&nbsp;&nbsp;<a href="#[7]">DebugMon_Handler</a><BR>
 <LI><a href="#[1c]">ADC_IRQHandler</a>&nbsp;&nbsp;&nbsp;&rArr;&nbsp;&nbsp;&nbsp;<a href="#[1c]">ADC_IRQHandler</a><BR>
 <LI><a href="#[e5]">osRtxErrorNotify</a>&nbsp;&nbsp;&nbsp;&rArr;&nbsp;&nbsp;&nbsp;<a href="#[e5]">osRtxErrorNotify</a><BR>
 <LI><a href="#[fd]">osRtxThreadListRoot</a>&nbsp;&nbsp;&nbsp;&rArr;&nbsp;&nbsp;&nbsp;<a href="#[fd]">osRtxThreadListRoot</a><BR>
 <LI><a href="#[71]">osRtxIdleThread</a>&nbsp;&nbsp;&nbsp;&rArr;&nbsp;&nbsp;&nbsp;<a href="#[71]">osRtxIdleThread</a><BR>
 <LI><a href="#[a7]">Error_Handler</a>&nbsp;&nbsp;&nbsp;&rArr;&nbsp;&nbsp;&nbsp;<a href="#[a7]">Error_Handler</a><BR>
</UL>
<P>
<H3>
Function Pointers
</H3><UL>
 <LI><a href="#[5d]">ADC_DMAConvCplt</a> from stm32f4xx_hal_adc.o(.text.ADC_DMAConvCplt) referenced 2 times from stm32f4xx_hal_adc.o(.text.HAL_ADC_Start_DMA)
 <LI><a href="#[5f]">ADC_DMAError</a> from stm32f4xx_hal_adc.o(.text.ADC_DMAError) referenced 2 times from stm32f4xx_hal_adc.o(.text.HAL_ADC_Start_DMA)
 <LI><a href="#[5e]">ADC_DMAHalfConvCplt</a> from stm32f4xx_hal_adc.o(.text.ADC_DMAHalfConvCplt) referenced 2 times from stm32f4xx_hal_adc.o(.text.HAL_ADC_Start_DMA)
 <LI><a href="#[1c]">ADC_IRQHandler</a> from startup_stm32f407xx.o(.text) referenced from startup_stm32f407xx.o(RESET)
 <LI><a href="#[4]">BusFault_Handler</a> from startup_stm32f407xx.o(.text) referenced from startup_stm32f407xx.o(RESET)
 <LI><a href="#[1e]">CAN1_RX0_IRQHandler</a> from can_ll_management.o(.text.CAN1_RX0_IRQHandler) referenced from startup_stm32f407xx.o(RESET)
 <LI><a href="#[1f]">CAN1_RX1_IRQHandler</a> from can_ll_management.o(.text.CAN1_RX1_IRQHandler) referenced from startup_stm32f407xx.o(RESET)
 <LI><a href="#[20]">CAN1_SCE_IRQHandler</a> from can_ll_management.o(.text.CAN1_SCE_IRQHandler) referenced from startup_stm32f407xx.o(RESET)
 <LI><a href="#[1d]">CAN1_TX_IRQHandler</a> from can_ll_management.o(.text.CAN1_TX_IRQHandler) referenced from startup_stm32f407xx.o(RESET)
 <LI><a href="#[4a]">CAN2_RX0_IRQHandler</a> from can_ll_management.o(.text.CAN2_RX0_IRQHandler) referenced from startup_stm32f407xx.o(RESET)
 <LI><a href="#[4b]">CAN2_RX1_IRQHandler</a> from can_ll_management.o(.text.CAN2_RX1_IRQHandler) referenced from startup_stm32f407xx.o(RESET)
 <LI><a href="#[4c]">CAN2_SCE_IRQHandler</a> from can_ll_management.o(.text.CAN2_SCE_IRQHandler) referenced from startup_stm32f407xx.o(RESET)
 <LI><a href="#[49]">CAN2_TX_IRQHandler</a> from can_ll_management.o(.text.CAN2_TX_IRQHandler) referenced from startup_stm32f407xx.o(RESET)
 <LI><a href="#[58]">DCMI_IRQHandler</a> from startup_stm32f407xx.o(.text) referenced from startup_stm32f407xx.o(RESET)
 <LI><a href="#[15]">DMA1_Stream0_IRQHandler</a> from startup_stm32f407xx.o(.text) referenced from startup_stm32f407xx.o(RESET)
 <LI><a href="#[16]">DMA1_Stream1_IRQHandler</a> from startup_stm32f407xx.o(.text) referenced from startup_stm32f407xx.o(RESET)
 <LI><a href="#[17]">DMA1_Stream2_IRQHandler</a> from startup_stm32f407xx.o(.text) referenced from startup_stm32f407xx.o(RESET)
 <LI><a href="#[18]">DMA1_Stream3_IRQHandler</a> from startup_stm32f407xx.o(.text) referenced from startup_stm32f407xx.o(RESET)
 <LI><a href="#[19]">DMA1_Stream4_IRQHandler</a> from startup_stm32f407xx.o(.text) referenced from startup_stm32f407xx.o(RESET)
 <LI><a href="#[1a]">DMA1_Stream5_IRQHandler</a> from startup_stm32f407xx.o(.text) referenced from startup_stm32f407xx.o(RESET)
 <LI><a href="#[1b]">DMA1_Stream6_IRQHandler</a> from startup_stm32f407xx.o(.text) referenced from startup_stm32f407xx.o(RESET)
 <LI><a href="#[39]">DMA1_Stream7_IRQHandler</a> from startup_stm32f407xx.o(.text) referenced from startup_stm32f407xx.o(RESET)
 <LI><a href="#[42]">DMA2_Stream0_IRQHandler</a> from analog_management.o(.text.DMA2_Stream0_IRQHandler) referenced from startup_stm32f407xx.o(RESET)
 <LI><a href="#[43]">DMA2_Stream1_IRQHandler</a> from startup_stm32f407xx.o(.text) referenced from startup_stm32f407xx.o(RESET)
 <LI><a href="#[44]">DMA2_Stream2_IRQHandler</a> from startup_stm32f407xx.o(.text) referenced from startup_stm32f407xx.o(RESET)
 <LI><a href="#[45]">DMA2_Stream3_IRQHandler</a> from startup_stm32f407xx.o(.text) referenced from startup_stm32f407xx.o(RESET)
 <LI><a href="#[46]">DMA2_Stream4_IRQHandler</a> from startup_stm32f407xx.o(.text) referenced from startup_stm32f407xx.o(RESET)
 <LI><a href="#[4e]">DMA2_Stream5_IRQHandler</a> from startup_stm32f407xx.o(.text) referenced from startup_stm32f407xx.o(RESET)
 <LI><a href="#[4f]">DMA2_Stream6_IRQHandler</a> from startup_stm32f407xx.o(.text) referenced from startup_stm32f407xx.o(RESET)
 <LI><a href="#[50]">DMA2_Stream7_IRQHandler</a> from startup_stm32f407xx.o(.text) referenced from startup_stm32f407xx.o(RESET)
 <LI><a href="#[7]">DebugMon_Handler</a> from startup_stm32f407xx.o(.text) referenced from startup_stm32f407xx.o(RESET)
 <LI><a href="#[47]">ETH_IRQHandler</a> from startup_stm32f407xx.o(.text) referenced from startup_stm32f407xx.o(RESET)
 <LI><a href="#[48]">ETH_WKUP_IRQHandler</a> from startup_stm32f407xx.o(.text) referenced from startup_stm32f407xx.o(RESET)
 <LI><a href="#[10]">EXTI0_IRQHandler</a> from switch_management.o(.text.EXTI0_IRQHandler) referenced from startup_stm32f407xx.o(RESET)
 <LI><a href="#[32]">EXTI15_10_IRQHandler</a> from startup_stm32f407xx.o(.text) referenced from startup_stm32f407xx.o(RESET)
 <LI><a href="#[11]">EXTI1_IRQHandler</a> from startup_stm32f407xx.o(.text) referenced from startup_stm32f407xx.o(RESET)
 <LI><a href="#[12]">EXTI2_IRQHandler</a> from startup_stm32f407xx.o(.text) referenced from startup_stm32f407xx.o(RESET)
 <LI><a href="#[13]">EXTI3_IRQHandler</a> from startup_stm32f407xx.o(.text) referenced from startup_stm32f407xx.o(RESET)
 <LI><a href="#[14]">EXTI4_IRQHandler</a> from startup_stm32f407xx.o(.text) referenced from startup_stm32f407xx.o(RESET)
 <LI><a href="#[21]">EXTI9_5_IRQHandler</a> from startup_stm32f407xx.o(.text) referenced from startup_stm32f407xx.o(RESET)
 <LI><a href="#[e]">FLASH_IRQHandler</a> from startup_stm32f407xx.o(.text) referenced from startup_stm32f407xx.o(RESET)
 <LI><a href="#[3a]">FMC_IRQHandler</a> from startup_stm32f407xx.o(.text) referenced from startup_stm32f407xx.o(RESET)
 <LI><a href="#[5a]">FPU_IRQHandler</a> from startup_stm32f407xx.o(.text) referenced from startup_stm32f407xx.o(RESET)
 <LI><a href="#[59]">HASH_RNG_IRQHandler</a> from startup_stm32f407xx.o(.text) referenced from startup_stm32f407xx.o(RESET)
 <LI><a href="#[2]">HardFault_Handler</a> from startup_stm32f407xx.o(.text) referenced from startup_stm32f407xx.o(RESET)
 <LI><a href="#[2a]">I2C1_ER_IRQHandler</a> from startup_stm32f407xx.o(.text) referenced from startup_stm32f407xx.o(RESET)
 <LI><a href="#[29]">I2C1_EV_IRQHandler</a> from startup_stm32f407xx.o(.text) referenced from startup_stm32f407xx.o(RESET)
 <LI><a href="#[2c]">I2C2_ER_IRQHandler</a> from startup_stm32f407xx.o(.text) referenced from startup_stm32f407xx.o(RESET)
 <LI><a href="#[2b]">I2C2_EV_IRQHandler</a> from startup_stm32f407xx.o(.text) referenced from startup_stm32f407xx.o(RESET)
 <LI><a href="#[53]">I2C3_ER_IRQHandler</a> from startup_stm32f407xx.o(.text) referenced from startup_stm32f407xx.o(RESET)
 <LI><a href="#[52]">I2C3_EV_IRQHandler</a> from startup_stm32f407xx.o(.text) referenced from startup_stm32f407xx.o(RESET)
 <LI><a href="#[3]">MemManage_Handler</a> from startup_stm32f407xx.o(.text) referenced from startup_stm32f407xx.o(RESET)
 <LI><a href="#[1]">NMI_Handler</a> from startup_stm32f407xx.o(.text) referenced from startup_stm32f407xx.o(RESET)
 <LI><a href="#[4d]">OTG_FS_IRQHandler</a> from startup_stm32f407xx.o(.text) referenced from startup_stm32f407xx.o(RESET)
 <LI><a href="#[34]">OTG_FS_WKUP_IRQHandler</a> from startup_stm32f407xx.o(.text) referenced from startup_stm32f407xx.o(RESET)
 <LI><a href="#[55]">OTG_HS_EP1_IN_IRQHandler</a> from startup_stm32f407xx.o(.text) referenced from startup_stm32f407xx.o(RESET)
 <LI><a href="#[54]">OTG_HS_EP1_OUT_IRQHandler</a> from startup_stm32f407xx.o(.text) referenced from startup_stm32f407xx.o(RESET)
 <LI><a href="#[57]">OTG_HS_IRQHandler</a> from startup_stm32f407xx.o(.text) referenced from startup_stm32f407xx.o(RESET)
 <LI><a href="#[56]">OTG_HS_WKUP_IRQHandler</a> from startup_stm32f407xx.o(.text) referenced from startup_stm32f407xx.o(RESET)
 <LI><a href="#[b]">PVD_IRQHandler</a> from startup_stm32f407xx.o(.text) referenced from startup_stm32f407xx.o(RESET)
 <LI><a href="#[8]">PendSV_Handler</a> from irq_cm4f.o(.text) referenced from startup_stm32f407xx.o(RESET)
 <LI><a href="#[f]">RCC_IRQHandler</a> from startup_stm32f407xx.o(.text) referenced from startup_stm32f407xx.o(RESET)
 <LI><a href="#[33]">RTC_Alarm_IRQHandler</a> from startup_stm32f407xx.o(.text) referenced from startup_stm32f407xx.o(RESET)
 <LI><a href="#[d]">RTC_WKUP_IRQHandler</a> from startup_stm32f407xx.o(.text) referenced from startup_stm32f407xx.o(RESET)
 <LI><a href="#[0]">Reset_Handler</a> from startup_stm32f407xx.o(.text) referenced from startup_stm32f407xx.o(RESET)
 <LI><a href="#[3b]">SDIO_IRQHandler</a> from startup_stm32f407xx.o(.text) referenced from startup_stm32f407xx.o(RESET)
 <LI><a href="#[2d]">SPI1_IRQHandler</a> from startup_stm32f407xx.o(.text) referenced from startup_stm32f407xx.o(RESET)
 <LI><a href="#[2e]">SPI2_IRQHandler</a> from startup_stm32f407xx.o(.text) referenced from startup_stm32f407xx.o(RESET)
 <LI><a href="#[3d]">SPI3_IRQHandler</a> from startup_stm32f407xx.o(.text) referenced from startup_stm32f407xx.o(RESET)
 <LI><a href="#[6]">SVC_Handler</a> from irq_cm4f.o(.text) referenced from startup_stm32f407xx.o(RESET)
 <LI><a href="#[9]">SysTick_Handler</a> from irq_cm4f.o(.text) referenced from rtx_kernel.o(.text.svcRtxKernelStart)
 <LI><a href="#[9]">SysTick_Handler</a> from irq_cm4f.o(.text) referenced from startup_stm32f407xx.o(RESET)
 <LI><a href="#[5b]">SystemInit</a> from system_stm32f4xx.o(.text.SystemInit) referenced from startup_stm32f407xx.o(.text)
 <LI><a href="#[c]">TAMP_STAMP_IRQHandler</a> from startup_stm32f407xx.o(.text) referenced from startup_stm32f407xx.o(RESET)
 <LI><a href="#[61]">TASK_CAN1_TX</a> from can_ll_management.o(.text.TASK_CAN1_TX) referenced 2 times from main.o(.text.app_main)
 <LI><a href="#[62]">TASK_CAN2_RX</a> from can_ll_management.o(.text.TASK_CAN2_RX) referenced 2 times from main.o(.text.app_main)
 <LI><a href="#[63]">TASK_Filtering</a> from analog_management.o(.text.TASK_Filtering) referenced 2 times from main.o(.text.app_main)
 <LI><a href="#[60]">TASK_LED</a> from led_management.o(.text.TASK_LED) referenced 2 times from main.o(.text.app_main)
 <LI><a href="#[64]">TASK_Switch</a> from switch_management.o(.text.TASK_Switch) referenced 2 times from main.o(.text.app_main)
 <LI><a href="#[22]">TIM1_BRK_TIM9_IRQHandler</a> from startup_stm32f407xx.o(.text) referenced from startup_stm32f407xx.o(RESET)
 <LI><a href="#[25]">TIM1_CC_IRQHandler</a> from startup_stm32f407xx.o(.text) referenced from startup_stm32f407xx.o(RESET)
 <LI><a href="#[24]">TIM1_TRG_COM_TIM11_IRQHandler</a> from startup_stm32f407xx.o(.text) referenced from startup_stm32f407xx.o(RESET)
 <LI><a href="#[23]">TIM1_UP_TIM10_IRQHandler</a> from startup_stm32f407xx.o(.text) referenced from startup_stm32f407xx.o(RESET)
 <LI><a href="#[26]">TIM2_IRQHandler</a> from startup_stm32f407xx.o(.text) referenced from startup_stm32f407xx.o(RESET)
 <LI><a href="#[27]">TIM3_IRQHandler</a> from startup_stm32f407xx.o(.text) referenced from startup_stm32f407xx.o(RESET)
 <LI><a href="#[28]">TIM4_IRQHandler</a> from startup_stm32f407xx.o(.text) referenced from startup_stm32f407xx.o(RESET)
 <LI><a href="#[3c]">TIM5_IRQHandler</a> from timers_management.o(.text.TIM5_IRQHandler) referenced from startup_stm32f407xx.o(RESET)
 <LI><a href="#[40]">TIM6_DAC_IRQHandler</a> from startup_stm32f407xx.o(.text) referenced from startup_stm32f407xx.o(RESET)
 <LI><a href="#[41]">TIM7_IRQHandler</a> from timers_management.o(.text.TIM7_IRQHandler) referenced from startup_stm32f407xx.o(RESET)
 <LI><a href="#[35]">TIM8_BRK_TIM12_IRQHandler</a> from startup_stm32f407xx.o(.text) referenced from startup_stm32f407xx.o(RESET)
 <LI><a href="#[38]">TIM8_CC_IRQHandler</a> from startup_stm32f407xx.o(.text) referenced from startup_stm32f407xx.o(RESET)
 <LI><a href="#[37]">TIM8_TRG_COM_TIM14_IRQHandler</a> from startup_stm32f407xx.o(.text) referenced from startup_stm32f407xx.o(RESET)
 <LI><a href="#[36]">TIM8_UP_TIM13_IRQHandler</a> from startup_stm32f407xx.o(.text) referenced from startup_stm32f407xx.o(RESET)
 <LI><a href="#[3e]">UART4_IRQHandler</a> from startup_stm32f407xx.o(.text) referenced from startup_stm32f407xx.o(RESET)
 <LI><a href="#[3f]">UART5_IRQHandler</a> from startup_stm32f407xx.o(.text) referenced from startup_stm32f407xx.o(RESET)
 <LI><a href="#[2f]">USART1_IRQHandler</a> from startup_stm32f407xx.o(.text) referenced from startup_stm32f407xx.o(RESET)
 <LI><a href="#[30]">USART2_IRQHandler</a> from startup_stm32f407xx.o(.text) referenced from startup_stm32f407xx.o(RESET)
 <LI><a href="#[31]">USART3_IRQHandler</a> from startup_stm32f407xx.o(.text) referenced from startup_stm32f407xx.o(RESET)
 <LI><a href="#[51]">USART6_IRQHandler</a> from startup_stm32f407xx.o(.text) referenced from startup_stm32f407xx.o(RESET)
 <LI><a href="#[5]">UsageFault_Handler</a> from startup_stm32f407xx.o(.text) referenced from startup_stm32f407xx.o(RESET)
 <LI><a href="#[a]">WWDG_IRQHandler</a> from startup_stm32f407xx.o(.text) referenced from startup_stm32f407xx.o(RESET)
 <LI><a href="#[5c]">__main</a> from __main.o(!!!main) referenced from startup_stm32f407xx.o(.text)
 <LI><a href="#[65]">app_main</a> from main.o(.text.app_main) referenced 2 times from main.o(.text.main)
 <LI><a href="#[71]">osRtxIdleThread</a> from rtx_config.o(.text.osRtxIdleThread) referenced from rtx_thread.o(.text.osRtxThreadStartup)
 <LI><a href="#[7a]">osRtxMemoryInit</a> from rtx_memory.o(.text.osRtxMemoryInit) referenced from rtx_kernel.o(.text.svcRtxKernelInitialize)
 <LI><a href="#[7b]">osRtxMessageQueuePostProcess</a> from rtx_msgqueue.o(.text.osRtxMessageQueuePostProcess) referenced from rtx_msgqueue.o(.text.svcRtxMessageQueueNew)
 <LI><a href="#[7d]">osRtxThreadPostProcess</a> from rtx_thread.o(.text.osRtxThreadPostProcess) referenced from rtx_thread.o(.text.svcRtxThreadNew)
 <LI><a href="#[72]">osRtxTimerThread</a> from rtx_timer.o(.text.osRtxTimerThread) referenced from rtx_thread.o(.text.osRtxThreadStartup)
 <LI><a href="#[73]">osRtxTimerTick</a> from rtx_timer.o(.text.osRtxTimerTick) referenced from rtx_timer.o(.text.osRtxTimerThread)
 <LI><a href="#[7c]">osThreadExit</a> from rtx_thread.o(.text.osThreadExit) referenced from rtx_thread.o(.text.svcRtxThreadNew)
 <LI><a href="#[66]">svcRtxDelay</a> from rtx_delay.o(.text.svcRtxDelay) referenced from rtx_delay.o(.text.osDelay)
 <LI><a href="#[67]">svcRtxKernelGetState</a> from rtx_kernel.o(.text.svcRtxKernelGetState) referenced from rtx_kernel.o(.text.osKernelGetState)
 <LI><a href="#[68]">svcRtxKernelInitialize</a> from rtx_kernel.o(.text.svcRtxKernelInitialize) referenced from rtx_kernel.o(.text.osKernelInitialize)
 <LI><a href="#[69]">svcRtxKernelStart</a> from rtx_kernel.o(.text.svcRtxKernelStart) referenced from rtx_kernel.o(.text.osKernelStart)
 <LI><a href="#[6a]">svcRtxMessageQueueGet</a> from rtx_msgqueue.o(.text.svcRtxMessageQueueGet) referenced from rtx_msgqueue.o(.text.osMessageQueueGet)
 <LI><a href="#[6b]">svcRtxMessageQueueNew</a> from rtx_msgqueue.o(.text.svcRtxMessageQueueNew) referenced from rtx_msgqueue.o(.text.osMessageQueueNew)
 <LI><a href="#[6c]">svcRtxMessageQueuePut</a> from rtx_msgqueue.o(.text.svcRtxMessageQueuePut) referenced from rtx_msgqueue.o(.text.osMessageQueuePut)
 <LI><a href="#[6d]">svcRtxMutexAcquire</a> from rtx_mutex.o(.text.svcRtxMutexAcquire) referenced from rtx_mutex.o(.text.osMutexAcquire)
 <LI><a href="#[6e]">svcRtxMutexDelete</a> from rtx_mutex.o(.text.svcRtxMutexDelete) referenced from rtx_mutex.o(.text.osMutexDelete)
 <LI><a href="#[6f]">svcRtxMutexNew</a> from rtx_mutex.o(.text.svcRtxMutexNew) referenced from rtx_mutex.o(.text.osMutexNew)
 <LI><a href="#[70]">svcRtxMutexRelease</a> from rtx_mutex.o(.text.svcRtxMutexRelease) referenced from rtx_mutex.o(.text.osMutexRelease)
 <LI><a href="#[74]">svcRtxThreadExit</a> from rtx_thread.o(.text.svcRtxThreadExit) referenced from rtx_thread.o(.text.osThreadExit)
 <LI><a href="#[75]">svcRtxThreadFlagsClear</a> from rtx_thread.o(.text.svcRtxThreadFlagsClear) referenced from rtx_thread.o(.text.osThreadFlagsClear)
 <LI><a href="#[76]">svcRtxThreadFlagsSet</a> from rtx_thread.o(.text.svcRtxThreadFlagsSet) referenced from rtx_thread.o(.text.osThreadFlagsSet)
 <LI><a href="#[77]">svcRtxThreadFlagsWait</a> from rtx_thread.o(.text.svcRtxThreadFlagsWait) referenced from rtx_thread.o(.text.osThreadFlagsWait)
 <LI><a href="#[78]">svcRtxThreadNew</a> from rtx_thread.o(.text.svcRtxThreadNew) referenced from rtx_thread.o(.text.osThreadNew)
 <LI><a href="#[79]">svcRtxThreadSetPriority</a> from rtx_thread.o(.text.svcRtxThreadSetPriority) referenced from rtx_thread.o(.text.osThreadSetPriority)
</UL>
<P>
<H3>
Global Symbols
</H3>
<P><STRONG><a name="[5c]"></a>__main</STRONG> (Thumb, 8 bytes, Stack size 0 bytes, __main.o(!!!main))
<BR><BR>[Calls]<UL><LI><a href="#[83]">&gt;&gt;</a>&nbsp;&nbsp;&nbsp;__scatterload
<LI><a href="#[84]">&gt;&gt;</a>&nbsp;&nbsp;&nbsp;__rt_entry
</UL>
<BR>[Address Reference Count : 1]<UL><LI> startup_stm32f407xx.o(.text)
</UL>
<P><STRONG><a name="[83]"></a>__scatterload</STRONG> (Thumb, 0 bytes, Stack size unknown bytes, __scatter.o(!!!scatter))
<BR><BR>[Called By]<UL><LI><a href="#[5c]">&gt;&gt;</a>&nbsp;&nbsp;&nbsp;__main
</UL>

<P><STRONG><a name="[85]"></a>__scatterload_rt2</STRONG> (Thumb, 44 bytes, Stack size unknown bytes, __scatter.o(!!!scatter), UNUSED)
<BR><BR>[Calls]<UL><LI><a href="#[84]">&gt;&gt;</a>&nbsp;&nbsp;&nbsp;__rt_entry
</UL>

<P><STRONG><a name="[113]"></a>__scatterload_rt2_thumb_only</STRONG> (Thumb, 0 bytes, Stack size unknown bytes, __scatter.o(!!!scatter), UNUSED)

<P><STRONG><a name="[114]"></a>__scatterload_null</STRONG> (Thumb, 0 bytes, Stack size unknown bytes, __scatter.o(!!!scatter), UNUSED)

<P><STRONG><a name="[86]"></a>__scatterload_copy</STRONG> (Thumb, 26 bytes, Stack size unknown bytes, __scatter_copy.o(!!handler_copy), UNUSED)
<BR><BR>[Calls]<UL><LI><a href="#[86]">&gt;&gt;</a>&nbsp;&nbsp;&nbsp;__scatterload_copy
</UL>
<BR>[Called By]<UL><LI><a href="#[86]">&gt;&gt;</a>&nbsp;&nbsp;&nbsp;__scatterload_copy
</UL>

<P><STRONG><a name="[115]"></a>__scatterload_zeroinit</STRONG> (Thumb, 28 bytes, Stack size unknown bytes, __scatter_zi.o(!!handler_zi), UNUSED)

<P><STRONG><a name="[8e]"></a>__rt_lib_init</STRONG> (Thumb, 0 bytes, Stack size unknown bytes, libinit.o(.ARM.Collect$$libinit$$00000000))
<BR><BR>[Called By]<UL><LI><a href="#[8d]">&gt;&gt;</a>&nbsp;&nbsp;&nbsp;__rt_entry_li
</UL>

<P><STRONG><a name="[87]"></a>__rt_lib_init_fp_1</STRONG> (Thumb, 0 bytes, Stack size unknown bytes, libinit2.o(.ARM.Collect$$libinit$$00000001))
<BR><BR>[Calls]<UL><LI><a href="#[88]">&gt;&gt;</a>&nbsp;&nbsp;&nbsp;_fp_init
</UL>

<P><STRONG><a name="[116]"></a>__rt_lib_init_alloca_1</STRONG> (Thumb, 0 bytes, Stack size unknown bytes, libinit2.o(.ARM.Collect$$libinit$$0000002E))

<P><STRONG><a name="[117]"></a>__rt_lib_init_argv_1</STRONG> (Thumb, 0 bytes, Stack size unknown bytes, libinit2.o(.ARM.Collect$$libinit$$0000002C))

<P><STRONG><a name="[118]"></a>__rt_lib_init_atexit_1</STRONG> (Thumb, 0 bytes, Stack size unknown bytes, libinit2.o(.ARM.Collect$$libinit$$0000001B))

<P><STRONG><a name="[119]"></a>__rt_lib_init_clock_1</STRONG> (Thumb, 0 bytes, Stack size unknown bytes, libinit2.o(.ARM.Collect$$libinit$$00000021))

<P><STRONG><a name="[11a]"></a>__rt_lib_init_cpp_1</STRONG> (Thumb, 0 bytes, Stack size unknown bytes, libinit2.o(.ARM.Collect$$libinit$$00000032))

<P><STRONG><a name="[11b]"></a>__rt_lib_init_exceptions_1</STRONG> (Thumb, 0 bytes, Stack size unknown bytes, libinit2.o(.ARM.Collect$$libinit$$00000030))

<P><STRONG><a name="[11c]"></a>__rt_lib_init_fp_trap_1</STRONG> (Thumb, 0 bytes, Stack size unknown bytes, libinit2.o(.ARM.Collect$$libinit$$0000001F))

<P><STRONG><a name="[11d]"></a>__rt_lib_init_getenv_1</STRONG> (Thumb, 0 bytes, Stack size unknown bytes, libinit2.o(.ARM.Collect$$libinit$$00000023))

<P><STRONG><a name="[11e]"></a>__rt_lib_init_heap_1</STRONG> (Thumb, 0 bytes, Stack size unknown bytes, libinit2.o(.ARM.Collect$$libinit$$0000000A))

<P><STRONG><a name="[11f]"></a>__rt_lib_init_lc_collate_1</STRONG> (Thumb, 0 bytes, Stack size unknown bytes, libinit2.o(.ARM.Collect$$libinit$$00000011))

<P><STRONG><a name="[120]"></a>__rt_lib_init_lc_ctype_1</STRONG> (Thumb, 0 bytes, Stack size unknown bytes, libinit2.o(.ARM.Collect$$libinit$$00000013))

<P><STRONG><a name="[121]"></a>__rt_lib_init_lc_monetary_1</STRONG> (Thumb, 0 bytes, Stack size unknown bytes, libinit2.o(.ARM.Collect$$libinit$$00000015))

<P><STRONG><a name="[122]"></a>__rt_lib_init_lc_numeric_1</STRONG> (Thumb, 0 bytes, Stack size unknown bytes, libinit2.o(.ARM.Collect$$libinit$$00000017))

<P><STRONG><a name="[123]"></a>__rt_lib_init_lc_time_1</STRONG> (Thumb, 0 bytes, Stack size unknown bytes, libinit2.o(.ARM.Collect$$libinit$$00000019))

<P><STRONG><a name="[124]"></a>__rt_lib_init_preinit_1</STRONG> (Thumb, 0 bytes, Stack size unknown bytes, libinit2.o(.ARM.Collect$$libinit$$00000004))

<P><STRONG><a name="[125]"></a>__rt_lib_init_rand_1</STRONG> (Thumb, 0 bytes, Stack size unknown bytes, libinit2.o(.ARM.Collect$$libinit$$0000000E))

<P><STRONG><a name="[126]"></a>__rt_lib_init_return</STRONG> (Thumb, 0 bytes, Stack size unknown bytes, libinit2.o(.ARM.Collect$$libinit$$00000033))

<P><STRONG><a name="[127]"></a>__rt_lib_init_signal_1</STRONG> (Thumb, 0 bytes, Stack size unknown bytes, libinit2.o(.ARM.Collect$$libinit$$0000001D))

<P><STRONG><a name="[128]"></a>__rt_lib_init_stdio_1</STRONG> (Thumb, 0 bytes, Stack size unknown bytes, libinit2.o(.ARM.Collect$$libinit$$00000025))

<P><STRONG><a name="[129]"></a>__rt_lib_init_user_alloc_1</STRONG> (Thumb, 0 bytes, Stack size unknown bytes, libinit2.o(.ARM.Collect$$libinit$$0000000C))

<P><STRONG><a name="[93]"></a>__rt_lib_shutdown</STRONG> (Thumb, 0 bytes, Stack size unknown bytes, libshutdown.o(.ARM.Collect$$libshutdown$$00000000))
<BR><BR>[Called By]<UL><LI><a href="#[92]">&gt;&gt;</a>&nbsp;&nbsp;&nbsp;__rt_exit_ls
</UL>

<P><STRONG><a name="[12a]"></a>__rt_lib_shutdown_cpp_1</STRONG> (Thumb, 0 bytes, Stack size unknown bytes, libshutdown2.o(.ARM.Collect$$libshutdown$$00000002))

<P><STRONG><a name="[12b]"></a>__rt_lib_shutdown_fp_trap_1</STRONG> (Thumb, 0 bytes, Stack size unknown bytes, libshutdown2.o(.ARM.Collect$$libshutdown$$00000007))

<P><STRONG><a name="[12c]"></a>__rt_lib_shutdown_heap_1</STRONG> (Thumb, 0 bytes, Stack size unknown bytes, libshutdown2.o(.ARM.Collect$$libshutdown$$0000000F))

<P><STRONG><a name="[12d]"></a>__rt_lib_shutdown_return</STRONG> (Thumb, 0 bytes, Stack size unknown bytes, libshutdown2.o(.ARM.Collect$$libshutdown$$00000010))

<P><STRONG><a name="[12e]"></a>__rt_lib_shutdown_signal_1</STRONG> (Thumb, 0 bytes, Stack size unknown bytes, libshutdown2.o(.ARM.Collect$$libshutdown$$0000000A))

<P><STRONG><a name="[12f]"></a>__rt_lib_shutdown_stdio_1</STRONG> (Thumb, 0 bytes, Stack size unknown bytes, libshutdown2.o(.ARM.Collect$$libshutdown$$00000004))

<P><STRONG><a name="[130]"></a>__rt_lib_shutdown_user_alloc_1</STRONG> (Thumb, 0 bytes, Stack size unknown bytes, libshutdown2.o(.ARM.Collect$$libshutdown$$0000000C))

<P><STRONG><a name="[84]"></a>__rt_entry</STRONG> (Thumb, 0 bytes, Stack size unknown bytes, __rtentry.o(.ARM.Collect$$rtentry$$00000000))
<BR><BR>[Called By]<UL><LI><a href="#[5c]">&gt;&gt;</a>&nbsp;&nbsp;&nbsp;__main
<LI><a href="#[85]">&gt;&gt;</a>&nbsp;&nbsp;&nbsp;__scatterload_rt2
</UL>

<P><STRONG><a name="[131]"></a>__rt_entry_presh_1</STRONG> (Thumb, 0 bytes, Stack size unknown bytes, __rtentry2.o(.ARM.Collect$$rtentry$$00000002))

<P><STRONG><a name="[89]"></a>__rt_entry_sh</STRONG> (Thumb, 0 bytes, Stack size unknown bytes, __rtentry4.o(.ARM.Collect$$rtentry$$00000004))
<BR><BR>[Stack]<UL><LI>Max Depth = 8 + Unknown Stack Size
<LI>Call Chain = __rt_entry_sh &rArr; __user_setup_stackheap
</UL>
<BR>[Calls]<UL><LI><a href="#[8a]">&gt;&gt;</a>&nbsp;&nbsp;&nbsp;__user_setup_stackheap
</UL>

<P><STRONG><a name="[8b]"></a>__rt_entry_postsh_1</STRONG> (Thumb, 0 bytes, Stack size unknown bytes, __rtentry2.o(.ARM.Collect$$rtentry$$00000008))
<BR><BR>[Stack]<UL><LI>Max Depth = 8 + Unknown Stack Size
<LI>Call Chain = __rt_entry_postsh_1 &rArr; _platform_post_stackheap_init &rArr; osKernelInitialize
</UL>
<BR>[Calls]<UL><LI><a href="#[8c]">&gt;&gt;</a>&nbsp;&nbsp;&nbsp;_platform_post_stackheap_init
</UL>

<P><STRONG><a name="[8d]"></a>__rt_entry_li</STRONG> (Thumb, 0 bytes, Stack size unknown bytes, __rtentry2.o(.ARM.Collect$$rtentry$$0000000A))
<BR><BR>[Calls]<UL><LI><a href="#[8e]">&gt;&gt;</a>&nbsp;&nbsp;&nbsp;__rt_lib_init
</UL>

<P><STRONG><a name="[8f]"></a>__rt_entry_main</STRONG> (Thumb, 0 bytes, Stack size unknown bytes, __rtentry2.o(.ARM.Collect$$rtentry$$0000000D))
<BR><BR>[Stack]<UL><LI>Max Depth = 152 + Unknown Stack Size
<LI>Call Chain = __rt_entry_main &rArr; main &rArr; HAL_RCC_ClockConfig &rArr; HAL_RCC_GetSysClockFreq &rArr; __aeabi_uldivmod
</UL>
<BR>[Calls]<UL><LI><a href="#[90]">&gt;&gt;</a>&nbsp;&nbsp;&nbsp;main
<LI><a href="#[91]">&gt;&gt;</a>&nbsp;&nbsp;&nbsp;exit
</UL>

<P><STRONG><a name="[132]"></a>__rt_entry_postli_1</STRONG> (Thumb, 0 bytes, Stack size unknown bytes, __rtentry2.o(.ARM.Collect$$rtentry$$0000000C))

<P><STRONG><a name="[9d]"></a>__rt_exit</STRONG> (Thumb, 0 bytes, Stack size unknown bytes, rtexit.o(.ARM.Collect$$rtexit$$00000000))
<BR><BR>[Called By]<UL><LI><a href="#[91]">&gt;&gt;</a>&nbsp;&nbsp;&nbsp;exit
</UL>

<P><STRONG><a name="[92]"></a>__rt_exit_ls</STRONG> (Thumb, 0 bytes, Stack size unknown bytes, rtexit2.o(.ARM.Collect$$rtexit$$00000003))
<BR><BR>[Calls]<UL><LI><a href="#[93]">&gt;&gt;</a>&nbsp;&nbsp;&nbsp;__rt_lib_shutdown
</UL>

<P><STRONG><a name="[133]"></a>__rt_exit_prels_1</STRONG> (Thumb, 0 bytes, Stack size unknown bytes, rtexit2.o(.ARM.Collect$$rtexit$$00000002))

<P><STRONG><a name="[94]"></a>__rt_exit_exit</STRONG> (Thumb, 0 bytes, Stack size unknown bytes, rtexit2.o(.ARM.Collect$$rtexit$$00000004))
<BR><BR>[Calls]<UL><LI><a href="#[95]">&gt;&gt;</a>&nbsp;&nbsp;&nbsp;_sys_exit
</UL>

<P><STRONG><a name="[0]"></a>Reset_Handler</STRONG> (Thumb, 8 bytes, Stack size 0 bytes, startup_stm32f407xx.o(.text))
<BR>[Address Reference Count : 1]<UL><LI> startup_stm32f407xx.o(RESET)
</UL>
<P><STRONG><a name="[1]"></a>NMI_Handler</STRONG> (Thumb, 2 bytes, Stack size 0 bytes, startup_stm32f407xx.o(.text))
<BR><BR>[Calls]<UL><LI><a href="#[1]">&gt;&gt;</a>&nbsp;&nbsp;&nbsp;NMI_Handler
</UL>
<BR>[Called By]<UL><LI><a href="#[1]">&gt;&gt;</a>&nbsp;&nbsp;&nbsp;NMI_Handler
</UL>
<BR>[Address Reference Count : 1]<UL><LI> startup_stm32f407xx.o(RESET)
</UL>
<P><STRONG><a name="[2]"></a>HardFault_Handler</STRONG> (Thumb, 2 bytes, Stack size 0 bytes, startup_stm32f407xx.o(.text))
<BR><BR>[Calls]<UL><LI><a href="#[2]">&gt;&gt;</a>&nbsp;&nbsp;&nbsp;HardFault_Handler
</UL>
<BR>[Called By]<UL><LI><a href="#[2]">&gt;&gt;</a>&nbsp;&nbsp;&nbsp;HardFault_Handler
</UL>
<BR>[Address Reference Count : 1]<UL><LI> startup_stm32f407xx.o(RESET)
</UL>
<P><STRONG><a name="[3]"></a>MemManage_Handler</STRONG> (Thumb, 2 bytes, Stack size 0 bytes, startup_stm32f407xx.o(.text))
<BR><BR>[Calls]<UL><LI><a href="#[3]">&gt;&gt;</a>&nbsp;&nbsp;&nbsp;MemManage_Handler
</UL>
<BR>[Called By]<UL><LI><a href="#[3]">&gt;&gt;</a>&nbsp;&nbsp;&nbsp;MemManage_Handler
</UL>
<BR>[Address Reference Count : 1]<UL><LI> startup_stm32f407xx.o(RESET)
</UL>
<P><STRONG><a name="[4]"></a>BusFault_Handler</STRONG> (Thumb, 2 bytes, Stack size 0 bytes, startup_stm32f407xx.o(.text))
<BR><BR>[Calls]<UL><LI><a href="#[4]">&gt;&gt;</a>&nbsp;&nbsp;&nbsp;BusFault_Handler
</UL>
<BR>[Called By]<UL><LI><a href="#[4]">&gt;&gt;</a>&nbsp;&nbsp;&nbsp;BusFault_Handler
</UL>
<BR>[Address Reference Count : 1]<UL><LI> startup_stm32f407xx.o(RESET)
</UL>
<P><STRONG><a name="[5]"></a>UsageFault_Handler</STRONG> (Thumb, 2 bytes, Stack size 0 bytes, startup_stm32f407xx.o(.text))
<BR><BR>[Calls]<UL><LI><a href="#[5]">&gt;&gt;</a>&nbsp;&nbsp;&nbsp;UsageFault_Handler
</UL>
<BR>[Called By]<UL><LI><a href="#[5]">&gt;&gt;</a>&nbsp;&nbsp;&nbsp;UsageFault_Handler
</UL>
<BR>[Address Reference Count : 1]<UL><LI> startup_stm32f407xx.o(RESET)
</UL>
<P><STRONG><a name="[7]"></a>DebugMon_Handler</STRONG> (Thumb, 2 bytes, Stack size 0 bytes, startup_stm32f407xx.o(.text))
<BR><BR>[Calls]<UL><LI><a href="#[7]">&gt;&gt;</a>&nbsp;&nbsp;&nbsp;DebugMon_Handler
</UL>
<BR>[Called By]<UL><LI><a href="#[7]">&gt;&gt;</a>&nbsp;&nbsp;&nbsp;DebugMon_Handler
</UL>
<BR>[Address Reference Count : 1]<UL><LI> startup_stm32f407xx.o(RESET)
</UL>
<P><STRONG><a name="[1c]"></a>ADC_IRQHandler</STRONG> (Thumb, 0 bytes, Stack size 0 bytes, startup_stm32f407xx.o(.text))
<BR><BR>[Calls]<UL><LI><a href="#[1c]">&gt;&gt;</a>&nbsp;&nbsp;&nbsp;ADC_IRQHandler
</UL>
<BR>[Called By]<UL><LI><a href="#[1c]">&gt;&gt;</a>&nbsp;&nbsp;&nbsp;ADC_IRQHandler
</UL>
<BR>[Address Reference Count : 1]<UL><LI> startup_stm32f407xx.o(RESET)
</UL>
<P><STRONG><a name="[58]"></a>DCMI_IRQHandler</STRONG> (Thumb, 0 bytes, Stack size 0 bytes, startup_stm32f407xx.o(.text))
<BR>[Address Reference Count : 1]<UL><LI> startup_stm32f407xx.o(RESET)
</UL>
<P><STRONG><a name="[15]"></a>DMA1_Stream0_IRQHandler</STRONG> (Thumb, 0 bytes, Stack size 0 bytes, startup_stm32f407xx.o(.text))
<BR>[Address Reference Count : 1]<UL><LI> startup_stm32f407xx.o(RESET)
</UL>
<P><STRONG><a name="[16]"></a>DMA1_Stream1_IRQHandler</STRONG> (Thumb, 0 bytes, Stack size 0 bytes, startup_stm32f407xx.o(.text))
<BR>[Address Reference Count : 1]<UL><LI> startup_stm32f407xx.o(RESET)
</UL>
<P><STRONG><a name="[17]"></a>DMA1_Stream2_IRQHandler</STRONG> (Thumb, 0 bytes, Stack size 0 bytes, startup_stm32f407xx.o(.text))
<BR>[Address Reference Count : 1]<UL><LI> startup_stm32f407xx.o(RESET)
</UL>
<P><STRONG><a name="[18]"></a>DMA1_Stream3_IRQHandler</STRONG> (Thumb, 0 bytes, Stack size 0 bytes, startup_stm32f407xx.o(.text))
<BR>[Address Reference Count : 1]<UL><LI> startup_stm32f407xx.o(RESET)
</UL>
<P><STRONG><a name="[19]"></a>DMA1_Stream4_IRQHandler</STRONG> (Thumb, 0 bytes, Stack size 0 bytes, startup_stm32f407xx.o(.text))
<BR>[Address Reference Count : 1]<UL><LI> startup_stm32f407xx.o(RESET)
</UL>
<P><STRONG><a name="[1a]"></a>DMA1_Stream5_IRQHandler</STRONG> (Thumb, 0 bytes, Stack size 0 bytes, startup_stm32f407xx.o(.text))
<BR>[Address Reference Count : 1]<UL><LI> startup_stm32f407xx.o(RESET)
</UL>
<P><STRONG><a name="[1b]"></a>DMA1_Stream6_IRQHandler</STRONG> (Thumb, 0 bytes, Stack size 0 bytes, startup_stm32f407xx.o(.text))
<BR>[Address Reference Count : 1]<UL><LI> startup_stm32f407xx.o(RESET)
</UL>
<P><STRONG><a name="[39]"></a>DMA1_Stream7_IRQHandler</STRONG> (Thumb, 0 bytes, Stack size 0 bytes, startup_stm32f407xx.o(.text))
<BR>[Address Reference Count : 1]<UL><LI> startup_stm32f407xx.o(RESET)
</UL>
<P><STRONG><a name="[43]"></a>DMA2_Stream1_IRQHandler</STRONG> (Thumb, 0 bytes, Stack size 0 bytes, startup_stm32f407xx.o(.text))
<BR>[Address Reference Count : 1]<UL><LI> startup_stm32f407xx.o(RESET)
</UL>
<P><STRONG><a name="[44]"></a>DMA2_Stream2_IRQHandler</STRONG> (Thumb, 0 bytes, Stack size 0 bytes, startup_stm32f407xx.o(.text))
<BR>[Address Reference Count : 1]<UL><LI> startup_stm32f407xx.o(RESET)
</UL>
<P><STRONG><a name="[45]"></a>DMA2_Stream3_IRQHandler</STRONG> (Thumb, 0 bytes, Stack size 0 bytes, startup_stm32f407xx.o(.text))
<BR>[Address Reference Count : 1]<UL><LI> startup_stm32f407xx.o(RESET)
</UL>
<P><STRONG><a name="[46]"></a>DMA2_Stream4_IRQHandler</STRONG> (Thumb, 0 bytes, Stack size 0 bytes, startup_stm32f407xx.o(.text))
<BR>[Address Reference Count : 1]<UL><LI> startup_stm32f407xx.o(RESET)
</UL>
<P><STRONG><a name="[4e]"></a>DMA2_Stream5_IRQHandler</STRONG> (Thumb, 0 bytes, Stack size 0 bytes, startup_stm32f407xx.o(.text))
<BR>[Address Reference Count : 1]<UL><LI> startup_stm32f407xx.o(RESET)
</UL>
<P><STRONG><a name="[4f]"></a>DMA2_Stream6_IRQHandler</STRONG> (Thumb, 0 bytes, Stack size 0 bytes, startup_stm32f407xx.o(.text))
<BR>[Address Reference Count : 1]<UL><LI> startup_stm32f407xx.o(RESET)
</UL>
<P><STRONG><a name="[50]"></a>DMA2_Stream7_IRQHandler</STRONG> (Thumb, 0 bytes, Stack size 0 bytes, startup_stm32f407xx.o(.text))
<BR>[Address Reference Count : 1]<UL><LI> startup_stm32f407xx.o(RESET)
</UL>
<P><STRONG><a name="[47]"></a>ETH_IRQHandler</STRONG> (Thumb, 0 bytes, Stack size 0 bytes, startup_stm32f407xx.o(.text))
<BR>[Address Reference Count : 1]<UL><LI> startup_stm32f407xx.o(RESET)
</UL>
<P><STRONG><a name="[48]"></a>ETH_WKUP_IRQHandler</STRONG> (Thumb, 0 bytes, Stack size 0 bytes, startup_stm32f407xx.o(.text))
<BR>[Address Reference Count : 1]<UL><LI> startup_stm32f407xx.o(RESET)
</UL>
<P><STRONG><a name="[32]"></a>EXTI15_10_IRQHandler</STRONG> (Thumb, 0 bytes, Stack size 0 bytes, startup_stm32f407xx.o(.text))
<BR>[Address Reference Count : 1]<UL><LI> startup_stm32f407xx.o(RESET)
</UL>
<P><STRONG><a name="[11]"></a>EXTI1_IRQHandler</STRONG> (Thumb, 0 bytes, Stack size 0 bytes, startup_stm32f407xx.o(.text))
<BR>[Address Reference Count : 1]<UL><LI> startup_stm32f407xx.o(RESET)
</UL>
<P><STRONG><a name="[12]"></a>EXTI2_IRQHandler</STRONG> (Thumb, 0 bytes, Stack size 0 bytes, startup_stm32f407xx.o(.text))
<BR>[Address Reference Count : 1]<UL><LI> startup_stm32f407xx.o(RESET)
</UL>
<P><STRONG><a name="[13]"></a>EXTI3_IRQHandler</STRONG> (Thumb, 0 bytes, Stack size 0 bytes, startup_stm32f407xx.o(.text))
<BR>[Address Reference Count : 1]<UL><LI> startup_stm32f407xx.o(RESET)
</UL>
<P><STRONG><a name="[14]"></a>EXTI4_IRQHandler</STRONG> (Thumb, 0 bytes, Stack size 0 bytes, startup_stm32f407xx.o(.text))
<BR>[Address Reference Count : 1]<UL><LI> startup_stm32f407xx.o(RESET)
</UL>
<P><STRONG><a name="[21]"></a>EXTI9_5_IRQHandler</STRONG> (Thumb, 0 bytes, Stack size 0 bytes, startup_stm32f407xx.o(.text))
<BR>[Address Reference Count : 1]<UL><LI> startup_stm32f407xx.o(RESET)
</UL>
<P><STRONG><a name="[e]"></a>FLASH_IRQHandler</STRONG> (Thumb, 0 bytes, Stack size 0 bytes, startup_stm32f407xx.o(.text))
<BR>[Address Reference Count : 1]<UL><LI> startup_stm32f407xx.o(RESET)
</UL>
<P><STRONG><a name="[3a]"></a>FMC_IRQHandler</STRONG> (Thumb, 0 bytes, Stack size 0 bytes, startup_stm32f407xx.o(.text))
<BR>[Address Reference Count : 1]<UL><LI> startup_stm32f407xx.o(RESET)
</UL>
<P><STRONG><a name="[5a]"></a>FPU_IRQHandler</STRONG> (Thumb, 0 bytes, Stack size 0 bytes, startup_stm32f407xx.o(.text))
<BR>[Address Reference Count : 1]<UL><LI> startup_stm32f407xx.o(RESET)
</UL>
<P><STRONG><a name="[59]"></a>HASH_RNG_IRQHandler</STRONG> (Thumb, 0 bytes, Stack size 0 bytes, startup_stm32f407xx.o(.text))
<BR>[Address Reference Count : 1]<UL><LI> startup_stm32f407xx.o(RESET)
</UL>
<P><STRONG><a name="[2a]"></a>I2C1_ER_IRQHandler</STRONG> (Thumb, 0 bytes, Stack size 0 bytes, startup_stm32f407xx.o(.text))
<BR>[Address Reference Count : 1]<UL><LI> startup_stm32f407xx.o(RESET)
</UL>
<P><STRONG><a name="[29]"></a>I2C1_EV_IRQHandler</STRONG> (Thumb, 0 bytes, Stack size 0 bytes, startup_stm32f407xx.o(.text))
<BR>[Address Reference Count : 1]<UL><LI> startup_stm32f407xx.o(RESET)
</UL>
<P><STRONG><a name="[2c]"></a>I2C2_ER_IRQHandler</STRONG> (Thumb, 0 bytes, Stack size 0 bytes, startup_stm32f407xx.o(.text))
<BR>[Address Reference Count : 1]<UL><LI> startup_stm32f407xx.o(RESET)
</UL>
<P><STRONG><a name="[2b]"></a>I2C2_EV_IRQHandler</STRONG> (Thumb, 0 bytes, Stack size 0 bytes, startup_stm32f407xx.o(.text))
<BR>[Address Reference Count : 1]<UL><LI> startup_stm32f407xx.o(RESET)
</UL>
<P><STRONG><a name="[53]"></a>I2C3_ER_IRQHandler</STRONG> (Thumb, 0 bytes, Stack size 0 bytes, startup_stm32f407xx.o(.text))
<BR>[Address Reference Count : 1]<UL><LI> startup_stm32f407xx.o(RESET)
</UL>
<P><STRONG><a name="[52]"></a>I2C3_EV_IRQHandler</STRONG> (Thumb, 0 bytes, Stack size 0 bytes, startup_stm32f407xx.o(.text))
<BR>[Address Reference Count : 1]<UL><LI> startup_stm32f407xx.o(RESET)
</UL>
<P><STRONG><a name="[4d]"></a>OTG_FS_IRQHandler</STRONG> (Thumb, 0 bytes, Stack size 0 bytes, startup_stm32f407xx.o(.text))
<BR>[Address Reference Count : 1]<UL><LI> startup_stm32f407xx.o(RESET)
</UL>
<P><STRONG><a name="[34]"></a>OTG_FS_WKUP_IRQHandler</STRONG> (Thumb, 0 bytes, Stack size 0 bytes, startup_stm32f407xx.o(.text))
<BR>[Address Reference Count : 1]<UL><LI> startup_stm32f407xx.o(RESET)
</UL>
<P><STRONG><a name="[55]"></a>OTG_HS_EP1_IN_IRQHandler</STRONG> (Thumb, 0 bytes, Stack size 0 bytes, startup_stm32f407xx.o(.text))
<BR>[Address Reference Count : 1]<UL><LI> startup_stm32f407xx.o(RESET)
</UL>
<P><STRONG><a name="[54]"></a>OTG_HS_EP1_OUT_IRQHandler</STRONG> (Thumb, 0 bytes, Stack size 0 bytes, startup_stm32f407xx.o(.text))
<BR>[Address Reference Count : 1]<UL><LI> startup_stm32f407xx.o(RESET)
</UL>
<P><STRONG><a name="[57]"></a>OTG_HS_IRQHandler</STRONG> (Thumb, 0 bytes, Stack size 0 bytes, startup_stm32f407xx.o(.text))
<BR>[Address Reference Count : 1]<UL><LI> startup_stm32f407xx.o(RESET)
</UL>
<P><STRONG><a name="[56]"></a>OTG_HS_WKUP_IRQHandler</STRONG> (Thumb, 0 bytes, Stack size 0 bytes, startup_stm32f407xx.o(.text))
<BR>[Address Reference Count : 1]<UL><LI> startup_stm32f407xx.o(RESET)
</UL>
<P><STRONG><a name="[b]"></a>PVD_IRQHandler</STRONG> (Thumb, 0 bytes, Stack size 0 bytes, startup_stm32f407xx.o(.text))
<BR>[Address Reference Count : 1]<UL><LI> startup_stm32f407xx.o(RESET)
</UL>
<P><STRONG><a name="[f]"></a>RCC_IRQHandler</STRONG> (Thumb, 0 bytes, Stack size 0 bytes, startup_stm32f407xx.o(.text))
<BR>[Address Reference Count : 1]<UL><LI> startup_stm32f407xx.o(RESET)
</UL>
<P><STRONG><a name="[33]"></a>RTC_Alarm_IRQHandler</STRONG> (Thumb, 0 bytes, Stack size 0 bytes, startup_stm32f407xx.o(.text))
<BR>[Address Reference Count : 1]<UL><LI> startup_stm32f407xx.o(RESET)
</UL>
<P><STRONG><a name="[d]"></a>RTC_WKUP_IRQHandler</STRONG> (Thumb, 0 bytes, Stack size 0 bytes, startup_stm32f407xx.o(.text))
<BR>[Address Reference Count : 1]<UL><LI> startup_stm32f407xx.o(RESET)
</UL>
<P><STRONG><a name="[3b]"></a>SDIO_IRQHandler</STRONG> (Thumb, 0 bytes, Stack size 0 bytes, startup_stm32f407xx.o(.text))
<BR>[Address Reference Count : 1]<UL><LI> startup_stm32f407xx.o(RESET)
</UL>
<P><STRONG><a name="[2d]"></a>SPI1_IRQHandler</STRONG> (Thumb, 0 bytes, Stack size 0 bytes, startup_stm32f407xx.o(.text))
<BR>[Address Reference Count : 1]<UL><LI> startup_stm32f407xx.o(RESET)
</UL>
<P><STRONG><a name="[2e]"></a>SPI2_IRQHandler</STRONG> (Thumb, 0 bytes, Stack size 0 bytes, startup_stm32f407xx.o(.text))
<BR>[Address Reference Count : 1]<UL><LI> startup_stm32f407xx.o(RESET)
</UL>
<P><STRONG><a name="[3d]"></a>SPI3_IRQHandler</STRONG> (Thumb, 0 bytes, Stack size 0 bytes, startup_stm32f407xx.o(.text))
<BR>[Address Reference Count : 1]<UL><LI> startup_stm32f407xx.o(RESET)
</UL>
<P><STRONG><a name="[c]"></a>TAMP_STAMP_IRQHandler</STRONG> (Thumb, 0 bytes, Stack size 0 bytes, startup_stm32f407xx.o(.text))
<BR>[Address Reference Count : 1]<UL><LI> startup_stm32f407xx.o(RESET)
</UL>
<P><STRONG><a name="[22]"></a>TIM1_BRK_TIM9_IRQHandler</STRONG> (Thumb, 0 bytes, Stack size 0 bytes, startup_stm32f407xx.o(.text))
<BR>[Address Reference Count : 1]<UL><LI> startup_stm32f407xx.o(RESET)
</UL>
<P><STRONG><a name="[25]"></a>TIM1_CC_IRQHandler</STRONG> (Thumb, 0 bytes, Stack size 0 bytes, startup_stm32f407xx.o(.text))
<BR>[Address Reference Count : 1]<UL><LI> startup_stm32f407xx.o(RESET)
</UL>
<P><STRONG><a name="[24]"></a>TIM1_TRG_COM_TIM11_IRQHandler</STRONG> (Thumb, 0 bytes, Stack size 0 bytes, startup_stm32f407xx.o(.text))
<BR>[Address Reference Count : 1]<UL><LI> startup_stm32f407xx.o(RESET)
</UL>
<P><STRONG><a name="[23]"></a>TIM1_UP_TIM10_IRQHandler</STRONG> (Thumb, 0 bytes, Stack size 0 bytes, startup_stm32f407xx.o(.text))
<BR>[Address Reference Count : 1]<UL><LI> startup_stm32f407xx.o(RESET)
</UL>
<P><STRONG><a name="[26]"></a>TIM2_IRQHandler</STRONG> (Thumb, 0 bytes, Stack size 0 bytes, startup_stm32f407xx.o(.text))
<BR>[Address Reference Count : 1]<UL><LI> startup_stm32f407xx.o(RESET)
</UL>
<P><STRONG><a name="[27]"></a>TIM3_IRQHandler</STRONG> (Thumb, 0 bytes, Stack size 0 bytes, startup_stm32f407xx.o(.text))
<BR>[Address Reference Count : 1]<UL><LI> startup_stm32f407xx.o(RESET)
</UL>
<P><STRONG><a name="[28]"></a>TIM4_IRQHandler</STRONG> (Thumb, 0 bytes, Stack size 0 bytes, startup_stm32f407xx.o(.text))
<BR>[Address Reference Count : 1]<UL><LI> startup_stm32f407xx.o(RESET)
</UL>
<P><STRONG><a name="[40]"></a>TIM6_DAC_IRQHandler</STRONG> (Thumb, 0 bytes, Stack size 0 bytes, startup_stm32f407xx.o(.text))
<BR>[Address Reference Count : 1]<UL><LI> startup_stm32f407xx.o(RESET)
</UL>
<P><STRONG><a name="[35]"></a>TIM8_BRK_TIM12_IRQHandler</STRONG> (Thumb, 0 bytes, Stack size 0 bytes, startup_stm32f407xx.o(.text))
<BR>[Address Reference Count : 1]<UL><LI> startup_stm32f407xx.o(RESET)
</UL>
<P><STRONG><a name="[38]"></a>TIM8_CC_IRQHandler</STRONG> (Thumb, 0 bytes, Stack size 0 bytes, startup_stm32f407xx.o(.text))
<BR>[Address Reference Count : 1]<UL><LI> startup_stm32f407xx.o(RESET)
</UL>
<P><STRONG><a name="[37]"></a>TIM8_TRG_COM_TIM14_IRQHandler</STRONG> (Thumb, 0 bytes, Stack size 0 bytes, startup_stm32f407xx.o(.text))
<BR>[Address Reference Count : 1]<UL><LI> startup_stm32f407xx.o(RESET)
</UL>
<P><STRONG><a name="[36]"></a>TIM8_UP_TIM13_IRQHandler</STRONG> (Thumb, 0 bytes, Stack size 0 bytes, startup_stm32f407xx.o(.text))
<BR>[Address Reference Count : 1]<UL><LI> startup_stm32f407xx.o(RESET)
</UL>
<P><STRONG><a name="[3e]"></a>UART4_IRQHandler</STRONG> (Thumb, 0 bytes, Stack size 0 bytes, startup_stm32f407xx.o(.text))
<BR>[Address Reference Count : 1]<UL><LI> startup_stm32f407xx.o(RESET)
</UL>
<P><STRONG><a name="[3f]"></a>UART5_IRQHandler</STRONG> (Thumb, 0 bytes, Stack size 0 bytes, startup_stm32f407xx.o(.text))
<BR>[Address Reference Count : 1]<UL><LI> startup_stm32f407xx.o(RESET)
</UL>
<P><STRONG><a name="[2f]"></a>USART1_IRQHandler</STRONG> (Thumb, 0 bytes, Stack size 0 bytes, startup_stm32f407xx.o(.text))
<BR>[Address Reference Count : 1]<UL><LI> startup_stm32f407xx.o(RESET)
</UL>
<P><STRONG><a name="[30]"></a>USART2_IRQHandler</STRONG> (Thumb, 0 bytes, Stack size 0 bytes, startup_stm32f407xx.o(.text))
<BR>[Address Reference Count : 1]<UL><LI> startup_stm32f407xx.o(RESET)
</UL>
<P><STRONG><a name="[31]"></a>USART3_IRQHandler</STRONG> (Thumb, 0 bytes, Stack size 0 bytes, startup_stm32f407xx.o(.text))
<BR>[Address Reference Count : 1]<UL><LI> startup_stm32f407xx.o(RESET)
</UL>
<P><STRONG><a name="[51]"></a>USART6_IRQHandler</STRONG> (Thumb, 0 bytes, Stack size 0 bytes, startup_stm32f407xx.o(.text))
<BR>[Address Reference Count : 1]<UL><LI> startup_stm32f407xx.o(RESET)
</UL>
<P><STRONG><a name="[a]"></a>WWDG_IRQHandler</STRONG> (Thumb, 0 bytes, Stack size 0 bytes, startup_stm32f407xx.o(.text))
<BR>[Address Reference Count : 1]<UL><LI> startup_stm32f407xx.o(RESET)
</UL>
<P><STRONG><a name="[82]"></a>__user_initial_stackheap</STRONG> (Thumb, 0 bytes, Stack size unknown bytes, startup_stm32f407xx.o(.text))
<BR><BR>[Called By]<UL><LI><a href="#[8a]">&gt;&gt;</a>&nbsp;&nbsp;&nbsp;__user_setup_stackheap
</UL>

<P><STRONG><a name="[6]"></a>SVC_Handler</STRONG> (Thumb, 152 bytes, Stack size 0 bytes, irq_cm4f.o(.text))
<BR>[Address Reference Count : 1]<UL><LI> startup_stm32f407xx.o(RESET)
</UL>
<P><STRONG><a name="[8]"></a>PendSV_Handler</STRONG> (Thumb, 16 bytes, Stack size 0 bytes, irq_cm4f.o(.text))
<BR><BR>[Stack]<UL><LI>Max Depth = 40<LI>Call Chain = PendSV_Handler &rArr; osRtxPendSV_Handler &rArr; osRtxThreadDispatch &rArr; osRtxThreadReadyPut &rArr; osRtxThreadListPut
</UL>
<BR>[Calls]<UL><LI><a href="#[96]">&gt;&gt;</a>&nbsp;&nbsp;&nbsp;osRtxPendSV_Handler
</UL>
<BR>[Address Reference Count : 1]<UL><LI> startup_stm32f407xx.o(RESET)
</UL>
<P><STRONG><a name="[9]"></a>SysTick_Handler</STRONG> (Thumb, 16 bytes, Stack size 0 bytes, irq_cm4f.o(.text))
<BR><BR>[Stack]<UL><LI>Max Depth = 72<LI>Call Chain = SysTick_Handler &rArr; osRtxTick_Handler &rArr; osRtxThreadDelayTick &rArr; osRtxMutexOwnerRestore &rArr; osRtxThreadListSort &rArr; osRtxThreadListPut
</UL>
<BR>[Calls]<UL><LI><a href="#[97]">&gt;&gt;</a>&nbsp;&nbsp;&nbsp;osRtxTick_Handler
</UL>
<BR>[Address Reference Count : 2]<UL><LI> rtx_kernel.o(.text.svcRtxKernelStart)
<LI> startup_stm32f407xx.o(RESET)
</UL>
<P><STRONG><a name="[c9]"></a>__aeabi_uldivmod</STRONG> (Thumb, 0 bytes, Stack size 48 bytes, lludivv7m.o(.text))
<BR><BR>[Stack]<UL><LI>Max Depth = 48<LI>Call Chain = __aeabi_uldivmod
</UL>
<BR>[Called By]<UL><LI><a href="#[c8]">&gt;&gt;</a>&nbsp;&nbsp;&nbsp;HAL_RCC_GetSysClockFreq
</UL>

<P><STRONG><a name="[134]"></a>_ll_udiv</STRONG> (Thumb, 240 bytes, Stack size 48 bytes, lludivv7m.o(.text), UNUSED)

<P><STRONG><a name="[ef]"></a>__aeabi_memcpy</STRONG> (Thumb, 0 bytes, Stack size 0 bytes, rt_memcpy_v6.o(.text))
<BR><BR>[Called By]<UL><LI><a href="#[ac]">&gt;&gt;</a>&nbsp;&nbsp;&nbsp;osMessageQueuePut
<LI><a href="#[d9]">&gt;&gt;</a>&nbsp;&nbsp;&nbsp;osMessageQueueGet
<LI><a href="#[6c]">&gt;&gt;</a>&nbsp;&nbsp;&nbsp;svcRtxMessageQueuePut
<LI><a href="#[6a]">&gt;&gt;</a>&nbsp;&nbsp;&nbsp;svcRtxMessageQueueGet
<LI><a href="#[7b]">&gt;&gt;</a>&nbsp;&nbsp;&nbsp;osRtxMessageQueuePostProcess
</UL>

<P><STRONG><a name="[98]"></a>__rt_memcpy</STRONG> (Thumb, 138 bytes, Stack size 0 bytes, rt_memcpy_v6.o(.text), UNUSED)
<BR><BR>[Calls]<UL><LI><a href="#[99]">&gt;&gt;</a>&nbsp;&nbsp;&nbsp;__aeabi_memcpy4
</UL>

<P><STRONG><a name="[135]"></a>_memcpy_lastbytes</STRONG> (Thumb, 0 bytes, Stack size unknown bytes, rt_memcpy_v6.o(.text), UNUSED)

<P><STRONG><a name="[99]"></a>__aeabi_memcpy4</STRONG> (Thumb, 0 bytes, Stack size 8 bytes, rt_memcpy_w.o(.text), UNUSED)
<BR><BR>[Called By]<UL><LI><a href="#[98]">&gt;&gt;</a>&nbsp;&nbsp;&nbsp;__rt_memcpy
</UL>

<P><STRONG><a name="[136]"></a>__aeabi_memcpy8</STRONG> (Thumb, 0 bytes, Stack size 8 bytes, rt_memcpy_w.o(.text), UNUSED)

<P><STRONG><a name="[137]"></a>__rt_memcpy_w</STRONG> (Thumb, 100 bytes, Stack size 8 bytes, rt_memcpy_w.o(.text), UNUSED)

<P><STRONG><a name="[138]"></a>_memcpy_lastbytes_aligned</STRONG> (Thumb, 0 bytes, Stack size unknown bytes, rt_memcpy_w.o(.text), UNUSED)

<P><STRONG><a name="[112]"></a>__aeabi_memclr</STRONG> (Thumb, 0 bytes, Stack size unknown bytes, rt_memclr.o(.text))
<BR><BR>[Called By]<UL><LI><a href="#[6b]">&gt;&gt;</a>&nbsp;&nbsp;&nbsp;svcRtxMessageQueueNew
</UL>

<P><STRONG><a name="[139]"></a>__rt_memclr</STRONG> (Thumb, 0 bytes, Stack size unknown bytes, rt_memclr.o(.text), UNUSED)

<P><STRONG><a name="[9a]"></a>_memset</STRONG> (Thumb, 64 bytes, Stack size 0 bytes, rt_memclr.o(.text), UNUSED)
<BR><BR>[Calls]<UL><LI><a href="#[9b]">&gt;&gt;</a>&nbsp;&nbsp;&nbsp;_memset_w
</UL>

<P><STRONG><a name="[b3]"></a>__aeabi_memclr4</STRONG> (Thumb, 0 bytes, Stack size unknown bytes, rt_memclr_w.o(.text))
<BR><BR>[Called By]<UL><LI><a href="#[b0]">&gt;&gt;</a>&nbsp;&nbsp;&nbsp;CAN_Config
<LI><a href="#[6f]">&gt;&gt;</a>&nbsp;&nbsp;&nbsp;svcRtxMutexNew
<LI><a href="#[78]">&gt;&gt;</a>&nbsp;&nbsp;&nbsp;svcRtxThreadNew
<LI><a href="#[68]">&gt;&gt;</a>&nbsp;&nbsp;&nbsp;svcRtxKernelInitialize
</UL>

<P><STRONG><a name="[13a]"></a>__aeabi_memclr8</STRONG> (Thumb, 0 bytes, Stack size unknown bytes, rt_memclr_w.o(.text), UNUSED)

<P><STRONG><a name="[13b]"></a>__rt_memclr_w</STRONG> (Thumb, 0 bytes, Stack size unknown bytes, rt_memclr_w.o(.text), UNUSED)

<P><STRONG><a name="[9b]"></a>_memset_w</STRONG> (Thumb, 74 bytes, Stack size 4 bytes, rt_memclr_w.o(.text), UNUSED)
<BR><BR>[Called By]<UL><LI><a href="#[9a]">&gt;&gt;</a>&nbsp;&nbsp;&nbsp;_memset
</UL>

<P><STRONG><a name="[13c]"></a>__use_two_region_memory</STRONG> (Thumb, 2 bytes, Stack size 0 bytes, heapauxi.o(.text), UNUSED)

<P><STRONG><a name="[13d]"></a>__rt_heap_escrow$2region</STRONG> (Thumb, 2 bytes, Stack size 0 bytes, heapauxi.o(.text), UNUSED)

<P><STRONG><a name="[13e]"></a>__rt_heap_expand$2region</STRONG> (Thumb, 2 bytes, Stack size 0 bytes, heapauxi.o(.text), UNUSED)

<P><STRONG><a name="[13f]"></a>__user_libspace</STRONG> (Thumb, 8 bytes, Stack size 0 bytes, libspace.o(.text), UNUSED)

<P><STRONG><a name="[9c]"></a>__user_perproc_libspace</STRONG> (Thumb, 0 bytes, Stack size 0 bytes, libspace.o(.text))
<BR><BR>[Called By]<UL><LI><a href="#[8a]">&gt;&gt;</a>&nbsp;&nbsp;&nbsp;__user_setup_stackheap
</UL>

<P><STRONG><a name="[8a]"></a>__user_setup_stackheap</STRONG> (Thumb, 74 bytes, Stack size 8 bytes, sys_stackheap_outer.o(.text))
<BR><BR>[Stack]<UL><LI>Max Depth = 8 + Unknown Stack Size
<LI>Call Chain = __user_setup_stackheap
</UL>
<BR>[Calls]<UL><LI><a href="#[82]">&gt;&gt;</a>&nbsp;&nbsp;&nbsp;__user_initial_stackheap
<LI><a href="#[9c]">&gt;&gt;</a>&nbsp;&nbsp;&nbsp;__user_perproc_libspace
</UL>
<BR>[Called By]<UL><LI><a href="#[89]">&gt;&gt;</a>&nbsp;&nbsp;&nbsp;__rt_entry_sh
</UL>

<P><STRONG><a name="[91]"></a>exit</STRONG> (Thumb, 18 bytes, Stack size 8 bytes, exit.o(.text))
<BR><BR>[Stack]<UL><LI>Max Depth = 8 + Unknown Stack Size
<LI>Call Chain = exit
</UL>
<BR>[Calls]<UL><LI><a href="#[9d]">&gt;&gt;</a>&nbsp;&nbsp;&nbsp;__rt_exit
</UL>
<BR>[Called By]<UL><LI><a href="#[8f]">&gt;&gt;</a>&nbsp;&nbsp;&nbsp;__rt_entry_main
</UL>

<P><STRONG><a name="[95]"></a>_sys_exit</STRONG> (Thumb, 8 bytes, Stack size 0 bytes, sys_exit.o(.text))
<BR><BR>[Called By]<UL><LI><a href="#[94]">&gt;&gt;</a>&nbsp;&nbsp;&nbsp;__rt_exit_exit
</UL>

<P><STRONG><a name="[140]"></a>__I$use$semihosting</STRONG> (Thumb, 0 bytes, Stack size 0 bytes, use_no_semi.o(.text), UNUSED)

<P><STRONG><a name="[141]"></a>__use_no_semihosting_swi</STRONG> (Thumb, 2 bytes, Stack size 0 bytes, use_no_semi.o(.text), UNUSED)

<P><STRONG><a name="[142]"></a>__semihosting_library_function</STRONG> (Thumb, 0 bytes, Stack size unknown bytes, indicate_semi.o(.text), UNUSED)

<P><STRONG><a name="[da]"></a>ADC_factor</STRONG> (Thumb, 22 bytes, Stack size 0 bytes, analog_management.o(.text.ADC_factor))
<BR><BR>[Called By]<UL><LI><a href="#[61]">&gt;&gt;</a>&nbsp;&nbsp;&nbsp;TASK_CAN1_TX
</UL>

<P><STRONG><a name="[a1]"></a>Analog_init</STRONG> (Thumb, 376 bytes, Stack size 64 bytes, analog_management.o(.text.Analog_init))
<BR><BR>[Stack]<UL><LI>Max Depth = 108<LI>Call Chain = Analog_init &rArr; HAL_GPIO_Init
</UL>
<BR>[Calls]<UL><LI><a href="#[aa]">&gt;&gt;</a>&nbsp;&nbsp;&nbsp;osThreadFlagsSet
<LI><a href="#[a4]">&gt;&gt;</a>&nbsp;&nbsp;&nbsp;HAL_NVIC_SetPriority
<LI><a href="#[a5]">&gt;&gt;</a>&nbsp;&nbsp;&nbsp;HAL_NVIC_EnableIRQ
<LI><a href="#[a2]">&gt;&gt;</a>&nbsp;&nbsp;&nbsp;HAL_GPIO_Init
<LI><a href="#[a3]">&gt;&gt;</a>&nbsp;&nbsp;&nbsp;HAL_DMA_Init
<LI><a href="#[a9]">&gt;&gt;</a>&nbsp;&nbsp;&nbsp;HAL_ADC_Start_DMA
<LI><a href="#[a6]">&gt;&gt;</a>&nbsp;&nbsp;&nbsp;HAL_ADC_Init
<LI><a href="#[a8]">&gt;&gt;</a>&nbsp;&nbsp;&nbsp;HAL_ADC_ConfigChannel
<LI><a href="#[a7]">&gt;&gt;</a>&nbsp;&nbsp;&nbsp;Error_Handler
</UL>
<BR>[Called By]<UL><LI><a href="#[65]">&gt;&gt;</a>&nbsp;&nbsp;&nbsp;app_main
</UL>

<P><STRONG><a name="[1e]"></a>CAN1_RX0_IRQHandler</STRONG> (Thumb, 116 bytes, Stack size 88 bytes, can_ll_management.o(.text.CAN1_RX0_IRQHandler))
<BR><BR>[Stack]<UL><LI>Max Depth = 128<LI>Call Chain = CAN1_RX0_IRQHandler &rArr; osMessageQueuePut &rArr; osRtxPostProcess
</UL>
<BR>[Calls]<UL><LI><a href="#[ac]">&gt;&gt;</a>&nbsp;&nbsp;&nbsp;osMessageQueuePut
<LI><a href="#[ad]">&gt;&gt;</a>&nbsp;&nbsp;&nbsp;HAL_IWDG_Refresh
<LI><a href="#[ab]">&gt;&gt;</a>&nbsp;&nbsp;&nbsp;HAL_CAN_GetRxMessage
</UL>
<BR>[Address Reference Count : 1]<UL><LI> startup_stm32f407xx.o(RESET)
</UL>
<P><STRONG><a name="[1f]"></a>CAN1_RX1_IRQHandler</STRONG> (Thumb, 116 bytes, Stack size 88 bytes, can_ll_management.o(.text.CAN1_RX1_IRQHandler))
<BR><BR>[Stack]<UL><LI>Max Depth = 128<LI>Call Chain = CAN1_RX1_IRQHandler &rArr; osMessageQueuePut &rArr; osRtxPostProcess
</UL>
<BR>[Calls]<UL><LI><a href="#[ac]">&gt;&gt;</a>&nbsp;&nbsp;&nbsp;osMessageQueuePut
<LI><a href="#[ad]">&gt;&gt;</a>&nbsp;&nbsp;&nbsp;HAL_IWDG_Refresh
<LI><a href="#[ab]">&gt;&gt;</a>&nbsp;&nbsp;&nbsp;HAL_CAN_GetRxMessage
</UL>
<BR>[Address Reference Count : 1]<UL><LI> startup_stm32f407xx.o(RESET)
</UL>
<P><STRONG><a name="[20]"></a>CAN1_SCE_IRQHandler</STRONG> (Thumb, 26 bytes, Stack size 8 bytes, can_ll_management.o(.text.CAN1_SCE_IRQHandler))
<BR><BR>[Stack]<UL><LI>Max Depth = 16<LI>Call Chain = CAN1_SCE_IRQHandler &rArr; CAN_CheckError1
</UL>
<BR>[Calls]<UL><LI><a href="#[ae]">&gt;&gt;</a>&nbsp;&nbsp;&nbsp;CAN_CheckError1
</UL>
<BR>[Address Reference Count : 1]<UL><LI> startup_stm32f407xx.o(RESET)
</UL>
<P><STRONG><a name="[1d]"></a>CAN1_TX_IRQHandler</STRONG> (Thumb, 140 bytes, Stack size 24 bytes, can_ll_management.o(.text.CAN1_TX_IRQHandler))
<BR><BR>[Stack]<UL><LI>Max Depth = 24<LI>Call Chain = CAN1_TX_IRQHandler
</UL>
<BR>[Calls]<UL><LI><a href="#[af]">&gt;&gt;</a>&nbsp;&nbsp;&nbsp;HAL_CAN_IsTxMessagePending
</UL>
<BR>[Address Reference Count : 1]<UL><LI> startup_stm32f407xx.o(RESET)
</UL>
<P><STRONG><a name="[4a]"></a>CAN2_RX0_IRQHandler</STRONG> (Thumb, 116 bytes, Stack size 88 bytes, can_ll_management.o(.text.CAN2_RX0_IRQHandler))
<BR><BR>[Stack]<UL><LI>Max Depth = 128<LI>Call Chain = CAN2_RX0_IRQHandler &rArr; osMessageQueuePut &rArr; osRtxPostProcess
</UL>
<BR>[Calls]<UL><LI><a href="#[ac]">&gt;&gt;</a>&nbsp;&nbsp;&nbsp;osMessageQueuePut
<LI><a href="#[ad]">&gt;&gt;</a>&nbsp;&nbsp;&nbsp;HAL_IWDG_Refresh
<LI><a href="#[ab]">&gt;&gt;</a>&nbsp;&nbsp;&nbsp;HAL_CAN_GetRxMessage
</UL>
<BR>[Address Reference Count : 1]<UL><LI> startup_stm32f407xx.o(RESET)
</UL>
<P><STRONG><a name="[4b]"></a>CAN2_RX1_IRQHandler</STRONG> (Thumb, 116 bytes, Stack size 88 bytes, can_ll_management.o(.text.CAN2_RX1_IRQHandler))
<BR><BR>[Stack]<UL><LI>Max Depth = 128<LI>Call Chain = CAN2_RX1_IRQHandler &rArr; osMessageQueuePut &rArr; osRtxPostProcess
</UL>
<BR>[Calls]<UL><LI><a href="#[ac]">&gt;&gt;</a>&nbsp;&nbsp;&nbsp;osMessageQueuePut
<LI><a href="#[ad]">&gt;&gt;</a>&nbsp;&nbsp;&nbsp;HAL_IWDG_Refresh
<LI><a href="#[ab]">&gt;&gt;</a>&nbsp;&nbsp;&nbsp;HAL_CAN_GetRxMessage
</UL>
<BR>[Address Reference Count : 1]<UL><LI> startup_stm32f407xx.o(RESET)
</UL>
<P><STRONG><a name="[4c]"></a>CAN2_SCE_IRQHandler</STRONG> (Thumb, 26 bytes, Stack size 8 bytes, can_ll_management.o(.text.CAN2_SCE_IRQHandler))
<BR><BR>[Stack]<UL><LI>Max Depth = 16<LI>Call Chain = CAN2_SCE_IRQHandler &rArr; CAN_CheckError1
</UL>
<BR>[Calls]<UL><LI><a href="#[ae]">&gt;&gt;</a>&nbsp;&nbsp;&nbsp;CAN_CheckError1
</UL>
<BR>[Address Reference Count : 1]<UL><LI> startup_stm32f407xx.o(RESET)
</UL>
<P><STRONG><a name="[49]"></a>CAN2_TX_IRQHandler</STRONG> (Thumb, 154 bytes, Stack size 24 bytes, can_ll_management.o(.text.CAN2_TX_IRQHandler))
<BR><BR>[Stack]<UL><LI>Max Depth = 24<LI>Call Chain = CAN2_TX_IRQHandler
</UL>
<BR>[Calls]<UL><LI><a href="#[af]">&gt;&gt;</a>&nbsp;&nbsp;&nbsp;HAL_CAN_IsTxMessagePending
</UL>
<BR>[Address Reference Count : 1]<UL><LI> startup_stm32f407xx.o(RESET)
</UL>
<P><STRONG><a name="[ae]"></a>CAN_CheckError1</STRONG> (Thumb, 384 bytes, Stack size 8 bytes, can_ll_management.o(.text.CAN_CheckError1))
<BR><BR>[Stack]<UL><LI>Max Depth = 8<LI>Call Chain = CAN_CheckError1
</UL>
<BR>[Called By]<UL><LI><a href="#[4c]">&gt;&gt;</a>&nbsp;&nbsp;&nbsp;CAN2_SCE_IRQHandler
<LI><a href="#[20]">&gt;&gt;</a>&nbsp;&nbsp;&nbsp;CAN1_SCE_IRQHandler
</UL>

<P><STRONG><a name="[b0]"></a>CAN_Config</STRONG> (Thumb, 522 bytes, Stack size 48 bytes, can_ll_management.o(.text.CAN_Config))
<BR><BR>[Stack]<UL><LI>Max Depth = 92 + Unknown Stack Size
<LI>Call Chain = CAN_Config &rArr; HAL_GPIO_Init
</UL>
<BR>[Calls]<UL><LI><a href="#[b5]">&gt;&gt;</a>&nbsp;&nbsp;&nbsp;HAL_CAN_Start
<LI><a href="#[b4]">&gt;&gt;</a>&nbsp;&nbsp;&nbsp;HAL_CAN_Init
<LI><a href="#[b1]">&gt;&gt;</a>&nbsp;&nbsp;&nbsp;CAN_TX_def
<LI><a href="#[b2]">&gt;&gt;</a>&nbsp;&nbsp;&nbsp;CAN_RX_def
<LI><a href="#[aa]">&gt;&gt;</a>&nbsp;&nbsp;&nbsp;osThreadFlagsSet
<LI><a href="#[a4]">&gt;&gt;</a>&nbsp;&nbsp;&nbsp;HAL_NVIC_SetPriority
<LI><a href="#[a5]">&gt;&gt;</a>&nbsp;&nbsp;&nbsp;HAL_NVIC_EnableIRQ
<LI><a href="#[a2]">&gt;&gt;</a>&nbsp;&nbsp;&nbsp;HAL_GPIO_Init
<LI><a href="#[a7]">&gt;&gt;</a>&nbsp;&nbsp;&nbsp;Error_Handler
<LI><a href="#[b3]">&gt;&gt;</a>&nbsp;&nbsp;&nbsp;__aeabi_memclr4
</UL>
<BR>[Called By]<UL><LI><a href="#[65]">&gt;&gt;</a>&nbsp;&nbsp;&nbsp;app_main
</UL>

<P><STRONG><a name="[b6]"></a>CAN_RX_Init</STRONG> (Thumb, 186 bytes, Stack size 56 bytes, can_ll_management.o(.text.CAN_RX_Init))
<BR><BR>[Stack]<UL><LI>Max Depth = 88<LI>Call Chain = CAN_RX_Init &rArr; osThreadFlagsSet &rArr; osRtxPostProcess
</UL>
<BR>[Calls]<UL><LI><a href="#[b7]">&gt;&gt;</a>&nbsp;&nbsp;&nbsp;HAL_CAN_ConfigFilter
<LI><a href="#[aa]">&gt;&gt;</a>&nbsp;&nbsp;&nbsp;osThreadFlagsSet
<LI><a href="#[a7]">&gt;&gt;</a>&nbsp;&nbsp;&nbsp;Error_Handler
</UL>
<BR>[Called By]<UL><LI><a href="#[65]">&gt;&gt;</a>&nbsp;&nbsp;&nbsp;app_main
</UL>

<P><STRONG><a name="[b2]"></a>CAN_RX_def</STRONG> (Thumb, 130 bytes, Stack size 16 bytes, can_rx.o(.text.CAN_RX_def))
<BR><BR>[Stack]<UL><LI>Max Depth = 16<LI>Call Chain = CAN_RX_def
</UL>
<BR>[Called By]<UL><LI><a href="#[b0]">&gt;&gt;</a>&nbsp;&nbsp;&nbsp;CAN_Config
</UL>

<P><STRONG><a name="[b1]"></a>CAN_TX_def</STRONG> (Thumb, 340 bytes, Stack size 28 bytes, can_tx.o(.text.CAN_TX_def))
<BR><BR>[Stack]<UL><LI>Max Depth = 28<LI>Call Chain = CAN_TX_def
</UL>
<BR>[Called By]<UL><LI><a href="#[b0]">&gt;&gt;</a>&nbsp;&nbsp;&nbsp;CAN_Config
</UL>

<P><STRONG><a name="[b8]"></a>CAN_Transmit</STRONG> (Thumb, 1002 bytes, Stack size 72 bytes, can_ll_management.o(.text.CAN_Transmit))
<BR><BR>[Stack]<UL><LI>Max Depth = 88<LI>Call Chain = CAN_Transmit &rArr; HAL_CAN_Stop
</UL>
<BR>[Calls]<UL><LI><a href="#[bc]">&gt;&gt;</a>&nbsp;&nbsp;&nbsp;osMutexRelease
<LI><a href="#[bd]">&gt;&gt;</a>&nbsp;&nbsp;&nbsp;osMutexAcquire
<LI><a href="#[bb]">&gt;&gt;</a>&nbsp;&nbsp;&nbsp;osDelay
<LI><a href="#[b9]">&gt;&gt;</a>&nbsp;&nbsp;&nbsp;HAL_CAN_Stop
<LI><a href="#[b5]">&gt;&gt;</a>&nbsp;&nbsp;&nbsp;HAL_CAN_Start
<LI><a href="#[af]">&gt;&gt;</a>&nbsp;&nbsp;&nbsp;HAL_CAN_IsTxMessagePending
<LI><a href="#[ba]">&gt;&gt;</a>&nbsp;&nbsp;&nbsp;HAL_CAN_AddTxMessage
</UL>
<BR>[Called By]<UL><LI><a href="#[61]">&gt;&gt;</a>&nbsp;&nbsp;&nbsp;TASK_CAN1_TX
</UL>

<P><STRONG><a name="[42]"></a>DMA2_Stream0_IRQHandler</STRONG> (Thumb, 14 bytes, Stack size 0 bytes, analog_management.o(.text.DMA2_Stream0_IRQHandler))
<BR><BR>[Stack]<UL><LI>Max Depth = 24<LI>Call Chain = DMA2_Stream0_IRQHandler &rArr; HAL_DMA_IRQHandler
</UL>
<BR>[Calls]<UL><LI><a href="#[be]">&gt;&gt;</a>&nbsp;&nbsp;&nbsp;HAL_DMA_IRQHandler
</UL>
<BR>[Address Reference Count : 1]<UL><LI> startup_stm32f407xx.o(RESET)
</UL>
<P><STRONG><a name="[10]"></a>EXTI0_IRQHandler</STRONG> (Thumb, 56 bytes, Stack size 16 bytes, switch_management.o(.text.EXTI0_IRQHandler))
<BR><BR>[Stack]<UL><LI>Max Depth = 56<LI>Call Chain = EXTI0_IRQHandler &rArr; osMessageQueuePut &rArr; osRtxPostProcess
</UL>
<BR>[Calls]<UL><LI><a href="#[ac]">&gt;&gt;</a>&nbsp;&nbsp;&nbsp;osMessageQueuePut
</UL>
<BR>[Address Reference Count : 1]<UL><LI> startup_stm32f407xx.o(RESET)
</UL>
<P><STRONG><a name="[a7]"></a>Error_Handler</STRONG> (Thumb, 2 bytes, Stack size 0 bytes, main.o(.text.Error_Handler))
<BR><BR>[Calls]<UL><LI><a href="#[a7]">&gt;&gt;</a>&nbsp;&nbsp;&nbsp;Error_Handler
</UL>
<BR>[Called By]<UL><LI><a href="#[d2]">&gt;&gt;</a>&nbsp;&nbsp;&nbsp;PWM_TIM4_Init
<LI><a href="#[d0]">&gt;&gt;</a>&nbsp;&nbsp;&nbsp;IWDG_Init
<LI><a href="#[b6]">&gt;&gt;</a>&nbsp;&nbsp;&nbsp;CAN_RX_Init
<LI><a href="#[b0]">&gt;&gt;</a>&nbsp;&nbsp;&nbsp;CAN_Config
<LI><a href="#[a7]">&gt;&gt;</a>&nbsp;&nbsp;&nbsp;Error_Handler
<LI><a href="#[a1]">&gt;&gt;</a>&nbsp;&nbsp;&nbsp;Analog_init
</UL>

<P><STRONG><a name="[bf]"></a>GPIO_init</STRONG> (Thumb, 152 bytes, Stack size 32 bytes, gpio_management.o(.text.GPIO_init))
<BR><BR>[Stack]<UL><LI>Max Depth = 76<LI>Call Chain = GPIO_init &rArr; HAL_GPIO_Init
</UL>
<BR>[Calls]<UL><LI><a href="#[aa]">&gt;&gt;</a>&nbsp;&nbsp;&nbsp;osThreadFlagsSet
<LI><a href="#[a2]">&gt;&gt;</a>&nbsp;&nbsp;&nbsp;HAL_GPIO_Init
</UL>
<BR>[Called By]<UL><LI><a href="#[65]">&gt;&gt;</a>&nbsp;&nbsp;&nbsp;app_main
</UL>

<P><STRONG><a name="[a8]"></a>HAL_ADC_ConfigChannel</STRONG> (Thumb, 320 bytes, Stack size 20 bytes, stm32f4xx_hal_adc.o(.text.HAL_ADC_ConfigChannel))
<BR><BR>[Stack]<UL><LI>Max Depth = 20<LI>Call Chain = HAL_ADC_ConfigChannel
</UL>
<BR>[Called By]<UL><LI><a href="#[a1]">&gt;&gt;</a>&nbsp;&nbsp;&nbsp;Analog_init
</UL>

<P><STRONG><a name="[9f]"></a>HAL_ADC_ConvCpltCallback</STRONG> (Thumb, 2 bytes, Stack size 0 bytes, stm32f4xx_hal_adc.o(.text.HAL_ADC_ConvCpltCallback))
<BR><BR>[Called By]<UL><LI><a href="#[5d]">&gt;&gt;</a>&nbsp;&nbsp;&nbsp;ADC_DMAConvCplt
</UL>

<P><STRONG><a name="[a0]"></a>HAL_ADC_ConvHalfCpltCallback</STRONG> (Thumb, 2 bytes, Stack size 0 bytes, stm32f4xx_hal_adc.o(.text.HAL_ADC_ConvHalfCpltCallback))
<BR><BR>[Called By]<UL><LI><a href="#[5e]">&gt;&gt;</a>&nbsp;&nbsp;&nbsp;ADC_DMAHalfConvCplt
</UL>

<P><STRONG><a name="[9e]"></a>HAL_ADC_ErrorCallback</STRONG> (Thumb, 2 bytes, Stack size 0 bytes, stm32f4xx_hal_adc.o(.text.HAL_ADC_ErrorCallback))
<BR><BR>[Called By]<UL><LI><a href="#[5f]">&gt;&gt;</a>&nbsp;&nbsp;&nbsp;ADC_DMAError
<LI><a href="#[5d]">&gt;&gt;</a>&nbsp;&nbsp;&nbsp;ADC_DMAConvCplt
</UL>

<P><STRONG><a name="[a6]"></a>HAL_ADC_Init</STRONG> (Thumb, 350 bytes, Stack size 8 bytes, stm32f4xx_hal_adc.o(.text.HAL_ADC_Init))
<BR><BR>[Stack]<UL><LI>Max Depth = 8<LI>Call Chain = HAL_ADC_Init
</UL>
<BR>[Calls]<UL><LI><a href="#[c0]">&gt;&gt;</a>&nbsp;&nbsp;&nbsp;HAL_ADC_MspInit
</UL>
<BR>[Called By]<UL><LI><a href="#[a1]">&gt;&gt;</a>&nbsp;&nbsp;&nbsp;Analog_init
</UL>

<P><STRONG><a name="[c0]"></a>HAL_ADC_MspInit</STRONG> (Thumb, 2 bytes, Stack size 0 bytes, stm32f4xx_hal_adc.o(.text.HAL_ADC_MspInit))
<BR><BR>[Called By]<UL><LI><a href="#[a6]">&gt;&gt;</a>&nbsp;&nbsp;&nbsp;HAL_ADC_Init
</UL>

<P><STRONG><a name="[a9]"></a>HAL_ADC_Start_DMA</STRONG> (Thumb, 386 bytes, Stack size 24 bytes, stm32f4xx_hal_adc.o(.text.HAL_ADC_Start_DMA))
<BR><BR>[Stack]<UL><LI>Max Depth = 40<LI>Call Chain = HAL_ADC_Start_DMA &rArr; HAL_DMA_Start_IT
</UL>
<BR>[Calls]<UL><LI><a href="#[c1]">&gt;&gt;</a>&nbsp;&nbsp;&nbsp;HAL_DMA_Start_IT
</UL>
<BR>[Called By]<UL><LI><a href="#[a1]">&gt;&gt;</a>&nbsp;&nbsp;&nbsp;Analog_init
</UL>

<P><STRONG><a name="[ba]"></a>HAL_CAN_AddTxMessage</STRONG> (Thumb, 188 bytes, Stack size 8 bytes, stm32f4xx_hal_can.o(.text.HAL_CAN_AddTxMessage))
<BR><BR>[Stack]<UL><LI>Max Depth = 8<LI>Call Chain = HAL_CAN_AddTxMessage
</UL>
<BR>[Called By]<UL><LI><a href="#[62]">&gt;&gt;</a>&nbsp;&nbsp;&nbsp;TASK_CAN2_RX
<LI><a href="#[61]">&gt;&gt;</a>&nbsp;&nbsp;&nbsp;TASK_CAN1_TX
<LI><a href="#[b8]">&gt;&gt;</a>&nbsp;&nbsp;&nbsp;CAN_Transmit
</UL>

<P><STRONG><a name="[b7]"></a>HAL_CAN_ConfigFilter</STRONG> (Thumb, 222 bytes, Stack size 16 bytes, stm32f4xx_hal_can.o(.text.HAL_CAN_ConfigFilter))
<BR><BR>[Stack]<UL><LI>Max Depth = 16<LI>Call Chain = HAL_CAN_ConfigFilter
</UL>
<BR>[Called By]<UL><LI><a href="#[b6]">&gt;&gt;</a>&nbsp;&nbsp;&nbsp;CAN_RX_Init
</UL>

<P><STRONG><a name="[ab]"></a>HAL_CAN_GetRxMessage</STRONG> (Thumb, 286 bytes, Stack size 8 bytes, stm32f4xx_hal_can.o(.text.HAL_CAN_GetRxMessage))
<BR><BR>[Stack]<UL><LI>Max Depth = 8<LI>Call Chain = HAL_CAN_GetRxMessage
</UL>
<BR>[Called By]<UL><LI><a href="#[4b]">&gt;&gt;</a>&nbsp;&nbsp;&nbsp;CAN2_RX1_IRQHandler
<LI><a href="#[4a]">&gt;&gt;</a>&nbsp;&nbsp;&nbsp;CAN2_RX0_IRQHandler
<LI><a href="#[1f]">&gt;&gt;</a>&nbsp;&nbsp;&nbsp;CAN1_RX1_IRQHandler
<LI><a href="#[1e]">&gt;&gt;</a>&nbsp;&nbsp;&nbsp;CAN1_RX0_IRQHandler
</UL>

<P><STRONG><a name="[b4]"></a>HAL_CAN_Init</STRONG> (Thumb, 244 bytes, Stack size 16 bytes, stm32f4xx_hal_can.o(.text.HAL_CAN_Init))
<BR><BR>[Stack]<UL><LI>Max Depth = 16<LI>Call Chain = HAL_CAN_Init
</UL>
<BR>[Calls]<UL><LI><a href="#[c3]">&gt;&gt;</a>&nbsp;&nbsp;&nbsp;HAL_GetTick
<LI><a href="#[c2]">&gt;&gt;</a>&nbsp;&nbsp;&nbsp;HAL_CAN_MspInit
</UL>
<BR>[Called By]<UL><LI><a href="#[b0]">&gt;&gt;</a>&nbsp;&nbsp;&nbsp;CAN_Config
</UL>

<P><STRONG><a name="[af]"></a>HAL_CAN_IsTxMessagePending</STRONG> (Thumb, 32 bytes, Stack size 0 bytes, stm32f4xx_hal_can.o(.text.HAL_CAN_IsTxMessagePending))
<BR><BR>[Called By]<UL><LI><a href="#[62]">&gt;&gt;</a>&nbsp;&nbsp;&nbsp;TASK_CAN2_RX
<LI><a href="#[b8]">&gt;&gt;</a>&nbsp;&nbsp;&nbsp;CAN_Transmit
<LI><a href="#[49]">&gt;&gt;</a>&nbsp;&nbsp;&nbsp;CAN2_TX_IRQHandler
<LI><a href="#[1d]">&gt;&gt;</a>&nbsp;&nbsp;&nbsp;CAN1_TX_IRQHandler
</UL>

<P><STRONG><a name="[c2]"></a>HAL_CAN_MspInit</STRONG> (Thumb, 2 bytes, Stack size 0 bytes, stm32f4xx_hal_can.o(.text.HAL_CAN_MspInit))
<BR><BR>[Called By]<UL><LI><a href="#[b4]">&gt;&gt;</a>&nbsp;&nbsp;&nbsp;HAL_CAN_Init
</UL>

<P><STRONG><a name="[b5]"></a>HAL_CAN_Start</STRONG> (Thumb, 90 bytes, Stack size 16 bytes, stm32f4xx_hal_can.o(.text.HAL_CAN_Start))
<BR><BR>[Stack]<UL><LI>Max Depth = 16<LI>Call Chain = HAL_CAN_Start
</UL>
<BR>[Calls]<UL><LI><a href="#[c3]">&gt;&gt;</a>&nbsp;&nbsp;&nbsp;HAL_GetTick
</UL>
<BR>[Called By]<UL><LI><a href="#[62]">&gt;&gt;</a>&nbsp;&nbsp;&nbsp;TASK_CAN2_RX
<LI><a href="#[b8]">&gt;&gt;</a>&nbsp;&nbsp;&nbsp;CAN_Transmit
<LI><a href="#[b0]">&gt;&gt;</a>&nbsp;&nbsp;&nbsp;CAN_Config
</UL>

<P><STRONG><a name="[b9]"></a>HAL_CAN_Stop</STRONG> (Thumb, 94 bytes, Stack size 16 bytes, stm32f4xx_hal_can.o(.text.HAL_CAN_Stop))
<BR><BR>[Stack]<UL><LI>Max Depth = 16<LI>Call Chain = HAL_CAN_Stop
</UL>
<BR>[Calls]<UL><LI><a href="#[c3]">&gt;&gt;</a>&nbsp;&nbsp;&nbsp;HAL_GetTick
</UL>
<BR>[Called By]<UL><LI><a href="#[62]">&gt;&gt;</a>&nbsp;&nbsp;&nbsp;TASK_CAN2_RX
<LI><a href="#[b8]">&gt;&gt;</a>&nbsp;&nbsp;&nbsp;CAN_Transmit
</UL>

<P><STRONG><a name="[be]"></a>HAL_DMA_IRQHandler</STRONG> (Thumb, 448 bytes, Stack size 24 bytes, stm32f4xx_hal_dma.o(.text.HAL_DMA_IRQHandler))
<BR><BR>[Stack]<UL><LI>Max Depth = 24<LI>Call Chain = HAL_DMA_IRQHandler
</UL>
<BR>[Called By]<UL><LI><a href="#[42]">&gt;&gt;</a>&nbsp;&nbsp;&nbsp;DMA2_Stream0_IRQHandler
</UL>

<P><STRONG><a name="[a3]"></a>HAL_DMA_Init</STRONG> (Thumb, 354 bytes, Stack size 24 bytes, stm32f4xx_hal_dma.o(.text.HAL_DMA_Init))
<BR><BR>[Stack]<UL><LI>Max Depth = 24<LI>Call Chain = HAL_DMA_Init
</UL>
<BR>[Calls]<UL><LI><a href="#[c3]">&gt;&gt;</a>&nbsp;&nbsp;&nbsp;HAL_GetTick
</UL>
<BR>[Called By]<UL><LI><a href="#[a1]">&gt;&gt;</a>&nbsp;&nbsp;&nbsp;Analog_init
</UL>

<P><STRONG><a name="[c1]"></a>HAL_DMA_Start_IT</STRONG> (Thumb, 158 bytes, Stack size 16 bytes, stm32f4xx_hal_dma.o(.text.HAL_DMA_Start_IT))
<BR><BR>[Stack]<UL><LI>Max Depth = 16<LI>Call Chain = HAL_DMA_Start_IT
</UL>
<BR>[Called By]<UL><LI><a href="#[a9]">&gt;&gt;</a>&nbsp;&nbsp;&nbsp;HAL_ADC_Start_DMA
</UL>

<P><STRONG><a name="[a2]"></a>HAL_GPIO_Init</STRONG> (Thumb, 434 bytes, Stack size 44 bytes, stm32f4xx_hal_gpio.o(.text.HAL_GPIO_Init))
<BR><BR>[Stack]<UL><LI>Max Depth = 44<LI>Call Chain = HAL_GPIO_Init
</UL>
<BR>[Called By]<UL><LI><a href="#[d6]">&gt;&gt;</a>&nbsp;&nbsp;&nbsp;Switch_Init
<LI><a href="#[bf]">&gt;&gt;</a>&nbsp;&nbsp;&nbsp;GPIO_init
<LI><a href="#[b0]">&gt;&gt;</a>&nbsp;&nbsp;&nbsp;CAN_Config
<LI><a href="#[a1]">&gt;&gt;</a>&nbsp;&nbsp;&nbsp;Analog_init
</UL>

<P><STRONG><a name="[d7]"></a>HAL_GPIO_ReadPin</STRONG> (Thumb, 10 bytes, Stack size 0 bytes, stm32f4xx_hal_gpio.o(.text.HAL_GPIO_ReadPin))
<BR><BR>[Called By]<UL><LI><a href="#[d6]">&gt;&gt;</a>&nbsp;&nbsp;&nbsp;Switch_Init
</UL>

<P><STRONG><a name="[c3]"></a>HAL_GetTick</STRONG> (Thumb, 12 bytes, Stack size 0 bytes, timers_management.o(.text.HAL_GetTick))
<BR><BR>[Called By]<UL><LI><a href="#[ca]">&gt;&gt;</a>&nbsp;&nbsp;&nbsp;HAL_RCC_OscConfig
<LI><a href="#[c7]">&gt;&gt;</a>&nbsp;&nbsp;&nbsp;HAL_RCC_ClockConfig
<LI><a href="#[c4]">&gt;&gt;</a>&nbsp;&nbsp;&nbsp;HAL_IWDG_Init
<LI><a href="#[b9]">&gt;&gt;</a>&nbsp;&nbsp;&nbsp;HAL_CAN_Stop
<LI><a href="#[b5]">&gt;&gt;</a>&nbsp;&nbsp;&nbsp;HAL_CAN_Start
<LI><a href="#[b4]">&gt;&gt;</a>&nbsp;&nbsp;&nbsp;HAL_CAN_Init
<LI><a href="#[a3]">&gt;&gt;</a>&nbsp;&nbsp;&nbsp;HAL_DMA_Init
</UL>

<P><STRONG><a name="[c4]"></a>HAL_IWDG_Init</STRONG> (Thumb, 70 bytes, Stack size 16 bytes, stm32f4xx_hal_iwdg.o(.text.HAL_IWDG_Init))
<BR><BR>[Stack]<UL><LI>Max Depth = 16<LI>Call Chain = HAL_IWDG_Init
</UL>
<BR>[Calls]<UL><LI><a href="#[c3]">&gt;&gt;</a>&nbsp;&nbsp;&nbsp;HAL_GetTick
</UL>
<BR>[Called By]<UL><LI><a href="#[d0]">&gt;&gt;</a>&nbsp;&nbsp;&nbsp;IWDG_Init
</UL>

<P><STRONG><a name="[ad]"></a>HAL_IWDG_Refresh</STRONG> (Thumb, 12 bytes, Stack size 0 bytes, stm32f4xx_hal_iwdg.o(.text.HAL_IWDG_Refresh))
<BR><BR>[Called By]<UL><LI><a href="#[60]">&gt;&gt;</a>&nbsp;&nbsp;&nbsp;TASK_LED
<LI><a href="#[61]">&gt;&gt;</a>&nbsp;&nbsp;&nbsp;TASK_CAN1_TX
<LI><a href="#[4b]">&gt;&gt;</a>&nbsp;&nbsp;&nbsp;CAN2_RX1_IRQHandler
<LI><a href="#[4a]">&gt;&gt;</a>&nbsp;&nbsp;&nbsp;CAN2_RX0_IRQHandler
<LI><a href="#[1f]">&gt;&gt;</a>&nbsp;&nbsp;&nbsp;CAN1_RX1_IRQHandler
<LI><a href="#[1e]">&gt;&gt;</a>&nbsp;&nbsp;&nbsp;CAN1_RX0_IRQHandler
</UL>

<P><STRONG><a name="[c5]"></a>HAL_InitTick</STRONG> (Thumb, 72 bytes, Stack size 16 bytes, stm32f4xx_hal.o(.text.HAL_InitTick))
<BR><BR>[Stack]<UL><LI>Max Depth = 24<LI>Call Chain = HAL_InitTick &rArr; HAL_NVIC_SetPriority
</UL>
<BR>[Calls]<UL><LI><a href="#[a4]">&gt;&gt;</a>&nbsp;&nbsp;&nbsp;HAL_NVIC_SetPriority
<LI><a href="#[c6]">&gt;&gt;</a>&nbsp;&nbsp;&nbsp;HAL_SYSTICK_Config
</UL>
<BR>[Called By]<UL><LI><a href="#[c7]">&gt;&gt;</a>&nbsp;&nbsp;&nbsp;HAL_RCC_ClockConfig
</UL>

<P><STRONG><a name="[a5]"></a>HAL_NVIC_EnableIRQ</STRONG> (Thumb, 32 bytes, Stack size 0 bytes, stm32f4xx_hal_cortex.o(.text.HAL_NVIC_EnableIRQ))
<BR><BR>[Called By]<UL><LI><a href="#[de]">&gt;&gt;</a>&nbsp;&nbsp;&nbsp;TimeBase_Timer_Config
<LI><a href="#[d6]">&gt;&gt;</a>&nbsp;&nbsp;&nbsp;Switch_Init
<LI><a href="#[b0]">&gt;&gt;</a>&nbsp;&nbsp;&nbsp;CAN_Config
<LI><a href="#[a1]">&gt;&gt;</a>&nbsp;&nbsp;&nbsp;Analog_init
</UL>

<P><STRONG><a name="[a4]"></a>HAL_NVIC_SetPriority</STRONG> (Thumb, 86 bytes, Stack size 8 bytes, stm32f4xx_hal_cortex.o(.text.HAL_NVIC_SetPriority))
<BR><BR>[Stack]<UL><LI>Max Depth = 8<LI>Call Chain = HAL_NVIC_SetPriority
</UL>
<BR>[Called By]<UL><LI><a href="#[de]">&gt;&gt;</a>&nbsp;&nbsp;&nbsp;TimeBase_Timer_Config
<LI><a href="#[d6]">&gt;&gt;</a>&nbsp;&nbsp;&nbsp;Switch_Init
<LI><a href="#[b0]">&gt;&gt;</a>&nbsp;&nbsp;&nbsp;CAN_Config
<LI><a href="#[a1]">&gt;&gt;</a>&nbsp;&nbsp;&nbsp;Analog_init
<LI><a href="#[c5]">&gt;&gt;</a>&nbsp;&nbsp;&nbsp;HAL_InitTick
</UL>

<P><STRONG><a name="[ea]"></a>HAL_NVIC_SetPriorityGrouping</STRONG> (Thumb, 32 bytes, Stack size 0 bytes, stm32f4xx_hal_cortex.o(.text.HAL_NVIC_SetPriorityGrouping))
<BR><BR>[Called By]<UL><LI><a href="#[90]">&gt;&gt;</a>&nbsp;&nbsp;&nbsp;main
</UL>

<P><STRONG><a name="[c7]"></a>HAL_RCC_ClockConfig</STRONG> (Thumb, 352 bytes, Stack size 24 bytes, stm32f4xx_hal_rcc.o(.text.HAL_RCC_ClockConfig))
<BR><BR>[Stack]<UL><LI>Max Depth = 80<LI>Call Chain = HAL_RCC_ClockConfig &rArr; HAL_RCC_GetSysClockFreq &rArr; __aeabi_uldivmod
</UL>
<BR>[Calls]<UL><LI><a href="#[c3]">&gt;&gt;</a>&nbsp;&nbsp;&nbsp;HAL_GetTick
<LI><a href="#[c5]">&gt;&gt;</a>&nbsp;&nbsp;&nbsp;HAL_InitTick
<LI><a href="#[c8]">&gt;&gt;</a>&nbsp;&nbsp;&nbsp;HAL_RCC_GetSysClockFreq
</UL>
<BR>[Called By]<UL><LI><a href="#[90]">&gt;&gt;</a>&nbsp;&nbsp;&nbsp;main
</UL>

<P><STRONG><a name="[df]"></a>HAL_RCC_GetClockConfig</STRONG> (Thumb, 62 bytes, Stack size 0 bytes, stm32f4xx_hal_rcc.o(.text.HAL_RCC_GetClockConfig))
<BR><BR>[Called By]<UL><LI><a href="#[de]">&gt;&gt;</a>&nbsp;&nbsp;&nbsp;TimeBase_Timer_Config
</UL>

<P><STRONG><a name="[e0]"></a>HAL_RCC_GetPCLK1Freq</STRONG> (Thumb, 38 bytes, Stack size 0 bytes, stm32f4xx_hal_rcc.o(.text.HAL_RCC_GetPCLK1Freq))
<BR><BR>[Called By]<UL><LI><a href="#[de]">&gt;&gt;</a>&nbsp;&nbsp;&nbsp;TimeBase_Timer_Config
</UL>

<P><STRONG><a name="[c8]"></a>HAL_RCC_GetSysClockFreq</STRONG> (Thumb, 106 bytes, Stack size 8 bytes, stm32f4xx_hal_rcc.o(.text.HAL_RCC_GetSysClockFreq))
<BR><BR>[Stack]<UL><LI>Max Depth = 56<LI>Call Chain = HAL_RCC_GetSysClockFreq &rArr; __aeabi_uldivmod
</UL>
<BR>[Calls]<UL><LI><a href="#[c9]">&gt;&gt;</a>&nbsp;&nbsp;&nbsp;__aeabi_uldivmod
</UL>
<BR>[Called By]<UL><LI><a href="#[c7]">&gt;&gt;</a>&nbsp;&nbsp;&nbsp;HAL_RCC_ClockConfig
</UL>

<P><STRONG><a name="[ca]"></a>HAL_RCC_OscConfig</STRONG> (Thumb, 868 bytes, Stack size 32 bytes, stm32f4xx_hal_rcc.o(.text.HAL_RCC_OscConfig))
<BR><BR>[Stack]<UL><LI>Max Depth = 32<LI>Call Chain = HAL_RCC_OscConfig
</UL>
<BR>[Calls]<UL><LI><a href="#[c3]">&gt;&gt;</a>&nbsp;&nbsp;&nbsp;HAL_GetTick
</UL>
<BR>[Called By]<UL><LI><a href="#[90]">&gt;&gt;</a>&nbsp;&nbsp;&nbsp;main
</UL>

<P><STRONG><a name="[c6]"></a>HAL_SYSTICK_Config</STRONG> (Thumb, 44 bytes, Stack size 0 bytes, stm32f4xx_hal_cortex.o(.text.HAL_SYSTICK_Config))
<BR><BR>[Called By]<UL><LI><a href="#[c5]">&gt;&gt;</a>&nbsp;&nbsp;&nbsp;HAL_InitTick
</UL>

<P><STRONG><a name="[d3]"></a>HAL_TIMEx_MasterConfigSynchronization</STRONG> (Thumb, 182 bytes, Stack size 8 bytes, stm32f4xx_hal_tim_ex.o(.text.HAL_TIMEx_MasterConfigSynchronization))
<BR><BR>[Stack]<UL><LI>Max Depth = 8<LI>Call Chain = HAL_TIMEx_MasterConfigSynchronization
</UL>
<BR>[Called By]<UL><LI><a href="#[d2]">&gt;&gt;</a>&nbsp;&nbsp;&nbsp;PWM_TIM4_Init
</UL>

<P><STRONG><a name="[cb]"></a>HAL_TIM_Base_Init</STRONG> (Thumb, 54 bytes, Stack size 8 bytes, stm32f4xx_hal_tim.o(.text.HAL_TIM_Base_Init))
<BR><BR>[Stack]<UL><LI>Max Depth = 16<LI>Call Chain = HAL_TIM_Base_Init &rArr; TIM_Base_SetConfig
</UL>
<BR>[Calls]<UL><LI><a href="#[cd]">&gt;&gt;</a>&nbsp;&nbsp;&nbsp;TIM_Base_SetConfig
<LI><a href="#[cc]">&gt;&gt;</a>&nbsp;&nbsp;&nbsp;HAL_TIM_Base_MspInit
</UL>
<BR>[Called By]<UL><LI><a href="#[de]">&gt;&gt;</a>&nbsp;&nbsp;&nbsp;TimeBase_Timer_Config
</UL>

<P><STRONG><a name="[cc]"></a>HAL_TIM_Base_MspInit</STRONG> (Thumb, 2 bytes, Stack size 0 bytes, stm32f4xx_hal_tim.o(.text.HAL_TIM_Base_MspInit))
<BR><BR>[Called By]<UL><LI><a href="#[cb]">&gt;&gt;</a>&nbsp;&nbsp;&nbsp;HAL_TIM_Base_Init
</UL>

<P><STRONG><a name="[e1]"></a>HAL_TIM_Base_Start_IT</STRONG> (Thumb, 32 bytes, Stack size 0 bytes, stm32f4xx_hal_tim.o(.text.HAL_TIM_Base_Start_IT))
<BR><BR>[Called By]<UL><LI><a href="#[de]">&gt;&gt;</a>&nbsp;&nbsp;&nbsp;TimeBase_Timer_Config
</UL>

<P><STRONG><a name="[d4]"></a>HAL_TIM_PWM_ConfigChannel</STRONG> (Thumb, 540 bytes, Stack size 24 bytes, stm32f4xx_hal_tim.o(.text.HAL_TIM_PWM_ConfigChannel))
<BR><BR>[Stack]<UL><LI>Max Depth = 24<LI>Call Chain = HAL_TIM_PWM_ConfigChannel
</UL>
<BR>[Called By]<UL><LI><a href="#[d2]">&gt;&gt;</a>&nbsp;&nbsp;&nbsp;PWM_TIM4_Init
</UL>

<P><STRONG><a name="[ce]"></a>HAL_TIM_PWM_Init</STRONG> (Thumb, 54 bytes, Stack size 8 bytes, stm32f4xx_hal_tim.o(.text.HAL_TIM_PWM_Init))
<BR><BR>[Stack]<UL><LI>Max Depth = 16<LI>Call Chain = HAL_TIM_PWM_Init &rArr; TIM_Base_SetConfig
</UL>
<BR>[Calls]<UL><LI><a href="#[cd]">&gt;&gt;</a>&nbsp;&nbsp;&nbsp;TIM_Base_SetConfig
<LI><a href="#[cf]">&gt;&gt;</a>&nbsp;&nbsp;&nbsp;HAL_TIM_PWM_MspInit
</UL>
<BR>[Called By]<UL><LI><a href="#[d2]">&gt;&gt;</a>&nbsp;&nbsp;&nbsp;PWM_TIM4_Init
</UL>

<P><STRONG><a name="[cf]"></a>HAL_TIM_PWM_MspInit</STRONG> (Thumb, 2 bytes, Stack size 0 bytes, stm32f4xx_hal_tim.o(.text.HAL_TIM_PWM_MspInit))
<BR><BR>[Called By]<UL><LI><a href="#[ce]">&gt;&gt;</a>&nbsp;&nbsp;&nbsp;HAL_TIM_PWM_Init
</UL>

<P><STRONG><a name="[d5]"></a>HAL_TIM_PWM_Start</STRONG> (Thumb, 76 bytes, Stack size 0 bytes, stm32f4xx_hal_tim.o(.text.HAL_TIM_PWM_Start))
<BR><BR>[Called By]<UL><LI><a href="#[d2]">&gt;&gt;</a>&nbsp;&nbsp;&nbsp;PWM_TIM4_Init
</UL>

<P><STRONG><a name="[d0]"></a>IWDG_Init</STRONG> (Thumb, 62 bytes, Stack size 8 bytes, iwdg.o(.text.IWDG_Init))
<BR><BR>[Stack]<UL><LI>Max Depth = 24<LI>Call Chain = IWDG_Init &rArr; HAL_IWDG_Init
</UL>
<BR>[Calls]<UL><LI><a href="#[c4]">&gt;&gt;</a>&nbsp;&nbsp;&nbsp;HAL_IWDG_Init
<LI><a href="#[a7]">&gt;&gt;</a>&nbsp;&nbsp;&nbsp;Error_Handler
</UL>
<BR>[Called By]<UL><LI><a href="#[65]">&gt;&gt;</a>&nbsp;&nbsp;&nbsp;app_main
</UL>

<P><STRONG><a name="[d1]"></a>LED_Init</STRONG> (Thumb, 96 bytes, Stack size 8 bytes, led_management.o(.text.LED_Init))
<BR><BR>[Stack]<UL><LI>Max Depth = 40<LI>Call Chain = LED_Init &rArr; osThreadFlagsSet &rArr; osRtxPostProcess
</UL>
<BR>[Calls]<UL><LI><a href="#[aa]">&gt;&gt;</a>&nbsp;&nbsp;&nbsp;osThreadFlagsSet
</UL>
<BR>[Called By]<UL><LI><a href="#[65]">&gt;&gt;</a>&nbsp;&nbsp;&nbsp;app_main
</UL>

<P><STRONG><a name="[10b]"></a>OS_Tick_AcknowledgeIRQ</STRONG> (Thumb, 8 bytes, Stack size 0 bytes, os_systick.o(.text.OS_Tick_AcknowledgeIRQ))
<BR><BR>[Called By]<UL><LI><a href="#[97]">&gt;&gt;</a>&nbsp;&nbsp;&nbsp;osRtxTick_Handler
</UL>

<P><STRONG><a name="[110]"></a>OS_Tick_Enable</STRONG> (Thumb, 36 bytes, Stack size 0 bytes, os_systick.o(.text.OS_Tick_Enable))
<BR><BR>[Called By]<UL><LI><a href="#[69]">&gt;&gt;</a>&nbsp;&nbsp;&nbsp;svcRtxKernelStart
</UL>

<P><STRONG><a name="[10f]"></a>OS_Tick_GetIRQn</STRONG> (Thumb, 6 bytes, Stack size 0 bytes, os_systick.o(.text.OS_Tick_GetIRQn))
<BR><BR>[Called By]<UL><LI><a href="#[69]">&gt;&gt;</a>&nbsp;&nbsp;&nbsp;svcRtxKernelStart
</UL>

<P><STRONG><a name="[10e]"></a>OS_Tick_Setup</STRONG> (Thumb, 64 bytes, Stack size 0 bytes, os_systick.o(.text.OS_Tick_Setup))
<BR><BR>[Called By]<UL><LI><a href="#[69]">&gt;&gt;</a>&nbsp;&nbsp;&nbsp;svcRtxKernelStart
</UL>

<P><STRONG><a name="[d2]"></a>PWM_TIM4_Init</STRONG> (Thumb, 274 bytes, Stack size 48 bytes, timers_management.o(.text.PWM_TIM4_Init))
<BR><BR>[Stack]<UL><LI>Max Depth = 72<LI>Call Chain = PWM_TIM4_Init &rArr; HAL_TIM_PWM_ConfigChannel
</UL>
<BR>[Calls]<UL><LI><a href="#[d5]">&gt;&gt;</a>&nbsp;&nbsp;&nbsp;HAL_TIM_PWM_Start
<LI><a href="#[ce]">&gt;&gt;</a>&nbsp;&nbsp;&nbsp;HAL_TIM_PWM_Init
<LI><a href="#[d4]">&gt;&gt;</a>&nbsp;&nbsp;&nbsp;HAL_TIM_PWM_ConfigChannel
<LI><a href="#[d3]">&gt;&gt;</a>&nbsp;&nbsp;&nbsp;HAL_TIMEx_MasterConfigSynchronization
<LI><a href="#[a7]">&gt;&gt;</a>&nbsp;&nbsp;&nbsp;Error_Handler
</UL>
<BR>[Called By]<UL><LI><a href="#[65]">&gt;&gt;</a>&nbsp;&nbsp;&nbsp;app_main
</UL>

<P><STRONG><a name="[dd]"></a>Set_DutyCycle</STRONG> (Thumb, 84 bytes, Stack size 0 bytes, gpio_management.o(.text.Set_DutyCycle))
<BR><BR>[Called By]<UL><LI><a href="#[60]">&gt;&gt;</a>&nbsp;&nbsp;&nbsp;TASK_LED
</UL>

<P><STRONG><a name="[d6]"></a>Switch_Init</STRONG> (Thumb, 134 bytes, Stack size 40 bytes, switch_management.o(.text.Switch_Init))
[...]
<BR><BR>[Stack]<UL><LI>Max Depth = 88<LI>Call Chain = real_conversion
</UL>
<BR>[Called By]<UL><LI><a href="#[60]">&gt;&gt;</a>&nbsp;&nbsp;&nbsp;TASK_LED
</UL>

<P><STRONG><a name="[88]"></a>_fp_init</STRONG> (Thumb, 26 bytes, Stack size 0 bytes, fpinit.o(x$fpl$fpinit))
<BR><BR>[Called By]<UL><LI><a href="#[87]">&gt;&gt;</a>&nbsp;&nbsp;&nbsp;__rt_lib_init_fp_1
</UL>

<P><STRONG><a name="[143]"></a>__fplib_config_fpu_vfp</STRONG> (Thumb, 0 bytes, Stack size unknown bytes, fpinit.o(x$fpl$fpinit), UNUSED)

<P><STRONG><a name="[144]"></a>__fplib_config_pureend_doubles</STRONG> (Thumb, 0 bytes, Stack size unknown bytes, fpinit.o(x$fpl$fpinit), UNUSED)
<P>
<H3>
Local Symbols
</H3>
<P><STRONG><a name="[65]"></a>app_main</STRONG> (Thumb, 430 bytes, Stack size 0 bytes, main.o(.text.app_main))
<BR><BR>[Stack]<UL><LI>Max Depth = 108 + Unknown Stack Size
<LI>Call Chain = app_main &rArr; Analog_init &rArr; HAL_GPIO_Init
</UL>
<BR>[Calls]<UL><LI><a href="#[e8]">&gt;&gt;</a>&nbsp;&nbsp;&nbsp;osThreadSetPriority
<LI><a href="#[e7]">&gt;&gt;</a>&nbsp;&nbsp;&nbsp;osThreadNew
<LI><a href="#[e4]">&gt;&gt;</a>&nbsp;&nbsp;&nbsp;osMutexNew
<LI><a href="#[e9]">&gt;&gt;</a>&nbsp;&nbsp;&nbsp;osMessageQueueNew
<LI><a href="#[d2]">&gt;&gt;</a>&nbsp;&nbsp;&nbsp;PWM_TIM4_Init
<LI><a href="#[d1]">&gt;&gt;</a>&nbsp;&nbsp;&nbsp;LED_Init
<LI><a href="#[d6]">&gt;&gt;</a>&nbsp;&nbsp;&nbsp;Switch_Init
<LI><a href="#[d0]">&gt;&gt;</a>&nbsp;&nbsp;&nbsp;IWDG_Init
<LI><a href="#[bf]">&gt;&gt;</a>&nbsp;&nbsp;&nbsp;GPIO_init
<LI><a href="#[b6]">&gt;&gt;</a>&nbsp;&nbsp;&nbsp;CAN_RX_Init
<LI><a href="#[b0]">&gt;&gt;</a>&nbsp;&nbsp;&nbsp;CAN_Config
<LI><a href="#[a1]">&gt;&gt;</a>&nbsp;&nbsp;&nbsp;Analog_init
</UL>
<BR>[Address Reference Count : 1]<UL><LI> main.o(.text.main)
</UL>
<P><STRONG><a name="[5d]"></a>ADC_DMAConvCplt</STRONG> (Thumb, 110 bytes, Stack size 0 bytes, stm32f4xx_hal_adc.o(.text.ADC_DMAConvCplt))
<BR><BR>[Calls]<UL><LI><a href="#[9e]">&gt;&gt;</a>&nbsp;&nbsp;&nbsp;HAL_ADC_ErrorCallback
<LI><a href="#[9f]">&gt;&gt;</a>&nbsp;&nbsp;&nbsp;HAL_ADC_ConvCpltCallback
</UL>
<BR>[Address Reference Count : 1]<UL><LI> stm32f4xx_hal_adc.o(.text.HAL_ADC_Start_DMA)
</UL>
<P><STRONG><a name="[5f]"></a>ADC_DMAError</STRONG> (Thumb, 18 bytes, Stack size 0 bytes, stm32f4xx_hal_adc.o(.text.ADC_DMAError))
<BR><BR>[Calls]<UL><LI><a href="#[9e]">&gt;&gt;</a>&nbsp;&nbsp;&nbsp;HAL_ADC_ErrorCallback
</UL>
<BR>[Address Reference Count : 1]<UL><LI> stm32f4xx_hal_adc.o(.text.HAL_ADC_Start_DMA)
</UL>
<P><STRONG><a name="[5e]"></a>ADC_DMAHalfConvCplt</STRONG> (Thumb, 6 bytes, Stack size 0 bytes, stm32f4xx_hal_adc.o(.text.ADC_DMAHalfConvCplt))
<BR><BR>[Calls]<UL><LI><a href="#[a0]">&gt;&gt;</a>&nbsp;&nbsp;&nbsp;HAL_ADC_ConvHalfCpltCallback
</UL>
<BR>[Address Reference Count : 1]<UL><LI> stm32f4xx_hal_adc.o(.text.HAL_ADC_Start_DMA)
</UL>
<P><STRONG><a name="[67]"></a>svcRtxKernelGetState</STRONG> (Thumb, 12 bytes, Stack size 0 bytes, rtx_kernel.o(.text.svcRtxKernelGetState))
<BR>[Address Reference Count : 1]<UL><LI> rtx_kernel.o(.text.osKernelGetState)
</UL>
<P><STRONG><a name="[68]"></a>svcRtxKernelInitialize</STRONG> (Thumb, 328 bytes, Stack size 32 bytes, rtx_kernel.o(.text.svcRtxKernelInitialize))
<BR><BR>[Stack]<UL><LI>Max Depth = 48 + Unknown Stack Size
<LI>Call Chain = svcRtxKernelInitialize &rArr; osRtxMemoryPoolInit
</UL>
<BR>[Calls]<UL><LI><a href="#[10d]">&gt;&gt;</a>&nbsp;&nbsp;&nbsp;osRtxMemoryPoolInit
<LI><a href="#[7a]">&gt;&gt;</a>&nbsp;&nbsp;&nbsp;osRtxMemoryInit
<LI><a href="#[b3]">&gt;&gt;</a>&nbsp;&nbsp;&nbsp;__aeabi_memclr4
</UL>
<BR>[Address Reference Count : 1]<UL><LI> rtx_kernel.o(.text.osKernelInitialize)
</UL>
<P><STRONG><a name="[69]"></a>svcRtxKernelStart</STRONG> (Thumb, 132 bytes, Stack size 16 bytes, rtx_kernel.o(.text.svcRtxKernelStart))
<BR><BR>[Stack]<UL><LI>Max Depth = 104 + Unknown Stack Size
<LI>Call Chain = svcRtxKernelStart &rArr; osRtxThreadStartup &rArr; svcRtxThreadNew &rArr; osRtxThreadDispatch &rArr; osRtxThreadReadyPut &rArr; osRtxThreadListPut
</UL>
<BR>[Calls]<UL><LI><a href="#[101]">&gt;&gt;</a>&nbsp;&nbsp;&nbsp;osRtxThreadSwitch
<LI><a href="#[107]">&gt;&gt;</a>&nbsp;&nbsp;&nbsp;osRtxThreadStartup
<LI><a href="#[f4]">&gt;&gt;</a>&nbsp;&nbsp;&nbsp;osRtxThreadListGet
<LI><a href="#[10e]">&gt;&gt;</a>&nbsp;&nbsp;&nbsp;OS_Tick_Setup
<LI><a href="#[10f]">&gt;&gt;</a>&nbsp;&nbsp;&nbsp;OS_Tick_GetIRQn
<LI><a href="#[110]">&gt;&gt;</a>&nbsp;&nbsp;&nbsp;OS_Tick_Enable
</UL>
<BR>[Address Reference Count : 1]<UL><LI> rtx_kernel.o(.text.osKernelStart)
</UL>
<P><STRONG><a name="[105]"></a>ThreadFlagsCheck</STRONG> (Thumb, 110 bytes, Stack size 8 bytes, rtx_thread.o(.text.ThreadFlagsCheck))
<BR><BR>[Stack]<UL><LI>Max Depth = 8<LI>Call Chain = ThreadFlagsCheck
</UL>
<BR>[Called By]<UL><LI><a href="#[77]">&gt;&gt;</a>&nbsp;&nbsp;&nbsp;svcRtxThreadFlagsWait
<LI><a href="#[76]">&gt;&gt;</a>&nbsp;&nbsp;&nbsp;svcRtxThreadFlagsSet
<LI><a href="#[7d]">&gt;&gt;</a>&nbsp;&nbsp;&nbsp;osRtxThreadPostProcess
</UL>

<P><STRONG><a name="[100]"></a>osRtxThreadBlock</STRONG> (Thumb, 52 bytes, Stack size 8 bytes, rtx_thread.o(.text.osRtxThreadBlock))
<BR><BR>[Stack]<UL><LI>Max Depth = 8<LI>Call Chain = osRtxThreadBlock
</UL>
<BR>[Called By]<UL><LI><a href="#[fb]">&gt;&gt;</a>&nbsp;&nbsp;&nbsp;osRtxThreadDispatch
</UL>

<P><STRONG><a name="[109]"></a>osRtxThreadDelayInsert</STRONG> (Thumb, 112 bytes, Stack size 16 bytes, rtx_thread.o(.text.osRtxThreadDelayInsert))
<BR><BR>[Stack]<UL><LI>Max Depth = 16<LI>Call Chain = osRtxThreadDelayInsert
</UL>
<BR>[Called By]<UL><LI><a href="#[108]">&gt;&gt;</a>&nbsp;&nbsp;&nbsp;osRtxThreadWaitEnter
</UL>

<P><STRONG><a name="[10a]"></a>osRtxThreadDelayRemove</STRONG> (Thumb, 56 bytes, Stack size 0 bytes, rtx_thread.o(.text.osRtxThreadDelayRemove))
<BR><BR>[Called By]<UL><LI><a href="#[f5]">&gt;&gt;</a>&nbsp;&nbsp;&nbsp;osRtxThreadWaitExit
</UL>

<P><STRONG><a name="[102]"></a>osRtxThreadFree</STRONG> (Thumb, 84 bytes, Stack size 8 bytes, rtx_thread.o(.text.osRtxThreadFree))
<BR><BR>[Stack]<UL><LI>Max Depth = 24<LI>Call Chain = osRtxThreadFree &rArr; osRtxMemoryPoolFree
</UL>
<BR>[Calls]<UL><LI><a href="#[f3]">&gt;&gt;</a>&nbsp;&nbsp;&nbsp;osRtxMemoryPoolFree
<LI><a href="#[103]">&gt;&gt;</a>&nbsp;&nbsp;&nbsp;osRtxMemoryFree
</UL>
<BR>[Called By]<UL><LI><a href="#[74]">&gt;&gt;</a>&nbsp;&nbsp;&nbsp;svcRtxThreadExit
</UL>

<P><STRONG><a name="[fd]"></a>osRtxThreadListRoot</STRONG> (Thumb, 12 bytes, Stack size 0 bytes, rtx_thread.o(.text.osRtxThreadListRoot))
<BR><BR>[Calls]<UL><LI><a href="#[fd]">&gt;&gt;</a>&nbsp;&nbsp;&nbsp;osRtxThreadListRoot
</UL>
<BR>[Called By]<UL><LI><a href="#[fd]">&gt;&gt;</a>&nbsp;&nbsp;&nbsp;osRtxThreadListRoot
<LI><a href="#[fc]">&gt;&gt;</a>&nbsp;&nbsp;&nbsp;osRtxThreadDelayTick
</UL>

<P><STRONG><a name="[7d]"></a>osRtxThreadPostProcess</STRONG> (Thumb, 40 bytes, Stack size 8 bytes, rtx_thread.o(.text.osRtxThreadPostProcess))
<BR><BR>[Stack]<UL><LI>Max Depth = 48<LI>Call Chain = osRtxThreadPostProcess &rArr; osRtxThreadWaitExit &rArr; osRtxThreadDispatch &rArr; osRtxThreadReadyPut &rArr; osRtxThreadListPut
</UL>
<BR>[Calls]<UL><LI><a href="#[f5]">&gt;&gt;</a>&nbsp;&nbsp;&nbsp;osRtxThreadWaitExit
<LI><a href="#[105]">&gt;&gt;</a>&nbsp;&nbsp;&nbsp;ThreadFlagsCheck
</UL>
<BR>[Address Reference Count : 1]<UL><LI> rtx_thread.o(.text.svcRtxThreadNew)
</UL>
<P><STRONG><a name="[74]"></a>svcRtxThreadExit</STRONG> (Thumb, 100 bytes, Stack size 16 bytes, rtx_thread.o(.text.svcRtxThreadExit))
<BR><BR>[Stack]<UL><LI>Max Depth = 80<LI>Call Chain = svcRtxThreadExit &rArr; osRtxMutexOwnerRelease &rArr; osRtxThreadWaitExit &rArr; osRtxThreadDispatch &rArr; osRtxThreadReadyPut &rArr; osRtxThreadListPut
</UL>
<BR>[Calls]<UL><LI><a href="#[f5]">&gt;&gt;</a>&nbsp;&nbsp;&nbsp;osRtxThreadWaitExit
<LI><a href="#[f8]">&gt;&gt;</a>&nbsp;&nbsp;&nbsp;osRtxMutexOwnerRelease
<LI><a href="#[102]">&gt;&gt;</a>&nbsp;&nbsp;&nbsp;osRtxThreadFree
<LI><a href="#[101]">&gt;&gt;</a>&nbsp;&nbsp;&nbsp;osRtxThreadSwitch
</UL>
<BR>[Address Reference Count : 1]<UL><LI> rtx_thread.o(.text.osThreadExit)
</UL>
<P><STRONG><a name="[75]"></a>svcRtxThreadFlagsClear</STRONG> (Thumb, 52 bytes, Stack size 8 bytes, rtx_thread.o(.text.svcRtxThreadFlagsClear))
<BR><BR>[Stack]<UL><LI>Max Depth = 8<LI>Call Chain = svcRtxThreadFlagsClear
</UL>
<BR>[Address Reference Count : 1]<UL><LI> rtx_thread.o(.text.osThreadFlagsClear)
</UL>
<P><STRONG><a name="[76]"></a>svcRtxThreadFlagsSet</STRONG> (Thumb, 102 bytes, Stack size 16 bytes, rtx_thread.o(.text.svcRtxThreadFlagsSet))
<BR><BR>[Stack]<UL><LI>Max Depth = 56<LI>Call Chain = svcRtxThreadFlagsSet &rArr; osRtxThreadWaitExit &rArr; osRtxThreadDispatch &rArr; osRtxThreadReadyPut &rArr; osRtxThreadListPut
</UL>
<BR>[Calls]<UL><LI><a href="#[f5]">&gt;&gt;</a>&nbsp;&nbsp;&nbsp;osRtxThreadWaitExit
<LI><a href="#[105]">&gt;&gt;</a>&nbsp;&nbsp;&nbsp;ThreadFlagsCheck
</UL>
<BR>[Address Reference Count : 1]<UL><LI> rtx_thread.o(.text.osThreadFlagsSet)
</UL>
<P><STRONG><a name="[77]"></a>svcRtxThreadFlagsWait</STRONG> (Thumb, 76 bytes, Stack size 24 bytes, rtx_thread.o(.text.svcRtxThreadFlagsWait))
<BR><BR>[Stack]<UL><LI>Max Depth = 48<LI>Call Chain = svcRtxThreadFlagsWait &rArr; osRtxThreadWaitEnter &rArr; osRtxThreadDelayInsert
</UL>
<BR>[Calls]<UL><LI><a href="#[108]">&gt;&gt;</a>&nbsp;&nbsp;&nbsp;osRtxThreadWaitEnter
<LI><a href="#[105]">&gt;&gt;</a>&nbsp;&nbsp;&nbsp;ThreadFlagsCheck
</UL>
<BR>[Address Reference Count : 1]<UL><LI> rtx_thread.o(.text.osThreadFlagsWait)
</UL>
<P><STRONG><a name="[78]"></a>svcRtxThreadNew</STRONG> (Thumb, 464 bytes, Stack size 48 bytes, rtx_thread.o(.text.svcRtxThreadNew))
<BR><BR>[Stack]<UL><LI>Max Depth = 72 + Unknown Stack Size
<LI>Call Chain = svcRtxThreadNew &rArr; osRtxThreadDispatch &rArr; osRtxThreadReadyPut &rArr; osRtxThreadListPut
</UL>
<BR>[Calls]<UL><LI><a href="#[f3]">&gt;&gt;</a>&nbsp;&nbsp;&nbsp;osRtxMemoryPoolFree
<LI><a href="#[f1]">&gt;&gt;</a>&nbsp;&nbsp;&nbsp;osRtxMemoryPoolAlloc
<LI><a href="#[103]">&gt;&gt;</a>&nbsp;&nbsp;&nbsp;osRtxMemoryFree
<LI><a href="#[111]">&gt;&gt;</a>&nbsp;&nbsp;&nbsp;osRtxMemoryAlloc
<LI><a href="#[fb]">&gt;&gt;</a>&nbsp;&nbsp;&nbsp;osRtxThreadDispatch
<LI><a href="#[b3]">&gt;&gt;</a>&nbsp;&nbsp;&nbsp;__aeabi_memclr4
</UL>
<BR>[Called By]<UL><LI><a href="#[107]">&gt;&gt;</a>&nbsp;&nbsp;&nbsp;osRtxThreadStartup
</UL>
<BR>[Address Reference Count : 1]<UL><LI> rtx_thread.o(.text.osThreadNew)
</UL>
<P><STRONG><a name="[79]"></a>svcRtxThreadSetPriority</STRONG> (Thumb, 76 bytes, Stack size 8 bytes, rtx_thread.o(.text.svcRtxThreadSetPriority))
<BR><BR>[Stack]<UL><LI>Max Depth = 32<LI>Call Chain = svcRtxThreadSetPriority &rArr; osRtxThreadListSort &rArr; osRtxThreadListPut
</UL>
<BR>[Calls]<UL><LI><a href="#[fa]">&gt;&gt;</a>&nbsp;&nbsp;&nbsp;osRtxThreadListSort
<LI><a href="#[fb]">&gt;&gt;</a>&nbsp;&nbsp;&nbsp;osRtxThreadDispatch
</UL>
<BR>[Address Reference Count : 1]<UL><LI> rtx_thread.o(.text.osThreadSetPriority)
</UL>
<P><STRONG><a name="[66]"></a>svcRtxDelay</STRONG> (Thumb, 20 bytes, Stack size 8 bytes, rtx_delay.o(.text.svcRtxDelay))
<BR><BR>[Stack]<UL><LI>Max Depth = 32<LI>Call Chain = svcRtxDelay &rArr; osRtxThreadWaitEnter &rArr; osRtxThreadDelayInsert
</UL>
<BR>[Calls]<UL><LI><a href="#[108]">&gt;&gt;</a>&nbsp;&nbsp;&nbsp;osRtxThreadWaitEnter
</UL>
<BR>[Address Reference Count : 1]<UL><LI> rtx_delay.o(.text.osDelay)
</UL>
<P><STRONG><a name="[10c]"></a>TimerInsert</STRONG> (Thumb, 68 bytes, Stack size 16 bytes, rtx_timer.o(.text.TimerInsert))
<BR><BR>[Stack]<UL><LI>Max Depth = 16<LI>Call Chain = TimerInsert
</UL>
<BR>[Called By]<UL><LI><a href="#[73]">&gt;&gt;</a>&nbsp;&nbsp;&nbsp;osRtxTimerTick
</UL>

<P><STRONG><a name="[73]"></a>osRtxTimerTick</STRONG> (Thumb, 84 bytes, Stack size 16 bytes, rtx_timer.o(.text.osRtxTimerTick))
<BR><BR>[Stack]<UL><LI>Max Depth = 56<LI>Call Chain = osRtxTimerTick &rArr; osMessageQueuePut &rArr; osRtxPostProcess
</UL>
<BR>[Calls]<UL><LI><a href="#[ac]">&gt;&gt;</a>&nbsp;&nbsp;&nbsp;osMessageQueuePut
<LI><a href="#[e5]">&gt;&gt;</a>&nbsp;&nbsp;&nbsp;osRtxErrorNotify
<LI><a href="#[10c]">&gt;&gt;</a>&nbsp;&nbsp;&nbsp;TimerInsert
</UL>
<BR>[Address Reference Count : 1]<UL><LI> rtx_timer.o(.text.osRtxTimerThread)
</UL>
<P><STRONG><a name="[6d]"></a>svcRtxMutexAcquire</STRONG> (Thumb, 148 bytes, Stack size 16 bytes, rtx_mutex.o(.text.svcRtxMutexAcquire))
<BR><BR>[Stack]<UL><LI>Max Depth = 40<LI>Call Chain = svcRtxMutexAcquire &rArr; osRtxThreadWaitEnter &rArr; osRtxThreadDelayInsert
</UL>
<BR>[Calls]<UL><LI><a href="#[108]">&gt;&gt;</a>&nbsp;&nbsp;&nbsp;osRtxThreadWaitEnter
<LI><a href="#[fa]">&gt;&gt;</a>&nbsp;&nbsp;&nbsp;osRtxThreadListSort
<LI><a href="#[104]">&gt;&gt;</a>&nbsp;&nbsp;&nbsp;osRtxThreadListPut
</UL>
<BR>[Address Reference Count : 1]<UL><LI> rtx_mutex.o(.text.osMutexAcquire)
</UL>
<P><STRONG><a name="[6e]"></a>svcRtxMutexDelete</STRONG> (Thumb, 172 bytes, Stack size 16 bytes, rtx_mutex.o(.text.svcRtxMutexDelete))
<BR><BR>[Stack]<UL><LI>Max Depth = 56<LI>Call Chain = svcRtxMutexDelete &rArr; osRtxThreadWaitExit &rArr; osRtxThreadDispatch &rArr; osRtxThreadReadyPut &rArr; osRtxThreadListPut
</UL>
<BR>[Calls]<UL><LI><a href="#[f5]">&gt;&gt;</a>&nbsp;&nbsp;&nbsp;osRtxThreadWaitExit
<LI><a href="#[fa]">&gt;&gt;</a>&nbsp;&nbsp;&nbsp;osRtxThreadListSort
<LI><a href="#[f3]">&gt;&gt;</a>&nbsp;&nbsp;&nbsp;osRtxMemoryPoolFree
<LI><a href="#[103]">&gt;&gt;</a>&nbsp;&nbsp;&nbsp;osRtxMemoryFree
<LI><a href="#[f4]">&gt;&gt;</a>&nbsp;&nbsp;&nbsp;osRtxThreadListGet
<LI><a href="#[fb]">&gt;&gt;</a>&nbsp;&nbsp;&nbsp;osRtxThreadDispatch
</UL>
<BR>[Address Reference Count : 1]<UL><LI> rtx_mutex.o(.text.osMutexDelete)
</UL>
<P><STRONG><a name="[6f]"></a>svcRtxMutexNew</STRONG> (Thumb, 104 bytes, Stack size 16 bytes, rtx_mutex.o(.text.svcRtxMutexNew))
<BR><BR>[Stack]<UL><LI>Max Depth = 36 + Unknown Stack Size
<LI>Call Chain = svcRtxMutexNew &rArr; osRtxMemoryAlloc
</UL>
<BR>[Calls]<UL><LI><a href="#[f1]">&gt;&gt;</a>&nbsp;&nbsp;&nbsp;osRtxMemoryPoolAlloc
<LI><a href="#[111]">&gt;&gt;</a>&nbsp;&nbsp;&nbsp;osRtxMemoryAlloc
<LI><a href="#[b3]">&gt;&gt;</a>&nbsp;&nbsp;&nbsp;__aeabi_memclr4
</UL>
<BR>[Address Reference Count : 1]<UL><LI> rtx_mutex.o(.text.osMutexNew)
</UL>
<P><STRONG><a name="[70]"></a>svcRtxMutexRelease</STRONG> (Thumb, 180 bytes, Stack size 16 bytes, rtx_mutex.o(.text.svcRtxMutexRelease))
<BR><BR>[Stack]<UL><LI>Max Depth = 56<LI>Call Chain = svcRtxMutexRelease &rArr; osRtxThreadWaitExit &rArr; osRtxThreadDispatch &rArr; osRtxThreadReadyPut &rArr; osRtxThreadListPut
</UL>
<BR>[Calls]<UL><LI><a href="#[f5]">&gt;&gt;</a>&nbsp;&nbsp;&nbsp;osRtxThreadWaitExit
<LI><a href="#[f4]">&gt;&gt;</a>&nbsp;&nbsp;&nbsp;osRtxThreadListGet
<LI><a href="#[fb]">&gt;&gt;</a>&nbsp;&nbsp;&nbsp;osRtxThreadDispatch
</UL>
<BR>[Address Reference Count : 1]<UL><LI> rtx_mutex.o(.text.osMutexRelease)
</UL>
<P><STRONG><a name="[ee]"></a>MessageQueueGet</STRONG> (Thumb, 64 bytes, Stack size 8 bytes, rtx_msgqueue.o(.text.MessageQueueGet))
<BR><BR>[Stack]<UL><LI>Max Depth = 8<LI>Call Chain = MessageQueueGet
</UL>
<BR>[Called By]<UL><LI><a href="#[d9]">&gt;&gt;</a>&nbsp;&nbsp;&nbsp;osMessageQueueGet
<LI><a href="#[6a]">&gt;&gt;</a>&nbsp;&nbsp;&nbsp;svcRtxMessageQueueGet
</UL>

<P><STRONG><a name="[f7]"></a>MessageQueuePut</STRONG> (Thumb, 88 bytes, Stack size 16 bytes, rtx_msgqueue.o(.text.MessageQueuePut))
<BR><BR>[Stack]<UL><LI>Max Depth = 16<LI>Call Chain = MessageQueuePut
</UL>
<BR>[Called By]<UL><LI><a href="#[6c]">&gt;&gt;</a>&nbsp;&nbsp;&nbsp;svcRtxMessageQueuePut
<LI><a href="#[6a]">&gt;&gt;</a>&nbsp;&nbsp;&nbsp;svcRtxMessageQueueGet
<LI><a href="#[7b]">&gt;&gt;</a>&nbsp;&nbsp;&nbsp;osRtxMessageQueuePostProcess
</UL>

<P><STRONG><a name="[f2]"></a>MessageQueueRemove</STRONG> (Thumb, 28 bytes, Stack size 0 bytes, rtx_msgqueue.o(.text.MessageQueueRemove))
<BR><BR>[Called By]<UL><LI><a href="#[6a]">&gt;&gt;</a>&nbsp;&nbsp;&nbsp;svcRtxMessageQueueGet
<LI><a href="#[7b]">&gt;&gt;</a>&nbsp;&nbsp;&nbsp;osRtxMessageQueuePostProcess
</UL>

<P><STRONG><a name="[7b]"></a>osRtxMessageQueuePostProcess</STRONG> (Thumb, 186 bytes, Stack size 24 bytes, rtx_msgqueue.o(.text.osRtxMessageQueuePostProcess))
<BR><BR>[Stack]<UL><LI>Max Depth = 64<LI>Call Chain = osRtxMessageQueuePostProcess &rArr; osRtxThreadWaitExit &rArr; osRtxThreadDispatch &rArr; osRtxThreadReadyPut &rArr; osRtxThreadListPut
</UL>
<BR>[Calls]<UL><LI><a href="#[f5]">&gt;&gt;</a>&nbsp;&nbsp;&nbsp;osRtxThreadWaitExit
<LI><a href="#[f6]">&gt;&gt;</a>&nbsp;&nbsp;&nbsp;osRtxThreadRegPtr
<LI><a href="#[f3]">&gt;&gt;</a>&nbsp;&nbsp;&nbsp;osRtxMemoryPoolFree
<LI><a href="#[f1]">&gt;&gt;</a>&nbsp;&nbsp;&nbsp;osRtxMemoryPoolAlloc
<LI><a href="#[f4]">&gt;&gt;</a>&nbsp;&nbsp;&nbsp;osRtxThreadListGet
<LI><a href="#[ef]">&gt;&gt;</a>&nbsp;&nbsp;&nbsp;__aeabi_memcpy
<LI><a href="#[f2]">&gt;&gt;</a>&nbsp;&nbsp;&nbsp;MessageQueueRemove
<LI><a href="#[f7]">&gt;&gt;</a>&nbsp;&nbsp;&nbsp;MessageQueuePut
</UL>
<BR>[Address Reference Count : 1]<UL><LI> rtx_msgqueue.o(.text.svcRtxMessageQueueNew)
</UL>
<P><STRONG><a name="[6a]"></a>svcRtxMessageQueueGet</STRONG> (Thumb, 220 bytes, Stack size 32 bytes, rtx_msgqueue.o(.text.svcRtxMessageQueueGet))
<BR><BR>[Stack]<UL><LI>Max Depth = 72<LI>Call Chain = svcRtxMessageQueueGet &rArr; osRtxThreadWaitExit &rArr; osRtxThreadDispatch &rArr; osRtxThreadReadyPut &rArr; osRtxThreadListPut
</UL>
<BR>[Calls]<UL><LI><a href="#[f5]">&gt;&gt;</a>&nbsp;&nbsp;&nbsp;osRtxThreadWaitExit
<LI><a href="#[108]">&gt;&gt;</a>&nbsp;&nbsp;&nbsp;osRtxThreadWaitEnter
<LI><a href="#[f6]">&gt;&gt;</a>&nbsp;&nbsp;&nbsp;osRtxThreadRegPtr
<LI><a href="#[104]">&gt;&gt;</a>&nbsp;&nbsp;&nbsp;osRtxThreadListPut
<LI><a href="#[f3]">&gt;&gt;</a>&nbsp;&nbsp;&nbsp;osRtxMemoryPoolFree
<LI><a href="#[f1]">&gt;&gt;</a>&nbsp;&nbsp;&nbsp;osRtxMemoryPoolAlloc
<LI><a href="#[f4]">&gt;&gt;</a>&nbsp;&nbsp;&nbsp;osRtxThreadListGet
<LI><a href="#[ef]">&gt;&gt;</a>&nbsp;&nbsp;&nbsp;__aeabi_memcpy
<LI><a href="#[f2]">&gt;&gt;</a>&nbsp;&nbsp;&nbsp;MessageQueueRemove
<LI><a href="#[f7]">&gt;&gt;</a>&nbsp;&nbsp;&nbsp;MessageQueuePut
<LI><a href="#[ee]">&gt;&gt;</a>&nbsp;&nbsp;&nbsp;MessageQueueGet
</UL>
<BR>[Address Reference Count : 1]<UL><LI> rtx_msgqueue.o(.text.osMessageQueueGet)
</UL>
<P><STRONG><a name="[6b]"></a>svcRtxMessageQueueNew</STRONG> (Thumb, 304 bytes, Stack size 40 bytes, rtx_msgqueue.o(.text.svcRtxMessageQueueNew))
<BR><BR>[Stack]<UL><LI>Max Depth = 60 + Unknown Stack Size
<LI>Call Chain = svcRtxMessageQueueNew &rArr; osRtxMemoryAlloc
</UL>
<BR>[Calls]<UL><LI><a href="#[f3]">&gt;&gt;</a>&nbsp;&nbsp;&nbsp;osRtxMemoryPoolFree
<LI><a href="#[f1]">&gt;&gt;</a>&nbsp;&nbsp;&nbsp;osRtxMemoryPoolAlloc
<LI><a href="#[103]">&gt;&gt;</a>&nbsp;&nbsp;&nbsp;osRtxMemoryFree
<LI><a href="#[111]">&gt;&gt;</a>&nbsp;&nbsp;&nbsp;osRtxMemoryAlloc
<LI><a href="#[10d]">&gt;&gt;</a>&nbsp;&nbsp;&nbsp;osRtxMemoryPoolInit
<LI><a href="#[112]">&gt;&gt;</a>&nbsp;&nbsp;&nbsp;__aeabi_memclr
</UL>
<BR>[Address Reference Count : 1]<UL><LI> rtx_msgqueue.o(.text.osMessageQueueNew)
</UL>
<P><STRONG><a name="[6c]"></a>svcRtxMessageQueuePut</STRONG> (Thumb, 188 bytes, Stack size 32 bytes, rtx_msgqueue.o(.text.svcRtxMessageQueuePut))
<BR><BR>[Stack]<UL><LI>Max Depth = 72<LI>Call Chain = svcRtxMessageQueuePut &rArr; osRtxThreadWaitExit &rArr; osRtxThreadDispatch &rArr; osRtxThreadReadyPut &rArr; osRtxThreadListPut
</UL>
<BR>[Calls]<UL><LI><a href="#[f5]">&gt;&gt;</a>&nbsp;&nbsp;&nbsp;osRtxThreadWaitExit
<LI><a href="#[108]">&gt;&gt;</a>&nbsp;&nbsp;&nbsp;osRtxThreadWaitEnter
<LI><a href="#[f6]">&gt;&gt;</a>&nbsp;&nbsp;&nbsp;osRtxThreadRegPtr
<LI><a href="#[104]">&gt;&gt;</a>&nbsp;&nbsp;&nbsp;osRtxThreadListPut
<LI><a href="#[f1]">&gt;&gt;</a>&nbsp;&nbsp;&nbsp;osRtxMemoryPoolAlloc
<LI><a href="#[f4]">&gt;&gt;</a>&nbsp;&nbsp;&nbsp;osRtxThreadListGet
<LI><a href="#[ef]">&gt;&gt;</a>&nbsp;&nbsp;&nbsp;__aeabi_memcpy
<LI><a href="#[f7]">&gt;&gt;</a>&nbsp;&nbsp;&nbsp;MessageQueuePut
</UL>
<BR>[Address Reference Count : 1]<UL><LI> rtx_msgqueue.o(.text.osMessageQueuePut)
</UL><P>
<H3>
Undefined Global Symbols
</H3><HR></body></html>
