C:/Users/Yoshi/Documents/GitHub/Software/01_jrg/08_STM32H745/03_TouchGFX/01_TUT01/CM7/TouchGFX/App/app_touchgfx.c:56:6:MX_TouchGFX_PreOSInit	4	static
C:/Users/Yoshi/Documents/GitHub/Software/01_jrg/08_STM32H745/03_TouchGFX/01_TUT01/CM7/TouchGFX/App/app_touchgfx.c:63:6:MX_TouchGFX_Init	8	static
C:/Users/Yoshi/Documents/GitHub/Software/01_jrg/08_STM32H745/03_TouchGFX/01_TUT01/CM7/TouchGFX/App/app_touchgfx.c:72:6:MX_TouchGFX_Process	8	static
C:/Users/Yoshi/Documents/GitHub/Software/01_jrg/08_STM32H745/03_TouchGFX/01_TUT01/CM7/TouchGFX/App/app_touchgfx.c:81:6:TouchGFX_Task	16	static
