<!doctype html public "-//w3c//dtd html 4.0 transitional//en">
<html><head>
<title>Static Call Graph - [FlashTestRTOS_CM7\FlashTestRTOS_CM7.axf]</title></head>
<body><HR>
<H1>Static Call Graph for image FlashTestRTOS_CM7\FlashTestRTOS_CM7.axf</H1><HR>
<BR><P>#&#060CALLGRAPH&#062# ARM Linker, 5060750: Last Updated: Sat Feb 25 18:46:17 2023
<BR><P>
<H3>Maximum Stack Usage =        472 bytes + Unknown(Functions without stacksize, Cycles, Untraceable Function Pointers)</H3><H3>
Call chain for Maximum Stack Depth:</H3>
__rt_entry_main &rArr; main &rArr; MX_CANopen_Init &rArr; codrvCanInit &rArr; codrvCanInitController &rArr; codrvCanSetBitRate &rArr; HAL_FDCAN_Init &rArr; HAL_FDCAN_MspInit &rArr; HAL_RCCEx_PeriphCLKConfig &rArr; RCCEx_PLL3_Config
<P>
<H3>
Functions with no stack information
</H3><UL>
 <LI><a href="#[cd]">__user_initial_stackheap</a>
</UL>
</UL>
<P>
<H3>
Mutually Recursive functions
</H3> <LI><a href="#[87]">ADC3_IRQHandler</a>&nbsp;&nbsp;&nbsp;&rArr;&nbsp;&nbsp;&nbsp;<a href="#[87]">ADC3_IRQHandler</a><BR>
 <LI><a href="#[7]">BusFault_Handler</a>&nbsp;&nbsp;&nbsp;&rArr;&nbsp;&nbsp;&nbsp;<a href="#[7]">BusFault_Handler</a><BR>
 <LI><a href="#[5]">HardFault_Handler</a>&nbsp;&nbsp;&nbsp;&rArr;&nbsp;&nbsp;&nbsp;<a href="#[5]">HardFault_Handler</a><BR>
 <LI><a href="#[6]">MemManage_Handler</a>&nbsp;&nbsp;&nbsp;&rArr;&nbsp;&nbsp;&nbsp;<a href="#[6]">MemManage_Handler</a><BR>
 <LI><a href="#[4]">NMI_Handler</a>&nbsp;&nbsp;&nbsp;&rArr;&nbsp;&nbsp;&nbsp;<a href="#[4]">NMI_Handler</a><BR>
 <LI><a href="#[8]">UsageFault_Handler</a>&nbsp;&nbsp;&nbsp;&rArr;&nbsp;&nbsp;&nbsp;<a href="#[8]">UsageFault_Handler</a><BR>
 <LI><a href="#[15a]">pdoTransmitData</a>&nbsp;&nbsp;&nbsp;&rArr;&nbsp;&nbsp;&nbsp;<a href="#[121]">icoTransmitMessage</a><BR>
</UL>
<P>
<H3>
Function Pointers
</H3><UL>
 <LI><a href="#[87]">ADC3_IRQHandler</a> from startup_stm32h745xx_cm7.o(.text) referenced from startup_stm32h745xx_cm7.o(RESET)
 <LI><a href="#[1f]">ADC_IRQHandler</a> from startup_stm32h745xx_cm7.o(.text) referenced from startup_stm32h745xx_cm7.o(RESET)
 <LI><a href="#[89]">BDMA_Channel0_IRQHandler</a> from startup_stm32h745xx_cm7.o(.text) referenced from startup_stm32h745xx_cm7.o(RESET)
 <LI><a href="#[8a]">BDMA_Channel1_IRQHandler</a> from startup_stm32h745xx_cm7.o(.text) referenced from startup_stm32h745xx_cm7.o(RESET)
 <LI><a href="#[8b]">BDMA_Channel2_IRQHandler</a> from startup_stm32h745xx_cm7.o(.text) referenced from startup_stm32h745xx_cm7.o(RESET)
 <LI><a href="#[8c]">BDMA_Channel3_IRQHandler</a> from startup_stm32h745xx_cm7.o(.text) referenced from startup_stm32h745xx_cm7.o(RESET)
 <LI><a href="#[8d]">BDMA_Channel4_IRQHandler</a> from startup_stm32h745xx_cm7.o(.text) referenced from startup_stm32h745xx_cm7.o(RESET)
 <LI><a href="#[8e]">BDMA_Channel5_IRQHandler</a> from startup_stm32h745xx_cm7.o(.text) referenced from startup_stm32h745xx_cm7.o(RESET)
 <LI><a href="#[8f]">BDMA_Channel6_IRQHandler</a> from startup_stm32h745xx_cm7.o(.text) referenced from startup_stm32h745xx_cm7.o(RESET)
 <LI><a href="#[90]">BDMA_Channel7_IRQHandler</a> from startup_stm32h745xx_cm7.o(.text) referenced from startup_stm32h745xx_cm7.o(RESET)
 <LI><a href="#[7]">BusFault_Handler</a> from stm32h7xx_it_1.o(i.BusFault_Handler) referenced from startup_stm32h745xx_cm7.o(RESET)
 <LI><a href="#[67]">CEC_IRQHandler</a> from startup_stm32h745xx_cm7.o(.text) referenced from startup_stm32h745xx_cm7.o(RESET)
 <LI><a href="#[4d]">CM4_SEV_IRQHandler</a> from startup_stm32h745xx_cm7.o(.text) referenced from startup_stm32h745xx_cm7.o(RESET)
 <LI><a href="#[4c]">CM7_SEV_IRQHandler</a> from startup_stm32h745xx_cm7.o(.text) referenced from startup_stm32h745xx_cm7.o(RESET)
 <LI><a href="#[91]">COMP1_IRQHandler</a> from startup_stm32h745xx_cm7.o(.text) referenced from startup_stm32h745xx_cm7.o(RESET)
 <LI><a href="#[98]">CRS_IRQHandler</a> from startup_stm32h745xx_cm7.o(.text) referenced from startup_stm32h745xx_cm7.o(RESET)
 <LI><a href="#[58]">DCMI_IRQHandler</a> from startup_stm32h745xx_cm7.o(.text) referenced from startup_stm32h745xx_cm7.o(RESET)
 <LI><a href="#[77]">DFSDM1_FLT0_IRQHandler</a> from startup_stm32h745xx_cm7.o(.text) referenced from startup_stm32h745xx_cm7.o(RESET)
 <LI><a href="#[78]">DFSDM1_FLT1_IRQHandler</a> from startup_stm32h745xx_cm7.o(.text) referenced from startup_stm32h745xx_cm7.o(RESET)
 <LI><a href="#[79]">DFSDM1_FLT2_IRQHandler</a> from startup_stm32h745xx_cm7.o(.text) referenced from startup_stm32h745xx_cm7.o(RESET)
 <LI><a href="#[7a]">DFSDM1_FLT3_IRQHandler</a> from startup_stm32h745xx_cm7.o(.text) referenced from startup_stm32h745xx_cm7.o(RESET)
 <LI><a href="#[18]">DMA1_Stream0_IRQHandler</a> from startup_stm32h745xx_cm7.o(.text) referenced from startup_stm32h745xx_cm7.o(RESET)
 <LI><a href="#[19]">DMA1_Stream1_IRQHandler</a> from startup_stm32h745xx_cm7.o(.text) referenced from startup_stm32h745xx_cm7.o(RESET)
 <LI><a href="#[1a]">DMA1_Stream2_IRQHandler</a> from startup_stm32h745xx_cm7.o(.text) referenced from startup_stm32h745xx_cm7.o(RESET)
 <LI><a href="#[1b]">DMA1_Stream3_IRQHandler</a> from startup_stm32h745xx_cm7.o(.text) referenced from startup_stm32h745xx_cm7.o(RESET)
 <LI><a href="#[1c]">DMA1_Stream4_IRQHandler</a> from startup_stm32h745xx_cm7.o(.text) referenced from startup_stm32h745xx_cm7.o(RESET)
 <LI><a href="#[1d]">DMA1_Stream5_IRQHandler</a> from startup_stm32h745xx_cm7.o(.text) referenced from startup_stm32h745xx_cm7.o(RESET)
 <LI><a href="#[1e]">DMA1_Stream6_IRQHandler</a> from startup_stm32h745xx_cm7.o(.text) referenced from startup_stm32h745xx_cm7.o(RESET)
 <LI><a href="#[3b]">DMA1_Stream7_IRQHandler</a> from startup_stm32h745xx_cm7.o(.text) referenced from startup_stm32h745xx_cm7.o(RESET)
 <LI><a href="#[63]">DMA2D_IRQHandler</a> from startup_stm32h745xx_cm7.o(.text) referenced from startup_stm32h745xx_cm7.o(RESET)
 <LI><a href="#[44]">DMA2_Stream0_IRQHandler</a> from startup_stm32h745xx_cm7.o(.text) referenced from startup_stm32h745xx_cm7.o(RESET)
 <LI><a href="#[45]">DMA2_Stream1_IRQHandler</a> from startup_stm32h745xx_cm7.o(.text) referenced from startup_stm32h745xx_cm7.o(RESET)
 <LI><a href="#[46]">DMA2_Stream2_IRQHandler</a> from startup_stm32h745xx_cm7.o(.text) referenced from startup_stm32h745xx_cm7.o(RESET)
 <LI><a href="#[47]">DMA2_Stream3_IRQHandler</a> from startup_stm32h745xx_cm7.o(.text) referenced from startup_stm32h745xx_cm7.o(RESET)
 <LI><a href="#[48]">DMA2_Stream4_IRQHandler</a> from startup_stm32h745xx_cm7.o(.text) referenced from startup_stm32h745xx_cm7.o(RESET)
 <LI><a href="#[4e]">DMA2_Stream5_IRQHandler</a> from startup_stm32h745xx_cm7.o(.text) referenced from startup_stm32h745xx_cm7.o(RESET)
 <LI><a href="#[4f]">DMA2_Stream6_IRQHandler</a> from startup_stm32h745xx_cm7.o(.text) referenced from startup_stm32h745xx_cm7.o(RESET)
 <LI><a href="#[50]">DMA2_Stream7_IRQHandler</a> from startup_stm32h745xx_cm7.o(.text) referenced from startup_stm32h745xx_cm7.o(RESET)
 <LI><a href="#[6f]">DMAMUX1_OVR_IRQHandler</a> from startup_stm32h745xx_cm7.o(.text) referenced from startup_stm32h745xx_cm7.o(RESET)
 <LI><a href="#[88]">DMAMUX2_OVR_IRQHandler</a> from startup_stm32h745xx_cm7.o(.text) referenced from startup_stm32h745xx_cm7.o(RESET)
 <LI><a href="#[a]">DebugMon_Handler</a> from stm32h7xx_it_1.o(i.DebugMon_Handler) referenced from startup_stm32h745xx_cm7.o(RESET)
 <LI><a href="#[99]">ECC_IRQHandler</a> from startup_stm32h745xx_cm7.o(.text) referenced from startup_stm32h745xx_cm7.o(RESET)
 <LI><a href="#[49]">ETH_IRQHandler</a> from startup_stm32h745xx_cm7.o(.text) referenced from startup_stm32h745xx_cm7.o(RESET)
 <LI><a href="#[4a]">ETH_WKUP_IRQHandler</a> from startup_stm32h745xx_cm7.o(.text) referenced from startup_stm32h745xx_cm7.o(RESET)
 <LI><a href="#[13]">EXTI0_IRQHandler</a> from startup_stm32h745xx_cm7.o(.text) referenced from startup_stm32h745xx_cm7.o(RESET)
 <LI><a href="#[35]">EXTI15_10_IRQHandler</a> from stm32h7xx_it_1.o(i.EXTI15_10_IRQHandler) referenced from startup_stm32h745xx_cm7.o(RESET)
 <LI><a href="#[14]">EXTI1_IRQHandler</a> from startup_stm32h745xx_cm7.o(.text) referenced from startup_stm32h745xx_cm7.o(RESET)
 <LI><a href="#[15]">EXTI2_IRQHandler</a> from startup_stm32h745xx_cm7.o(.text) referenced from startup_stm32h745xx_cm7.o(RESET)
 <LI><a href="#[16]">EXTI3_IRQHandler</a> from startup_stm32h745xx_cm7.o(.text) referenced from startup_stm32h745xx_cm7.o(RESET)
 <LI><a href="#[17]">EXTI4_IRQHandler</a> from startup_stm32h745xx_cm7.o(.text) referenced from startup_stm32h745xx_cm7.o(RESET)
 <LI><a href="#[24]">EXTI9_5_IRQHandler</a> from startup_stm32h745xx_cm7.o(.text) referenced from startup_stm32h745xx_cm7.o(RESET)
 <LI><a href="#[20]">FDCAN1_IT0_IRQHandler</a> from cpu_stm32_fdcan_hal.o(i.FDCAN1_IT0_IRQHandler) referenced from startup_stm32h745xx_cm7.o(RESET)
 <LI><a href="#[22]">FDCAN1_IT1_IRQHandler</a> from startup_stm32h745xx_cm7.o(.text) referenced from startup_stm32h745xx_cm7.o(RESET)
 <LI><a href="#[21]">FDCAN2_IT0_IRQHandler</a> from startup_stm32h745xx_cm7.o(.text) referenced from startup_stm32h745xx_cm7.o(RESET)
 <LI><a href="#[23]">FDCAN2_IT1_IRQHandler</a> from startup_stm32h745xx_cm7.o(.text) referenced from startup_stm32h745xx_cm7.o(RESET)
 <LI><a href="#[4b]">FDCAN_CAL_IRQHandler</a> from startup_stm32h745xx_cm7.o(.text) referenced from startup_stm32h745xx_cm7.o(RESET)
 <LI><a href="#[11]">FLASH_IRQHandler</a> from startup_stm32h745xx_cm7.o(.text) referenced from startup_stm32h745xx_cm7.o(RESET)
 <LI><a href="#[3c]">FMC_IRQHandler</a> from startup_stm32h745xx_cm7.o(.text) referenced from startup_stm32h745xx_cm7.o(RESET)
 <LI><a href="#[5a]">FPU_IRQHandler</a> from startup_stm32h745xx_cm7.o(.text) referenced from startup_stm32h745xx_cm7.o(RESET)
 <LI><a href="#[9b]">HOLD_CORE_IRQHandler</a> from startup_stm32h745xx_cm7.o(.text) referenced from startup_stm32h745xx_cm7.o(RESET)
 <LI><a href="#[76]">HRTIM1_FLT_IRQHandler</a> from startup_stm32h745xx_cm7.o(.text) referenced from startup_stm32h745xx_cm7.o(RESET)
 <LI><a href="#[70]">HRTIM1_Master_IRQHandler</a> from startup_stm32h745xx_cm7.o(.text) referenced from startup_stm32h745xx_cm7.o(RESET)
 <LI><a href="#[71]">HRTIM1_TIMA_IRQHandler</a> from startup_stm32h745xx_cm7.o(.text) referenced from startup_stm32h745xx_cm7.o(RESET)
 <LI><a href="#[72]">HRTIM1_TIMB_IRQHandler</a> from startup_stm32h745xx_cm7.o(.text) referenced from startup_stm32h745xx_cm7.o(RESET)
 <LI><a href="#[73]">HRTIM1_TIMC_IRQHandler</a> from startup_stm32h745xx_cm7.o(.text) referenced from startup_stm32h745xx_cm7.o(RESET)
 <LI><a href="#[74]">HRTIM1_TIMD_IRQHandler</a> from startup_stm32h745xx_cm7.o(.text) referenced from startup_stm32h745xx_cm7.o(RESET)
 <LI><a href="#[75]">HRTIM1_TIME_IRQHandler</a> from startup_stm32h745xx_cm7.o(.text) referenced from startup_stm32h745xx_cm7.o(RESET)
 <LI><a href="#[85]">HSEM1_IRQHandler</a> from startup_stm32h745xx_cm7.o(.text) referenced from startup_stm32h745xx_cm7.o(RESET)
 <LI><a href="#[86]">HSEM2_IRQHandler</a> from startup_stm32h745xx_cm7.o(.text) referenced from startup_stm32h745xx_cm7.o(RESET)
 <LI><a href="#[5]">HardFault_Handler</a> from stm32h7xx_it_1.o(i.HardFault_Handler) referenced from startup_stm32h745xx_cm7.o(RESET)
 <LI><a href="#[2d]">I2C1_ER_IRQHandler</a> from startup_stm32h745xx_cm7.o(.text) referenced from startup_stm32h745xx_cm7.o(RESET)
 <LI><a href="#[2c]">I2C1_EV_IRQHandler</a> from startup_stm32h745xx_cm7.o(.text) referenced from startup_stm32h745xx_cm7.o(RESET)
 <LI><a href="#[2f]">I2C2_ER_IRQHandler</a> from startup_stm32h745xx_cm7.o(.text) referenced from startup_stm32h745xx_cm7.o(RESET)
 <LI><a href="#[2e]">I2C2_EV_IRQHandler</a> from startup_stm32h745xx_cm7.o(.text) referenced from startup_stm32h745xx_cm7.o(RESET)
 <LI><a href="#[53]">I2C3_ER_IRQHandler</a> from startup_stm32h745xx_cm7.o(.text) referenced from startup_stm32h745xx_cm7.o(RESET)
 <LI><a href="#[52]">I2C3_EV_IRQHandler</a> from startup_stm32h745xx_cm7.o(.text) referenced from startup_stm32h745xx_cm7.o(RESET)
 <LI><a href="#[69]">I2C4_ER_IRQHandler</a> from startup_stm32h745xx_cm7.o(.text) referenced from startup_stm32h745xx_cm7.o(RESET)
 <LI><a href="#[68]">I2C4_EV_IRQHandler</a> from startup_stm32h745xx_cm7.o(.text) referenced from startup_stm32h745xx_cm7.o(RESET)
 <LI><a href="#[82]">JPEG_IRQHandler</a> from startup_stm32h745xx_cm7.o(.text) referenced from startup_stm32h745xx_cm7.o(RESET)
 <LI><a href="#[66]">LPTIM1_IRQHandler</a> from startup_stm32h745xx_cm7.o(.text) referenced from startup_stm32h745xx_cm7.o(RESET)
 <LI><a href="#[92]">LPTIM2_IRQHandler</a> from startup_stm32h745xx_cm7.o(.text) referenced from startup_stm32h745xx_cm7.o(RESET)
 <LI><a href="#[93]">LPTIM3_IRQHandler</a> from startup_stm32h745xx_cm7.o(.text) referenced from startup_stm32h745xx_cm7.o(RESET)
 <LI><a href="#[94]">LPTIM4_IRQHandler</a> from startup_stm32h745xx_cm7.o(.text) referenced from startup_stm32h745xx_cm7.o(RESET)
 <LI><a href="#[95]">LPTIM5_IRQHandler</a> from startup_stm32h745xx_cm7.o(.text) referenced from startup_stm32h745xx_cm7.o(RESET)
 <LI><a href="#[96]">LPUART1_IRQHandler</a> from startup_stm32h745xx_cm7.o(.text) referenced from startup_stm32h745xx_cm7.o(RESET)
 <LI><a href="#[62]">LTDC_ER_IRQHandler</a> from startup_stm32h745xx_cm7.o(.text) referenced from startup_stm32h745xx_cm7.o(RESET)
 <LI><a href="#[61]">LTDC_IRQHandler</a> from startup_stm32h745xx_cm7.o(.text) referenced from startup_stm32h745xx_cm7.o(RESET)
 <LI><a href="#[81]">MDIOS_IRQHandler</a> from startup_stm32h745xx_cm7.o(.text) referenced from startup_stm32h745xx_cm7.o(RESET)
 <LI><a href="#[80]">MDIOS_WKUP_IRQHandler</a> from startup_stm32h745xx_cm7.o(.text) referenced from startup_stm32h745xx_cm7.o(RESET)
 <LI><a href="#[83]">MDMA_IRQHandler</a> from startup_stm32h745xx_cm7.o(.text) referenced from startup_stm32h745xx_cm7.o(RESET)
 <LI><a href="#[6]">MemManage_Handler</a> from stm32h7xx_it_1.o(i.MemManage_Handler) referenced from startup_stm32h745xx_cm7.o(RESET)
 <LI><a href="#[4]">NMI_Handler</a> from stm32h7xx_it_1.o(i.NMI_Handler) referenced from startup_stm32h745xx_cm7.o(RESET)
 <LI><a href="#[6c]">OTG_FS_EP1_IN_IRQHandler</a> from startup_stm32h745xx_cm7.o(.text) referenced from startup_stm32h745xx_cm7.o(RESET)
 <LI><a href="#[6b]">OTG_FS_EP1_OUT_IRQHandler</a> from startup_stm32h745xx_cm7.o(.text) referenced from startup_stm32h745xx_cm7.o(RESET)
 <LI><a href="#[6e]">OTG_FS_IRQHandler</a> from startup_stm32h745xx_cm7.o(.text) referenced from startup_stm32h745xx_cm7.o(RESET)
 <LI><a href="#[6d]">OTG_FS_WKUP_IRQHandler</a> from startup_stm32h745xx_cm7.o(.text) referenced from startup_stm32h745xx_cm7.o(RESET)
 <LI><a href="#[55]">OTG_HS_EP1_IN_IRQHandler</a> from startup_stm32h745xx_cm7.o(.text) referenced from startup_stm32h745xx_cm7.o(RESET)
 <LI><a href="#[54]">OTG_HS_EP1_OUT_IRQHandler</a> from startup_stm32h745xx_cm7.o(.text) referenced from startup_stm32h745xx_cm7.o(RESET)
 <LI><a href="#[57]">OTG_HS_IRQHandler</a> from startup_stm32h745xx_cm7.o(.text) referenced from startup_stm32h745xx_cm7.o(RESET)
 <LI><a href="#[56]">OTG_HS_WKUP_IRQHandler</a> from startup_stm32h745xx_cm7.o(.text) referenced from startup_stm32h745xx_cm7.o(RESET)
 <LI><a href="#[e]">PVD_AVD_IRQHandler</a> from startup_stm32h745xx_cm7.o(.text) referenced from startup_stm32h745xx_cm7.o(RESET)
 <LI><a href="#[b]">PendSV_Handler</a> from port.o(.emb_text) referenced from startup_stm32h745xx_cm7.o(RESET)
 <LI><a href="#[65]">QUADSPI_IRQHandler</a> from startup_stm32h745xx_cm7.o(.text) referenced from startup_stm32h745xx_cm7.o(RESET)
 <LI><a href="#[12]">RCC_IRQHandler</a> from startup_stm32h745xx_cm7.o(.text) referenced from startup_stm32h745xx_cm7.o(RESET)
 <LI><a href="#[59]">RNG_IRQHandler</a> from startup_stm32h745xx_cm7.o(.text) referenced from startup_stm32h745xx_cm7.o(RESET)
 <LI><a href="#[36]">RTC_Alarm_IRQHandler</a> from startup_stm32h745xx_cm7.o(.text) referenced from startup_stm32h745xx_cm7.o(RESET)
 <LI><a href="#[10]">RTC_WKUP_IRQHandler</a> from startup_stm32h745xx_cm7.o(.text) referenced from startup_stm32h745xx_cm7.o(RESET)
 <LI><a href="#[3]">Reset_Handler</a> from startup_stm32h745xx_cm7.o(.text) referenced from startup_stm32h745xx_cm7.o(RESET)
 <LI><a href="#[60]">SAI1_IRQHandler</a> from startup_stm32h745xx_cm7.o(.text) referenced from startup_stm32h745xx_cm7.o(RESET)
 <LI><a href="#[64]">SAI2_IRQHandler</a> from startup_stm32h745xx_cm7.o(.text) referenced from startup_stm32h745xx_cm7.o(RESET)
 <LI><a href="#[7b]">SAI3_IRQHandler</a> from startup_stm32h745xx_cm7.o(.text) referenced from startup_stm32h745xx_cm7.o(RESET)
 <LI><a href="#[9a]">SAI4_IRQHandler</a> from startup_stm32h745xx_cm7.o(.text) referenced from startup_stm32h745xx_cm7.o(RESET)
 <LI><a href="#[3d]">SDMMC1_IRQHandler</a> from startup_stm32h745xx_cm7.o(.text) referenced from startup_stm32h745xx_cm7.o(RESET)
 <LI><a href="#[84]">SDMMC2_IRQHandler</a> from startup_stm32h745xx_cm7.o(.text) referenced from startup_stm32h745xx_cm7.o(RESET)
 <LI><a href="#[6a]">SPDIF_RX_IRQHandler</a> from startup_stm32h745xx_cm7.o(.text) referenced from startup_stm32h745xx_cm7.o(RESET)
 <LI><a href="#[30]">SPI1_IRQHandler</a> from startup_stm32h745xx_cm7.o(.text) referenced from startup_stm32h745xx_cm7.o(RESET)
 <LI><a href="#[31]">SPI2_IRQHandler</a> from startup_stm32h745xx_cm7.o(.text) referenced from startup_stm32h745xx_cm7.o(RESET)
 <LI><a href="#[3f]">SPI3_IRQHandler</a> from startup_stm32h745xx_cm7.o(.text) referenced from startup_stm32h745xx_cm7.o(RESET)
 <LI><a href="#[5d]">SPI4_IRQHandler</a> from startup_stm32h745xx_cm7.o(.text) referenced from startup_stm32h745xx_cm7.o(RESET)
 <LI><a href="#[5e]">SPI5_IRQHandler</a> from startup_stm32h745xx_cm7.o(.text) referenced from startup_stm32h745xx_cm7.o(RESET)
 <LI><a href="#[5f]">SPI6_IRQHandler</a> from startup_stm32h745xx_cm7.o(.text) referenced from startup_stm32h745xx_cm7.o(RESET)
 <LI><a href="#[9]">SVC_Handler</a> from port.o(.emb_text) referenced from startup_stm32h745xx_cm7.o(RESET)
 <LI><a href="#[7c]">SWPMI1_IRQHandler</a> from startup_stm32h745xx_cm7.o(.text) referenced from startup_stm32h745xx_cm7.o(RESET)
 <LI><a href="#[ae]">StartDefaultTask</a> from main_1.o(i.StartDefaultTask) referenced from main_1.o(i.main)
 <LI><a href="#[c]">SysTick_Handler</a> from cmsis_os2.o(i.SysTick_Handler) referenced from startup_stm32h745xx_cm7.o(RESET)
 <LI><a href="#[9d]">SystemInit</a> from system_stm32h7xx_dualcore_boot_cm4_cm7.o(i.SystemInit) referenced from startup_stm32h745xx_cm7.o(.text)
 <LI><a href="#[f]">TAMP_STAMP_IRQHandler</a> from startup_stm32h745xx_cm7.o(.text) referenced from startup_stm32h745xx_cm7.o(RESET)
 <LI><a href="#[7d]">TIM15_IRQHandler</a> from startup_stm32h745xx_cm7.o(.text) referenced from startup_stm32h745xx_cm7.o(RESET)
 <LI><a href="#[7e]">TIM16_IRQHandler</a> from startup_stm32h745xx_cm7.o(.text) referenced from startup_stm32h745xx_cm7.o(RESET)
 <LI><a href="#[7f]">TIM17_IRQHandler</a> from stm32h7xx_it_1.o(i.TIM17_IRQHandler) referenced from startup_stm32h745xx_cm7.o(RESET)
 <LI><a href="#[25]">TIM1_BRK_IRQHandler</a> from startup_stm32h745xx_cm7.o(.text) referenced from startup_stm32h745xx_cm7.o(RESET)
 <LI><a href="#[28]">TIM1_CC_IRQHandler</a> from startup_stm32h745xx_cm7.o(.text) referenced from startup_stm32h745xx_cm7.o(RESET)
 <LI><a href="#[27]">TIM1_TRG_COM_IRQHandler</a> from startup_stm32h745xx_cm7.o(.text) referenced from startup_stm32h745xx_cm7.o(RESET)
 <LI><a href="#[26]">TIM1_UP_IRQHandler</a> from startup_stm32h745xx_cm7.o(.text) referenced from startup_stm32h745xx_cm7.o(RESET)
 <LI><a href="#[29]">TIM2_IRQHandler</a> from startup_stm32h745xx_cm7.o(.text) referenced from startup_stm32h745xx_cm7.o(RESET)
 <LI><a href="#[2a]">TIM3_IRQHandler</a> from startup_stm32h745xx_cm7.o(.text) referenced from startup_stm32h745xx_cm7.o(RESET)
 <LI><a href="#[2b]">TIM4_IRQHandler</a> from startup_stm32h745xx_cm7.o(.text) referenced from startup_stm32h745xx_cm7.o(RESET)
 <LI><a href="#[3e]">TIM5_IRQHandler</a> from startup_stm32h745xx_cm7.o(.text) referenced from startup_stm32h745xx_cm7.o(RESET)
 <LI><a href="#[42]">TIM6_DAC_IRQHandler</a> from startup_stm32h745xx_cm7.o(.text) referenced from startup_stm32h745xx_cm7.o(RESET)
 <LI><a href="#[43]">TIM7_IRQHandler</a> from startup_stm32h745xx_cm7.o(.text) referenced from startup_stm32h745xx_cm7.o(RESET)
 <LI><a href="#[37]">TIM8_BRK_TIM12_IRQHandler</a> from startup_stm32h745xx_cm7.o(.text) referenced from startup_stm32h745xx_cm7.o(RESET)
 <LI><a href="#[3a]">TIM8_CC_IRQHandler</a> from startup_stm32h745xx_cm7.o(.text) referenced from startup_stm32h745xx_cm7.o(RESET)
 <LI><a href="#[39]">TIM8_TRG_COM_TIM14_IRQHandler</a> from startup_stm32h745xx_cm7.o(.text) referenced from startup_stm32h745xx_cm7.o(RESET)
 <LI><a href="#[38]">TIM8_UP_TIM13_IRQHandler</a> from startup_stm32h745xx_cm7.o(.text) referenced from startup_stm32h745xx_cm7.o(RESET)
 <LI><a href="#[40]">UART4_IRQHandler</a> from startup_stm32h745xx_cm7.o(.text) referenced from startup_stm32h745xx_cm7.o(RESET)
 <LI><a href="#[41]">UART5_IRQHandler</a> from startup_stm32h745xx_cm7.o(.text) referenced from startup_stm32h745xx_cm7.o(RESET)
 <LI><a href="#[5b]">UART7_IRQHandler</a> from startup_stm32h745xx_cm7.o(.text) referenced from startup_stm32h745xx_cm7.o(RESET)
 <LI><a href="#[5c]">UART8_IRQHandler</a> from startup_stm32h745xx_cm7.o(.text) referenced from startup_stm32h745xx_cm7.o(RESET)
 <LI><a href="#[32]">USART1_IRQHandler</a> from startup_stm32h745xx_cm7.o(.text) referenced from startup_stm32h745xx_cm7.o(RESET)
 <LI><a href="#[33]">USART2_IRQHandler</a> from startup_stm32h745xx_cm7.o(.text) referenced from startup_stm32h745xx_cm7.o(RESET)
 <LI><a href="#[34]">USART3_IRQHandler</a> from startup_stm32h745xx_cm7.o(.text) referenced from startup_stm32h745xx_cm7.o(RESET)
 <LI><a href="#[51]">USART6_IRQHandler</a> from startup_stm32h745xx_cm7.o(.text) referenced from startup_stm32h745xx_cm7.o(RESET)
 <LI><a href="#[8]">UsageFault_Handler</a> from stm32h7xx_it_1.o(i.UsageFault_Handler) referenced from startup_stm32h745xx_cm7.o(RESET)
 <LI><a href="#[9c]">WAKEUP_PIN_IRQHandler</a> from startup_stm32h745xx_cm7.o(.text) referenced from startup_stm32h745xx_cm7.o(RESET)
 <LI><a href="#[d]">WWDG_IRQHandler</a> from startup_stm32h745xx_cm7.o(.text) referenced from startup_stm32h745xx_cm7.o(RESET)
 <LI><a href="#[97]">WWDG_RST_IRQHandler</a> from startup_stm32h745xx_cm7.o(.text) referenced from startup_stm32h745xx_cm7.o(RESET)
 <LI><a href="#[b4]">__main</a> from __main.o(!!!main) referenced from startup_stm32h745xx_cm7.o(.text)
 <LI><a href="#[a8]">canInd</a> from app_canopen.o(i.canInd) referenced from app_canopen.o(i.MX_CANopen_Init)
 <LI><a href="#[a9]">commInd</a> from app_canopen.o(i.commInd) referenced from app_canopen.o(i.MX_CANopen_Init)
 <LI><a href="#[ad]">demoTimerFct</a> from co_queue.o(i.demoTimerFct) referenced from co_queue.o(i.icoTransmitMessage)
 <LI><a href="#[ab]">hbProdSendMessage</a> from co_errctrl.o(i.hbProdSendMessage) referenced from co_errctrl.o(i.icoHbProdStart)
 <LI><a href="#[a0]">hbState</a> from app_canopen.o(i.hbState) referenced from app_canopen.o(i.MX_CANopen_Init)
 <LI><a href="#[a6]">ledGreenInd</a> from app_canopen.o(i.ledGreenInd) referenced from app_canopen.o(i.MX_CANopen_Init)
 <LI><a href="#[a7]">ledRedInd</a> from app_canopen.o(i.ledRedInd) referenced from app_canopen.o(i.MX_CANopen_Init)
 <LI><a href="#[b1]">ledTimerInd</a> from co_led.o(i.ledTimerInd) referenced from co_led.o(i.startLedTimer)
 <LI><a href="#[af]">myTask</a> from main_1.o(i.myTask) referenced from main_1.o(i.main)
 <LI><a href="#[9f]">nmtInd</a> from app_canopen.o(i.nmtInd) referenced from app_canopen.o(i.MX_CANopen_Init)
 <LI><a href="#[aa]">pdoEventTimer</a> from co_pdo.o(i.pdoEventTimer) referenced from co_pdo.o(i.coPdoReqNr)
 <LI><a href="#[aa]">pdoEventTimer</a> from co_pdo.o(i.pdoEventTimer) referenced from co_pdo.o(i.setupTrPdoTimer)
 <LI><a href="#[a4]">pdoInd</a> from app_canopen.o(i.pdoInd) referenced from app_canopen.o(i.MX_CANopen_Init)
 <LI><a href="#[a5]">pdoRecEvent</a> from app_canopen.o(i.pdoRecEvent) referenced from app_canopen.o(i.MX_CANopen_Init)
 <LI><a href="#[b2]">prvIdleTask</a> from tasks.o(i.prvIdleTask) referenced from tasks.o(i.vTaskStartScheduler)
 <LI><a href="#[b0]">prvTaskExitError</a> from port.o(i.prvTaskExitError) referenced from port.o(i.pxPortInitialiseStack)
 <LI><a href="#[b3]">prvTimerTask</a> from timers.o(i.prvTimerTask) referenced from timers.o(i.xTimerCreateTimerTask)
 <LI><a href="#[a2]">sdoServerCheckWriteInd</a> from app_canopen.o(i.sdoServerCheckWriteInd) referenced from app_canopen.o(i.MX_CANopen_Init)
 <LI><a href="#[a1]">sdoServerReadInd</a> from app_canopen.o(i.sdoServerReadInd) referenced from app_canopen.o(i.MX_CANopen_Init)
 <LI><a href="#[a3]">sdoServerWriteInd</a> from app_canopen.o(i.sdoServerWriteInd) referenced from app_canopen.o(i.MX_CANopen_Init)
 <LI><a href="#[ac]">syncEventTimer</a> from co_sync.o(i.syncEventTimer) referenced from co_sync.o(i.icoSyncObjChanged)
</UL>
<P>
<H3>
Global Symbols
</H3>
<P><STRONG><a name="[b4]"></a>__main</STRONG> (Thumb, 8 bytes, Stack size 0 bytes, __main.o(!!!main))
<BR><BR>[Calls]<UL><LI><a href="#[b5]">&gt;&gt;</a>&nbsp;&nbsp;&nbsp;__scatterload
<LI><a href="#[b6]">&gt;&gt;</a>&nbsp;&nbsp;&nbsp;__rt_entry
</UL>

<P><STRONG><a name="[b5]"></a>__scatterload</STRONG> (Thumb, 0 bytes, Stack size unknown bytes, __scatter.o(!!!scatter))
<BR><BR>[Called By]<UL><LI><a href="#[b4]">&gt;&gt;</a>&nbsp;&nbsp;&nbsp;__main
</UL>

<P><STRONG><a name="[b7]"></a>__scatterload_rt2</STRONG> (Thumb, 44 bytes, Stack size unknown bytes, __scatter.o(!!!scatter), UNUSED)
<BR><BR>[Calls]<UL><LI><a href="#[b6]">&gt;&gt;</a>&nbsp;&nbsp;&nbsp;__rt_entry
</UL>

<P><STRONG><a name="[202]"></a>__scatterload_rt2_thumb_only</STRONG> (Thumb, 0 bytes, Stack size unknown bytes, __scatter.o(!!!scatter), UNUSED)

<P><STRONG><a name="[203]"></a>__scatterload_null</STRONG> (Thumb, 0 bytes, Stack size unknown bytes, __scatter.o(!!!scatter), UNUSED)

<P><STRONG><a name="[204]"></a>__decompress</STRONG> (Thumb, 90 bytes, Stack size unknown bytes, __dczerorl2.o(!!dczerorl2), UNUSED)

<P><STRONG><a name="[205]"></a>__decompress1</STRONG> (Thumb, 0 bytes, Stack size unknown bytes, __dczerorl2.o(!!dczerorl2), UNUSED)

<P><STRONG><a name="[206]"></a>__scatterload_zeroinit</STRONG> (Thumb, 28 bytes, Stack size unknown bytes, __scatter_zi.o(!!handler_zi), UNUSED)

<P><STRONG><a name="[bd]"></a>__rt_lib_init</STRONG> (Thumb, 0 bytes, Stack size unknown bytes, libinit.o(.ARM.Collect$$libinit$$00000000))
<BR><BR>[Called By]<UL><LI><a href="#[bc]">&gt;&gt;</a>&nbsp;&nbsp;&nbsp;__rt_entry_li
</UL>

<P><STRONG><a name="[b8]"></a>__rt_lib_init_fp_1</STRONG> (Thumb, 0 bytes, Stack size unknown bytes, libinit2.o(.ARM.Collect$$libinit$$00000001))
<BR><BR>[Calls]<UL><LI><a href="#[b9]">&gt;&gt;</a>&nbsp;&nbsp;&nbsp;_fp_init
</UL>

<P><STRONG><a name="[207]"></a>__rt_lib_init_alloca_1</STRONG> (Thumb, 0 bytes, Stack size unknown bytes, libinit2.o(.ARM.Collect$$libinit$$0000002E))

<P><STRONG><a name="[208]"></a>__rt_lib_init_argv_1</STRONG> (Thumb, 0 bytes, Stack size unknown bytes, libinit2.o(.ARM.Collect$$libinit$$0000002C))

<P><STRONG><a name="[209]"></a>__rt_lib_init_atexit_1</STRONG> (Thumb, 0 bytes, Stack size unknown bytes, libinit2.o(.ARM.Collect$$libinit$$0000001B))

<P><STRONG><a name="[20a]"></a>__rt_lib_init_clock_1</STRONG> (Thumb, 0 bytes, Stack size unknown bytes, libinit2.o(.ARM.Collect$$libinit$$00000021))

<P><STRONG><a name="[20b]"></a>__rt_lib_init_cpp_1</STRONG> (Thumb, 0 bytes, Stack size unknown bytes, libinit2.o(.ARM.Collect$$libinit$$00000032))

<P><STRONG><a name="[20c]"></a>__rt_lib_init_exceptions_1</STRONG> (Thumb, 0 bytes, Stack size unknown bytes, libinit2.o(.ARM.Collect$$libinit$$00000030))

<P><STRONG><a name="[20d]"></a>__rt_lib_init_fp_trap_1</STRONG> (Thumb, 0 bytes, Stack size unknown bytes, libinit2.o(.ARM.Collect$$libinit$$0000001F))

<P><STRONG><a name="[20e]"></a>__rt_lib_init_getenv_1</STRONG> (Thumb, 0 bytes, Stack size unknown bytes, libinit2.o(.ARM.Collect$$libinit$$00000023))

<P><STRONG><a name="[20f]"></a>__rt_lib_init_heap_1</STRONG> (Thumb, 0 bytes, Stack size unknown bytes, libinit2.o(.ARM.Collect$$libinit$$0000000A))

<P><STRONG><a name="[210]"></a>__rt_lib_init_lc_collate_1</STRONG> (Thumb, 0 bytes, Stack size unknown bytes, libinit2.o(.ARM.Collect$$libinit$$00000011))

<P><STRONG><a name="[211]"></a>__rt_lib_init_lc_ctype_1</STRONG> (Thumb, 0 bytes, Stack size unknown bytes, libinit2.o(.ARM.Collect$$libinit$$00000013))

<P><STRONG><a name="[212]"></a>__rt_lib_init_lc_monetary_1</STRONG> (Thumb, 0 bytes, Stack size unknown bytes, libinit2.o(.ARM.Collect$$libinit$$00000015))

<P><STRONG><a name="[213]"></a>__rt_lib_init_lc_numeric_1</STRONG> (Thumb, 0 bytes, Stack size unknown bytes, libinit2.o(.ARM.Collect$$libinit$$00000017))

<P><STRONG><a name="[214]"></a>__rt_lib_init_lc_time_1</STRONG> (Thumb, 0 bytes, Stack size unknown bytes, libinit2.o(.ARM.Collect$$libinit$$00000019))

<P><STRONG><a name="[215]"></a>__rt_lib_init_preinit_1</STRONG> (Thumb, 0 bytes, Stack size unknown bytes, libinit2.o(.ARM.Collect$$libinit$$00000004))

<P><STRONG><a name="[216]"></a>__rt_lib_init_rand_1</STRONG> (Thumb, 0 bytes, Stack size unknown bytes, libinit2.o(.ARM.Collect$$libinit$$0000000E))

<P><STRONG><a name="[217]"></a>__rt_lib_init_return</STRONG> (Thumb, 0 bytes, Stack size unknown bytes, libinit2.o(.ARM.Collect$$libinit$$00000033))

<P><STRONG><a name="[218]"></a>__rt_lib_init_signal_1</STRONG> (Thumb, 0 bytes, Stack size unknown bytes, libinit2.o(.ARM.Collect$$libinit$$0000001D))

<P><STRONG><a name="[219]"></a>__rt_lib_init_stdio_1</STRONG> (Thumb, 0 bytes, Stack size unknown bytes, libinit2.o(.ARM.Collect$$libinit$$00000025))

<P><STRONG><a name="[21a]"></a>__rt_lib_init_user_alloc_1</STRONG> (Thumb, 0 bytes, Stack size unknown bytes, libinit2.o(.ARM.Collect$$libinit$$0000000C))

<P><STRONG><a name="[c2]"></a>__rt_lib_shutdown</STRONG> (Thumb, 0 bytes, Stack size unknown bytes, libshutdown.o(.ARM.Collect$$libshutdown$$00000000))
<BR><BR>[Called By]<UL><LI><a href="#[c1]">&gt;&gt;</a>&nbsp;&nbsp;&nbsp;__rt_exit_ls
</UL>

<P><STRONG><a name="[21b]"></a>__rt_lib_shutdown_cpp_1</STRONG> (Thumb, 0 bytes, Stack size unknown bytes, libshutdown2.o(.ARM.Collect$$libshutdown$$00000002))

<P><STRONG><a name="[21c]"></a>__rt_lib_shutdown_fp_trap_1</STRONG> (Thumb, 0 bytes, Stack size unknown bytes, libshutdown2.o(.ARM.Collect$$libshutdown$$00000007))

<P><STRONG><a name="[21d]"></a>__rt_lib_shutdown_heap_1</STRONG> (Thumb, 0 bytes, Stack size unknown bytes, libshutdown2.o(.ARM.Collect$$libshutdown$$0000000F))

<P><STRONG><a name="[21e]"></a>__rt_lib_shutdown_return</STRONG> (Thumb, 0 bytes, Stack size unknown bytes, libshutdown2.o(.ARM.Collect$$libshutdown$$00000010))

<P><STRONG><a name="[21f]"></a>__rt_lib_shutdown_signal_1</STRONG> (Thumb, 0 bytes, Stack size unknown bytes, libshutdown2.o(.ARM.Collect$$libshutdown$$0000000A))

<P><STRONG><a name="[220]"></a>__rt_lib_shutdown_stdio_1</STRONG> (Thumb, 0 bytes, Stack size unknown bytes, libshutdown2.o(.ARM.Collect$$libshutdown$$00000004))

<P><STRONG><a name="[221]"></a>__rt_lib_shutdown_user_alloc_1</STRONG> (Thumb, 0 bytes, Stack size unknown bytes, libshutdown2.o(.ARM.Collect$$libshutdown$$0000000C))

<P><STRONG><a name="[b6]"></a>__rt_entry</STRONG> (Thumb, 0 bytes, Stack size unknown bytes, __rtentry.o(.ARM.Collect$$rtentry$$00000000))
<BR><BR>[Called By]<UL><LI><a href="#[b7]">&gt;&gt;</a>&nbsp;&nbsp;&nbsp;__scatterload_rt2
<LI><a href="#[b4]">&gt;&gt;</a>&nbsp;&nbsp;&nbsp;__main
</UL>

<P><STRONG><a name="[222]"></a>__rt_entry_presh_1</STRONG> (Thumb, 0 bytes, Stack size unknown bytes, __rtentry2.o(.ARM.Collect$$rtentry$$00000002))

<P><STRONG><a name="[ba]"></a>__rt_entry_sh</STRONG> (Thumb, 0 bytes, Stack size unknown bytes, __rtentry4.o(.ARM.Collect$$rtentry$$00000004))
<BR><BR>[Stack]<UL><LI>Max Depth = 8 + Unknown Stack Size
<LI>Call Chain = __rt_entry_sh &rArr; __user_setup_stackheap
</UL>
<BR>[Calls]<UL><LI><a href="#[bb]">&gt;&gt;</a>&nbsp;&nbsp;&nbsp;__user_setup_stackheap
</UL>

<P><STRONG><a name="[bc]"></a>__rt_entry_li</STRONG> (Thumb, 0 bytes, Stack size unknown bytes, __rtentry2.o(.ARM.Collect$$rtentry$$0000000A))
<BR><BR>[Calls]<UL><LI><a href="#[bd]">&gt;&gt;</a>&nbsp;&nbsp;&nbsp;__rt_lib_init
</UL>

<P><STRONG><a name="[223]"></a>__rt_entry_postsh_1</STRONG> (Thumb, 0 bytes, Stack size unknown bytes, __rtentry2.o(.ARM.Collect$$rtentry$$00000009))

<P><STRONG><a name="[be]"></a>__rt_entry_main</STRONG> (Thumb, 0 bytes, Stack size unknown bytes, __rtentry2.o(.ARM.Collect$$rtentry$$0000000D))
<BR><BR>[Stack]<UL><LI>Max Depth = 472 + Unknown Stack Size
<LI>Call Chain = __rt_entry_main &rArr; main &rArr; MX_CANopen_Init &rArr; codrvCanInit &rArr; codrvCanInitController &rArr; codrvCanSetBitRate &rArr; HAL_FDCAN_Init &rArr; HAL_FDCAN_MspInit &rArr; HAL_RCCEx_PeriphCLKConfig &rArr; RCCEx_PLL3_Config
</UL>
<BR>[Calls]<UL><LI><a href="#[bf]">&gt;&gt;</a>&nbsp;&nbsp;&nbsp;main
<LI><a href="#[c0]">&gt;&gt;</a>&nbsp;&nbsp;&nbsp;exit
</UL>

<P><STRONG><a name="[224]"></a>__rt_entry_postli_1</STRONG> (Thumb, 0 bytes, Stack size unknown bytes, __rtentry2.o(.ARM.Collect$$rtentry$$0000000C))

<P><STRONG><a name="[ce]"></a>__rt_exit</STRONG> (Thumb, 0 bytes, Stack size unknown bytes, rtexit.o(.ARM.Collect$$rtexit$$00000000))
<BR><BR>[Called By]<UL><LI><a href="#[c0]">&gt;&gt;</a>&nbsp;&nbsp;&nbsp;exit
</UL>

<P><STRONG><a name="[c1]"></a>__rt_exit_ls</STRONG> (Thumb, 0 bytes, Stack size unknown bytes, rtexit2.o(.ARM.Collect$$rtexit$$00000003))
<BR><BR>[Calls]<UL><LI><a href="#[c2]">&gt;&gt;</a>&nbsp;&nbsp;&nbsp;__rt_lib_shutdown
</UL>

<P><STRONG><a name="[225]"></a>__rt_exit_prels_1</STRONG> (Thumb, 0 bytes, Stack size unknown bytes, rtexit2.o(.ARM.Collect$$rtexit$$00000002))

<P><STRONG><a name="[c3]"></a>__rt_exit_exit</STRONG> (Thumb, 0 bytes, Stack size unknown bytes, rtexit2.o(.ARM.Collect$$rtexit$$00000004))
<BR><BR>[Calls]<UL><LI><a href="#[c4]">&gt;&gt;</a>&nbsp;&nbsp;&nbsp;_sys_exit
</UL>

<P><STRONG><a name="[9]"></a>SVC_Handler</STRONG> (Thumb, 28 bytes, Stack size 0 bytes, port.o(.emb_text))
<BR>[Address Reference Count : 1]<UL><LI> startup_stm32h745xx_cm7.o(RESET)
</UL>
<P><STRONG><a name="[1fa]"></a>__asm___6_port_c_39a90d8d__prvStartFirstTask</STRONG> (Thumb, 36 bytes, Stack size 0 bytes, port.o(.emb_text))
<BR><BR>[Called By]<UL><LI><a href="#[1f7]">&gt;&gt;</a>&nbsp;&nbsp;&nbsp;xPortStartScheduler
</UL>

<P><STRONG><a name="[1f9]"></a>__asm___6_port_c_39a90d8d__prvEnableVFP</STRONG> (Thumb, 16 bytes, Stack size 0 bytes, port.o(.emb_text))
<BR><BR>[Called By]<UL><LI><a href="#[1f7]">&gt;&gt;</a>&nbsp;&nbsp;&nbsp;xPortStartScheduler
</UL>

<P><STRONG><a name="[b]"></a>PendSV_Handler</STRONG> (Thumb, 88 bytes, Stack size 0 bytes, port.o(.emb_text))
<BR><BR>[Stack]<UL><LI>Max Depth = 8<LI>Call Chain = PendSV_Handler &rArr; vTaskSwitchContext
</UL>
<BR>[Calls]<UL><LI><a href="#[c5]">&gt;&gt;</a>&nbsp;&nbsp;&nbsp;vTaskSwitchContext
</UL>
<BR>[Address Reference Count : 1]<UL><LI> startup_stm32h745xx_cm7.o(RESET)
</UL>
<P><STRONG><a name="[1f2]"></a>vPortGetIPSR</STRONG> (Thumb, 6 bytes, Stack size 0 bytes, port.o(.emb_text))
<BR><BR>[Called By]<UL><LI><a href="#[1f1]">&gt;&gt;</a>&nbsp;&nbsp;&nbsp;vPortValidateInterruptPriority
</UL>

<P><STRONG><a name="[3]"></a>Reset_Handler</STRONG> (Thumb, 8 bytes, Stack size 0 bytes, startup_stm32h745xx_cm7.o(.text))
<BR>[Address Reference Count : 1]<UL><LI> startup_stm32h745xx_cm7.o(RESET)
</UL>
<P><STRONG><a name="[87]"></a>ADC3_IRQHandler</STRONG> (Thumb, 0 bytes, Stack size 0 bytes, startup_stm32h745xx_cm7.o(.text))
<BR><BR>[Calls]<UL><LI><a href="#[87]">&gt;&gt;</a>&nbsp;&nbsp;&nbsp;ADC3_IRQHandler
</UL>
<BR>[Called By]<UL><LI><a href="#[87]">&gt;&gt;</a>&nbsp;&nbsp;&nbsp;ADC3_IRQHandler
</UL>
<BR>[Address Reference Count : 1]<UL><LI> startup_stm32h745xx_cm7.o(RESET)
</UL>
<P><STRONG><a name="[1f]"></a>ADC_IRQHandler</STRONG> (Thumb, 0 bytes, Stack size 0 bytes, startup_stm32h745xx_cm7.o(.text))
<BR>[Address Reference Count : 1]<UL><LI> startup_stm32h745xx_cm7.o(RESET)
</UL>
<P><STRONG><a name="[89]"></a>BDMA_Channel0_IRQHandler</STRONG> (Thumb, 0 bytes, Stack size 0 bytes, startup_stm32h745xx_cm7.o(.text))
<BR>[Address Reference Count : 1]<UL><LI> startup_stm32h745xx_cm7.o(RESET)
</UL>
<P><STRONG><a name="[8a]"></a>BDMA_Channel1_IRQHandler</STRONG> (Thumb, 0 bytes, Stack size 0 bytes, startup_stm32h745xx_cm7.o(.text))
<BR>[Address Reference Count : 1]<UL><LI> startup_stm32h745xx_cm7.o(RESET)
</UL>
<P><STRONG><a name="[8b]"></a>BDMA_Channel2_IRQHandler</STRONG> (Thumb, 0 bytes, Stack size 0 bytes, startup_stm32h745xx_cm7.o(.text))
<BR>[Address Reference Count : 1]<UL><LI> startup_stm32h745xx_cm7.o(RESET)
</UL>
<P><STRONG><a name="[8c]"></a>BDMA_Channel3_IRQHandler</STRONG> (Thumb, 0 bytes, Stack size 0 bytes, startup_stm32h745xx_cm7.o(.text))
<BR>[Address Reference Count : 1]<UL><LI> startup_stm32h745xx_cm7.o(RESET)
</UL>
<P><STRONG><a name="[8d]"></a>BDMA_Channel4_IRQHandler</STRONG> (Thumb, 0 bytes, Stack size 0 bytes, startup_stm32h745xx_cm7.o(.text))
<BR>[Address Reference Count : 1]<UL><LI> startup_stm32h745xx_cm7.o(RESET)
</UL>
<P><STRONG><a name="[8e]"></a>BDMA_Channel5_IRQHandler</STRONG> (Thumb, 0 bytes, Stack size 0 bytes, startup_stm32h745xx_cm7.o(.text))
<BR>[Address Reference Count : 1]<UL><LI> startup_stm32h745xx_cm7.o(RESET)
</UL>
<P><STRONG><a name="[8f]"></a>BDMA_Channel6_IRQHandler</STRONG> (Thumb, 0 bytes, Stack size 0 bytes, startup_stm32h745xx_cm7.o(.text))
<BR>[Address Reference Count : 1]<UL><LI> startup_stm32h745xx_cm7.o(RESET)
</UL>
<P><STRONG><a name="[90]"></a>BDMA_Channel7_IRQHandler</STRONG> (Thumb, 0 bytes, Stack size 0 bytes, startup_stm32h745xx_cm7.o(.text))
<BR>[Address Reference Count : 1]<UL><LI> startup_stm32h745xx_cm7.o(RESET)
</UL>
<P><STRONG><a name="[67]"></a>CEC_IRQHandler</STRONG> (Thumb, 0 bytes, Stack size 0 bytes, startup_stm32h745xx_cm7.o(.text))
<BR>[Address Reference Count : 1]<UL><LI> startup_stm32h745xx_cm7.o(RESET)
</UL>
<P><STRONG><a name="[4d]"></a>CM4_SEV_IRQHandler</STRONG> (Thumb, 0 bytes, Stack size 0 bytes, startup_stm32h745xx_cm7.o(.text))
<BR>[Address Reference Count : 1]<UL><LI> startup_stm32h745xx_cm7.o(RESET)
</UL>
<P><STRONG><a name="[4c]"></a>CM7_SEV_IRQHandler</STRONG> (Thumb, 0 bytes, Stack size 0 bytes, startup_stm32h745xx_cm7.o(.text))
<BR>[Address Reference Count : 1]<UL><LI> startup_stm32h745xx_cm7.o(RESET)
</UL>
<P><STRONG><a name="[91]"></a>COMP1_IRQHandler</STRONG> (Thumb, 0 bytes, Stack size 0 bytes, startup_stm32h745xx_cm7.o(.text))
<BR>[Address Reference Count : 1]<UL><LI> startup_stm32h745xx_cm7.o(RESET)
</UL>
<P><STRONG><a name="[98]"></a>CRS_IRQHandler</STRONG> (Thumb, 0 bytes, Stack size 0 bytes, startup_stm32h745xx_cm7.o(.text))
<BR>[Address Reference Count : 1]<UL><LI> startup_stm32h745xx_cm7.o(RESET)
</UL>
<P><STRONG><a name="[58]"></a>DCMI_IRQHandler</STRONG> (Thumb, 0 bytes, Stack size 0 bytes, startup_stm32h745xx_cm7.o(.text))
<BR>[Address Reference Count : 1]<UL><LI> startup_stm32h745xx_cm7.o(RESET)
</UL>
<P><STRONG><a name="[77]"></a>DFSDM1_FLT0_IRQHandler</STRONG> (Thumb, 0 bytes, Stack size 0 bytes, startup_stm32h745xx_cm7.o(.text))
<BR>[Address Reference Count : 1]<UL><LI> startup_stm32h745xx_cm7.o(RESET)
</UL>
<P><STRONG><a name="[78]"></a>DFSDM1_FLT1_IRQHandler</STRONG> (Thumb, 0 bytes, Stack size 0 bytes, startup_stm32h745xx_cm7.o(.text))
<BR>[Address Reference Count : 1]<UL><LI> startup_stm32h745xx_cm7.o(RESET)
</UL>
<P><STRONG><a name="[79]"></a>DFSDM1_FLT2_IRQHandler</STRONG> (Thumb, 0 bytes, Stack size 0 bytes, startup_stm32h745xx_cm7.o(.text))
<BR>[Address Reference Count : 1]<UL><LI> startup_stm32h745xx_cm7.o(RESET)
</UL>
<P><STRONG><a name="[7a]"></a>DFSDM1_FLT3_IRQHandler</STRONG> (Thumb, 0 bytes, Stack size 0 bytes, startup_stm32h745xx_cm7.o(.text))
<BR>[Address Reference Count : 1]<UL><LI> startup_stm32h745xx_cm7.o(RESET)
</UL>
<P><STRONG><a name="[18]"></a>DMA1_Stream0_IRQHandler</STRONG> (Thumb, 0 bytes, Stack size 0 bytes, startup_stm32h745xx_cm7.o(.text))
<BR>[Address Reference Count : 1]<UL><LI> startup_stm32h745xx_cm7.o(RESET)
</UL>
<P><STRONG><a name="[19]"></a>DMA1_Stream1_IRQHandler</STRONG> (Thumb, 0 bytes, Stack size 0 bytes, startup_stm32h745xx_cm7.o(.text))
<BR>[Address Reference Count : 1]<UL><LI> startup_stm32h745xx_cm7.o(RESET)
</UL>
<P><STRONG><a name="[1a]"></a>DMA1_Stream2_IRQHandler</STRONG> (Thumb, 0 bytes, Stack size 0 bytes, startup_stm32h745xx_cm7.o(.text))
<BR>[Address Reference Count : 1]<UL><LI> startup_stm32h745xx_cm7.o(RESET)
</UL>
<P><STRONG><a name="[1b]"></a>DMA1_Stream3_IRQHandler</STRONG> (Thumb, 0 bytes, Stack size 0 bytes, startup_stm32h745xx_cm7.o(.text))
<BR>[Address Reference Count : 1]<UL><LI> startup_stm32h745xx_cm7.o(RESET)
</UL>
<P><STRONG><a name="[1c]"></a>DMA1_Stream4_IRQHandler</STRONG> (Thumb, 0 bytes, Stack size 0 bytes, startup_stm32h745xx_cm7.o(.text))
<BR>[Address Reference Count : 1]<UL><LI> startup_stm32h745xx_cm7.o(RESET)
</UL>
<P><STRONG><a name="[1d]"></a>DMA1_Stream5_IRQHandler</STRONG> (Thumb, 0 bytes, Stack size 0 bytes, startup_stm32h745xx_cm7.o(.text))
<BR>[Address Reference Count : 1]<UL><LI> startup_stm32h745xx_cm7.o(RESET)
</UL>
<P><STRONG><a name="[1e]"></a>DMA1_Stream6_IRQHandler</STRONG> (Thumb, 0 bytes, Stack size 0 bytes, startup_stm32h745xx_cm7.o(.text))
<BR>[Address Reference Count : 1]<UL><LI> startup_stm32h745xx_cm7.o(RESET)
</UL>
<P><STRONG><a name="[3b]"></a>DMA1_Stream7_IRQHandler</STRONG> (Thumb, 0 bytes, Stack size 0 bytes, startup_stm32h745xx_cm7.o(.text))
<BR>[Address Reference Count : 1]<UL><LI> startup_stm32h745xx_cm7.o(RESET)
</UL>
<P><STRONG><a name="[63]"></a>DMA2D_IRQHandler</STRONG> (Thumb, 0 bytes, Stack size 0 bytes, startup_stm32h745xx_cm7.o(.text))
<BR>[Address Reference Count : 1]<UL><LI> startup_stm32h745xx_cm7.o(RESET)
</UL>
<P><STRONG><a name="[44]"></a>DMA2_Stream0_IRQHandler</STRONG> (Thumb, 0 bytes, Stack size 0 bytes, startup_stm32h745xx_cm7.o(.text))
<BR>[Address Reference Count : 1]<UL><LI> startup_stm32h745xx_cm7.o(RESET)
</UL>
<P><STRONG><a name="[45]"></a>DMA2_Stream1_IRQHandler</STRONG> (Thumb, 0 bytes, Stack size 0 bytes, startup_stm32h745xx_cm7.o(.text))
<BR>[Address Reference Count : 1]<UL><LI> startup_stm32h745xx_cm7.o(RESET)
</UL>
<P><STRONG><a name="[46]"></a>DMA2_Stream2_IRQHandler</STRONG> (Thumb, 0 bytes, Stack size 0 bytes, startup_stm32h745xx_cm7.o(.text))
<BR>[Address Reference Count : 1]<UL><LI> startup_stm32h745xx_cm7.o(RESET)
</UL>
<P><STRONG><a name="[47]"></a>DMA2_Stream3_IRQHandler</STRONG> (Thumb, 0 bytes, Stack size 0 bytes, startup_stm32h745xx_cm7.o(.text))
<BR>[Address Reference Count : 1]<UL><LI> startup_stm32h745xx_cm7.o(RESET)
</UL>
<P><STRONG><a name="[48]"></a>DMA2_Stream4_IRQHandler</STRONG> (Thumb, 0 bytes, Stack size 0 bytes, startup_stm32h745xx_cm7.o(.text))
<BR>[Address Reference Count : 1]<UL><LI> startup_stm32h745xx_cm7.o(RESET)
</UL>
<P><STRONG><a name="[4e]"></a>DMA2_Stream5_IRQHandler</STRONG> (Thumb, 0 bytes, Stack size 0 bytes, startup_stm32h745xx_cm7.o(.text))
<BR>[Address Reference Count : 1]<UL><LI> startup_stm32h745xx_cm7.o(RESET)
</UL>
<P><STRONG><a name="[4f]"></a>DMA2_Stream6_IRQHandler</STRONG> (Thumb, 0 bytes, Stack size 0 bytes, startup_stm32h745xx_cm7.o(.text))
<BR>[Address Reference Count : 1]<UL><LI> startup_stm32h745xx_cm7.o(RESET)
</UL>
<P><STRONG><a name="[50]"></a>DMA2_Stream7_IRQHandler</STRONG> (Thumb, 0 bytes, Stack size 0 bytes, startup_stm32h745xx_cm7.o(.text))
<BR>[Address Reference Count : 1]<UL><LI> startup_stm32h745xx_cm7.o(RESET)
</UL>
<P><STRONG><a name="[6f]"></a>DMAMUX1_OVR_IRQHandler</STRONG> (Thumb, 0 bytes, Stack size 0 bytes, startup_stm32h745xx_cm7.o(.text))
<BR>[Address Reference Count : 1]<UL><LI> startup_stm32h745xx_cm7.o(RESET)
</UL>
<P><STRONG><a name="[88]"></a>DMAMUX2_OVR_IRQHandler</STRONG> (Thumb, 0 bytes, Stack size 0 bytes, startup_stm32h745xx_cm7.o(.text))
<BR>[Address Reference Count : 1]<UL><LI> startup_stm32h745xx_cm7.o(RESET)
</UL>
<P><STRONG><a name="[99]"></a>ECC_IRQHandler</STRONG> (Thumb, 0 bytes, Stack size 0 bytes, startup_stm32h745xx_cm7.o(.text))
<BR>[Address Reference Count : 1]<UL><LI> startup_stm32h745xx_cm7.o(RESET)
</UL>
<P><STRONG><a name="[49]"></a>ETH_IRQHandler</STRONG> (Thumb, 0 bytes, Stack size 0 bytes, startup_stm32h745xx_cm7.o(.text))
<BR>[Address Reference Count : 1]<UL><LI> startup_stm32h745xx_cm7.o(RESET)
</UL>
<P><STRONG><a name="[4a]"></a>ETH_WKUP_IRQHandler</STRONG> (Thumb, 0 bytes, Stack size 0 bytes, startup_stm32h745xx_cm7.o(.text))
<BR>[Address Reference Count : 1]<UL><LI> startup_stm32h745xx_cm7.o(RESET)
</UL>
<P><STRONG><a name="[13]"></a>EXTI0_IRQHandler</STRONG> (Thumb, 0 bytes, Stack size 0 bytes, startup_stm32h745xx_cm7.o(.text))
<BR>[Address Reference Count : 1]<UL><LI> startup_stm32h745xx_cm7.o(RESET)
</UL>
<P><STRONG><a name="[14]"></a>EXTI1_IRQHandler</STRONG> (Thumb, 0 bytes, Stack size 0 bytes, startup_stm32h745xx_cm7.o(.text))
<BR>[Address Reference Count : 1]<UL><LI> startup_stm32h745xx_cm7.o(RESET)
</UL>
<P><STRONG><a name="[15]"></a>EXTI2_IRQHandler</STRONG> (Thumb, 0 bytes, Stack size 0 bytes, startup_stm32h745xx_cm7.o(.text))
<BR>[Address Reference Count : 1]<UL><LI> startup_stm32h745xx_cm7.o(RESET)
</UL>
<P><STRONG><a name="[16]"></a>EXTI3_IRQHandler</STRONG> (Thumb, 0 bytes, Stack size 0 bytes, startup_stm32h745xx_cm7.o(.text))
<BR>[Address Reference Count : 1]<UL><LI> startup_stm32h745xx_cm7.o(RESET)
</UL>
<P><STRONG><a name="[17]"></a>EXTI4_IRQHandler</STRONG> (Thumb, 0 bytes, Stack size 0 bytes, startup_stm32h745xx_cm7.o(.text))
<BR>[Address Reference Count : 1]<UL><LI> startup_stm32h745xx_cm7.o(RESET)
</UL>
<P><STRONG><a name="[24]"></a>EXTI9_5_IRQHandler</STRONG> (Thumb, 0 bytes, Stack size 0 bytes, startup_stm32h745xx_cm7.o(.text))
<BR>[Address Reference Count : 1]<UL><LI> startup_stm32h745xx_cm7.o(RESET)
</UL>
<P><STRONG><a name="[22]"></a>FDCAN1_IT1_IRQHandler</STRONG> (Thumb, 0 bytes, Stack size 0 bytes, startup_stm32h745xx_cm7.o(.text))
<BR>[Address Reference Count : 1]<UL><LI> startup_stm32h745xx_cm7.o(RESET)
</UL>
<P><STRONG><a name="[21]"></a>FDCAN2_IT0_IRQHandler</STRONG> (Thumb, 0 bytes, Stack size 0 bytes, startup_stm32h745xx_cm7.o(.text))
<BR>[Address Reference Count : 1]<UL><LI> startup_stm32h745xx_cm7.o(RESET)
</UL>
<P><STRONG><a name="[23]"></a>FDCAN2_IT1_IRQHandler</STRONG> (Thumb, 0 bytes, Stack size 0 bytes, startup_stm32h745xx_cm7.o(.text))
<BR>[Address Reference Count : 1]<UL><LI> startup_stm32h745xx_cm7.o(RESET)
</UL>
<P><STRONG><a name="[4b]"></a>FDCAN_CAL_IRQHandler</STRONG> (Thumb, 0 bytes, Stack size 0 bytes, startup_stm32h745xx_cm7.o(.text))
<BR>[Address Reference Count : 1]<UL><LI> startup_stm32h745xx_cm7.o(RESET)
</UL>
<P><STRONG><a name="[11]"></a>FLASH_IRQHandler</STRONG> (Thumb, 0 bytes, Stack size 0 bytes, startup_stm32h745xx_cm7.o(.text))
<BR>[Address Reference Count : 1]<UL><LI> startup_stm32h745xx_cm7.o(RESET)
</UL>
<P><STRONG><a name="[3c]"></a>FMC_IRQHandler</STRONG> (Thumb, 0 bytes, Stack size 0 bytes, startup_stm32h745xx_cm7.o(.text))
<BR>[Address Reference Count : 1]<UL><LI> startup_stm32h745xx_cm7.o(RESET)
</UL>
<P><STRONG><a name="[5a]"></a>FPU_IRQHandler</STRONG> (Thumb, 0 bytes, Stack size 0 bytes, startup_stm32h745xx_cm7.o(.text))
<BR>[Address Reference Count : 1]<UL><LI> startup_stm32h745xx_cm7.o(RESET)
</UL>
<P><STRONG><a name="[9b]"></a>HOLD_CORE_IRQHandler</STRONG> (Thumb, 0 bytes, Stack size 0 bytes, startup_stm32h745xx_cm7.o(.text))
<BR>[Address Reference Count : 1]<UL><LI> startup_stm32h745xx_cm7.o(RESET)
</UL>
<P><STRONG><a name="[76]"></a>HRTIM1_FLT_IRQHandler</STRONG> (Thumb, 0 bytes, Stack size 0 bytes, startup_stm32h745xx_cm7.o(.text))
<BR>[Address Reference Count : 1]<UL><LI> startup_stm32h745xx_cm7.o(RESET)
</UL>
<P><STRONG><a name="[70]"></a>HRTIM1_Master_IRQHandler</STRONG> (Thumb, 0 bytes, Stack size 0 bytes, startup_stm32h745xx_cm7.o(.text))
<BR>[Address Reference Count : 1]<UL><LI> startup_stm32h745xx_cm7.o(RESET)
</UL>
<P><STRONG><a name="[71]"></a>HRTIM1_TIMA_IRQHandler</STRONG> (Thumb, 0 bytes, Stack size 0 bytes, startup_stm32h745xx_cm7.o(.text))
<BR>[Address Reference Count : 1]<UL><LI> startup_stm32h745xx_cm7.o(RESET)
</UL>
<P><STRONG><a name="[72]"></a>HRTIM1_TIMB_IRQHandler</STRONG> (Thumb, 0 bytes, Stack size 0 bytes, startup_stm32h745xx_cm7.o(.text))
<BR>[Address Reference Count : 1]<UL><LI> startup_stm32h745xx_cm7.o(RESET)
</UL>
<P><STRONG><a name="[73]"></a>HRTIM1_TIMC_IRQHandler</STRONG> (Thumb, 0 bytes, Stack size 0 bytes, startup_stm32h745xx_cm7.o(.text))
<BR>[Address Reference Count : 1]<UL><LI> startup_stm32h745xx_cm7.o(RESET)
</UL>
<P><STRONG><a name="[74]"></a>HRTIM1_TIMD_IRQHandler</STRONG> (Thumb, 0 bytes, Stack size 0 bytes, startup_stm32h745xx_cm7.o(.text))
<BR>[Address Reference Count : 1]<UL><LI> startup_stm32h745xx_cm7.o(RESET)
</UL>
<P><STRONG><a name="[75]"></a>HRTIM1_TIME_IRQHandler</STRONG> (Thumb, 0 bytes, Stack size 0 bytes, startup_stm32h745xx_cm7.o(.text))
<BR>[Address Reference Count : 1]<UL><LI> startup_stm32h745xx_cm7.o(RESET)
</UL>
<P><STRONG><a name="[85]"></a>HSEM1_IRQHandler</STRONG> (Thumb, 0 bytes, Stack size 0 bytes, startup_stm32h745xx_cm7.o(.text))
<BR>[Address Reference Count : 1]<UL><LI> startup_stm32h745xx_cm7.o(RESET)
</UL>
<P><STRONG><a name="[86]"></a>HSEM2_IRQHandler</STRONG> (Thumb, 0 bytes, Stack size 0 bytes, startup_stm32h745xx_cm7.o(.text))
<BR>[Address Reference Count : 1]<UL><LI> startup_stm32h745xx_cm7.o(RESET)
</UL>
<P><STRONG><a name="[2d]"></a>I2C1_ER_IRQHandler</STRONG> (Thumb, 0 bytes, Stack size 0 bytes, startup_stm32h745xx_cm7.o(.text))
<BR>[Address Reference Count : 1]<UL><LI> startup_stm32h745xx_cm7.o(RESET)
</UL>
<P><STRONG><a name="[2c]"></a>I2C1_EV_IRQHandler</STRONG> (Thumb, 0 bytes, Stack size 0 bytes, startup_stm32h745xx_cm7.o(.text))
<BR>[Address Reference Count : 1]<UL><LI> startup_stm32h745xx_cm7.o(RESET)
</UL>
<P><STRONG><a name="[2f]"></a>I2C2_ER_IRQHandler</STRONG> (Thumb, 0 bytes, Stack size 0 bytes, startup_stm32h745xx_cm7.o(.text))
<BR>[Address Reference Count : 1]<UL><LI> startup_stm32h745xx_cm7.o(RESET)
</UL>
<P><STRONG><a name="[2e]"></a>I2C2_EV_IRQHandler</STRONG> (Thumb, 0 bytes, Stack size 0 bytes, startup_stm32h745xx_cm7.o(.text))
<BR>[Address Reference Count : 1]<UL><LI> startup_stm32h745xx_cm7.o(RESET)
</UL>
<P><STRONG><a name="[53]"></a>I2C3_ER_IRQHandler</STRONG> (Thumb, 0 bytes, Stack size 0 bytes, startup_stm32h745xx_cm7.o(.text))
<BR>[Address Reference Count : 1]<UL><LI> startup_stm32h745xx_cm7.o(RESET)
</UL>
<P><STRONG><a name="[52]"></a>I2C3_EV_IRQHandler</STRONG> (Thumb, 0 bytes, Stack size 0 bytes, startup_stm32h745xx_cm7.o(.text))
<BR>[Address Reference Count : 1]<UL><LI> startup_stm32h745xx_cm7.o(RESET)
</UL>
<P><STRONG><a name="[69]"></a>I2C4_ER_IRQHandler</STRONG> (Thumb, 0 bytes, Stack size 0 bytes, startup_stm32h745xx_cm7.o(.text))
<BR>[Address Reference Count : 1]<UL><LI> startup_stm32h745xx_cm7.o(RESET)
</UL>
<P><STRONG><a name="[68]"></a>I2C4_EV_IRQHandler</STRONG> (Thumb, 0 bytes, Stack size 0 bytes, startup_stm32h745xx_cm7.o(.text))
<BR>[Address Reference Count : 1]<UL><LI> startup_stm32h745xx_cm7.o(RESET)
</UL>
<P><STRONG><a name="[82]"></a>JPEG_IRQHandler</STRONG> (Thumb, 0 bytes, Stack size 0 bytes, startup_stm32h745xx_cm7.o(.text))
<BR>[Address Reference Count : 1]<UL><LI> startup_stm32h745xx_cm7.o(RESET)
</UL>
<P><STRONG><a name="[66]"></a>LPTIM1_IRQHandler</STRONG> (Thumb, 0 bytes, Stack size 0 bytes, startup_stm32h745xx_cm7.o(.text))
<BR>[Address Reference Count : 1]<UL><LI> startup_stm32h745xx_cm7.o(RESET)
</UL>
<P><STRONG><a name="[92]"></a>LPTIM2_IRQHandler</STRONG> (Thumb, 0 bytes, Stack size 0 bytes, startup_stm32h745xx_cm7.o(.text))
<BR>[Address Reference Count : 1]<UL><LI> startup_stm32h745xx_cm7.o(RESET)
</UL>
<P><STRONG><a name="[93]"></a>LPTIM3_IRQHandler</STRONG> (Thumb, 0 bytes, Stack size 0 bytes, startup_stm32h745xx_cm7.o(.text))
<BR>[Address Reference Count : 1]<UL><LI> startup_stm32h745xx_cm7.o(RESET)
</UL>
<P><STRONG><a name="[94]"></a>LPTIM4_IRQHandler</STRONG> (Thumb, 0 bytes, Stack size 0 bytes, startup_stm32h745xx_cm7.o(.text))
<BR>[Address Reference Count : 1]<UL><LI> startup_stm32h745xx_cm7.o(RESET)
</UL>
<P><STRONG><a name="[95]"></a>LPTIM5_IRQHandler</STRONG> (Thumb, 0 bytes, Stack size 0 bytes, startup_stm32h745xx_cm7.o(.text))
<BR>[Address Reference Count : 1]<UL><LI> startup_stm32h745xx_cm7.o(RESET)
</UL>
<P><STRONG><a name="[96]"></a>LPUART1_IRQHandler</STRONG> (Thumb, 0 bytes, Stack size 0 bytes, startup_stm32h745xx_cm7.o(.text))
<BR>[Address Reference Count : 1]<UL><LI> startup_stm32h745xx_cm7.o(RESET)
</UL>
<P><STRONG><a name="[62]"></a>LTDC_ER_IRQHandler</STRONG> (Thumb, 0 bytes, Stack size 0 bytes, startup_stm32h745xx_cm7.o(.text))
<BR>[Address Reference Count : 1]<UL><LI> startup_stm32h745xx_cm7.o(RESET)
</UL>
<P><STRONG><a name="[61]"></a>LTDC_IRQHandler</STRONG> (Thumb, 0 bytes, Stack size 0 bytes, startup_stm32h745xx_cm7.o(.text))
<BR>[Address Reference Count : 1]<UL><LI> startup_stm32h745xx_cm7.o(RESET)
</UL>
<P><STRONG><a name="[81]"></a>MDIOS_IRQHandler</STRONG> (Thumb, 0 bytes, Stack size 0 bytes, startup_stm32h745xx_cm7.o(.text))
<BR>[Address Reference Count : 1]<UL><LI> startup_stm32h745xx_cm7.o(RESET)
</UL>
<P><STRONG><a name="[80]"></a>MDIOS_WKUP_IRQHandler</STRONG> (Thumb, 0 bytes, Stack size 0 bytes, startup_stm32h745xx_cm7.o(.text))
<BR>[Address Reference Count : 1]<UL><LI> startup_stm32h745xx_cm7.o(RESET)
</UL>
<P><STRONG><a name="[83]"></a>MDMA_IRQHandler</STRONG> (Thumb, 0 bytes, Stack size 0 bytes, startup_stm32h745xx_cm7.o(.text))
<BR>[Address Reference Count : 1]<UL><LI> startup_stm32h745xx_cm7.o(RESET)
</UL>
<P><STRONG><a name="[6c]"></a>OTG_FS_EP1_IN_IRQHandler</STRONG> (Thumb, 0 bytes, Stack size 0 bytes, startup_stm32h745xx_cm7.o(.text))
<BR>[Address Reference Count : 1]<UL><LI> startup_stm32h745xx_cm7.o(RESET)
</UL>
<P><STRONG><a name="[6b]"></a>OTG_FS_EP1_OUT_IRQHandler</STRONG> (Thumb, 0 bytes, Stack size 0 bytes, startup_stm32h745xx_cm7.o(.text))
<BR>[Address Reference Count : 1]<UL><LI> startup_stm32h745xx_cm7.o(RESET)
</UL>
<P><STRONG><a name="[6e]"></a>OTG_FS_IRQHandler</STRONG> (Thumb, 0 bytes, Stack size 0 bytes, startup_stm32h745xx_cm7.o(.text))
<BR>[Address Reference Count : 1]<UL><LI> startup_stm32h745xx_cm7.o(RESET)
</UL>
<P><STRONG><a name="[6d]"></a>OTG_FS_WKUP_IRQHandler</STRONG> (Thumb, 0 bytes, Stack size 0 bytes, startup_stm32h745xx_cm7.o(.text))
<BR>[Address Reference Count : 1]<UL><LI> startup_stm32h745xx_cm7.o(RESET)
</UL>
<P><STRONG><a name="[55]"></a>OTG_HS_EP1_IN_IRQHandler</STRONG> (Thumb, 0 bytes, Stack size 0 bytes, startup_stm32h745xx_cm7.o(.text))
<BR>[Address Reference Count : 1]<UL><LI> startup_stm32h745xx_cm7.o(RESET)
</UL>
<P><STRONG><a name="[54]"></a>OTG_HS_EP1_OUT_IRQHandler</STRONG> (Thumb, 0 bytes, Stack size 0 bytes, startup_stm32h745xx_cm7.o(.text))
<BR>[Address Reference Count : 1]<UL><LI> startup_stm32h745xx_cm7.o(RESET)
</UL>
<P><STRONG><a name="[57]"></a>OTG_HS_IRQHandler</STRONG> (Thumb, 0 bytes, Stack size 0 bytes, startup_stm32h745xx_cm7.o(.text))
<BR>[Address Reference Count : 1]<UL><LI> startup_stm32h745xx_cm7.o(RESET)
</UL>
<P><STRONG><a name="[56]"></a>OTG_HS_WKUP_IRQHandler</STRONG> (Thumb, 0 bytes, Stack size 0 bytes, startup_stm32h745xx_cm7.o(.text))
<BR>[Address Reference Count : 1]<UL><LI> startup_stm32h745xx_cm7.o(RESET)
</UL>
<P><STRONG><a name="[e]"></a>PVD_AVD_IRQHandler</STRONG> (Thumb, 0 bytes, Stack size 0 bytes, startup_stm32h745xx_cm7.o(.text))
<BR>[Address Reference Count : 1]<UL><LI> startup_stm32h745xx_cm7.o(RESET)
</UL>
<P><STRONG><a name="[65]"></a>QUADSPI_IRQHandler</STRONG> (Thumb, 0 bytes, Stack size 0 bytes, startup_stm32h745xx_cm7.o(.text))
<BR>[Address Reference Count : 1]<UL><LI> startup_stm32h745xx_cm7.o(RESET)
</UL>
<P><STRONG><a name="[12]"></a>RCC_IRQHandler</STRONG> (Thumb, 0 bytes, Stack size 0 bytes, startup_stm32h745xx_cm7.o(.text))
<BR>[Address Reference Count : 1]<UL><LI> startup_stm32h745xx_cm7.o(RESET)
</UL>
<P><STRONG><a name="[59]"></a>RNG_IRQHandler</STRONG> (Thumb, 0 bytes, Stack size 0 bytes, startup_stm32h745xx_cm7.o(.text))
<BR>[Address Reference Count : 1]<UL><LI> startup_stm32h745xx_cm7.o(RESET)
</UL>
<P><STRONG><a name="[36]"></a>RTC_Alarm_IRQHandler</STRONG> (Thumb, 0 bytes, Stack size 0 bytes, startup_stm32h745xx_cm7.o(.text))
<BR>[Address Reference Count : 1]<UL><LI> startup_stm32h745xx_cm7.o(RESET)
</UL>
<P><STRONG><a name="[10]"></a>RTC_WKUP_IRQHandler</STRONG> (Thumb, 0 bytes, Stack size 0 bytes, startup_stm32h745xx_cm7.o(.text))
<BR>[Address Reference Count : 1]<UL><LI> startup_stm32h745xx_cm7.o(RESET)
</UL>
<P><STRONG><a name="[60]"></a>SAI1_IRQHandler</STRONG> (Thumb, 0 bytes, Stack size 0 bytes, startup_stm32h745xx_cm7.o(.text))
<BR>[Address Reference Count : 1]<UL><LI> startup_stm32h745xx_cm7.o(RESET)
</UL>
<P><STRONG><a name="[64]"></a>SAI2_IRQHandler</STRONG> (Thumb, 0 bytes, Stack size 0 bytes, startup_stm32h745xx_cm7.o(.text))
<BR>[Address Reference Count : 1]<UL><LI> startup_stm32h745xx_cm7.o(RESET)
</UL>
<P><STRONG><a name="[7b]"></a>SAI3_IRQHandler</STRONG> (Thumb, 0 bytes, Stack size 0 bytes, startup_stm32h745xx_cm7.o(.text))
<BR>[Address Reference Count : 1]<UL><LI> startup_stm32h745xx_cm7.o(RESET)
</UL>
<P><STRONG><a name="[9a]"></a>SAI4_IRQHandler</STRONG> (Thumb, 0 bytes, Stack size 0 bytes, startup_stm32h745xx_cm7.o(.text))
<BR>[Address Reference Count : 1]<UL><LI> startup_stm32h745xx_cm7.o(RESET)
</UL>
<P><STRONG><a name="[3d]"></a>SDMMC1_IRQHandler</STRONG> (Thumb, 0 bytes, Stack size 0 bytes, startup_stm32h745xx_cm7.o(.text))
<BR>[Address Reference Count : 1]<UL><LI> startup_stm32h745xx_cm7.o(RESET)
</UL>
<P><STRONG><a name="[84]"></a>SDMMC2_IRQHandler</STRONG> (Thumb, 0 bytes, Stack size 0 bytes, startup_stm32h745xx_cm7.o(.text))
<BR>[Address Reference Count : 1]<UL><LI> startup_stm32h745xx_cm7.o(RESET)
</UL>
<P><STRONG><a name="[6a]"></a>SPDIF_RX_IRQHandler</STRONG> (Thumb, 0 bytes, Stack size 0 bytes, startup_stm32h745xx_cm7.o(.text))
<BR>[Address Reference Count : 1]<UL><LI> startup_stm32h745xx_cm7.o(RESET)
</UL>
<P><STRONG><a name="[30]"></a>SPI1_IRQHandler</STRONG> (Thumb, 0 bytes, Stack size 0 bytes, startup_stm32h745xx_cm7.o(.text))
<BR>[Address Reference Count : 1]<UL><LI> startup_stm32h745xx_cm7.o(RESET)
</UL>
<P><STRONG><a name="[31]"></a>SPI2_IRQHandler</STRONG> (Thumb, 0 bytes, Stack size 0 bytes, startup_stm32h745xx_cm7.o(.text))
<BR>[Address Reference Count : 1]<UL><LI> startup_stm32h745xx_cm7.o(RESET)
</UL>
<P><STRONG><a name="[3f]"></a>SPI3_IRQHandler</STRONG> (Thumb, 0 bytes, Stack size 0 bytes, startup_stm32h745xx_cm7.o(.text))
<BR>[Address Reference Count : 1]<UL><LI> startup_stm32h745xx_cm7.o(RESET)
</UL>
<P><STRONG><a name="[5d]"></a>SPI4_IRQHandler</STRONG> (Thumb, 0 bytes, Stack size 0 bytes, startup_stm32h745xx_cm7.o(.text))
<BR>[Address Reference Count : 1]<UL><LI> startup_stm32h745xx_cm7.o(RESET)
</UL>
<P><STRONG><a name="[5e]"></a>SPI5_IRQHandler</STRONG> (Thumb, 0 bytes, Stack size 0 bytes, startup_stm32h745xx_cm7.o(.text))
<BR>[Address Reference Count : 1]<UL><LI> startup_stm32h745xx_cm7.o(RESET)
</UL>
<P><STRONG><a name="[5f]"></a>SPI6_IRQHandler</STRONG> (Thumb, 0 bytes, Stack size 0 bytes, startup_stm32h745xx_cm7.o(.text))
<BR>[Address Reference Count : 1]<UL><LI> startup_stm32h745xx_cm7.o(RESET)
</UL>
<P><STRONG><a name="[7c]"></a>SWPMI1_IRQHandler</STRONG> (Thumb, 0 bytes, Stack size 0 bytes, startup_stm32h745xx_cm7.o(.text))
<BR>[Address Reference Count : 1]<UL><LI> startup_stm32h745xx_cm7.o(RESET)
</UL>
<P><STRONG><a name="[f]"></a>TAMP_STAMP_IRQHandler</STRONG> (Thumb, 0 bytes, Stack size 0 bytes, startup_stm32h745xx_cm7.o(.text))
<BR>[Address Reference Count : 1]<UL><LI> startup_stm32h745xx_cm7.o(RESET)
</UL>
<P><STRONG><a name="[7d]"></a>TIM15_IRQHandler</STRONG> (Thumb, 0 bytes, Stack size 0 bytes, startup_stm32h745xx_cm7.o(.text))
<BR>[Address Reference Count : 1]<UL><LI> startup_stm32h745xx_cm7.o(RESET)
</UL>
<P><STRONG><a name="[7e]"></a>TIM16_IRQHandler</STRONG> (Thumb, 0 bytes, Stack size 0 bytes, startup_stm32h745xx_cm7.o(.text))
<BR>[Address Reference Count : 1]<UL><LI> startup_stm32h745xx_cm7.o(RESET)
</UL>
<P><STRONG><a name="[25]"></a>TIM1_BRK_IRQHandler</STRONG> (Thumb, 0 bytes, Stack size 0 bytes, startup_stm32h745xx_cm7.o(.text))
<BR>[Address Reference Count : 1]<UL><LI> startup_stm32h745xx_cm7.o(RESET)
</UL>
<P><STRONG><a name="[28]"></a>TIM1_CC_IRQHandler</STRONG> (Thumb, 0 bytes, Stack size 0 bytes, startup_stm32h745xx_cm7.o(.text))
<BR>[Address Reference Count : 1]<UL><LI> startup_stm32h745xx_cm7.o(RESET)
</UL>
<P><STRONG><a name="[27]"></a>TIM1_TRG_COM_IRQHandler</STRONG> (Thumb, 0 bytes, Stack size 0 bytes, startup_stm32h745xx_cm7.o(.text))
<BR>[Address Reference Count : 1]<UL><LI> startup_stm32h745xx_cm7.o(RESET)
</UL>
<P><STRONG><a name="[26]"></a>TIM1_UP_IRQHandler</STRONG> (Thumb, 0 bytes, Stack size 0 bytes, startup_stm32h745xx_cm7.o(.text))
<BR>[Address Reference Count : 1]<UL><LI> startup_stm32h745xx_cm7.o(RESET)
</UL>
<P><STRONG><a name="[29]"></a>TIM2_IRQHandler</STRONG> (Thumb, 0 bytes, Stack size 0 bytes, startup_stm32h745xx_cm7.o(.text))
<BR>[Address Reference Count : 1]<UL><LI> startup_stm32h745xx_cm7.o(RESET)
</UL>
<P><STRONG><a name="[2a]"></a>TIM3_IRQHandler</STRONG> (Thumb, 0 bytes, Stack size 0 bytes, startup_stm32h745xx_cm7.o(.text))
<BR>[Address Reference Count : 1]<UL><LI> startup_stm32h745xx_cm7.o(RESET)
</UL>
<P><STRONG><a name="[2b]"></a>TIM4_IRQHandler</STRONG> (Thumb, 0 bytes, Stack size 0 bytes, startup_stm32h745xx_cm7.o(.text))
<BR>[Address Reference Count : 1]<UL><LI> startup_stm32h745xx_cm7.o(RESET)
</UL>
<P><STRONG><a name="[3e]"></a>TIM5_IRQHandler</STRONG> (Thumb, 0 bytes, Stack size 0 bytes, startup_stm32h745xx_cm7.o(.text))
<BR>[Address Reference Count : 1]<UL><LI> startup_stm32h745xx_cm7.o(RESET)
</UL>
<P><STRONG><a name="[42]"></a>TIM6_DAC_IRQHandler</STRONG> (Thumb, 0 bytes, Stack size 0 bytes, startup_stm32h745xx_cm7.o(.text))
<BR>[Address Reference Count : 1]<UL><LI> startup_stm32h745xx_cm7.o(RESET)
</UL>
<P><STRONG><a name="[43]"></a>TIM7_IRQHandler</STRONG> (Thumb, 0 bytes, Stack size 0 bytes, startup_stm32h745xx_cm7.o(.text))
<BR>[Address Reference Count : 1]<UL><LI> startup_stm32h745xx_cm7.o(RESET)
</UL>
<P><STRONG><a name="[37]"></a>TIM8_BRK_TIM12_IRQHandler</STRONG> (Thumb, 0 bytes, Stack size 0 bytes, startup_stm32h745xx_cm7.o(.text))
<BR>[Address Reference Count : 1]<UL><LI> startup_stm32h745xx_cm7.o(RESET)
</UL>
<P><STRONG><a name="[3a]"></a>TIM8_CC_IRQHandler</STRONG> (Thumb, 0 bytes, Stack size 0 bytes, startup_stm32h745xx_cm7.o(.text))
<BR>[Address Reference Count : 1]<UL><LI> startup_stm32h745xx_cm7.o(RESET)
</UL>
<P><STRONG><a name="[39]"></a>TIM8_TRG_COM_TIM14_IRQHandler</STRONG> (Thumb, 0 bytes, Stack size 0 bytes, startup_stm32h745xx_cm7.o(.text))
<BR>[Address Reference Count : 1]<UL><LI> startup_stm32h745xx_cm7.o(RESET)
</UL>
<P><STRONG><a name="[38]"></a>TIM8_UP_TIM13_IRQHandler</STRONG> (Thumb, 0 bytes, Stack size 0 bytes, startup_stm32h745xx_cm7.o(.text))
<BR>[Address Reference Count : 1]<UL><LI> startup_stm32h745xx_cm7.o(RESET)
</UL>
<P><STRONG><a name="[40]"></a>UART4_IRQHandler</STRONG> (Thumb, 0 bytes, Stack size 0 bytes, startup_stm32h745xx_cm7.o(.text))
<BR>[Address Reference Count : 1]<UL><LI> startup_stm32h745xx_cm7.o(RESET)
</UL>
<P><STRONG><a name="[41]"></a>UART5_IRQHandler</STRONG> (Thumb, 0 bytes, Stack size 0 bytes, startup_stm32h745xx_cm7.o(.text))
<BR>[Address Reference Count : 1]<UL><LI> startup_stm32h745xx_cm7.o(RESET)
</UL>
<P><STRONG><a name="[5b]"></a>UART7_IRQHandler</STRONG> (Thumb, 0 bytes, Stack size 0 bytes, startup_stm32h745xx_cm7.o(.text))
<BR>[Address Reference Count : 1]<UL><LI> startup_stm32h745xx_cm7.o(RESET)
</UL>
<P><STRONG><a name="[5c]"></a>UART8_IRQHandler</STRONG> (Thumb, 0 bytes, Stack size 0 bytes, startup_stm32h745xx_cm7.o(.text))
<BR>[Address Reference Count : 1]<UL><LI> startup_stm32h745xx_cm7.o(RESET)
</UL>
<P><STRONG><a name="[32]"></a>USART1_IRQHandler</STRONG> (Thumb, 0 bytes, Stack size 0 bytes, startup_stm32h745xx_cm7.o(.text))
<BR>[Address Reference Count : 1]<UL><LI> startup_stm32h745xx_cm7.o(RESET)
</UL>
<P><STRONG><a name="[33]"></a>USART2_IRQHandler</STRONG> (Thumb, 0 bytes, Stack size 0 bytes, startup_stm32h745xx_cm7.o(.text))
<BR>[Address Reference Count : 1]<UL><LI> startup_stm32h745xx_cm7.o(RESET)
</UL>
<P><STRONG><a name="[34]"></a>USART3_IRQHandler</STRONG> (Thumb, 0 bytes, Stack size 0 bytes, startup_stm32h745xx_cm7.o(.text))
<BR>[Address Reference Count : 1]<UL><LI> startup_stm32h745xx_cm7.o(RESET)
</UL>
<P><STRONG><a name="[51]"></a>USART6_IRQHandler</STRONG> (Thumb, 0 bytes, Stack size 0 bytes, startup_stm32h745xx_cm7.o(.text))
<BR>[Address Reference Count : 1]<UL><LI> startup_stm32h745xx_cm7.o(RESET)
</UL>
<P><STRONG><a name="[9c]"></a>WAKEUP_PIN_IRQHandler</STRONG> (Thumb, 0 bytes, Stack size 0 bytes, startup_stm32h745xx_cm7.o(.text))
<BR>[Address Reference Count : 1]<UL><LI> startup_stm32h745xx_cm7.o(RESET)
</UL>
<P><STRONG><a name="[d]"></a>WWDG_IRQHandler</STRONG> (Thumb, 0 bytes, Stack size 0 bytes, startup_stm32h745xx_cm7.o(.text))
<BR>[Address Reference Count : 1]<UL><LI> startup_stm32h745xx_cm7.o(RESET)
</UL>
<P><STRONG><a name="[97]"></a>WWDG_RST_IRQHandler</STRONG> (Thumb, 0 bytes, Stack size 0 bytes, startup_stm32h745xx_cm7.o(.text))
<BR>[Address Reference Count : 1]<UL><LI> startup_stm32h745xx_cm7.o(RESET)
</UL>
<P><STRONG><a name="[cd]"></a>__user_initial_stackheap</STRONG> (Thumb, 0 bytes, Stack size unknown bytes, startup_stm32h745xx_cm7.o(.text))
<BR><BR>[Called By]<UL><LI><a href="#[bb]">&gt;&gt;</a>&nbsp;&nbsp;&nbsp;__user_setup_stackheap
</UL>

<P><STRONG><a name="[17f]"></a>__aeabi_uldivmod</STRONG> (Thumb, 0 bytes, Stack size 48 bytes, lludivv7m.o(.text))
<BR><BR>[Stack]<UL><LI>Max Depth = 48<LI>Call Chain = __aeabi_uldivmod
</UL>
<BR>[Called By]<UL><LI><a href="#[104]">&gt;&gt;</a>&nbsp;&nbsp;&nbsp;codrvTimerSetup
</UL>

<P><STRONG><a name="[226]"></a>_ll_udiv</STRONG> (Thumb, 238 bytes, Stack size 48 bytes, lludivv7m.o(.text), UNUSED)

<P><STRONG><a name="[14c]"></a>memcmp</STRONG> (Thumb, 88 bytes, Stack size 8 bytes, memcmp.o(.text))
<BR><BR>[Stack]<UL><LI>Max Depth = 8<LI>Call Chain = memcmp
</UL>
<BR>[Called By]<UL><LI><a href="#[14b]">&gt;&gt;</a>&nbsp;&nbsp;&nbsp;coNumMemcpyPack
</UL>

<P><STRONG><a name="[14d]"></a>__aeabi_memcpy</STRONG> (Thumb, 0 bytes, Stack size 0 bytes, rt_memcpy_v6.o(.text))
<BR><BR>[Called By]<UL><LI><a href="#[1d6]">&gt;&gt;</a>&nbsp;&nbsp;&nbsp;prvCopyDataToQueue
<LI><a href="#[1d5]">&gt;&gt;</a>&nbsp;&nbsp;&nbsp;prvCopyDataFromQueue
<LI><a href="#[14e]">&gt;&gt;</a>&nbsp;&nbsp;&nbsp;coNumMemcpyUnpack
<LI><a href="#[14b]">&gt;&gt;</a>&nbsp;&nbsp;&nbsp;coNumMemcpyPack
<LI><a href="#[161]">&gt;&gt;</a>&nbsp;&nbsp;&nbsp;coQueueReceiveBufferIsFilled
</UL>

<P><STRONG><a name="[c6]"></a>__rt_memcpy</STRONG> (Thumb, 138 bytes, Stack size 0 bytes, rt_memcpy_v6.o(.text), UNUSED)
<BR><BR>[Calls]<UL><LI><a href="#[c7]">&gt;&gt;</a>&nbsp;&nbsp;&nbsp;__aeabi_memcpy4
</UL>

<P><STRONG><a name="[227]"></a>_memcpy_lastbytes</STRONG> (Thumb, 0 bytes, Stack size unknown bytes, rt_memcpy_v6.o(.text), UNUSED)

<P><STRONG><a name="[c7]"></a>__aeabi_memcpy4</STRONG> (Thumb, 0 bytes, Stack size 8 bytes, rt_memcpy_w.o(.text))
<BR><BR>[Stack]<UL><LI>Max Depth = 8<LI>Call Chain = __aeabi_memcpy4
</UL>
<BR>[Called By]<UL><LI><a href="#[d5]">&gt;&gt;</a>&nbsp;&nbsp;&nbsp;HAL_FDCAN_Init
<LI><a href="#[105]">&gt;&gt;</a>&nbsp;&nbsp;&nbsp;coCanOpenStackInit
<LI><a href="#[c6]">&gt;&gt;</a>&nbsp;&nbsp;&nbsp;__rt_memcpy
</UL>

<P><STRONG><a name="[228]"></a>__aeabi_memcpy8</STRONG> (Thumb, 0 bytes, Stack size 8 bytes, rt_memcpy_w.o(.text), UNUSED)

<P><STRONG><a name="[229]"></a>__rt_memcpy_w</STRONG> (Thumb, 100 bytes, Stack size 8 bytes, rt_memcpy_w.o(.text), UNUSED)

<P><STRONG><a name="[22a]"></a>_memcpy_lastbytes_aligned</STRONG> (Thumb, 0 bytes, Stack size unknown bytes, rt_memcpy_w.o(.text), UNUSED)

<P><STRONG><a name="[c8]"></a>__aeabi_memset</STRONG> (Thumb, 16 bytes, Stack size 0 bytes, aeabi_memset.o(.text))
<BR><BR>[Calls]<UL><LI><a href="#[c9]">&gt;&gt;</a>&nbsp;&nbsp;&nbsp;_memset
</UL>
<BR>[Called By]<UL><LI><a href="#[1dc]">&gt;&gt;</a>&nbsp;&nbsp;&nbsp;prvInitialiseNewTask
</UL>

<P><STRONG><a name="[d9]"></a>__aeabi_memclr4</STRONG> (Thumb, 0 bytes, Stack size 4 bytes, rt_memclr_w.o(.text))
<BR><BR>[Stack]<UL><LI>Max Depth = 4<LI>Call Chain = __aeabi_memclr4
</UL>
<BR>[Called By]<UL><LI><a href="#[d6]">&gt;&gt;</a>&nbsp;&nbsp;&nbsp;HAL_FDCAN_MspInit
<LI><a href="#[bf]">&gt;&gt;</a>&nbsp;&nbsp;&nbsp;main
<LI><a href="#[118]">&gt;&gt;</a>&nbsp;&nbsp;&nbsp;SystemClock_Config
<LI><a href="#[177]">&gt;&gt;</a>&nbsp;&nbsp;&nbsp;codrvCanTransmit
<LI><a href="#[13a]">&gt;&gt;</a>&nbsp;&nbsp;&nbsp;icoSdoServerVarInit
</UL>

<P><STRONG><a name="[22b]"></a>__aeabi_memclr8</STRONG> (Thumb, 0 bytes, Stack size 4 bytes, rt_memclr_w.o(.text), UNUSED)

<P><STRONG><a name="[22c]"></a>__rt_memclr_w</STRONG> (Thumb, 78 bytes, Stack size 4 bytes, rt_memclr_w.o(.text), UNUSED)

<P><STRONG><a name="[cb]"></a>_memset_w</STRONG> (Thumb, 0 bytes, Stack size unknown bytes, rt_memclr_w.o(.text), UNUSED)
<BR><BR>[Called By]<UL><LI><a href="#[ca]">&gt;&gt;</a>&nbsp;&nbsp;&nbsp;__rt_memclr
</UL>

<P><STRONG><a name="[22d]"></a>__use_two_region_memory</STRONG> (Thumb, 2 bytes, Stack size 0 bytes, heapauxi.o(.text), UNUSED)

<P><STRONG><a name="[22e]"></a>__rt_heap_escrow$2region</STRONG> (Thumb, 2 bytes, Stack size 0 bytes, heapauxi.o(.text), UNUSED)

<P><STRONG><a name="[22f]"></a>__rt_heap_expand$2region</STRONG> (Thumb, 2 bytes, Stack size 0 bytes, heapauxi.o(.text), UNUSED)

<P><STRONG><a name="[230]"></a>__aeabi_memclr</STRONG> (Thumb, 0 bytes, Stack size 0 bytes, rt_memclr.o(.text), UNUSED)

<P><STRONG><a name="[ca]"></a>__rt_memclr</STRONG> (Thumb, 68 bytes, Stack size 0 bytes, rt_memclr.o(.text), UNUSED)
<BR><BR>[Calls]<UL><LI><a href="#[cb]">&gt;&gt;</a>&nbsp;&nbsp;&nbsp;_memset_w
</UL>

<P><STRONG><a name="[c9]"></a>_memset</STRONG> (Thumb, 0 bytes, Stack size unknown bytes, rt_memclr.o(.text))
<BR><BR>[Called By]<UL><LI><a href="#[c8]">&gt;&gt;</a>&nbsp;&nbsp;&nbsp;__aeabi_memset
</UL>

<P><STRONG><a name="[bb]"></a>__user_setup_stackheap</STRONG> (Thumb, 74 bytes, Stack size 8 bytes, sys_stackheap_outer.o(.text))
<BR><BR>[Stack]<UL><LI>Max Depth = 8 + Unknown Stack Size
<LI>Call Chain = __user_setup_stackheap
</UL>
<BR>[Calls]<UL><LI><a href="#[cd]">&gt;&gt;</a>&nbsp;&nbsp;&nbsp;__user_initial_stackheap
<LI><a href="#[cc]">&gt;&gt;</a>&nbsp;&nbsp;&nbsp;__user_perproc_libspace
</UL>
<BR>[Called By]<UL><LI><a href="#[ba]">&gt;&gt;</a>&nbsp;&nbsp;&nbsp;__rt_entry_sh
</UL>

<P><STRONG><a name="[c0]"></a>exit</STRONG> (Thumb, 18 bytes, Stack size 8 bytes, exit.o(.text))
<BR><BR>[Stack]<UL><LI>Max Depth = 8 + Unknown Stack Size
<LI>Call Chain = exit
</UL>
<BR>[Calls]<UL><LI><a href="#[ce]">&gt;&gt;</a>&nbsp;&nbsp;&nbsp;__rt_exit
</UL>
<BR>[Called By]<UL><LI><a href="#[be]">&gt;&gt;</a>&nbsp;&nbsp;&nbsp;__rt_entry_main
</UL>

<P><STRONG><a name="[231]"></a>__user_libspace</STRONG> (Thumb, 8 bytes, Stack size 0 bytes, libspace.o(.text), UNUSED)

<P><STRONG><a name="[cc]"></a>__user_perproc_libspace</STRONG> (Thumb, 0 bytes, Stack size 0 bytes, libspace.o(.text))
<BR><BR>[Called By]<UL><LI><a href="#[bb]">&gt;&gt;</a>&nbsp;&nbsp;&nbsp;__user_setup_stackheap
</UL>

<P><STRONG><a name="[232]"></a>__user_perthread_libspace</STRONG> (Thumb, 0 bytes, Stack size 0 bytes, libspace.o(.text), UNUSED)

<P><STRONG><a name="[c4]"></a>_sys_exit</STRONG> (Thumb, 8 bytes, Stack size 0 bytes, sys_exit.o(.text))
<BR><BR>[Called By]<UL><LI><a href="#[c3]">&gt;&gt;</a>&nbsp;&nbsp;&nbsp;__rt_exit_exit
</UL>

<P><STRONG><a name="[233]"></a>__I$use$semihosting</STRONG> (Thumb, 0 bytes, Stack size 0 bytes, use_no_semi.o(.text), UNUSED)

<P><STRONG><a name="[234]"></a>__use_no_semihosting_swi</STRONG> (Thumb, 2 bytes, Stack size 0 bytes, use_no_semi.o(.text), UNUSED)

<P><STRONG><a name="[7]"></a>BusFault_Handler</STRONG> (Thumb, 2 bytes, Stack size 0 bytes, stm32h7xx_it_1.o(i.BusFault_Handler))
<BR><BR>[Calls]<UL><LI><a href="#[7]">&gt;&gt;</a>&nbsp;&nbsp;&nbsp;BusFault_Handler
</UL>
<BR>[Called By]<UL><LI><a href="#[7]">&gt;&gt;</a>&nbsp;&nbsp;&nbsp;BusFault_Handler
</UL>
<BR>[Address Reference Count : 1]<UL><LI> startup_stm32h745xx_cm7.o(RESET)
</UL>
<P><STRONG><a name="[235]"></a>__semihosting_library_function</STRONG> (Thumb, 0 bytes, Stack size 0 bytes, indicate_semi.o(.text), UNUSED)

<P><STRONG><a name="[a]"></a>DebugMon_Handler</STRONG> (Thumb, 2 bytes, Stack size 0 bytes, stm32h7xx_it_1.o(i.DebugMon_Handler))
<BR>[Address Reference Count : 1]<UL><LI> startup_stm32h745xx_cm7.o(RESET)
</UL>
<P><STRONG><a name="[35]"></a>EXTI15_10_IRQHandler</STRONG> (Thumb, 8 bytes, Stack size 0 bytes, stm32h7xx_it_1.o(i.EXTI15_10_IRQHandler))
<BR><BR>[Stack]<UL><LI>Max Depth = 80<LI>Call Chain = EXTI15_10_IRQHandler &rArr; HAL_GPIO_EXTI_IRQHandler &rArr; HAL_GPIO_EXTI_Callback &rArr; osThreadFlagsSet &rArr; xTaskGenericNotifyFromISR &rArr; vPortValidateInterruptPriority
</UL>
<BR>[Calls]<UL><LI><a href="#[cf]">&gt;&gt;</a>&nbsp;&nbsp;&nbsp;HAL_GPIO_EXTI_IRQHandler
</UL>
<BR>[Address Reference Count : 1]<UL><LI> startup_stm32h745xx_cm7.o(RESET)
</UL>
<P><STRONG><a name="[db]"></a>Error_Handler</STRONG> (Thumb, 4 bytes, Stack size 0 bytes, main_1.o(i.Error_Handler))
<BR><BR>[Called By]<UL><LI><a href="#[d6]">&gt;&gt;</a>&nbsp;&nbsp;&nbsp;HAL_FDCAN_MspInit
</UL>

<P><STRONG><a name="[20]"></a>FDCAN1_IT0_IRQHandler</STRONG> (Thumb, 46 bytes, Stack size 8 bytes, cpu_stm32_fdcan_hal.o(i.FDCAN1_IT0_IRQHandler))
<BR><BR>[Stack]<UL><LI>Max Depth = 176<LI>Call Chain = FDCAN1_IT0_IRQHandler &rArr; codrvCanReceiveInterrupt &rArr; coQueueGetReceiveBuffer &rArr; coQueueReceiveBufferIsFilled
</UL>
<BR>[Calls]<UL><LI><a href="#[d0]">&gt;&gt;</a>&nbsp;&nbsp;&nbsp;codrvCanTransmitInterrupt
<LI><a href="#[d1]">&gt;&gt;</a>&nbsp;&nbsp;&nbsp;codrvCanReceiveInterrupt
<LI><a href="#[d2]">&gt;&gt;</a>&nbsp;&nbsp;&nbsp;codrvCanErrorInterrupt
</UL>
<BR>[Address Reference Count : 1]<UL><LI> startup_stm32h745xx_cm7.o(RESET)
</UL>
<P><STRONG><a name="[115]"></a>Flash_Read_Data</STRONG> (Thumb, 14 bytes, Stack size 12 bytes, memory_management.o(i.Flash_Read_Data))
<BR><BR>[Stack]<UL><LI>Max Depth = 12<LI>Call Chain = Flash_Read_Data
</UL>
<BR>[Called By]<UL><LI><a href="#[af]">&gt;&gt;</a>&nbsp;&nbsp;&nbsp;myTask
<LI><a href="#[ae]">&gt;&gt;</a>&nbsp;&nbsp;&nbsp;StartDefaultTask
</UL>

<P><STRONG><a name="[17a]"></a>HAL_FDCAN_AbortTxRequest</STRONG> (Thumb, 34 bytes, Stack size 0 bytes, stm32h7xx_hal_fdcan.o(i.HAL_FDCAN_AbortTxRequest))
<BR><BR>[Called By]<UL><LI><a href="#[177]">&gt;&gt;</a>&nbsp;&nbsp;&nbsp;codrvCanTransmit
</UL>

<P><STRONG><a name="[16d]"></a>HAL_FDCAN_ActivateNotification</STRONG> (Thumb, 126 bytes, Stack size 8 bytes, stm32h7xx_hal_fdcan.o(i.HAL_FDCAN_ActivateNotification))
<BR><BR>[Stack]<UL><LI>Max Depth = 8<LI>Call Chain = HAL_FDCAN_ActivateNotification
</UL>
<BR>[Called By]<UL><LI><a href="#[16c]">&gt;&gt;</a>&nbsp;&nbsp;&nbsp;codrvCanEnableInterrupt
</UL>

<P><STRONG><a name="[d3]"></a>HAL_FDCAN_AddMessageToTxFifoQ</STRONG> (Thumb, 102 bytes, Stack size 16 bytes, stm32h7xx_hal_fdcan.o(i.HAL_FDCAN_AddMessageToTxFifoQ))
<BR><BR>[Stack]<UL><LI>Max Depth = 36<LI>Call Chain = HAL_FDCAN_AddMessageToTxFifoQ &rArr; FDCAN_CopyMessageToRAM
</UL>
<BR>[Calls]<UL><LI><a href="#[d4]">&gt;&gt;</a>&nbsp;&nbsp;&nbsp;FDCAN_CopyMessageToRAM
</UL>
<BR>[Called By]<UL><LI><a href="#[177]">&gt;&gt;</a>&nbsp;&nbsp;&nbsp;codrvCanTransmit
</UL>

<P><STRONG><a name="[179]"></a>HAL_FDCAN_GetLatestTxFifoQRequestBuffer</STRONG> (Thumb, 6 bytes, Stack size 0 bytes, stm32h7xx_hal_fdcan.o(i.HAL_FDCAN_GetLatestTxFifoQRequestBuffer))
<BR><BR>[Called By]<UL><LI><a href="#[177]">&gt;&gt;</a>&nbsp;&nbsp;&nbsp;codrvCanTransmit
</UL>

<P><STRONG><a name="[16e]"></a>HAL_FDCAN_GetProtocolStatus</STRONG> (Thumb, 72 bytes, Stack size 20 bytes, stm32h7xx_hal_fdcan.o(i.HAL_FDCAN_GetProtocolStatus))
<BR><BR>[Stack]<UL><LI>Max Depth = 20<LI>Call Chain = HAL_FDCAN_GetProtocolStatus
</UL>
<BR>[Called By]<UL><LI><a href="#[d2]">&gt;&gt;</a>&nbsp;&nbsp;&nbsp;codrvCanErrorInterrupt
</UL>

<P><STRONG><a name="[173]"></a>HAL_FDCAN_GetRxMessage</STRONG> (Thumb, 400 bytes, Stack size 20 bytes, stm32h7xx_hal_fdcan.o(i.HAL_FDCAN_GetRxMessage))
<BR><BR>[Stack]<UL><LI>Max Depth = 20<LI>Call Chain = HAL_FDCAN_GetRxMessage
</UL>
<BR>[Called By]<UL><LI><a href="#[d1]">&gt;&gt;</a>&nbsp;&nbsp;&nbsp;codrvCanReceiveInterrupt
</UL>

<P><STRONG><a name="[178]"></a>HAL_FDCAN_GetTxFifoFreeLevel</STRONG> (Thumb, 12 bytes, Stack size 0 bytes, stm32h7xx_hal_fdcan.o(i.HAL_FDCAN_GetTxFifoFreeLevel))
<BR><BR>[Called By]<UL><LI><a href="#[177]">&gt;&gt;</a>&nbsp;&nbsp;&nbsp;codrvCanTransmit
</UL>

<P><STRONG><a name="[d5]"></a>HAL_FDCAN_Init</STRONG> (Thumb, 572 bytes, Stack size 104 bytes, stm32h7xx_hal_fdcan.o(i.HAL_FDCAN_Init))
<BR><BR>[Stack]<UL><LI>Max Depth = 408<LI>Call Chain = HAL_FDCAN_Init &rArr; HAL_FDCAN_MspInit &rArr; HAL_RCCEx_PeriphCLKConfig &rArr; RCCEx_PLL3_Config
</UL>
<BR>[Calls]<UL><LI><a href="#[d6]">&gt;&gt;</a>&nbsp;&nbsp;&nbsp;HAL_FDCAN_MspInit
<LI><a href="#[d7]">&gt;&gt;</a>&nbsp;&nbsp;&nbsp;HAL_GetTick
<LI><a href="#[d8]">&gt;&gt;</a>&nbsp;&nbsp;&nbsp;FDCAN_CalcultateRamBlockAddresses
<LI><a href="#[c7]">&gt;&gt;</a>&nbsp;&nbsp;&nbsp;__aeabi_memcpy4
</UL>
<BR>[Called By]<UL><LI><a href="#[114]">&gt;&gt;</a>&nbsp;&nbsp;&nbsp;MX_FDCAN1_Init
<LI><a href="#[171]">&gt;&gt;</a>&nbsp;&nbsp;&nbsp;codrvCanSetBitRate
</UL>

<P><STRONG><a name="[17b]"></a>HAL_FDCAN_IsTxBufferMessagePending</STRONG> (Thumb, 14 bytes, Stack size 0 bytes, stm32h7xx_hal_fdcan.o(i.HAL_FDCAN_IsTxBufferMessagePending))
<BR><BR>[Called By]<UL><LI><a href="#[177]">&gt;&gt;</a>&nbsp;&nbsp;&nbsp;codrvCanTransmit
</UL>

<P><STRONG><a name="[d6]"></a>HAL_FDCAN_MspInit</STRONG> (Thumb, 126 bytes, Stack size 224 bytes, stm32h7xx_hal_msp_1.o(i.HAL_FDCAN_MspInit))
<BR><BR>[Stack]<UL><LI>Max Depth = 304<LI>Call Chain = HAL_FDCAN_MspInit &rArr; HAL_RCCEx_PeriphCLKConfig &rArr; RCCEx_PLL3_Config
</UL>
<BR>[Calls]<UL><LI><a href="#[da]">&gt;&gt;</a>&nbsp;&nbsp;&nbsp;HAL_RCCEx_PeriphCLKConfig
<LI><a href="#[dc]">&gt;&gt;</a>&nbsp;&nbsp;&nbsp;HAL_GPIO_Init
<LI><a href="#[db]">&gt;&gt;</a>&nbsp;&nbsp;&nbsp;Error_Handler
<LI><a href="#[d9]">&gt;&gt;</a>&nbsp;&nbsp;&nbsp;__aeabi_memclr4
</UL>
<BR>[Called By]<UL><LI><a href="#[d5]">&gt;&gt;</a>&nbsp;&nbsp;&nbsp;HAL_FDCAN_Init
</UL>

<P><STRONG><a name="[16b]"></a>HAL_FDCAN_Start</STRONG> (Thumb, 50 bytes, Stack size 0 bytes, stm32h7xx_hal_fdcan.o(i.HAL_FDCAN_Start))
<BR><BR>[Called By]<UL><LI><a href="#[111]">&gt;&gt;</a>&nbsp;&nbsp;&nbsp;codrvCanEnable
</UL>

<P><STRONG><a name="[16a]"></a>HAL_FDCAN_Stop</STRONG> (Thumb, 126 bytes, Stack size 8 bytes, stm32h7xx_hal_fdcan.o(i.HAL_FDCAN_Stop))
<BR><BR>[Stack]<UL><LI>Max Depth = 8<LI>Call Chain = HAL_FDCAN_Stop
</UL>
<BR>[Called By]<UL><LI><a href="#[169]">&gt;&gt;</a>&nbsp;&nbsp;&nbsp;codrvCanDisable
</UL>

<P><STRONG><a name="[dd]"></a>HAL_GPIO_EXTI_Callback</STRONG> (Thumb, 28 bytes, Stack size 8 bytes, stm32h7xx_it_1.o(i.HAL_GPIO_EXTI_Callback))
<BR><BR>[Stack]<UL><LI>Max Depth = 72<LI>Call Chain = HAL_GPIO_EXTI_Callback &rArr; osThreadFlagsSet &rArr; xTaskGenericNotifyFromISR &rArr; vPortValidateInterruptPriority
</UL>
<BR>[Calls]<UL><LI><a href="#[de]">&gt;&gt;</a>&nbsp;&nbsp;&nbsp;osThreadFlagsSet
</UL>
<BR>[Called By]<UL><LI><a href="#[cf]">&gt;&gt;</a>&nbsp;&nbsp;&nbsp;HAL_GPIO_EXTI_IRQHandler
</UL>

<P><STRONG><a name="[cf]"></a>HAL_GPIO_EXTI_IRQHandler</STRONG> (Thumb, 24 bytes, Stack size 8 bytes, stm32h7xx_hal_gpio.o(i.HAL_GPIO_EXTI_IRQHandler))
<BR><BR>[Stack]<UL><LI>Max Depth = 80<LI>Call Chain = HAL_GPIO_EXTI_IRQHandler &rArr; HAL_GPIO_EXTI_Callback &rArr; osThreadFlagsSet &rArr; xTaskGenericNotifyFromISR &rArr; vPortValidateInterruptPriority
</UL>
<BR>[Calls]<UL><LI><a href="#[dd]">&gt;&gt;</a>&nbsp;&nbsp;&nbsp;HAL_GPIO_EXTI_Callback
</UL>
[...]
<LI><a href="#[183]">&gt;&gt;</a>&nbsp;&nbsp;&nbsp;icoCobSet
</UL>
<BR>[Called By]<UL><LI><a href="#[18f]">&gt;&gt;</a>&nbsp;&nbsp;&nbsp;icoErrorCtrlReset
<LI><a href="#[18b]">&gt;&gt;</a>&nbsp;&nbsp;&nbsp;icoErrCtrlObjChanged
</UL>

<P><STRONG><a name="[142]"></a>ledGreenInd</STRONG> (Thumb, 32 bytes, Stack size 16 bytes, co_led.o(i.ledGreenInd))
<BR><BR>[Stack]<UL><LI>Max Depth = 16<LI>Call Chain = ledGreenInd
</UL>
<BR>[Called By]<UL><LI><a href="#[144]">&gt;&gt;</a>&nbsp;&nbsp;&nbsp;coLedSetGreen
<LI><a href="#[b1]">&gt;&gt;</a>&nbsp;&nbsp;&nbsp;ledTimerInd
<LI><a href="#[10d]">&gt;&gt;</a>&nbsp;&nbsp;&nbsp;coEventRegister_LED_GREEN
</UL>

<P><STRONG><a name="[143]"></a>ledRedInd</STRONG> (Thumb, 32 bytes, Stack size 16 bytes, co_led.o(i.ledRedInd))
<BR><BR>[Stack]<UL><LI>Max Depth = 16<LI>Call Chain = ledRedInd
</UL>
<BR>[Called By]<UL><LI><a href="#[145]">&gt;&gt;</a>&nbsp;&nbsp;&nbsp;coLedSetRed
<LI><a href="#[b1]">&gt;&gt;</a>&nbsp;&nbsp;&nbsp;ledTimerInd
<LI><a href="#[10e]">&gt;&gt;</a>&nbsp;&nbsp;&nbsp;coEventRegister_LED_RED
</UL>

<P><STRONG><a name="[b1]"></a>ledTimerInd</STRONG> (Thumb, 146 bytes, Stack size 24 bytes, co_led.o(i.ledTimerInd))
<BR><BR>[Stack]<UL><LI>Max Depth = 40<LI>Call Chain = ledTimerInd &rArr; ledRedInd
</UL>
<BR>[Calls]<UL><LI><a href="#[143]">&gt;&gt;</a>&nbsp;&nbsp;&nbsp;ledRedInd
<LI><a href="#[142]">&gt;&gt;</a>&nbsp;&nbsp;&nbsp;ledGreenInd
</UL>
<BR>[Address Reference Count : 1]<UL><LI> co_led.o(i.startLedTimer)
</UL>
<P><STRONG><a name="[147]"></a>startLedTimer</STRONG> (Thumb, 38 bytes, Stack size 16 bytes, co_led.o(i.startLedTimer))
<BR><BR>[Stack]<UL><LI>Max Depth = 56<LI>Call Chain = startLedTimer &rArr; coTimerStart &rArr; addTimer
</UL>
<BR>[Calls]<UL><LI><a href="#[15c]">&gt;&gt;</a>&nbsp;&nbsp;&nbsp;coTimerStart
</UL>
<BR>[Called By]<UL><LI><a href="#[145]">&gt;&gt;</a>&nbsp;&nbsp;&nbsp;coLedSetRed
<LI><a href="#[144]">&gt;&gt;</a>&nbsp;&nbsp;&nbsp;coLedSetGreen
</UL>

<P><STRONG><a name="[146]"></a>stopLedTimer</STRONG> (Thumb, 18 bytes, Stack size 8 bytes, co_led.o(i.stopLedTimer))
<BR><BR>[Stack]<UL><LI>Max Depth = 8<LI>Call Chain = stopLedTimer
</UL>
<BR>[Calls]<UL><LI><a href="#[164]">&gt;&gt;</a>&nbsp;&nbsp;&nbsp;coTimerStop
</UL>
<BR>[Called By]<UL><LI><a href="#[145]">&gt;&gt;</a>&nbsp;&nbsp;&nbsp;coLedSetRed
<LI><a href="#[144]">&gt;&gt;</a>&nbsp;&nbsp;&nbsp;coLedSetGreen
</UL>

<P><STRONG><a name="[1bf]"></a>nmtReset</STRONG> (Thumb, 18 bytes, Stack size 0 bytes, co_nmt.o(i.nmtReset))
<BR><BR>[Stack]<UL><LI>Max Depth = 16<LI>Call Chain = nmtReset &rArr; icoCobSet &rArr; cobFilterSet
</UL>
<BR>[Calls]<UL><LI><a href="#[183]">&gt;&gt;</a>&nbsp;&nbsp;&nbsp;icoCobSet
</UL>
<BR>[Called By]<UL><LI><a href="#[14a]">&gt;&gt;</a>&nbsp;&nbsp;&nbsp;nmtResetComm
</UL>

<P><STRONG><a name="[149]"></a>nmtResetAppl</STRONG> (Thumb, 36 bytes, Stack size 8 bytes, co_nmt.o(i.nmtResetAppl))
<BR><BR>[Stack]<UL><LI>Max Depth = 116<LI>Call Chain = nmtResetAppl &rArr; icoOdReset
</UL>
<BR>[Calls]<UL><LI><a href="#[1c0]">&gt;&gt;</a>&nbsp;&nbsp;&nbsp;icoStoreLoadReq
<LI><a href="#[154]">&gt;&gt;</a>&nbsp;&nbsp;&nbsp;icoOdReset
<LI><a href="#[133]">&gt;&gt;</a>&nbsp;&nbsp;&nbsp;icoEventInit
<LI><a href="#[1c1]">&gt;&gt;</a>&nbsp;&nbsp;&nbsp;coQueueInit
<LI><a href="#[19a]">&gt;&gt;</a>&nbsp;&nbsp;&nbsp;icoLssResetAppl
</UL>
<BR>[Called By]<UL><LI><a href="#[12e]">&gt;&gt;</a>&nbsp;&nbsp;&nbsp;coNmtInit
</UL>

<P><STRONG><a name="[14a]"></a>nmtResetComm</STRONG> (Thumb, 136 bytes, Stack size 8 bytes, co_nmt.o(i.nmtResetComm))
<BR><BR>[Stack]<UL><LI>Max Depth = 272<LI>Call Chain = nmtResetComm &rArr; icoPdoReset &rArr; icoTrPdoObjChanged &rArr; checkTrPdoMappingTable &rArr; icoOdGetObjTrMapData &rArr; odGetObjAddr_R &rArr; odGetObjAddr &rArr; icoTrPdoGetObjectAddr &rArr; icoPdoSearchTransmitPdo
</UL>
<BR>[Calls]<UL><LI><a href="#[1b1]">&gt;&gt;</a>&nbsp;&nbsp;&nbsp;icoSyncSetDefaultValue
<LI><a href="#[1b0]">&gt;&gt;</a>&nbsp;&nbsp;&nbsp;icoSyncReset
<LI><a href="#[1c0]">&gt;&gt;</a>&nbsp;&nbsp;&nbsp;icoStoreLoadReq
<LI><a href="#[1ae]">&gt;&gt;</a>&nbsp;&nbsp;&nbsp;icoSdoServerSetDefaultValue
<LI><a href="#[1ad]">&gt;&gt;</a>&nbsp;&nbsp;&nbsp;icoSdoServerReset
<LI><a href="#[1a2]">&gt;&gt;</a>&nbsp;&nbsp;&nbsp;icoPdoSetDefaultValue
<LI><a href="#[1a1]">&gt;&gt;</a>&nbsp;&nbsp;&nbsp;icoPdoReset
<LI><a href="#[154]">&gt;&gt;</a>&nbsp;&nbsp;&nbsp;icoOdReset
<LI><a href="#[182]">&gt;&gt;</a>&nbsp;&nbsp;&nbsp;icoCobDisableAll
<LI><a href="#[1bf]">&gt;&gt;</a>&nbsp;&nbsp;&nbsp;nmtReset
<LI><a href="#[19b]">&gt;&gt;</a>&nbsp;&nbsp;&nbsp;icoNmtPersistantNodeIdGet
<LI><a href="#[148]">&gt;&gt;</a>&nbsp;&nbsp;&nbsp;icoLssReset
<LI><a href="#[18e]">&gt;&gt;</a>&nbsp;&nbsp;&nbsp;icoNmtStateChange
<LI><a href="#[18c]">&gt;&gt;</a>&nbsp;&nbsp;&nbsp;icoHbProdStart
<LI><a href="#[191]">&gt;&gt;</a>&nbsp;&nbsp;&nbsp;icoErrorCtrlSetDefaultValue
<LI><a href="#[18f]">&gt;&gt;</a>&nbsp;&nbsp;&nbsp;icoErrorCtrlReset
<LI><a href="#[189]">&gt;&gt;</a>&nbsp;&nbsp;&nbsp;icoEmcyReset
<LI><a href="#[188]">&gt;&gt;</a>&nbsp;&nbsp;&nbsp;icoEmcyProducerSetDefaultValue
<LI><a href="#[186]">&gt;&gt;</a>&nbsp;&nbsp;&nbsp;icoEmcyConsumerSetDefaultValue
<LI><a href="#[185]">&gt;&gt;</a>&nbsp;&nbsp;&nbsp;icoEmcyConsumerReset
</UL>
<BR>[Called By]<UL><LI><a href="#[12e]">&gt;&gt;</a>&nbsp;&nbsp;&nbsp;coNmtInit
</UL>

<P><STRONG><a name="[152]"></a>odGetObjAddr</STRONG> (Thumb, 312 bytes, Stack size 16 bytes, co_odaccess.o(i.odGetObjAddr))
<BR><BR>[Stack]<UL><LI>Max Depth = 48<LI>Call Chain = odGetObjAddr &rArr; icoTrPdoGetObjectAddr &rArr; icoPdoSearchTransmitPdo
</UL>
<BR>[Calls]<UL><LI><a href="#[1b4]">&gt;&gt;</a>&nbsp;&nbsp;&nbsp;icoTrPdoGetObjectAddr
<LI><a href="#[1b2]">&gt;&gt;</a>&nbsp;&nbsp;&nbsp;icoTrMapGetObjectAddr
<LI><a href="#[1c2]">&gt;&gt;</a>&nbsp;&nbsp;&nbsp;icoSyncGetObjectAddr
<LI><a href="#[1ab]">&gt;&gt;</a>&nbsp;&nbsp;&nbsp;icoSdoGetObjectAddr
<LI><a href="#[1aa]">&gt;&gt;</a>&nbsp;&nbsp;&nbsp;icoRecPdoGetObjectAddr
<LI><a href="#[1a7]">&gt;&gt;</a>&nbsp;&nbsp;&nbsp;icoRecMapGetObjectAddr
<LI><a href="#[18a]">&gt;&gt;</a>&nbsp;&nbsp;&nbsp;icoErrCtrlGetObjectAddr
<LI><a href="#[1c3]">&gt;&gt;</a>&nbsp;&nbsp;&nbsp;icoEmcyGetObjectAddr
</UL>
<BR>[Called By]<UL><LI><a href="#[11b]">&gt;&gt;</a>&nbsp;&nbsp;&nbsp;icoOdGetObjRecMapData
<LI><a href="#[19f]">&gt;&gt;</a>&nbsp;&nbsp;&nbsp;odGetObjAddr_R
<LI><a href="#[11f]">&gt;&gt;</a>&nbsp;&nbsp;&nbsp;coOdGetObjAddr
</UL>

<P><STRONG><a name="[19f]"></a>odGetObjAddr_R</STRONG> (Thumb, 168 bytes, Stack size 16 bytes, co_odaccess.o(i.odGetObjAddr_R))
<BR><BR>[Stack]<UL><LI>Max Depth = 64<LI>Call Chain = odGetObjAddr_R &rArr; odGetObjAddr &rArr; icoTrPdoGetObjectAddr &rArr; icoPdoSearchTransmitPdo
</UL>
<BR>[Calls]<UL><LI><a href="#[1b3]">&gt;&gt;</a>&nbsp;&nbsp;&nbsp;icoTrMapGetObjectAddr_R
<LI><a href="#[1a9]">&gt;&gt;</a>&nbsp;&nbsp;&nbsp;icoRecMapGetObjectAddr_R
<LI><a href="#[152]">&gt;&gt;</a>&nbsp;&nbsp;&nbsp;odGetObjAddr
</UL>
<BR>[Called By]<UL><LI><a href="#[11d]">&gt;&gt;</a>&nbsp;&nbsp;&nbsp;icoOdGetObjTrMapData
</UL>

<P><STRONG><a name="[153]"></a>odGetObjDescIdx</STRONG> (Thumb, 210 bytes, Stack size 32 bytes, co_odaccess.o(i.odGetObjDescIdx))
<BR><BR>[Stack]<UL><LI>Max Depth = 32<LI>Call Chain = odGetObjDescIdx
</UL>
<BR>[Called By]<UL><LI><a href="#[150]">&gt;&gt;</a>&nbsp;&nbsp;&nbsp;coOdGetObjDescPtr
</UL>

<P><STRONG><a name="[119]"></a>checkRecPdoMappingTable</STRONG> (Thumb, 156 bytes, Stack size 136 bytes, co_pdo.o(i.checkRecPdoMappingTable))
<BR><BR>[Stack]<UL><LI>Max Depth = 216<LI>Call Chain = checkRecPdoMappingTable &rArr; icoOdGetObjRecMapData &rArr; coOdGetObjDescPtr &rArr; odGetObjDescIdx
</UL>
<BR>[Calls]<UL><LI><a href="#[11b]">&gt;&gt;</a>&nbsp;&nbsp;&nbsp;icoOdGetObjRecMapData
<LI><a href="#[11a]">&gt;&gt;</a>&nbsp;&nbsp;&nbsp;icoOdGetNumberOfSubs
</UL>
<BR>[Called By]<UL><LI><a href="#[196]">&gt;&gt;</a>&nbsp;&nbsp;&nbsp;icoRecPdoObjChanged
<LI><a href="#[1a1]">&gt;&gt;</a>&nbsp;&nbsp;&nbsp;icoPdoReset
<LI><a href="#[12c]">&gt;&gt;</a>&nbsp;&nbsp;&nbsp;coPdoReceiveInit
</UL>

<P><STRONG><a name="[11c]"></a>checkTrPdoMappingTable</STRONG> (Thumb, 146 bytes, Stack size 136 bytes, co_pdo.o(i.checkTrPdoMappingTable))
<BR><BR>[Stack]<UL><LI>Max Depth = 224<LI>Call Chain = checkTrPdoMappingTable &rArr; icoOdGetObjTrMapData &rArr; odGetObjAddr_R &rArr; odGetObjAddr &rArr; icoTrPdoGetObjectAddr &rArr; icoPdoSearchTransmitPdo
</UL>
<BR>[Calls]<UL><LI><a href="#[11d]">&gt;&gt;</a>&nbsp;&nbsp;&nbsp;icoOdGetObjTrMapData
<LI><a href="#[11a]">&gt;&gt;</a>&nbsp;&nbsp;&nbsp;icoOdGetNumberOfSubs
</UL>
<BR>[Called By]<UL><LI><a href="#[194]">&gt;&gt;</a>&nbsp;&nbsp;&nbsp;icoTrPdoObjChanged
<LI><a href="#[12b]">&gt;&gt;</a>&nbsp;&nbsp;&nbsp;coPdoTransmitInit
</UL>

<P><STRONG><a name="[155]"></a>getReceivePdo</STRONG> (Thumb, 24 bytes, Stack size 0 bytes, co_pdo.o(i.getReceivePdo))
<BR><BR>[Called By]<UL><LI><a href="#[1a2]">&gt;&gt;</a>&nbsp;&nbsp;&nbsp;icoPdoSetDefaultValue
<LI><a href="#[1a1]">&gt;&gt;</a>&nbsp;&nbsp;&nbsp;icoPdoReset
<LI><a href="#[12c]">&gt;&gt;</a>&nbsp;&nbsp;&nbsp;coPdoReceiveInit
<LI><a href="#[1a3]">&gt;&gt;</a>&nbsp;&nbsp;&nbsp;icoPdoSyncHandling
<LI><a href="#[1a8]">&gt;&gt;</a>&nbsp;&nbsp;&nbsp;searchRecPdo
<LI><a href="#[1a4]">&gt;&gt;</a>&nbsp;&nbsp;&nbsp;pdoReceiveData
</UL>

<P><STRONG><a name="[15d]"></a>getTransmitPdo</STRONG> (Thumb, 24 bytes, Stack size 0 bytes, co_pdo.o(i.getTransmitPdo))
<BR><BR>[Called By]<UL><LI><a href="#[1a2]">&gt;&gt;</a>&nbsp;&nbsp;&nbsp;icoPdoSetDefaultValue
<LI><a href="#[1a1]">&gt;&gt;</a>&nbsp;&nbsp;&nbsp;icoPdoReset
<LI><a href="#[19c]">&gt;&gt;</a>&nbsp;&nbsp;&nbsp;icoPdoPreOperational
<LI><a href="#[19d]">&gt;&gt;</a>&nbsp;&nbsp;&nbsp;icoPdoOperational
<LI><a href="#[12b]">&gt;&gt;</a>&nbsp;&nbsp;&nbsp;coPdoTransmitInit
<LI><a href="#[1a3]">&gt;&gt;</a>&nbsp;&nbsp;&nbsp;icoPdoSyncHandling
<LI><a href="#[159]">&gt;&gt;</a>&nbsp;&nbsp;&nbsp;icoPdoSearchTransmitPdo
</UL>

<P><STRONG><a name="[aa]"></a>pdoEventTimer</STRONG> (Thumb, 8 bytes, Stack size 0 bytes, co_pdo.o(i.pdoEventTimer))
<BR><BR>[Stack]<UL><LI>Max Depth = 80<LI>Call Chain = pdoEventTimer &rArr; coPdoReqNr &rArr; pdoTransmitData &rArr;  icoTransmitMessage (Cycle)
</UL>
<BR>[Calls]<UL><LI><a href="#[158]">&gt;&gt;</a>&nbsp;&nbsp;&nbsp;coPdoReqNr
</UL>
<BR>[Address Reference Count : 2]<UL><LI> co_pdo.o(i.coPdoReqNr)
<LI> co_pdo.o(i.setupTrPdoTimer)
</UL>
<P><STRONG><a name="[1a4]"></a>pdoReceiveData</STRONG> (Thumb, 220 bytes, Stack size 56 bytes, co_pdo.o(i.pdoReceiveData))
<BR><BR>[Stack]<UL><LI>Max Depth = 336<LI>Call Chain = pdoReceiveData &rArr; icoEventObjectChanged &rArr; icoErrCtrlObjChanged &rArr; icoHbProdStart &rArr; hbProdSendMessage &rArr; icoTransmitMessage &rArr; coCommStateEvent &rArr; icoErrorBehavior &rArr; icoNmtStateChange &rArr; icoPdoOperational &rArr; coPdoReqNr &rArr; pdoTransmitData &rArr;  icoTransmitMessage (Cycle)
</UL>
<BR>[Calls]<UL><LI><a href="#[192]">&gt;&gt;</a>&nbsp;&nbsp;&nbsp;icoEventObjectChanged
<LI><a href="#[150]">&gt;&gt;</a>&nbsp;&nbsp;&nbsp;coOdGetObjDescPtr
<LI><a href="#[14b]">&gt;&gt;</a>&nbsp;&nbsp;&nbsp;coNumMemcpyPack
<LI><a href="#[155]">&gt;&gt;</a>&nbsp;&nbsp;&nbsp;getReceivePdo
</UL>
<BR>[Called By]<UL><LI><a href="#[1a3]">&gt;&gt;</a>&nbsp;&nbsp;&nbsp;icoPdoSyncHandling
</UL>

<P><STRONG><a name="[15a]"></a>pdoTransmitData</STRONG> (Thumb, 168 bytes, Stack size 56 bytes, co_pdo.o(i.pdoTransmitData))
<BR><BR>[Stack]<UL><LI>Max Depth = 56 + In Cycle
<LI>Call Chain = pdoTransmitData &rArr;  icoTransmitMessage (Cycle)
</UL>
<BR>[Calls]<UL><LI><a href="#[14e]">&gt;&gt;</a>&nbsp;&nbsp;&nbsp;coNumMemcpyUnpack
<LI><a href="#[121]">&gt;&gt;</a>&nbsp;&nbsp;&nbsp;icoTransmitMessage
</UL>
<BR>[Called By]<UL><LI><a href="#[1a3]">&gt;&gt;</a>&nbsp;&nbsp;&nbsp;icoPdoSyncHandling
<LI><a href="#[158]">&gt;&gt;</a>&nbsp;&nbsp;&nbsp;coPdoReqNr
</UL>

<P><STRONG><a name="[1a8]"></a>searchRecPdo</STRONG> (Thumb, 30 bytes, Stack size 16 bytes, co_pdo.o(i.searchRecPdo))
<BR><BR>[Stack]<UL><LI>Max Depth = 16<LI>Call Chain = searchRecPdo
</UL>
<BR>[Calls]<UL><LI><a href="#[155]">&gt;&gt;</a>&nbsp;&nbsp;&nbsp;getReceivePdo
</UL>
<BR>[Called By]<UL><LI><a href="#[196]">&gt;&gt;</a>&nbsp;&nbsp;&nbsp;icoRecPdoObjChanged
<LI><a href="#[197]">&gt;&gt;</a>&nbsp;&nbsp;&nbsp;icoRecPdoMapChanged
<LI><a href="#[1aa]">&gt;&gt;</a>&nbsp;&nbsp;&nbsp;icoRecPdoGetObjectAddr
<LI><a href="#[1a9]">&gt;&gt;</a>&nbsp;&nbsp;&nbsp;icoRecMapGetObjectAddr_R
<LI><a href="#[1a7]">&gt;&gt;</a>&nbsp;&nbsp;&nbsp;icoRecMapGetObjectAddr
</UL>

<P><STRONG><a name="[156]"></a>setPdoCob</STRONG> (Thumb, 16 bytes, Stack size 0 bytes, co_pdo.o(i.setPdoCob))
<BR><BR>[Stack]<UL><LI>Max Depth = 16<LI>Call Chain = setPdoCob &rArr; icoCobSet &rArr; cobFilterSet
</UL>
<BR>[Calls]<UL><LI><a href="#[183]">&gt;&gt;</a>&nbsp;&nbsp;&nbsp;icoCobSet
</UL>
<BR>[Called By]<UL><LI><a href="#[194]">&gt;&gt;</a>&nbsp;&nbsp;&nbsp;icoTrPdoObjChanged
<LI><a href="#[196]">&gt;&gt;</a>&nbsp;&nbsp;&nbsp;icoRecPdoObjChanged
<LI><a href="#[1a1]">&gt;&gt;</a>&nbsp;&nbsp;&nbsp;icoPdoReset
<LI><a href="#[12b]">&gt;&gt;</a>&nbsp;&nbsp;&nbsp;coPdoTransmitInit
<LI><a href="#[12c]">&gt;&gt;</a>&nbsp;&nbsp;&nbsp;coPdoReceiveInit
</UL>

<P><STRONG><a name="[157]"></a>setupPdoRecMapTable</STRONG> (Thumb, 130 bytes, Stack size 40 bytes, co_pdo.o(i.setupPdoRecMapTable))
<BR><BR>[Stack]<UL><LI>Max Depth = 120<LI>Call Chain = setupPdoRecMapTable &rArr; icoOdGetObjRecMapData &rArr; coOdGetObjDescPtr &rArr; odGetObjDescIdx
</UL>
<BR>[Calls]<UL><LI><a href="#[11b]">&gt;&gt;</a>&nbsp;&nbsp;&nbsp;icoOdGetObjRecMapData
<LI><a href="#[11a]">&gt;&gt;</a>&nbsp;&nbsp;&nbsp;icoOdGetNumberOfSubs
<LI><a href="#[141]">&gt;&gt;</a>&nbsp;&nbsp;&nbsp;coOdGetDefaultVal_u8
<LI><a href="#[151]">&gt;&gt;</a>&nbsp;&nbsp;&nbsp;coOdGetDefaultVal_u32
</UL>
<BR>[Called By]<UL><LI><a href="#[1a2]">&gt;&gt;</a>&nbsp;&nbsp;&nbsp;icoPdoSetDefaultValue
<LI><a href="#[12c]">&gt;&gt;</a>&nbsp;&nbsp;&nbsp;coPdoReceiveInit
</UL>

<P><STRONG><a name="[15e]"></a>setupPdoTrMapTable</STRONG> (Thumb, 130 bytes, Stack size 40 bytes, co_pdo.o(i.setupPdoTrMapTable))
<BR><BR>[Stack]<UL><LI>Max Depth = 128<LI>Call Chain = setupPdoTrMapTable &rArr; icoOdGetObjTrMapData &rArr; odGetObjAddr_R &rArr; odGetObjAddr &rArr; icoTrPdoGetObjectAddr &rArr; icoPdoSearchTransmitPdo
</UL>
<BR>[Calls]<UL><LI><a href="#[11d]">&gt;&gt;</a>&nbsp;&nbsp;&nbsp;icoOdGetObjTrMapData
<LI><a href="#[11a]">&gt;&gt;</a>&nbsp;&nbsp;&nbsp;icoOdGetNumberOfSubs
<LI><a href="#[141]">&gt;&gt;</a>&nbsp;&nbsp;&nbsp;coOdGetDefaultVal_u8
<LI><a href="#[151]">&gt;&gt;</a>&nbsp;&nbsp;&nbsp;coOdGetDefaultVal_u32
</UL>
<BR>[Called By]<UL><LI><a href="#[1a2]">&gt;&gt;</a>&nbsp;&nbsp;&nbsp;icoPdoSetDefaultValue
<LI><a href="#[12b]">&gt;&gt;</a>&nbsp;&nbsp;&nbsp;coPdoTransmitInit
</UL>

<P><STRONG><a name="[1a0]"></a>setupTrPdoTimer</STRONG> (Thumb, 68 bytes, Stack size 16 bytes, co_pdo.o(i.setupTrPdoTimer))
<BR><BR>[Stack]<UL><LI>Max Depth = 56<LI>Call Chain = setupTrPdoTimer &rArr; coTimerStart &rArr; addTimer
</UL>
<BR>[Calls]<UL><LI><a href="#[164]">&gt;&gt;</a>&nbsp;&nbsp;&nbsp;coTimerStop
<LI><a href="#[15c]">&gt;&gt;</a>&nbsp;&nbsp;&nbsp;coTimerStart
<LI><a href="#[120]">&gt;&gt;</a>&nbsp;&nbsp;&nbsp;coNmtGetState
</UL>
<BR>[Called By]<UL><LI><a href="#[194]">&gt;&gt;</a>&nbsp;&nbsp;&nbsp;icoTrPdoObjChanged
<LI><a href="#[1a1]">&gt;&gt;</a>&nbsp;&nbsp;&nbsp;icoPdoReset
<LI><a href="#[19c]">&gt;&gt;</a>&nbsp;&nbsp;&nbsp;icoPdoPreOperational
<LI><a href="#[19d]">&gt;&gt;</a>&nbsp;&nbsp;&nbsp;icoPdoOperational
</UL>

<P><STRONG><a name="[163]"></a>getSdoServer</STRONG> (Thumb, 24 bytes, Stack size 0 bytes, co_sdoserv.o(i.getSdoServer))
<BR><BR>[Called By]<UL><LI><a href="#[1ae]">&gt;&gt;</a>&nbsp;&nbsp;&nbsp;icoSdoServerSetDefaultValue
<LI><a href="#[1ad]">&gt;&gt;</a>&nbsp;&nbsp;&nbsp;icoSdoServerReset
<LI><a href="#[126]">&gt;&gt;</a>&nbsp;&nbsp;&nbsp;coSdoServerInit
<LI><a href="#[1ac]">&gt;&gt;</a>&nbsp;&nbsp;&nbsp;icoSdoServerPtr
</UL>

<P><STRONG><a name="[ac]"></a>syncEventTimer</STRONG> (Thumb, 62 bytes, Stack size 16 bytes, co_sync.o(i.syncEventTimer))
<BR><BR>[Stack]<UL><LI>Max Depth = 400<LI>Call Chain = syncEventTimer &rArr; icoSyncHandler &rArr; icoPdoSyncHandling &rArr; pdoReceiveData &rArr; icoEventObjectChanged &rArr; icoErrCtrlObjChanged &rArr; icoHbProdStart &rArr; hbProdSendMessage &rArr; icoTransmitMessage &rArr; coCommStateEvent &rArr; icoErrorBehavior &rArr; icoNmtStateChange &rArr; icoPdoOperational &rArr; coPdoReqNr &rArr; pdoTransmitData &rArr;  icoTransmitMessage (Cycle)
</UL>
<BR>[Calls]<UL><LI><a href="#[121]">&gt;&gt;</a>&nbsp;&nbsp;&nbsp;icoTransmitMessage
<LI><a href="#[120]">&gt;&gt;</a>&nbsp;&nbsp;&nbsp;coNmtGetState
<LI><a href="#[1af]">&gt;&gt;</a>&nbsp;&nbsp;&nbsp;icoSyncHandler
</UL>
<BR>[Address Reference Count : 1]<UL><LI> co_sync.o(i.icoSyncObjChanged)
</UL>
<P><STRONG><a name="[165]"></a>addTimer</STRONG> (Thumb, 78 bytes, Stack size 16 bytes, co_timer.o(i.addTimer))
<BR><BR>[Stack]<UL><LI>Max Depth = 16<LI>Call Chain = addTimer
</UL>
<BR>[Called By]<UL><LI><a href="#[15c]">&gt;&gt;</a>&nbsp;&nbsp;&nbsp;coTimerStart
</UL>

<P><STRONG><a name="[166]"></a>cobFilterSet</STRONG> (Thumb, 50 bytes, Stack size 8 bytes, co_cobhandler.o(i.cobFilterSet))
<BR><BR>[Stack]<UL><LI>Max Depth = 8<LI>Call Chain = cobFilterSet
</UL>
<BR>[Calls]<UL><LI><a href="#[168]">&gt;&gt;</a>&nbsp;&nbsp;&nbsp;icoQueueSetSyncId
<LI><a href="#[167]">&gt;&gt;</a>&nbsp;&nbsp;&nbsp;getCobData
</UL>
<BR>[Called By]<UL><LI><a href="#[183]">&gt;&gt;</a>&nbsp;&nbsp;&nbsp;icoCobSet
<LI><a href="#[180]">&gt;&gt;</a>&nbsp;&nbsp;&nbsp;icoCobChangeType
<LI><a href="#[181]">&gt;&gt;</a>&nbsp;&nbsp;&nbsp;icoCobDisable
</UL>

<P><STRONG><a name="[167]"></a>getCobData</STRONG> (Thumb, 24 bytes, Stack size 0 bytes, co_cobhandler.o(i.getCobData))
<BR><BR>[Called By]<UL><LI><a href="#[182]">&gt;&gt;</a>&nbsp;&nbsp;&nbsp;icoCobDisableAll
<LI><a href="#[15f]">&gt;&gt;</a>&nbsp;&nbsp;&nbsp;icoCobSetInhibit
<LI><a href="#[13f]">&gt;&gt;</a>&nbsp;&nbsp;&nbsp;icoCobCreate
<LI><a href="#[166]">&gt;&gt;</a>&nbsp;&nbsp;&nbsp;cobFilterSet
<LI><a href="#[180]">&gt;&gt;</a>&nbsp;&nbsp;&nbsp;icoCobChangeType
<LI><a href="#[181]">&gt;&gt;</a>&nbsp;&nbsp;&nbsp;icoCobDisable
</UL>

<P><STRONG><a name="[1b6]"></a>addToInhibitList</STRONG> (Thumb, 14 bytes, Stack size 0 bytes, co_queue.o(i.addToInhibitList))
<BR><BR>[Called By]<UL><LI><a href="#[121]">&gt;&gt;</a>&nbsp;&nbsp;&nbsp;icoTransmitMessage
</UL>

<P><STRONG><a name="[1b7]"></a>addToTransmitList</STRONG> (Thumb, 30 bytes, Stack size 0 bytes, co_queue.o(i.addToTransmitList))
<BR><BR>[Called By]<UL><LI><a href="#[121]">&gt;&gt;</a>&nbsp;&nbsp;&nbsp;icoTransmitMessage
<LI><a href="#[1a6]">&gt;&gt;</a>&nbsp;&nbsp;&nbsp;moveInhibitToTransmitList
</UL>

<P><STRONG><a name="[ad]"></a>demoTimerFct</STRONG> (Thumb, 48 bytes, Stack size 0 bytes, co_queue.o(i.demoTimerFct))
<BR><BR>[Called By]<UL><LI><a href="#[121]">&gt;&gt;</a>&nbsp;&nbsp;&nbsp;icoTransmitMessage
</UL>
<BR>[Address Reference Count : 1]<UL><LI> co_queue.o(i.icoTransmitMessage)
</UL>
<P><STRONG><a name="[1a6]"></a>moveInhibitToTransmitList</STRONG> (Thumb, 82 bytes, Stack size 24 bytes, co_queue.o(i.moveInhibitToTransmitList))
<BR><BR>[Stack]<UL><LI>Max Depth = 32<LI>Call Chain = moveInhibitToTransmitList &rArr; codrvCanStartTransmission
</UL>
<BR>[Calls]<UL><LI><a href="#[176]">&gt;&gt;</a>&nbsp;&nbsp;&nbsp;codrvCanStartTransmission
<LI><a href="#[1b7]">&gt;&gt;</a>&nbsp;&nbsp;&nbsp;addToTransmitList
<LI><a href="#[1a5]">&gt;&gt;</a>&nbsp;&nbsp;&nbsp;icoCobGetPointer
</UL>
<BR>[Called By]<UL><LI><a href="#[184]">&gt;&gt;</a>&nbsp;&nbsp;&nbsp;icoQueueDeleteInhibit
</UL>

<P><STRONG><a name="[1b5]"></a>searchLastMessage</STRONG> (Thumb, 64 bytes, Stack size 12 bytes, co_queue.o(i.searchLastMessage))
<BR><BR>[Stack]<UL><LI>Max Depth = 12<LI>Call Chain = searchLastMessage
</UL>
<BR>[Called By]<UL><LI><a href="#[121]">&gt;&gt;</a>&nbsp;&nbsp;&nbsp;icoTransmitMessage
</UL>
<P>
<H3>
Undefined Global Symbols
</H3><HR></body></html>
