Component: ARM Compiler 5.06 update 6 (build 750) Tool: armlink [4d35ed]

==============================================================================

Section Cross References

    startup_stm32h745xx_cm7.o(STACK) refers (Special) to heapauxi.o(.text) for __use_two_region_memory
    startup_stm32h745xx_cm7.o(HEAP) refers (Special) to heapauxi.o(.text) for __use_two_region_memory
    startup_stm32h745xx_cm7.o(RESET) refers (Special) to heapauxi.o(.text) for __use_two_region_memory
    startup_stm32h745xx_cm7.o(RESET) refers to startup_stm32h745xx_cm7.o(STACK) for __initial_sp
    startup_stm32h745xx_cm7.o(RESET) refers to startup_stm32h745xx_cm7.o(.text) for Reset_Handler
    startup_stm32h745xx_cm7.o(RESET) refers to stm32h7xx_it_1.o(i.NMI_Handler) for NMI_Handler
    startup_stm32h745xx_cm7.o(RESET) refers to stm32h7xx_it_1.o(i.HardFault_Handler) for HardFault_Handler
    startup_stm32h745xx_cm7.o(RESET) refers to stm32h7xx_it_1.o(i.MemManage_Handler) for MemManage_Handler
    startup_stm32h745xx_cm7.o(RESET) refers to stm32h7xx_it_1.o(i.BusFault_Handler) for BusFault_Handler
    startup_stm32h745xx_cm7.o(RESET) refers to stm32h7xx_it_1.o(i.UsageFault_Handler) for UsageFault_Handler
    startup_stm32h745xx_cm7.o(RESET) refers to port.o(.emb_text) for SVC_Handler
    startup_stm32h745xx_cm7.o(RESET) refers to stm32h7xx_it_1.o(i.DebugMon_Handler) for DebugMon_Handler
    startup_stm32h745xx_cm7.o(RESET) refers to cmsis_os2.o(i.SysTick_Handler) for SysTick_Handler
    startup_stm32h745xx_cm7.o(RESET) refers to stm32h7xx_it_1.o(i.EXTI15_10_IRQHandler) for EXTI15_10_IRQHandler
    startup_stm32h745xx_cm7.o(RESET) refers to stm32h7xx_it_1.o(i.TIM17_IRQHandler) for TIM17_IRQHandler
    startup_stm32h745xx_cm7.o(.text) refers (Special) to heapauxi.o(.text) for __use_two_region_memory
    startup_stm32h745xx_cm7.o(.text) refers to system_stm32h7xx_dualcore_boot_cm4_cm7.o(i.SystemInit) for SystemInit
    startup_stm32h745xx_cm7.o(.text) refers to __main.o(!!!main) for __main
    startup_stm32h745xx_cm7.o(.text) refers to startup_stm32h745xx_cm7.o(HEAP) for Heap_Mem
    startup_stm32h745xx_cm7.o(.text) refers to startup_stm32h745xx_cm7.o(STACK) for Stack_Mem
    main_1.o(i.HAL_TIM_PeriodElapsedCallback) refers to stm32h7xx_hal.o(i.HAL_IncTick) for HAL_IncTick
    main_1.o(i.SystemClock_Config) refers to rt_memclr_w.o(.text) for __aeabi_memclr4
    main_1.o(i.SystemClock_Config) refers to stm32h7xx_hal_pwr_ex.o(i.HAL_PWREx_ConfigSupply) for HAL_PWREx_ConfigSupply
    main_1.o(i.SystemClock_Config) refers to stm32h7xx_hal_rcc.o(i.HAL_RCC_OscConfig) for HAL_RCC_OscConfig
    main_1.o(i.SystemClock_Config) refers to stm32h7xx_hal_rcc.o(i.HAL_RCC_ClockConfig) for HAL_RCC_ClockConfig
    main_1.o(i.main) refers to stm32h7xx_hal_cortex.o(i.HAL_MPU_Disable) for HAL_MPU_Disable
    main_1.o(i.main) refers to stm32h7xx_hal_cortex.o(i.HAL_MPU_ConfigRegion) for HAL_MPU_ConfigRegion
    main_1.o(i.main) refers to stm32h7xx_hal_cortex.o(i.HAL_MPU_Enable) for HAL_MPU_Enable
    main_1.o(i.main) refers to stm32h7xx_hal.o(i.HAL_Init) for HAL_Init
    main_1.o(i.main) refers to main_1.o(i.SystemClock_Config) for SystemClock_Config
    main_1.o(i.main) refers to gpio_1.o(i.MX_GPIO_Init) for MX_GPIO_Init
    main_1.o(i.main) refers to sdmmc.o(i.MX_SDMMC1_MMC_Init) for MX_SDMMC1_MMC_Init
    main_1.o(i.main) refers to cmsis_os2.o(i.osThreadNew) for osThreadNew
    main_1.o(i.main) refers to cmsis_os2.o(i.osThreadSetPriority) for osThreadSetPriority
    main_1.o(i.main) refers to cmsis_os2.o(i.osKernelInitialize) for osKernelInitialize
    main_1.o(i.main) refers to freertos.o(i.MX_FREERTOS_Init) for MX_FREERTOS_Init
    main_1.o(i.main) refers to cmsis_os2.o(i.osKernelStart) for osKernelStart
    main_1.o(i.main) refers to main_1.o(.data) for .data
    main_1.o(i.main) refers to main_1.o(i.myTask) for myTask
    main_1.o(i.myTask) refers to cmsis_os2.o(i.osThreadFlagsWait) for osThreadFlagsWait
    main_1.o(i.myTask) refers to stm32h7xx_hal_mmc.o(i.HAL_MMC_WriteBlocks) for HAL_MMC_WriteBlocks
    main_1.o(i.myTask) refers to stm32h7xx_hal_mmc.o(i.HAL_MMC_GetCardState) for HAL_MMC_GetCardState
    main_1.o(i.myTask) refers to stm32h7xx_hal_mmc.o(i.HAL_MMC_ReadBlocks) for HAL_MMC_ReadBlocks
    main_1.o(i.myTask) refers to cmsis_os2.o(i.osDelay) for osDelay
    main_1.o(i.myTask) refers to main_1.o(.data) for .data
    main_1.o(i.myTask) refers to sdmmc.o(.bss) for hmmc1
    gpio_1.o(i.MX_GPIO_Init) refers to rt_memclr_w.o(.text) for __aeabi_memclr4
    gpio_1.o(i.MX_GPIO_Init) refers to stm32h7xx_hal_gpio.o(i.HAL_GPIO_WritePin) for HAL_GPIO_WritePin
    gpio_1.o(i.MX_GPIO_Init) refers to stm32h7xx_hal_gpio.o(i.HAL_GPIO_Init) for HAL_GPIO_Init
    gpio_1.o(i.MX_GPIO_Init) refers to stm32h7xx_hal_cortex.o(i.HAL_NVIC_SetPriority) for HAL_NVIC_SetPriority
    gpio_1.o(i.MX_GPIO_Init) refers to stm32h7xx_hal_cortex.o(i.HAL_NVIC_EnableIRQ) for HAL_NVIC_EnableIRQ
[...]
    i.vApplicationGetTimerTaskMemory         0x08004d80   Section        0  cmsis_os2.o(i.vApplicationGetTimerTaskMemory)
    i.vListInitialise                        0x08004d98   Section        0  list.o(i.vListInitialise)
    i.vListInitialiseItem                    0x08004dae   Section        0  list.o(i.vListInitialiseItem)
    i.vListInsert                            0x08004db4   Section        0  list.o(i.vListInsert)
    i.vListInsertEnd                         0x08004de4   Section        0  list.o(i.vListInsertEnd)
    i.vPortEnterCritical                     0x08004dfc   Section        0  port.o(i.vPortEnterCritical)
    i.vPortExitCritical                      0x08004e3c   Section        0  port.o(i.vPortExitCritical)
    i.vPortFree                              0x08004e64   Section        0  heap_4.o(i.vPortFree)
    i.vPortSetupTimerInterrupt               0x08004ec8   Section        0  port.o(i.vPortSetupTimerInterrupt)
    i.vPortValidateInterruptPriority         0x08004eec   Section        0  port.o(i.vPortValidateInterruptPriority)
    i.vQueueAddToRegistry                    0x08004f40   Section        0  queue.o(i.vQueueAddToRegistry)
    i.vQueueWaitForMessageRestricted         0x08004f68   Section        0  queue.o(i.vQueueWaitForMessageRestricted)
    i.vTaskDelay                             0x08004fac   Section        0  tasks.o(i.vTaskDelay)
    i.vTaskInternalSetTimeOutState           0x08004ff8   Section        0  tasks.o(i.vTaskInternalSetTimeOutState)
    i.vTaskMissedYield                       0x08005008   Section        0  tasks.o(i.vTaskMissedYield)
    i.vTaskPlaceOnEventList                  0x08005014   Section        0  tasks.o(i.vTaskPlaceOnEventList)
    i.vTaskPlaceOnEventListRestricted        0x08005044   Section        0  tasks.o(i.vTaskPlaceOnEventListRestricted)
    i.vTaskPrioritySet                       0x0800507c   Section        0  tasks.o(i.vTaskPrioritySet)
    i.vTaskStartScheduler                    0x08005130   Section        0  tasks.o(i.vTaskStartScheduler)
    i.vTaskSuspendAll                        0x080051b8   Section        0  tasks.o(i.vTaskSuspendAll)
    i.vTaskSwitchContext                     0x080051c8   Section        0  tasks.o(i.vTaskSwitchContext)
    i.xPortStartScheduler                    0x0800522c   Section        0  port.o(i.xPortStartScheduler)
    i.xPortSysTickHandler                    0x08005320   Section        0  port.o(i.xPortSysTickHandler)
    i.xQueueGenericCreateStatic              0x0800534c   Section        0  queue.o(i.xQueueGenericCreateStatic)
    i.xQueueGenericReset                     0x080053b4   Section        0  queue.o(i.xQueueGenericReset)
    i.xQueueGenericSend                      0x08005448   Section        0  queue.o(i.xQueueGenericSend)
    i.xQueueGenericSendFromISR               0x080055a8   Section        0  queue.o(i.xQueueGenericSendFromISR)
    i.xQueueReceive                          0x08005668   Section        0  queue.o(i.xQueueReceive)
    i.xTaskCheckForTimeOut                   0x080057a4   Section        0  tasks.o(i.xTaskCheckForTimeOut)
    i.xTaskCreate                            0x0800581c   Section        0  tasks.o(i.xTaskCreate)
    i.xTaskCreateStatic                      0x08005876   Section        0  tasks.o(i.xTaskCreateStatic)
    i.xTaskGenericNotify                     0x080058cc   Section        0  tasks.o(i.xTaskGenericNotify)
    i.xTaskGenericNotifyFromISR              0x080059ac   Section        0  tasks.o(i.xTaskGenericNotifyFromISR)
    i.xTaskGetSchedulerState                 0x08005ab0   Section        0  tasks.o(i.xTaskGetSchedulerState)
    i.xTaskGetTickCount                      0x08005acc   Section        0  tasks.o(i.xTaskGetTickCount)
    i.xTaskIncrementTick                     0x08005ad8   Section        0  tasks.o(i.xTaskIncrementTick)
    i.xTaskNotifyWait                        0x08005ba0   Section        0  tasks.o(i.xTaskNotifyWait)
    i.xTaskPriorityDisinherit                0x08005c2c   Section        0  tasks.o(i.xTaskPriorityDisinherit)
    i.xTaskRemoveFromEventList               0x08005ca8   Section        0  tasks.o(i.xTaskRemoveFromEventList)
    i.xTaskResumeAll                         0x08005d18   Section        0  tasks.o(i.xTaskResumeAll)
    i.xTimerCreateTimerTask                  0x08005ddc   Section        0  timers.o(i.xTimerCreateTimerTask)
    i.xTimerGenericCommand                   0x08005e3c   Section        0  timers.o(i.xTimerGenericCommand)
    x$fpl$fpinit                             0x08005ea4   Section       10  fpinit.o(x$fpl$fpinit)
    $v0                                      0x08005ea4   Number         0  fpinit.o(x$fpl$fpinit)
    .constdata                               0x08005eb0   Section       36  freertos.o(.constdata)
    .constdata                               0x08005ed4   Section       16  system_stm32h7xx_dualcore_boot_cm4_cm7.o(.constdata)
    .conststring                             0x08005ee4   Section       12  freertos.o(.conststring)
    .data                                    0x20000000   Section        8  main_1.o(.data)
    .data                                    0x20000008   Section        4  freertos.o(.data)
    .data                                    0x2000000c   Section       12  stm32h7xx_hal.o(.data)
    .data                                    0x20000018   Section        8  system_stm32h7xx_dualcore_boot_cm4_cm7.o(.data)
    .data                                    0x20000020   Section       60  tasks.o(.data)
    uxDeletedTasksWaitingCleanUp             0x20000024   Data           4  tasks.o(.data)
    uxCurrentNumberOfTasks                   0x20000028   Data           4  tasks.o(.data)
    xTickCount                               0x2000002c   Data           4  tasks.o(.data)
    uxTopReadyPriority                       0x20000030   Data           4  tasks.o(.data)
    xSchedulerRunning                        0x20000034   Data           4  tasks.o(.data)
    xPendedTicks                             0x20000038   Data           4  tasks.o(.data)
    xYieldPending                            0x2000003c   Data           4  tasks.o(.data)
    xNumOfOverflows                          0x20000040   Data           4  tasks.o(.data)
    uxTaskNumber                             0x20000044   Data           4  tasks.o(.data)
    xNextTaskUnblockTime                     0x20000048   Data           4  tasks.o(.data)
    xIdleTaskHandle                          0x2000004c   Data           4  tasks.o(.data)
    uxSchedulerSuspended                     0x20000050   Data           4  tasks.o(.data)
    pxDelayedTaskList                        0x20000054   Data           4  tasks.o(.data)
    pxOverflowDelayedTaskList                0x20000058   Data           4  tasks.o(.data)
    .data                                    0x2000005c   Section       20  timers.o(.data)
    xTimerQueue                              0x2000005c   Data           4  timers.o(.data)
    xTimerTaskHandle                         0x20000060   Data           4  timers.o(.data)
    xLastTime                                0x20000064   Data           4  timers.o(.data)
    pxCurrentTimerList                       0x20000068   Data           4  timers.o(.data)
    pxOverflowTimerList                      0x2000006c   Data           4  timers.o(.data)
    .data                                    0x20000070   Section        4  cmsis_os2.o(.data)
    KernelState                              0x20000070   Data           4  cmsis_os2.o(.data)
    .data                                    0x20000074   Section       32  heap_4.o(.data)
    pxEnd                                    0x20000074   Data           4  heap_4.o(.data)
    xFreeBytesRemaining                      0x20000078   Data           4  heap_4.o(.data)
    xMinimumEverFreeBytesRemaining           0x2000007c   Data           4  heap_4.o(.data)
    xNumberOfSuccessfulAllocations           0x20000080   Data           4  heap_4.o(.data)
    xNumberOfSuccessfulFrees                 0x20000084   Data           4  heap_4.o(.data)
    xBlockAllocatedBit                       0x20000088   Data           4  heap_4.o(.data)
    xStart                                   0x2000008c   Data           8  heap_4.o(.data)
    .data                                    0x20000094   Section       12  port.o(.data)
    ucMaxSysCallPriority                     0x20000094   Data           1  port.o(.data)
    uxCriticalNesting                        0x20000098   Data           4  port.o(.data)
    ulMaxPRIGROUPValue                       0x2000009c   Data           4  port.o(.data)
    .bss                                     0x200000a0   Section      628  sdmmc.o(.bss)
    .bss                                     0x20000314   Section       76  stm32h7xx_hal_timebase_tim.o(.bss)
    .bss                                     0x20000360   Section       64  queue.o(.bss)
    .bss                                     0x200003a0   Section     1220  tasks.o(.bss)
    pxReadyTasksLists                        0x200003a0   Data        1120  tasks.o(.bss)
    xDelayedTaskList1                        0x20000800   Data          20  tasks.o(.bss)
    xDelayedTaskList2                        0x20000814   Data          20  tasks.o(.bss)
    xPendingReadyList                        0x20000828   Data          20  tasks.o(.bss)
    xTasksWaitingTermination                 0x2000083c   Data          20  tasks.o(.bss)
    xSuspendedTaskList                       0x20000850   Data          20  tasks.o(.bss)
    .bss                                     0x20000864   Section      280  timers.o(.bss)
    xStaticTimerQueue                        0x20000864   Data          80  timers.o(.bss)
    ucStaticTimerQueueStorage                0x200008b4   Data         160  timers.o(.bss)
    xActiveTimerList1                        0x20000954   Data          20  timers.o(.bss)
    xActiveTimerList2                        0x20000968   Data          20  timers.o(.bss)
    .bss                                     0x2000097c   Section     1720  cmsis_os2.o(.bss)
    Idle_TCB                                 0x2000097c   Data          92  cmsis_os2.o(.bss)
    Idle_Stack                               0x200009d8   Data         512  cmsis_os2.o(.bss)
    Timer_TCB                                0x20000bd8   Data          92  cmsis_os2.o(.bss)
    Timer_Stack                              0x20000c34   Data        1024  cmsis_os2.o(.bss)
    .bss                                     0x20001034   Section    15360  heap_4.o(.bss)
    ucHeap                                   0x20001034   Data       15360  heap_4.o(.bss)
    .bss                                     0x20004c34   Section       96  libspace.o(.bss)
    HEAP                                     0x20004c98   Section      512  startup_stm32h745xx_cm7.o(HEAP)
    Heap_Mem                                 0x20004c98   Data         512  startup_stm32h745xx_cm7.o(HEAP)
    STACK                                    0x20004e98   Section     1024  startup_stm32h745xx_cm7.o(STACK)
    Stack_Mem                                0x20004e98   Data        1024  startup_stm32h745xx_cm7.o(STACK)
    __initial_sp                             0x20005298   Data           0  startup_stm32h745xx_cm7.o(STACK)

    Global Symbols

    Symbol Name                              Value     Ov Type        Size  Object(Section)

    BuildAttributes$$THM_ISAv4$E$P$D$K$B$S$7EM$VFPv5_D16$PE$PLD8$A:L22UL41UL21$X:L11$S22US41US21$IEEE1$IW$USESV6$~STKCKD$USESV7$~SHL$OSPACE$ROPI$EBA8$UX$STANDARDLIB$REQ8$PRES8$EABIv2 0x00000000   Number         0  anon$$obj.o ABSOLUTE
    __ARM_use_no_argv                        0x00000000   Number         0  main_1.o ABSOLUTE
    __ARM_exceptions_init                     - Undefined Weak Reference
    __alloca_initialize                       - Undefined Weak Reference
    __arm_preinit_                            - Undefined Weak Reference
    __cpp_initialize__aeabi_                  - Undefined Weak Reference
    __cxa_finalize                            - Undefined Weak Reference
    __rt_locale                               - Undefined Weak Reference
    __sigvec_lookup                           - Undefined Weak Reference
    _atexit_init                              - Undefined Weak Reference
    _call_atexit_fns                          - Undefined Weak Reference
    _clock_init                               - Undefined Weak Reference
    _fp_trap_init                             - Undefined Weak Reference
    _fp_trap_shutdown                         - Undefined Weak Reference
    _get_lc_collate                           - Undefined Weak Reference
    _get_lc_ctype                             - Undefined Weak Reference
    _get_lc_monetary                          - Undefined Weak Reference
    _get_lc_numeric                           - Undefined Weak Reference
    _get_lc_time                              - Undefined Weak Reference
    _getenv_init                              - Undefined Weak Reference
    _handle_redirection                       - Undefined Weak Reference
    _init_alloc                               - Undefined Weak Reference
    _init_user_alloc                          - Undefined Weak Reference
    _initio                                   - Undefined Weak Reference
    _rand_init                                - Undefined Weak Reference
    _signal_finish                            - Undefined Weak Reference
    _signal_init                              - Undefined Weak Reference
    _terminate_alloc                          - Undefined Weak Reference
    _terminate_user_alloc                     - Undefined Weak Reference
    _terminateio                              - Undefined Weak Reference
    __Vectors_Size                           0x00000298   Number         0  startup_stm32h745xx_cm7.o ABSOLUTE
    __Vectors                                0x08000000   Data           4  startup_stm32h745xx_cm7.o(RESET)
    __Vectors_End                            0x08000298   Data           0  startup_stm32h745xx_cm7.o(RESET)
    __main                                   0x08000299   Thumb Code     8  __main.o(!!!main)
    __scatterload                            0x080002a1   Thumb Code     0  __scatter.o(!!!scatter)
    __scatterload_rt2                        0x080002a1   Thumb Code    44  __scatter.o(!!!scatter)
    __scatterload_rt2_thumb_only             0x080002a1   Thumb Code     0  __scatter.o(!!!scatter)
    __scatterload_null                       0x080002af   Thumb Code     0  __scatter.o(!!!scatter)
    __scatterload_copy                       0x080002d5   Thumb Code    26  __scatter_copy.o(!!handler_copy)
    __scatterload_zeroinit                   0x080002f1   Thumb Code    28  __scatter_zi.o(!!handler_zi)
    __rt_lib_init                            0x0800030d   Thumb Code     0  libinit.o(.ARM.Collect$$libinit$$00000000)
    __rt_lib_init_fp_1                       0x0800030f   Thumb Code     0  libinit2.o(.ARM.Collect$$libinit$$00000001)
    __rt_lib_init_alloca_1                   0x08000313   Thumb Code     0  libinit2.o(.ARM.Collect$$libinit$$0000002E)
    __rt_lib_init_argv_1                     0x08000313   Thumb Code     0  libinit2.o(.ARM.Collect$$libinit$$0000002C)
    __rt_lib_init_atexit_1                   0x08000313   Thumb Code     0  libinit2.o(.ARM.Collect$$libinit$$0000001B)
    __rt_lib_init_clock_1                    0x08000313   Thumb Code     0  libinit2.o(.ARM.Collect$$libinit$$00000021)
    __rt_lib_init_cpp_1                      0x08000313   Thumb Code     0  libinit2.o(.ARM.Collect$$libinit$$00000032)
    __rt_lib_init_exceptions_1               0x08000313   Thumb Code     0  libinit2.o(.ARM.Collect$$libinit$$00000030)
    __rt_lib_init_fp_trap_1                  0x08000313   Thumb Code     0  libinit2.o(.ARM.Collect$$libinit$$0000001F)
    __rt_lib_init_getenv_1                   0x08000313   Thumb Code     0  libinit2.o(.ARM.Collect$$libinit$$00000023)
    __rt_lib_init_heap_1                     0x08000313   Thumb Code     0  libinit2.o(.ARM.Collect$$libinit$$0000000A)
    __rt_lib_init_lc_collate_1               0x08000313   Thumb Code     0  libinit2.o(.ARM.Collect$$libinit$$00000011)
    __rt_lib_init_lc_ctype_1                 0x08000313   Thumb Code     0  libinit2.o(.ARM.Collect$$libinit$$00000013)
    __rt_lib_init_lc_monetary_1              0x08000313   Thumb Code     0  libinit2.o(.ARM.Collect$$libinit$$00000015)
    __rt_lib_init_lc_numeric_1               0x08000313   Thumb Code     0  libinit2.o(.ARM.Collect$$libinit$$00000017)
    __rt_lib_init_lc_time_1                  0x08000313   Thumb Code     0  libinit2.o(.ARM.Collect$$libinit$$00000019)
    __rt_lib_init_preinit_1                  0x08000313   Thumb Code     0  libinit2.o(.ARM.Collect$$libinit$$00000004)
    __rt_lib_init_rand_1                     0x08000313   Thumb Code     0  libinit2.o(.ARM.Collect$$libinit$$0000000E)
    __rt_lib_init_return                     0x08000313   Thumb Code     0  libinit2.o(.ARM.Collect$$libinit$$00000033)
    __rt_lib_init_signal_1                   0x08000313   Thumb Code     0  libinit2.o(.ARM.Collect$$libinit$$0000001D)
    __rt_lib_init_stdio_1                    0x08000313   Thumb Code     0  libinit2.o(.ARM.Collect$$libinit$$00000025)
    __rt_lib_init_user_alloc_1               0x08000313   Thumb Code     0  libinit2.o(.ARM.Collect$$libinit$$0000000C)
    __rt_lib_shutdown                        0x08000315   Thumb Code     0  libshutdown.o(.ARM.Collect$$libshutdown$$00000000)
    __rt_lib_shutdown_cpp_1                  0x08000317   Thumb Code     0  libshutdown2.o(.ARM.Collect$$libshutdown$$00000002)
    __rt_lib_shutdown_fp_trap_1              0x08000317   Thumb Code     0  libshutdown2.o(.ARM.Collect$$libshutdown$$00000007)
    __rt_lib_shutdown_heap_1                 0x08000317   Thumb Code     0  libshutdown2.o(.ARM.Collect$$libshutdown$$0000000F)
    __rt_lib_shutdown_return                 0x08000317   Thumb Code     0  libshutdown2.o(.ARM.Collect$$libshutdown$$00000010)
    __rt_lib_shutdown_signal_1               0x08000317   Thumb Code     0  libshutdown2.o(.ARM.Collect$$libshutdown$$0000000A)
    __rt_lib_shutdown_stdio_1                0x08000317   Thumb Code     0  libshutdown2.o(.ARM.Collect$$libshutdown$$00000004)
    __rt_lib_shutdown_user_alloc_1           0x08000317   Thumb Code     0  libshutdown2.o(.ARM.Collect$$libshutdown$$0000000C)
    __rt_entry                               0x08000319   Thumb Code     0  __rtentry.o(.ARM.Collect$$rtentry$$00000000)
    __rt_entry_presh_1                       0x08000319   Thumb Code     0  __rtentry2.o(.ARM.Collect$$rtentry$$00000002)
    __rt_entry_sh                            0x08000319   Thumb Code     0  __rtentry4.o(.ARM.Collect$$rtentry$$00000004)
    __rt_entry_li                            0x0800031f   Thumb Code     0  __rtentry2.o(.ARM.Collect$$rtentry$$0000000A)
    __rt_entry_postsh_1                      0x0800031f   Thumb Code     0  __rtentry2.o(.ARM.Collect$$rtentry$$00000009)
    __rt_entry_main                          0x08000323   Thumb Code     0  __rtentry2.o(.ARM.Collect$$rtentry$$0000000D)
    __rt_entry_postli_1                      0x08000323   Thumb Code     0  __rtentry2.o(.ARM.Collect$$rtentry$$0000000C)
    __rt_exit                                0x0800032b   Thumb Code     0  rtexit.o(.ARM.Collect$$rtexit$$00000000)
    __rt_exit_ls                             0x0800032d   Thumb Code     0  rtexit2.o(.ARM.Collect$$rtexit$$00000003)
    __rt_exit_prels_1                        0x0800032d   Thumb Code     0  rtexit2.o(.ARM.Collect$$rtexit$$00000002)
    __rt_exit_exit                           0x08000331   Thumb Code     0  rtexit2.o(.ARM.Collect$$rtexit$$00000004)
    SVC_Handler                              0x08000339   Thumb Code    28  port.o(.emb_text)
    __asm___6_port_c_39a90d8d__prvStartFirstTask 0x08000359   Thumb Code    36  port.o(.emb_text)
    __asm___6_port_c_39a90d8d__prvEnableVFP  0x08000381   Thumb Code    16  port.o(.emb_text)
    PendSV_Handler                           0x08000395   Thumb Code    88  port.o(.emb_text)
    vPortGetIPSR                             0x080003f1   Thumb Code     6  port.o(.emb_text)
    Reset_Handler                            0x080003f9   Thumb Code     8  startup_stm32h745xx_cm7.o(.text)
    ADC3_IRQHandler                          0x08000413   Thumb Code     0  startup_stm32h745xx_cm7.o(.text)
    ADC_IRQHandler                           0x08000413   Thumb Code     0  startup_stm32h745xx_cm7.o(.text)
    BDMA_Channel0_IRQHandler                 0x08000413   Thumb Code     0  startup_stm32h745xx_cm7.o(.text)
    BDMA_Channel1_IRQHandler                 0x08000413   Thumb Code     0  startup_stm32h745xx_cm7.o(.text)
    BDMA_Channel2_IRQHandler                 0x08000413   Thumb Code     0  startup_stm32h745xx_cm7.o(.text)
    BDMA_Channel3_IRQHandler                 0x08000413   Thumb Code     0  startup_stm32h745xx_cm7.o(.text)
    BDMA_Channel4_IRQHandler                 0x08000413   Thumb Code     0  startup_stm32h745xx_cm7.o(.text)
    BDMA_Channel5_IRQHandler                 0x08000413   Thumb Code     0  startup_stm32h745xx_cm7.o(.text)
    BDMA_Channel6_IRQHandler                 0x08000413   Thumb Code     0  startup_stm32h745xx_cm7.o(.text)
    BDMA_Channel7_IRQHandler                 0x08000413   Thumb Code     0  startup_stm32h745xx_cm7.o(.text)
    CEC_IRQHandler                           0x08000413   Thumb Code     0  startup_stm32h745xx_cm7.o(.text)
    CM4_SEV_IRQHandler                       0x08000413   Thumb Code     0  startup_stm32h745xx_cm7.o(.text)
    CM7_SEV_IRQHandler                       0x08000413   Thumb Code     0  startup_stm32h745xx_cm7.o(.text)
    COMP1_IRQHandler                         0x08000413   Thumb Code     0  startup_stm32h745xx_cm7.o(.text)
    CRS_IRQHandler                           0x08000413   Thumb Code     0  startup_stm32h745xx_cm7.o(.text)
    DCMI_IRQHandler                          0x08000413   Thumb Code     0  startup_stm32h745xx_cm7.o(.text)
    DFSDM1_FLT0_IRQHandler                   0x08000413   Thumb Code     0  startup_stm32h745xx_cm7.o(.text)
    DFSDM1_FLT1_IRQHandler                   0x08000413   Thumb Code     0  startup_stm32h745xx_cm7.o(.text)
    DFSDM1_FLT2_IRQHandler                   0x08000413   Thumb Code     0  startup_stm32h745xx_cm7.o(.text)
    DFSDM1_FLT3_IRQHandler                   0x08000413   Thumb Code     0  startup_stm32h745xx_cm7.o(.text)
    DMA1_Stream0_IRQHandler                  0x08000413   Thumb Code     0  startup_stm32h745xx_cm7.o(.text)
    DMA1_Stream1_IRQHandler                  0x08000413   Thumb Code     0  startup_stm32h745xx_cm7.o(.text)
    DMA1_Stream2_IRQHandler                  0x08000413   Thumb Code     0  startup_stm32h745xx_cm7.o(.text)
    DMA1_Stream3_IRQHandler                  0x08000413   Thumb Code     0  startup_stm32h745xx_cm7.o(.text)
    DMA1_Stream4_IRQHandler                  0x08000413   Thumb Code     0  startup_stm32h745xx_cm7.o(.text)
    DMA1_Stream5_IRQHandler                  0x08000413   Thumb Code     0  startup_stm32h745xx_cm7.o(.text)
    DMA1_Stream6_IRQHandler                  0x08000413   Thumb Code     0  startup_stm32h745xx_cm7.o(.text)
    DMA1_Stream7_IRQHandler                  0x08000413   Thumb Code     0  startup_stm32h745xx_cm7.o(.text)
    DMA2D_IRQHandler                         0x08000413   Thumb Code     0  startup_stm32h745xx_cm7.o(.text)
    DMA2_Stream0_IRQHandler                  0x08000413   Thumb Code     0  startup_stm32h745xx_cm7.o(.text)
    DMA2_Stream1_IRQHandler                  0x08000413   Thumb Code     0  startup_stm32h745xx_cm7.o(.text)
    DMA2_Stream2_IRQHandler                  0x08000413   Thumb Code     0  startup_stm32h745xx_cm7.o(.text)
    DMA2_Stream3_IRQHandler                  0x08000413   Thumb Code     0  startup_stm32h745xx_cm7.o(.text)
    DMA2_Stream4_IRQHandler                  0x08000413   Thumb Code     0  startup_stm32h745xx_cm7.o(.text)
    DMA2_Stream5_IRQHandler                  0x08000413   Thumb Code     0  startup_stm32h745xx_cm7.o(.text)
    DMA2_Stream6_IRQHandler                  0x08000413   Thumb Code     0  startup_stm32h745xx_cm7.o(.text)
    DMA2_Stream7_IRQHandler                  0x08000413   Thumb Code     0  startup_stm32h745xx_cm7.o(.text)
    DMAMUX1_OVR_IRQHandler                   0x08000413   Thumb Code     0  startup_stm32h745xx_cm7.o(.text)
    DMAMUX2_OVR_IRQHandler                   0x08000413   Thumb Code     0  startup_stm32h745xx_cm7.o(.text)
    ECC_IRQHandler                           0x08000413   Thumb Code     0  startup_stm32h745xx_cm7.o(.text)
    ETH_IRQHandler                           0x08000413   Thumb Code     0  startup_stm32h745xx_cm7.o(.text)
    ETH_WKUP_IRQHandler                      0x08000413   Thumb Code     0  startup_stm32h745xx_cm7.o(.text)
    EXTI0_IRQHandler                         0x08000413   Thumb Code     0  startup_stm32h745xx_cm7.o(.text)
    EXTI1_IRQHandler                         0x08000413   Thumb Code     0  startup_stm32h745xx_cm7.o(.text)
    EXTI2_IRQHandler                         0x08000413   Thumb Code     0  startup_stm32h745xx_cm7.o(.text)
    EXTI3_IRQHandler                         0x08000413   Thumb Code     0  startup_stm32h745xx_cm7.o(.text)
    EXTI4_IRQHandler                         0x08000413   Thumb Code     0  startup_stm32h745xx_cm7.o(.text)
    EXTI9_5_IRQHandler                       0x08000413   Thumb Code     0  startup_stm32h745xx_cm7.o(.text)
    FDCAN1_IT0_IRQHandler                    0x08000413   Thumb Code     0  startup_stm32h745xx_cm7.o(.text)
    FDCAN1_IT1_IRQHandler                    0x08000413   Thumb Code     0  startup_stm32h745xx_cm7.o(.text)
    FDCAN2_IT0_IRQHandler                    0x08000413   Thumb Code     0  startup_stm32h745xx_cm7.o(.text)
    FDCAN2_IT1_IRQHandler                    0x08000413   Thumb Code     0  startup_stm32h745xx_cm7.o(.text)
    FDCAN_CAL_IRQHandler                     0x08000413   Thumb Code     0  startup_stm32h745xx_cm7.o(.text)
    FLASH_IRQHandler                         0x08000413   Thumb Code     0  startup_stm32h745xx_cm7.o(.text)
    FMC_IRQHandler                           0x08000413   Thumb Code     0  startup_stm32h745xx_cm7.o(.text)
    FPU_IRQHandler                           0x08000413   Thumb Code     0  startup_stm32h745xx_cm7.o(.text)
    HOLD_CORE_IRQHandler                     0x08000413   Thumb Code     0  startup_stm32h745xx_cm7.o(.text)
    HRTIM1_FLT_IRQHandler                    0x08000413   Thumb Code     0  startup_stm32h745xx_cm7.o(.text)
    HRTIM1_Master_IRQHandler                 0x08000413   Thumb Code     0  startup_stm32h745xx_cm7.o(.text)
    HRTIM1_TIMA_IRQHandler                   0x08000413   Thumb Code     0  startup_stm32h745xx_cm7.o(.text)
    HRTIM1_TIMB_IRQHandler                   0x08000413   Thumb Code     0  startup_stm32h745xx_cm7.o(.text)
    HRTIM1_TIMC_IRQHandler                   0x08000413   Thumb Code     0  startup_stm32h745xx_cm7.o(.text)
    HRTIM1_TIMD_IRQHandler                   0x08000413   Thumb Code     0  startup_stm32h745xx_cm7.o(.text)
    HRTIM1_TIME_IRQHandler                   0x08000413   Thumb Code     0  startup_stm32h745xx_cm7.o(.text)
    HSEM1_IRQHandler                         0x08000413   Thumb Code     0  startup_stm32h745xx_cm7.o(.text)
    HSEM2_IRQHandler                         0x08000413   Thumb Code     0  startup_stm32h745xx_cm7.o(.text)
    I2C1_ER_IRQHandler                       0x08000413   Thumb Code     0  startup_stm32h745xx_cm7.o(.text)
    I2C1_EV_IRQHandler                       0x08000413   Thumb Code     0  startup_stm32h745xx_cm7.o(.text)
    I2C2_ER_IRQHandler                       0x08000413   Thumb Code     0  startup_stm32h745xx_cm7.o(.text)
    I2C2_EV_IRQHandler                       0x08000413   Thumb Code     0  startup_stm32h745xx_cm7.o(.text)
    I2C3_ER_IRQHandler                       0x08000413   Thumb Code     0  startup_stm32h745xx_cm7.o(.text)
    I2C3_EV_IRQHandler                       0x08000413   Thumb Code     0  startup_stm32h745xx_cm7.o(.text)
    I2C4_ER_IRQHandler                       0x08000413   Thumb Code     0  startup_stm32h745xx_cm7.o(.text)
    I2C4_EV_IRQHandler                       0x08000413   Thumb Code     0  startup_stm32h745xx_cm7.o(.text)
    JPEG_IRQHandler                          0x08000413   Thumb Code     0  startup_stm32h745xx_cm7.o(.text)
    LPTIM1_IRQHandler                        0x08000413   Thumb Code     0  startup_stm32h745xx_cm7.o(.text)
    LPTIM2_IRQHandler                        0x08000413   Thumb Code     0  startup_stm32h745xx_cm7.o(.text)
    LPTIM3_IRQHandler                        0x08000413   Thumb Code     0  startup_stm32h745xx_cm7.o(.text)
    LPTIM4_IRQHandler                        0x08000413   Thumb Code     0  startup_stm32h745xx_cm7.o(.text)
    LPTIM5_IRQHandler                        0x08000413   Thumb Code     0  startup_stm32h745xx_cm7.o(.text)
    LPUART1_IRQHandler                       0x08000413   Thumb Code     0  startup_stm32h745xx_cm7.o(.text)
    LTDC_ER_IRQHandler                       0x08000413   Thumb Code     0  startup_stm32h745xx_cm7.o(.text)
    LTDC_IRQHandler                          0x08000413   Thumb Code     0  startup_stm32h745xx_cm7.o(.text)
    MDIOS_IRQHandler                         0x08000413   Thumb Code     0  startup_stm32h745xx_cm7.o(.text)
    MDIOS_WKUP_IRQHandler                    0x08000413   Thumb Code     0  startup_stm32h745xx_cm7.o(.text)
    MDMA_IRQHandler                          0x08000413   Thumb Code     0  startup_stm32h745xx_cm7.o(.text)
    OTG_FS_EP1_IN_IRQHandler                 0x08000413   Thumb Code     0  startup_stm32h745xx_cm7.o(.text)
    OTG_FS_EP1_OUT_IRQHandler                0x08000413   Thumb Code     0  startup_stm32h745xx_cm7.o(.text)
    OTG_FS_IRQHandler                        0x08000413   Thumb Code     0  startup_stm32h745xx_cm7.o(.text)
    OTG_FS_WKUP_IRQHandler                   0x08000413   Thumb Code     0  startup_stm32h745xx_cm7.o(.text)
    OTG_HS_EP1_IN_IRQHandler                 0x08000413   Thumb Code     0  startup_stm32h745xx_cm7.o(.text)
    OTG_HS_EP1_OUT_IRQHandler                0x08000413   Thumb Code     0  startup_stm32h745xx_cm7.o(.text)
    OTG_HS_IRQHandler                        0x08000413   Thumb Code     0  startup_stm32h745xx_cm7.o(.text)
    OTG_HS_WKUP_IRQHandler                   0x08000413   Thumb Code     0  startup_stm32h745xx_cm7.o(.text)
    PVD_AVD_IRQHandler                       0x08000413   Thumb Code     0  startup_stm32h745xx_cm7.o(.text)
    QUADSPI_IRQHandler                       0x08000413   Thumb Code     0  startup_stm32h745xx_cm7.o(.text)
    RCC_IRQHandler                           0x08000413   Thumb Code     0  startup_stm32h745xx_cm7.o(.text)
    RNG_IRQHandler                           0x08000413   Thumb Code     0  startup_stm32h745xx_cm7.o(.text)
    RTC_Alarm_IRQHandler                     0x08000413   Thumb Code     0  startup_stm32h745xx_cm7.o(.text)
    RTC_WKUP_IRQHandler                      0x08000413   Thumb Code     0  startup_stm32h745xx_cm7.o(.text)
    SAI1_IRQHandler                          0x08000413   Thumb Code     0  startup_stm32h745xx_cm7.o(.text)
    SAI2_IRQHandler                          0x08000413   Thumb Code     0  startup_stm32h745xx_cm7.o(.text)
    SAI3_IRQHandler                          0x08000413   Thumb Code     0  startup_stm32h745xx_cm7.o(.text)
    SAI4_IRQHandler                          0x08000413   Thumb Code     0  startup_stm32h745xx_cm7.o(.text)
    SDMMC1_IRQHandler                        0x08000413   Thumb Code     0  startup_stm32h745xx_cm7.o(.text)
    SDMMC2_IRQHandler                        0x08000413   Thumb Code     0  startup_stm32h745xx_cm7.o(.text)
    SPDIF_RX_IRQHandler                      0x08000413   Thumb Code     0  startup_stm32h745xx_cm7.o(.text)
    SPI1_IRQHandler                          0x08000413   Thumb Code     0  startup_stm32h745xx_cm7.o(.text)
    SPI2_IRQHandler                          0x08000413   Thumb Code     0  startup_stm32h745xx_cm7.o(.text)
    SPI3_IRQHandler                          0x08000413   Thumb Code     0  startup_stm32h745xx_cm7.o(.text)
    SPI4_IRQHandler                          0x08000413   Thumb Code     0  startup_stm32h745xx_cm7.o(.text)
    SPI5_IRQHandler                          0x08000413   Thumb Code     0  startup_stm32h745xx_cm7.o(.text)
    SPI6_IRQHandler                          0x08000413   Thumb Code     0  startup_stm32h745xx_cm7.o(.text)
    SWPMI1_IRQHandler                        0x08000413   Thumb Code     0  startup_stm32h745xx_cm7.o(.text)
    TAMP_STAMP_IRQHandler                    0x08000413   Thumb Code     0  startup_stm32h745xx_cm7.o(.text)
    TIM15_IRQHandler                         0x08000413   Thumb Code     0  startup_stm32h745xx_cm7.o(.text)
    TIM16_IRQHandler                         0x08000413   Thumb Code     0  startup_stm32h745xx_cm7.o(.text)
    TIM1_BRK_IRQHandler                      0x08000413   Thumb Code     0  startup_stm32h745xx_cm7.o(.text)
    TIM1_CC_IRQHandler                       0x08000413   Thumb Code     0  startup_stm32h745xx_cm7.o(.text)
    TIM1_TRG_COM_IRQHandler                  0x08000413   Thumb Code     0  startup_stm32h745xx_cm7.o(.text)
    TIM1_UP_IRQHandler                       0x08000413   Thumb Code     0  startup_stm32h745xx_cm7.o(.text)
    TIM2_IRQHandler                          0x08000413   Thumb Code     0  startup_stm32h745xx_cm7.o(.text)
    TIM3_IRQHandler                          0x08000413   Thumb Code     0  startup_stm32h745xx_cm7.o(.text)
    TIM4_IRQHandler                          0x08000413   Thumb Code     0  startup_stm32h745xx_cm7.o(.text)
    TIM5_IRQHandler                          0x08000413   Thumb Code     0  startup_stm32h745xx_cm7.o(.text)
    TIM6_DAC_IRQHandler                      0x08000413   Thumb Code     0  startup_stm32h745xx_cm7.o(.text)
    TIM7_IRQHandler                          0x08000413   Thumb Code     0  startup_stm32h745xx_cm7.o(.text)
    TIM8_BRK_TIM12_IRQHandler                0x08000413   Thumb Code     0  startup_stm32h745xx_cm7.o(.text)
    TIM8_CC_IRQHandler                       0x08000413   Thumb Code     0  startup_stm32h745xx_cm7.o(.text)
    TIM8_TRG_COM_TIM14_IRQHandler            0x08000413   Thumb Code     0  startup_stm32h745xx_cm7.o(.text)
    TIM8_UP_TIM13_IRQHandler                 0x08000413   Thumb Code     0  startup_stm32h745xx_cm7.o(.text)
    UART4_IRQHandler                         0x08000413   Thumb Code     0  startup_stm32h745xx_cm7.o(.text)
    UART5_IRQHandler                         0x08000413   Thumb Code     0  startup_stm32h745xx_cm7.o(.text)
    UART7_IRQHandler                         0x08000413   Thumb Code     0  startup_stm32h745xx_cm7.o(.text)
    UART8_IRQHandler                         0x08000413   Thumb Code     0  startup_stm32h745xx_cm7.o(.text)
    USART1_IRQHandler                        0x08000413   Thumb Code     0  startup_stm32h745xx_cm7.o(.text)
    USART2_IRQHandler                        0x08000413   Thumb Code     0  startup_stm32h745xx_cm7.o(.text)
    USART3_IRQHandler                        0x08000413   Thumb Code     0  startup_stm32h745xx_cm7.o(.text)
    USART6_IRQHandler                        0x08000413   Thumb Code     0  startup_stm32h745xx_cm7.o(.text)
    WAKEUP_PIN_IRQHandler                    0x08000413   Thumb Code     0  startup_stm32h745xx_cm7.o(.text)
    WWDG_IRQHandler                          0x08000413   Thumb Code     0  startup_stm32h745xx_cm7.o(.text)
    WWDG_RST_IRQHandler                      0x08000413   Thumb Code     0  startup_stm32h745xx_cm7.o(.text)
    __user_initial_stackheap                 0x08000415   Thumb Code     0  startup_stm32h745xx_cm7.o(.text)
    __aeabi_memcpy                           0x08000439   Thumb Code     0  rt_memcpy_v6.o(.text)
    __rt_memcpy                              0x08000439   Thumb Code   138  rt_memcpy_v6.o(.text)
    _memcpy_lastbytes                        0x0800049f   Thumb Code     0  rt_memcpy_v6.o(.text)
    __aeabi_memcpy4                          0x080004c3   Thumb Code     0  rt_memcpy_w.o(.text)
    __aeabi_memcpy8                          0x080004c3   Thumb Code     0  rt_memcpy_w.o(.text)
    __rt_memcpy_w                            0x080004c3   Thumb Code   100  rt_memcpy_w.o(.text)
    _memcpy_lastbytes_aligned                0x0800050b   Thumb Code     0  rt_memcpy_w.o(.text)
    __aeabi_memset                           0x08000527   Thumb Code    16  aeabi_memset.o(.text)
    __aeabi_memclr4                          0x08000537   Thumb Code     0  rt_memclr_w.o(.text)
    __aeabi_memclr8                          0x08000537   Thumb Code     0  rt_memclr_w.o(.text)
    __rt_memclr_w                            0x08000537   Thumb Code    78  rt_memclr_w.o(.text)
    _memset_w                                0x0800053b   Thumb Code     0  rt_memclr_w.o(.text)
    __use_two_region_memory                  0x08000585   Thumb Code     2  heapauxi.o(.text)
    __rt_heap_escrow$2region                 0x08000587   Thumb Code     2  heapauxi.o(.text)
    __rt_heap_expand$2region                 0x08000589   Thumb Code     2  heapauxi.o(.text)
    __aeabi_memclr                           0x0800058b   Thumb Code     0  rt_memclr.o(.text)
    __rt_memclr                              0x0800058b   Thumb Code    68  rt_memclr.o(.text)
    _memset                                  0x0800058f   Thumb Code     0  rt_memclr.o(.text)
    __user_setup_stackheap                   0x080005cf   Thumb Code    74  sys_stackheap_outer.o(.text)
    exit                                     0x08000619   Thumb Code    18  exit.o(.text)
    __user_libspace                          0x0800062d   Thumb Code     8  libspace.o(.text)
    __user_perproc_libspace                  0x0800062d   Thumb Code     0  libspace.o(.text)
    __user_perthread_libspace                0x0800062d   Thumb Code     0  libspace.o(.text)
    _sys_exit                                0x08000635   Thumb Code     8  sys_exit.o(.text)
    __I$use$semihosting                      0x08000641   Thumb Code     0  use_no_semi.o(.text)
    __use_no_semihosting_swi                 0x08000641   Thumb Code     2  use_no_semi.o(.text)
    BusFault_Handler                         0x08000643   Thumb Code     2  stm32h7xx_it_1.o(i.BusFault_Handler)
    __semihosting_library_function           0x08000643   Thumb Code     0  indicate_semi.o(.text)
    DebugMon_Handler                         0x08000645   Thumb Code     2  stm32h7xx_it_1.o(i.DebugMon_Handler)
    EXTI15_10_IRQHandler                     0x08000647   Thumb Code     8  stm32h7xx_it_1.o(i.EXTI15_10_IRQHandler)
    Error_Handler                            0x0800064f   Thumb Code     4  main_1.o(i.Error_Handler)
    HAL_Delay                                0x08000655   Thumb Code    32  stm32h7xx_hal.o(i.HAL_Delay)
    HAL_GPIO_EXTI_Callback                   0x08000679   Thumb Code    26  stm32h7xx_it_1.o(i.HAL_GPIO_EXTI_Callback)
    HAL_GPIO_EXTI_IRQHandler                 0x0800069d   Thumb Code    24  stm32h7xx_hal_gpio.o(i.HAL_GPIO_EXTI_IRQHandler)
    HAL_GPIO_Init                            0x080006b5   Thumb Code   506  stm32h7xx_hal_gpio.o(i.HAL_GPIO_Init)
    HAL_GPIO_WritePin                        0x080008e1   Thumb Code    10  stm32h7xx_hal_gpio.o(i.HAL_GPIO_WritePin)
    HAL_GetREVID                             0x080008ed   Thumb Code     8  stm32h7xx_hal.o(i.HAL_GetREVID)
    HAL_GetTick                              0x080008f9   Thumb Code     6  stm32h7xx_hal.o(i.HAL_GetTick)
    HAL_IncTick                              0x08000905   Thumb Code    12  stm32h7xx_hal.o(i.HAL_IncTick)
    HAL_Init                                 0x08000915   Thumb Code    74  stm32h7xx_hal.o(i.HAL_Init)
    HAL_InitTick                             0x08000971   Thumb Code   110  stm32h7xx_hal_timebase_tim.o(i.HAL_InitTick)
    HAL_MMC_ConfigWideBusOperation           0x080009f5   Thumb Code   248  stm32h7xx_hal_mmc.o(i.HAL_MMC_ConfigWideBusOperation)
    HAL_MMC_GetCardCSD                       0x08000afd   Thumb Code   444  stm32h7xx_hal_mmc.o(i.HAL_MMC_GetCardCSD)
    HAL_MMC_GetCardExtCSD                    0x08000cbd   Thumb Code   284  stm32h7xx_hal_mmc.o(i.HAL_MMC_GetCardExtCSD)
    HAL_MMC_GetCardState                     0x08000de1   Thumb Code    44  stm32h7xx_hal_mmc.o(i.HAL_MMC_GetCardState)
    HAL_MMC_Init                             0x08000e0d   Thumb Code    68  stm32h7xx_hal_mmc.o(i.HAL_MMC_Init)
    HAL_MMC_InitCard                         0x08000e51   Thumb Code   232  stm32h7xx_hal_mmc.o(i.HAL_MMC_InitCard)
    HAL_MMC_MspInit                          0x08000f49   Thumb Code   198  sdmmc.o(i.HAL_MMC_MspInit)
    HAL_MMC_ReadBlocks                       0x08001025   Thumb Code   434  stm32h7xx_hal_mmc.o(i.HAL_MMC_ReadBlocks)
    HAL_MMC_WriteBlocks                      0x080011e1   Thumb Code   468  stm32h7xx_hal_mmc.o(i.HAL_MMC_WriteBlocks)
    HAL_MPU_ConfigRegion                     0x080013bd   Thumb Code    86  stm32h7xx_hal_cortex.o(i.HAL_MPU_ConfigRegion)
    HAL_MPU_Disable                          0x08001419   Thumb Code    24  stm32h7xx_hal_cortex.o(i.HAL_MPU_Disable)
    HAL_MPU_Enable                           0x08001435   Thumb Code    30  stm32h7xx_hal_cortex.o(i.HAL_MPU_Enable)
    HAL_MspInit                              0x08001459   Thumb Code    32  stm32h7xx_hal_msp_1.o(i.HAL_MspInit)
    HAL_NVIC_EnableIRQ                       0x0800147d   Thumb Code    26  stm32h7xx_hal_cortex.o(i.HAL_NVIC_EnableIRQ)
    HAL_NVIC_SetPriority                     0x08001499   Thumb Code    60  stm32h7xx_hal_cortex.o(i.HAL_NVIC_SetPriority)
    HAL_NVIC_SetPriorityGrouping             0x080014d9   Thumb Code    28  stm32h7xx_hal_cortex.o(i.HAL_NVIC_SetPriorityGrouping)
    HAL_PWREx_ConfigSupply                   0x080014fd   Thumb Code   128  stm32h7xx_hal_pwr_ex.o(i.HAL_PWREx_ConfigSupply)
    HAL_RCCEx_GetD3PCLK1Freq                 0x08001581   Thumb Code    26  stm32h7xx_hal_rcc_ex.o(i.HAL_RCCEx_GetD3PCLK1Freq)
    HAL_RCCEx_GetPLL1ClockFreq               0x080015a5   Thumb Code   298  stm32h7xx_hal_rcc_ex.o(i.HAL_RCCEx_GetPLL1ClockFreq)
    HAL_RCCEx_GetPLL2ClockFreq               0x080016ed   Thumb Code   296  stm32h7xx_hal_rcc_ex.o(i.HAL_RCCEx_GetPLL2ClockFreq)
    HAL_RCCEx_GetPLL3ClockFreq               0x08001831   Thumb Code   296  stm32h7xx_hal_rcc_ex.o(i.HAL_RCCEx_GetPLL3ClockFreq)
    HAL_RCCEx_GetPeriphCLKFreq               0x08001975   Thumb Code   692  stm32h7xx_hal_rcc_ex.o(i.HAL_RCCEx_GetPeriphCLKFreq)
    HAL_RCCEx_PeriphCLKConfig                0x08001c3d   Thumb Code  2472  stm32h7xx_hal_rcc_ex.o(i.HAL_RCCEx_PeriphCLKConfig)
    HAL_RCC_ClockConfig                      0x080025e9   Thumb Code   580  stm32h7xx_hal_rcc.o(i.HAL_RCC_ClockConfig)
    HAL_RCC_GetClockConfig                   0x08002845   Thumb Code    84  stm32h7xx_hal_rcc.o(i.HAL_RCC_GetClockConfig)
    HAL_RCC_GetHCLKFreq                      0x080028a1   Thumb Code    52  stm32h7xx_hal_rcc.o(i.HAL_RCC_GetHCLKFreq)
    HAL_RCC_GetPCLK1Freq                     0x080028e5   Thumb Code    26  stm32h7xx_hal_rcc.o(i.HAL_RCC_GetPCLK1Freq)
    HAL_RCC_GetPCLK2Freq                     0x08002909   Thumb Code    26  stm32h7xx_hal_rcc.o(i.HAL_RCC_GetPCLK2Freq)
    HAL_RCC_GetSysClockFreq                  0x0800292d   Thumb Code   278  stm32h7xx_hal_rcc.o(i.HAL_RCC_GetSysClockFreq)
    HAL_RCC_OscConfig                        0x08002a65   Thumb Code  1410  stm32h7xx_hal_rcc.o(i.HAL_RCC_OscConfig)
    HAL_TIMEx_Break2Callback                 0x08002fe7   Thumb Code     2  stm32h7xx_hal_tim_ex.o(i.HAL_TIMEx_Break2Callback)
    HAL_TIMEx_BreakCallback                  0x08002fe9   Thumb Code     2  stm32h7xx_hal_tim_ex.o(i.HAL_TIMEx_BreakCallback)
    HAL_TIMEx_CommutCallback                 0x08002feb   Thumb Code     2  stm32h7xx_hal_tim_ex.o(i.HAL_TIMEx_CommutCallback)
    HAL_TIM_Base_Init                        0x08002fed   Thumb Code    98  stm32h7xx_hal_tim.o(i.HAL_TIM_Base_Init)
    HAL_TIM_Base_MspInit                     0x0800304f   Thumb Code     2  stm32h7xx_hal_tim.o(i.HAL_TIM_Base_MspInit)
    HAL_TIM_Base_Start_IT                    0x08003051   Thumb Code   106  stm32h7xx_hal_tim.o(i.HAL_TIM_Base_Start_IT)
    HAL_TIM_IC_CaptureCallback               0x080030dd   Thumb Code     2  stm32h7xx_hal_tim.o(i.HAL_TIM_IC_CaptureCallback)
    HAL_TIM_IRQHandler                       0x080030df   Thumb Code   386  stm32h7xx_hal_tim.o(i.HAL_TIM_IRQHandler)
    HAL_TIM_OC_DelayElapsedCallback          0x08003261   Thumb Code     2  stm32h7xx_hal_tim.o(i.HAL_TIM_OC_DelayElapsedCallback)
    HAL_TIM_PWM_PulseFinishedCallback        0x08003263   Thumb Code     2  stm32h7xx_hal_tim.o(i.HAL_TIM_PWM_PulseFinishedCallback)
    HAL_TIM_PeriodElapsedCallback            0x08003265   Thumb Code    14  main_1.o(i.HAL_TIM_PeriodElapsedCallback)
    HAL_TIM_TriggerCallback                  0x08003279   Thumb Code     2  stm32h7xx_hal_tim.o(i.HAL_TIM_TriggerCallback)
    HardFault_Handler                        0x0800327b   Thumb Code     2  stm32h7xx_it_1.o(i.HardFault_Handler)
    MX_FREERTOS_Init                         0x08003575   Thumb Code    18  freertos.o(i.MX_FREERTOS_Init)
    MX_GPIO_Init                             0x08003595   Thumb Code   166  gpio_1.o(i.MX_GPIO_Init)
    MX_SDMMC1_MMC_Init                       0x08003649   Thumb Code    42  sdmmc.o(i.MX_SDMMC1_MMC_Init)
    MemManage_Handler                        0x0800367d   Thumb Code     2  stm32h7xx_it_1.o(i.MemManage_Handler)
    NMI_Handler                              0x0800367f   Thumb Code     2  stm32h7xx_it_1.o(i.NMI_Handler)
    SDMMC_CmdBlockLength                     0x080038c1   Thumb Code    50  stm32h7xx_ll_sdmmc.o(i.SDMMC_CmdBlockLength)
    SDMMC_CmdGoIdleState                     0x080038f5   Thumb Code    74  stm32h7xx_ll_sdmmc.o(i.SDMMC_CmdGoIdleState)
    SDMMC_CmdOpCondition                     0x08003949   Thumb Code    44  stm32h7xx_ll_sdmmc.o(i.SDMMC_CmdOpCondition)
    SDMMC_CmdReadMultiBlock                  0x08003975   Thumb Code    52  stm32h7xx_ll_sdmmc.o(i.SDMMC_CmdReadMultiBlock)
    SDMMC_CmdReadSingleBlock                 0x080039a9   Thumb Code    52  stm32h7xx_ll_sdmmc.o(i.SDMMC_CmdReadSingleBlock)
    SDMMC_CmdSelDesel                        0x080039dd   Thumb Code    52  stm32h7xx_ll_sdmmc.o(i.SDMMC_CmdSelDesel)
    SDMMC_CmdSendCID                         0x08003a11   Thumb Code    44  stm32h7xx_ll_sdmmc.o(i.SDMMC_CmdSendCID)
    SDMMC_CmdSendCSD                         0x08003a3d   Thumb Code    48  stm32h7xx_ll_sdmmc.o(i.SDMMC_CmdSendCSD)
    SDMMC_CmdSendEXTCSD                      0x08003a6d   Thumb Code    50  stm32h7xx_ll_sdmmc.o(i.SDMMC_CmdSendEXTCSD)
    SDMMC_CmdSendStatus                      0x08003a9f   Thumb Code    52  stm32h7xx_ll_sdmmc.o(i.SDMMC_CmdSendStatus)
    SDMMC_CmdSetRelAddMmc                    0x08003ad3   Thumb Code    46  stm32h7xx_ll_sdmmc.o(i.SDMMC_CmdSetRelAddMmc)
    SDMMC_CmdStopTransfer                    0x08003b01   Thumb Code    78  stm32h7xx_ll_sdmmc.o(i.SDMMC_CmdStopTransfer)
    SDMMC_CmdSwitch                          0x08003b55   Thumb Code    52  stm32h7xx_ll_sdmmc.o(i.SDMMC_CmdSwitch)
    SDMMC_CmdWriteMultiBlock                 0x08003b89   Thumb Code    52  stm32h7xx_ll_sdmmc.o(i.SDMMC_CmdWriteMultiBlock)
    SDMMC_CmdWriteSingleBlock                0x08003bbd   Thumb Code    52  stm32h7xx_ll_sdmmc.o(i.SDMMC_CmdWriteSingleBlock)
    SDMMC_ConfigData                         0x08003bf1   Thumb Code    38  stm32h7xx_ll_sdmmc.o(i.SDMMC_ConfigData)
    SDMMC_GetCmdResp1                        0x08003c19   Thumb Code   280  stm32h7xx_ll_sdmmc.o(i.SDMMC_GetCmdResp1)
    SDMMC_GetCmdResp2                        0x08003d3d   Thumb Code    76  stm32h7xx_ll_sdmmc.o(i.SDMMC_GetCmdResp2)
    SDMMC_GetCmdResp3                        0x08003d91   Thumb Code    62  stm32h7xx_ll_sdmmc.o(i.SDMMC_GetCmdResp3)
    SDMMC_GetPowerState                      0x08003dd9   Thumb Code     8  stm32h7xx_ll_sdmmc.o(i.SDMMC_GetPowerState)
    SDMMC_GetResponse                        0x08003de1   Thumb Code     6  stm32h7xx_ll_sdmmc.o(i.SDMMC_GetResponse)
    SDMMC_Init                               0x08003de9   Thumb Code    28  stm32h7xx_ll_sdmmc.o(i.SDMMC_Init)
    SDMMC_PowerState_ON                      0x08003e09   Thumb Code    12  stm32h7xx_ll_sdmmc.o(i.SDMMC_PowerState_ON)
    SDMMC_ReadFIFO                           0x08003e15   Thumb Code     6  stm32h7xx_ll_sdmmc.o(i.SDMMC_ReadFIFO)
    SDMMC_SendCommand                        0x08003e1d   Thumb Code    34  stm32h7xx_ll_sdmmc.o(i.SDMMC_SendCommand)
    SDMMC_WriteFIFO                          0x08003e45   Thumb Code    10  stm32h7xx_ll_sdmmc.o(i.SDMMC_WriteFIFO)
    StartDefaultTask                         0x08003e4f   Thumb Code     8  freertos.o(i.StartDefaultTask)
    SysTick_Handler                          0x08003e57   Thumb Code    26  cmsis_os2.o(i.SysTick_Handler)
    SystemClock_Config                       0x08003e71   Thumb Code   160  main_1.o(i.SystemClock_Config)
    SystemInit                               0x08003f19   Thumb Code   208  system_stm32h7xx_dualcore_boot_cm4_cm7.o(i.SystemInit)
    TIM17_IRQHandler                         0x08004011   Thumb Code     6  stm32h7xx_it_1.o(i.TIM17_IRQHandler)
    TIM_Base_SetConfig                       0x0800401d   Thumb Code   162  stm32h7xx_hal_tim.o(i.TIM_Base_SetConfig)
    UsageFault_Handler                       0x080040e1   Thumb Code     2  stm32h7xx_it_1.o(i.UsageFault_Handler)
    main                                     0x08004105   Thumb Code   256  main_1.o(i.main)
    myTask                                   0x08004215   Thumb Code    66  main_1.o(i.myTask)
    osDelay                                  0x08004261   Thumb Code    28  cmsis_os2.o(i.osDelay)
    osKernelInitialize                       0x0800427d   Thumb Code    32  cmsis_os2.o(i.osKernelInitialize)
    osKernelStart                            0x080042a1   Thumb Code    48  cmsis_os2.o(i.osKernelStart)
    osThreadFlagsSet                         0x080042d9   Thumb Code   110  cmsis_os2.o(i.osThreadFlagsSet)
    osThreadFlagsWait                        0x0800434d   Thumb Code   152  cmsis_os2.o(i.osThreadFlagsWait)
    osThreadNew                              0x080043e5   Thumb Code   144  cmsis_os2.o(i.osThreadNew)
    osThreadSetPriority                      0x08004475   Thumb Code    40  cmsis_os2.o(i.osThreadSetPriority)
    pvPortMalloc                             0x08004c35   Thumb Code   216  heap_4.o(i.pvPortMalloc)
    pxPortInitialiseStack                    0x08004d11   Thumb Code    42  port.o(i.pxPortInitialiseStack)
    uxListRemove                             0x08004d41   Thumb Code    38  list.o(i.uxListRemove)
    vApplicationGetIdleTaskMemory            0x08004d69   Thumb Code    18  cmsis_os2.o(i.vApplicationGetIdleTaskMemory)
    vApplicationGetTimerTaskMemory           0x08004d81   Thumb Code    20  cmsis_os2.o(i.vApplicationGetTimerTaskMemory)
    vListInitialise                          0x08004d99   Thumb Code    22  list.o(i.vListInitialise)
    vListInitialiseItem                      0x08004daf   Thumb Code     6  list.o(i.vListInitialiseItem)
    vListInsert                              0x08004db5   Thumb Code    48  list.o(i.vListInsert)
    vListInsertEnd                           0x08004de5   Thumb Code    24  list.o(i.vListInsertEnd)
    vPortEnterCritical                       0x08004dfd   Thumb Code    54  port.o(i.vPortEnterCritical)
    vPortExitCritical                        0x08004e3d   Thumb Code    34  port.o(i.vPortExitCritical)
    vPortFree                                0x08004e65   Thumb Code    94  heap_4.o(i.vPortFree)
    vPortSetupTimerInterrupt                 0x08004ec9   Thumb Code    32  port.o(i.vPortSetupTimerInterrupt)
    vPortValidateInterruptPriority           0x08004eed   Thumb Code    74  port.o(i.vPortValidateInterruptPriority)
    vQueueAddToRegistry                      0x08004f41   Thumb Code    34  queue.o(i.vQueueAddToRegistry)
    vQueueWaitForMessageRestricted           0x08004f69   Thumb Code    68  queue.o(i.vQueueWaitForMessageRestricted)
    vTaskDelay                               0x08004fad   Thumb Code    66  tasks.o(i.vTaskDelay)
    vTaskInternalSetTimeOutState             0x08004ff9   Thumb Code    12  tasks.o(i.vTaskInternalSetTimeOutState)
    vTaskMissedYield                         0x08005009   Thumb Code     8  tasks.o(i.vTaskMissedYield)
    vTaskPlaceOnEventList                    0x08005015   Thumb Code    44  tasks.o(i.vTaskPlaceOnEventList)
    vTaskPlaceOnEventListRestricted          0x08005045   Thumb Code    52  tasks.o(i.vTaskPlaceOnEventListRestricted)
    vTaskPrioritySet                         0x0800507d   Thumb Code   168  tasks.o(i.vTaskPrioritySet)
    vTaskStartScheduler                      0x08005131   Thumb Code   118  tasks.o(i.vTaskStartScheduler)
    vTaskSuspendAll                          0x080051b9   Thumb Code    10  tasks.o(i.vTaskSuspendAll)
    vTaskSwitchContext                       0x080051c9   Thumb Code    90  tasks.o(i.vTaskSwitchContext)
    xPortStartScheduler                      0x0800522d   Thumb Code   222  port.o(i.xPortStartScheduler)
    xPortSysTickHandler                      0x08005321   Thumb Code    38  port.o(i.xPortSysTickHandler)
    xQueueGenericCreateStatic                0x0800534d   Thumb Code   102  queue.o(i.xQueueGenericCreateStatic)
    xQueueGenericReset                       0x080053b5   Thumb Code   144  queue.o(i.xQueueGenericReset)
    xQueueGenericSend                        0x08005449   Thumb Code   346  queue.o(i.xQueueGenericSend)
    xQueueGenericSendFromISR                 0x080055a9   Thumb Code   190  queue.o(i.xQueueGenericSendFromISR)
    xQueueReceive                            0x08005669   Thumb Code   310  queue.o(i.xQueueReceive)
    xTaskCheckForTimeOut                     0x080057a5   Thumb Code   116  tasks.o(i.xTaskCheckForTimeOut)
    xTaskCreate                              0x0800581d   Thumb Code    90  tasks.o(i.xTaskCreate)
    xTaskCreateStatic                        0x08005877   Thumb Code    86  tasks.o(i.xTaskCreateStatic)
    xTaskGenericNotify                       0x080058cd   Thumb Code   212  tasks.o(i.xTaskGenericNotify)
    xTaskGenericNotifyFromISR                0x080059ad   Thumb Code   248  tasks.o(i.xTaskGenericNotifyFromISR)
    xTaskGetSchedulerState                   0x08005ab1   Thumb Code    22  tasks.o(i.xTaskGetSchedulerState)
    xTaskGetTickCount                        0x08005acd   Thumb Code     6  tasks.o(i.xTaskGetTickCount)
    xTaskIncrementTick                       0x08005ad9   Thumb Code   192  tasks.o(i.xTaskIncrementTick)
    xTaskNotifyWait                          0x08005ba1   Thumb Code   130  tasks.o(i.xTaskNotifyWait)
    xTaskPriorityDisinherit                  0x08005c2d   Thumb Code   116  tasks.o(i.xTaskPriorityDisinherit)
    xTaskRemoveFromEventList                 0x08005ca9   Thumb Code   100  tasks.o(i.xTaskRemoveFromEventList)
    xTaskResumeAll                           0x08005d19   Thumb Code   184  tasks.o(i.xTaskResumeAll)
    xTimerCreateTimerTask                    0x08005ddd   Thumb Code    78  timers.o(i.xTimerCreateTimerTask)
    xTimerGenericCommand                     0x08005e3d   Thumb Code    98  timers.o(i.xTimerGenericCommand)
    _fp_init                                 0x08005ea5   Thumb Code    10  fpinit.o(x$fpl$fpinit)
    __fplib_config_fpu_vfp                   0x08005ead   Thumb Code     0  fpinit.o(x$fpl$fpinit)
    __fplib_config_pureend_doubles           0x08005ead   Thumb Code     0  fpinit.o(x$fpl$fpinit)
    defaultTask_attributes                   0x08005eb0   Data          36  freertos.o(.constdata)
    D1CorePrescTable                         0x08005ed4   Data          16  system_stm32h7xx_dualcore_boot_cm4_cm7.o(.constdata)
    Region$$Table$$Base                      0x08005ef0   Number         0  anon$$obj.o(Region$$Table)
    Region$$Table$$Limit                     0x08005f10   Number         0  anon$$obj.o(Region$$Table)
    read                                     0x20000000   Data           1  main_1.o(.data)
    value                                    0x20000001   Data           1  main_1.o(.data)
    write                                    0x20000002   Data           1  main_1.o(.data)
    id_myTask                                0x20000004   Data           4  main_1.o(.data)
    defaultTaskHandle                        0x20000008   Data           4  freertos.o(.data)
    uwTickFreq                               0x2000000c   Data           1  stm32h7xx_hal.o(.data)
    uwTickPrio                               0x20000010   Data           4  stm32h7xx_hal.o(.data)
    uwTick                                   0x20000014   Data           4  stm32h7xx_hal.o(.data)
    SystemCoreClock                          0x20000018   Data           4  system_stm32h7xx_dualcore_boot_cm4_cm7.o(.data)
    SystemD2Clock                            0x2000001c   Data           4  system_stm32h7xx_dualcore_boot_cm4_cm7.o(.data)
    pxCurrentTCB                             0x20000020   Data           4  tasks.o(.data)
    hmmc1                                    0x200000a0   Data         628  sdmmc.o(.bss)
    htim17                                   0x20000314   Data          76  stm32h7xx_hal_timebase_tim.o(.bss)
    xQueueRegistry                           0x20000360   Data          64  queue.o(.bss)
    __libspace_start                         0x20004c34   Data          96  libspace.o(.bss)
    __temporary_stack_top$libspace           0x20004c94   Data           0  libspace.o(.bss)



==============================================================================

Memory Map of the image

  Image Entry point : 0x08000299

  Load Region LR_IROM1 (Base: 0x08000000, Size: 0x00005fb0, Max: 0x00100000, ABSOLUTE)

    Execution Region ER_IROM1 (Exec base: 0x08000000, Load base: 0x08000000, Size: 0x00005f10, Max: 0x00100000, ABSOLUTE)

    Exec Addr    Load Addr    Size         Type   Attr      Idx    E Section Name        Object

    0x08000000   0x08000000   0x00000298   Data   RO            3    RESET               startup_stm32h745xx_cm7.o
    0x08000298   0x08000298   0x00000008   Code   RO         6408  * !!!main             c_w.l(__main.o)
    0x080002a0   0x080002a0   0x00000034   Code   RO         6567    !!!scatter          c_w.l(__scatter.o)
    0x080002d4   0x080002d4   0x0000001a   Code   RO         6569    !!handler_copy      c_w.l(__scatter_copy.o)
    0x080002ee   0x080002ee   0x00000002   PAD
    0x080002f0   0x080002f0   0x0000001c   Code   RO         6571    !!handler_zi        c_w.l(__scatter_zi.o)
    0x0800030c   0x0800030c   0x00000002   Code   RO         6437    .ARM.Collect$$libinit$$00000000  c_w.l(libinit.o)
    0x0800030e   0x0800030e   0x00000004   Code   RO         6443    .ARM.Collect$$libinit$$00000001  c_w.l(libinit2.o)
    0x08000312   0x08000312   0x00000000   Code   RO         6446    .ARM.Collect$$libinit$$00000004  c_w.l(libinit2.o)
    0x08000312   0x08000312   0x00000000   Code   RO         6449    .ARM.Collect$$libinit$$0000000A  c_w.l(libinit2.o)
    0x08000312   0x08000312   0x00000000   Code   RO         6451    .ARM.Collect$$libinit$$0000000C  c_w.l(libinit2.o)
    0x08000312   0x08000312   0x00000000   Code   RO         6453    .ARM.Collect$$libinit$$0000000E  c_w.l(libinit2.o)
    0x08000312   0x08000312   0x00000000   Code   RO         6456    .ARM.Collect$$libinit$$00000011  c_w.l(libinit2.o)
    0x08000312   0x08000312   0x00000000   Code   RO         6458    .ARM.Collect$$libinit$$00000013  c_w.l(libinit2.o)
    0x08000312   0x08000312   0x00000000   Code   RO         6460    .ARM.Collect$$libinit$$00000015  c_w.l(libinit2.o)
    0x08000312   0x08000312   0x00000000   Code   RO         6462    .ARM.Collect$$libinit$$00000017  c_w.l(libinit2.o)
    0x08000312   0x08000312   0x00000000   Code   RO         6464    .ARM.Collect$$libinit$$00000019  c_w.l(libinit2.o)
    0x08000312   0x08000312   0x00000000   Code   RO         6466    .ARM.Collect$$libinit$$0000001B  c_w.l(libinit2.o)
    0x08000312   0x08000312   0x00000000   Code   RO         6468    .ARM.Collect$$libinit$$0000001D  c_w.l(libinit2.o)
    0x08000312   0x08000312   0x00000000   Code   RO         6470    .ARM.Collect$$libinit$$0000001F  c_w.l(libinit2.o)
    0x08000312   0x08000312   0x00000000   Code   RO         6472    .ARM.Collect$$libinit$$00000021  c_w.l(libinit2.o)
    0x08000312   0x08000312   0x00000000   Code   RO         6474    .ARM.Collect$$libinit$$00000023  c_w.l(libinit2.o)
    0x08000312   0x08000312   0x00000000   Code   RO         6476    .ARM.Collect$$libinit$$00000025  c_w.l(libinit2.o)
    0x08000312   0x08000312   0x00000000   Code   RO         6480    .ARM.Collect$$libinit$$0000002C  c_w.l(libinit2.o)
    0x08000312   0x08000312   0x00000000   Code   RO         6482    .ARM.Collect$$libinit$$0000002E  c_w.l(libinit2.o)
    0x08000312   0x08000312   0x00000000   Code   RO         6484    .ARM.Collect$$libinit$$00000030  c_w.l(libinit2.o)
    0x08000312   0x08000312   0x00000000   Code   RO         6486    .ARM.Collect$$libinit$$00000032  c_w.l(libinit2.o)
    0x08000312   0x08000312   0x00000002   Code   RO         6487    .ARM.Collect$$libinit$$00000033  c_w.l(libinit2.o)
    0x08000314   0x08000314   0x00000002   Code   RO         6507    .ARM.Collect$$libshutdown$$00000000  c_w.l(libshutdown.o)
    0x08000316   0x08000316   0x00000000   Code   RO         6520    .ARM.Collect$$libshutdown$$00000002  c_w.l(libshutdown2.o)
    0x08000316   0x08000316   0x00000000   Code   RO         6522    .ARM.Collect$$libshutdown$$00000004  c_w.l(libshutdown2.o)
    0x08000316   0x08000316   0x00000000   Code   RO         6525    .ARM.Collect$$libshutdown$$00000007  c_w.l(libshutdown2.o)
    0x08000316   0x08000316   0x00000000   Code   RO         6528    .ARM.Collect$$libshutdown$$0000000A  c_w.l(libshutdown2.o)
    0x08000316   0x08000316   0x00000000   Code   RO         6530    .ARM.Collect$$libshutdown$$0000000C  c_w.l(libshutdown2.o)
    0x08000316   0x08000316   0x00000000   Code   RO         6533    .ARM.Collect$$libshutdown$$0000000F  c_w.l(libshutdown2.o)
    0x08000316   0x08000316   0x00000002   Code   RO         6534    .ARM.Collect$$libshutdown$$00000010  c_w.l(libshutdown2.o)
    0x08000318   0x08000318   0x00000000   Code   RO         6410    .ARM.Collect$$rtentry$$00000000  c_w.l(__rtentry.o)
    0x08000318   0x08000318   0x00000000   Code   RO         6414    .ARM.Collect$$rtentry$$00000002  c_w.l(__rtentry2.o)
    0x08000318   0x08000318   0x00000006   Code   RO         6426    .ARM.Collect$$rtentry$$00000004  c_w.l(__rtentry4.o)
    0x0800031e   0x0800031e   0x00000000   Code   RO         6416    .ARM.Collect$$rtentry$$00000009  c_w.l(__rtentry2.o)
    0x0800031e   0x0800031e   0x00000004   Code   RO         6417    .ARM.Collect$$rtentry$$0000000A  c_w.l(__rtentry2.o)
    0x08000322   0x08000322   0x00000000   Code   RO         6419    .ARM.Collect$$rtentry$$0000000C  c_w.l(__rtentry2.o)
    0x08000322   0x08000322   0x00000008   Code   RO         6420    .ARM.Collect$$rtentry$$0000000D  c_w.l(__rtentry2.o)
    0x0800032a   0x0800032a   0x00000002   Code   RO         6441    .ARM.Collect$$rtexit$$00000000  c_w.l(rtexit.o)
    0x0800032c   0x0800032c   0x00000000   Code   RO         6489    .ARM.Collect$$rtexit$$00000002  c_w.l(rtexit2.o)
    0x0800032c   0x0800032c   0x00000004   Code   RO         6490    .ARM.Collect$$rtexit$$00000003  c_w.l(rtexit2.o)
    0x08000330   0x08000330   0x00000006   Code   RO         6491    .ARM.Collect$$rtexit$$00000004  c_w.l(rtexit2.o)
    0x08000336   0x08000336   0x00000002   PAD
    0x08000338   0x08000338   0x000000be   Code   RO         6317    .emb_text           port.o
    0x080003f6   0x080003f6   0x00000002   PAD
    0x080003f8   0x080003f8   0x00000040   Code   RO            4    .text               startup_stm32h745xx_cm7.o
    0x08000438   0x08000438   0x0000008a   Code   RO         6396    .text               c_w.l(rt_memcpy_v6.o)
    0x080004c2   0x080004c2   0x00000064   Code   RO         6398    .text               c_w.l(rt_memcpy_w.o)
    0x08000526   0x08000526   0x00000010   Code   RO         6402    .text               c_w.l(aeabi_memset.o)
    0x08000536   0x08000536   0x0000004e   Code   RO         6404    .text               c_w.l(rt_memclr_w.o)
    0x08000584   0x08000584   0x00000006   Code   RO         6406    .text               c_w.l(heapauxi.o)
    0x0800058a   0x0800058a   0x00000044   Code   RO         6411    .text               c_w.l(rt_memclr.o)
    0x080005ce   0x080005ce   0x0000004a   Code   RO         6428    .text               c_w.l(sys_stackheap_outer.o)
    0x08000618   0x08000618   0x00000012   Code   RO         6430    .text               c_w.l(exit.o)
    0x0800062a   0x0800062a   0x00000002   PAD
    0x0800062c   0x0800062c   0x00000008   Code   RO         6438    .text               c_w.l(libspace.o)
    0x08000634   0x08000634   0x0000000c   Code   RO         6499    .text               c_w.l(sys_exit.o)
    0x08000640   0x08000640   0x00000002   Code   RO         6510    .text               c_w.l(use_no_semi.o)
    0x08000642   0x08000642   0x00000000   Code   RO         6512    .text               c_w.l(indicate_semi.o)
    0x08000642   0x08000642   0x00000002   Code   RO          337    i.BusFault_Handler  stm32h7xx_it_1.o
    0x08000644   0x08000644   0x00000002   Code   RO          338    i.DebugMon_Handler  stm32h7xx_it_1.o
    0x08000646   0x08000646   0x00000008   Code   RO          339    i.EXTI15_10_IRQHandler  stm32h7xx_it_1.o
    0x0800064e   0x0800064e   0x00000004   Code   RO           13    i.Error_Handler     main_1.o
    0x08000652   0x08000652   0x00000002   PAD
    0x08000654   0x08000654   0x00000024   Code   RO         1997    i.HAL_Delay         stm32h7xx_hal.o
    0x08000678   0x08000678   0x00000024   Code   RO          340    i.HAL_GPIO_EXTI_Callback  stm32h7xx_it_1.o
    0x0800069c   0x0800069c   0x00000018   Code   RO         1117    i.HAL_GPIO_EXTI_IRQHandler  stm32h7xx_hal_gpio.o
    0x080006b4   0x080006b4   0x0000022c   Code   RO         1118    i.HAL_GPIO_Init     stm32h7xx_hal_gpio.o
    0x080008e0   0x080008e0   0x0000000a   Code   RO         1122    i.HAL_GPIO_WritePin  stm32h7xx_hal_gpio.o
    0x080008ea   0x080008ea   0x00000002   PAD
    0x080008ec   0x080008ec   0x0000000c   Code   RO         2016    i.HAL_GetREVID      stm32h7xx_hal.o
    0x080008f8   0x080008f8   0x0000000c   Code   RO         2017    i.HAL_GetTick       stm32h7xx_hal.o
    0x08000904   0x08000904   0x00000010   Code   RO         2023    i.HAL_IncTick       stm32h7xx_hal.o
    0x08000914   0x08000914   0x0000005c   Code   RO         2024    i.HAL_Init          stm32h7xx_hal.o
    0x08000970   0x08000970   0x00000084   Code   RO          437    i.HAL_InitTick      stm32h7xx_hal_timebase_tim.o
    0x080009f4   0x080009f4   0x00000108   Code   RO         3292    i.HAL_MMC_ConfigWideBusOperation  stm32h7xx_hal_mmc.o
    0x08000afc   0x08000afc   0x000001c0   Code   RO         3298    i.HAL_MMC_GetCardCSD  stm32h7xx_hal_mmc.o
    0x08000cbc   0x08000cbc   0x00000124   Code   RO         3299    i.HAL_MMC_GetCardExtCSD  stm32h7xx_hal_mmc.o
    0x08000de0   0x08000de0   0x0000002c   Code   RO         3301    i.HAL_MMC_GetCardState  stm32h7xx_hal_mmc.o
    0x08000e0c   0x08000e0c   0x00000044   Code   RO         3306    i.HAL_MMC_Init      stm32h7xx_hal_mmc.o
    0x08000e50   0x08000e50   0x000000f8   Code   RO         3307    i.HAL_MMC_InitCard  stm32h7xx_hal_mmc.o
    0x08000f48   0x08000f48   0x000000dc   Code   RO          296    i.HAL_MMC_MspInit   sdmmc.o
    0x08001024   0x08001024   0x000001bc   Code   RO         3310    i.HAL_MMC_ReadBlocks  stm32h7xx_hal_mmc.o
    0x080011e0   0x080011e0   0x000001dc   Code   RO         3317    i.HAL_MMC_WriteBlocks  stm32h7xx_hal_mmc.o
    0x080013bc   0x080013bc   0x0000005c   Code   RO          477    i.HAL_MPU_ConfigRegion  stm32h7xx_hal_cortex.o
    0x08001418   0x08001418   0x0000001c   Code   RO          478    i.HAL_MPU_Disable   stm32h7xx_hal_cortex.o
    0x08001434   0x08001434   0x00000024   Code   RO          479    i.HAL_MPU_Enable    stm32h7xx_hal_cortex.o
    0x08001458   0x08001458   0x00000024   Code   RO          413    i.HAL_MspInit       stm32h7xx_hal_msp_1.o
    0x0800147c   0x0800147c   0x0000001a   Code   RO          482    i.HAL_NVIC_EnableIRQ  stm32h7xx_hal_cortex.o
    0x08001496   0x08001496   0x00000002   PAD
    0x08001498   0x08001498   0x00000040   Code   RO          488    i.HAL_NVIC_SetPriority  stm32h7xx_hal_cortex.o
    0x080014d8   0x080014d8   0x00000024   Code   RO          489    i.HAL_NVIC_SetPriorityGrouping  stm32h7xx_hal_cortex.o
    0x080014fc   0x080014fc   0x00000084   Code   RO         1720    i.HAL_PWREx_ConfigSupply  stm32h7xx_hal_pwr_ex.o
    0x08001580   0x08001580   0x00000024   Code   RO          734    i.HAL_RCCEx_GetD3PCLK1Freq  stm32h7xx_hal_rcc_ex.o
    0x080015a4   0x080015a4   0x00000148   Code   RO          735    i.HAL_RCCEx_GetPLL1ClockFreq  stm32h7xx_hal_rcc_ex.o
    0x080016ec   0x080016ec   0x00000144   Code   RO          736    i.HAL_RCCEx_GetPLL2ClockFreq  stm32h7xx_hal_rcc_ex.o
    0x08001830   0x08001830   0x00000144   Code   RO          737    i.HAL_RCCEx_GetPLL3ClockFreq  stm32h7xx_hal_rcc_ex.o
    0x08001974   0x08001974   0x000002c8   Code   RO          739    i.HAL_RCCEx_GetPeriphCLKFreq  stm32h7xx_hal_rcc_ex.o
    0x08001c3c   0x08001c3c   0x000009ac   Code   RO          743    i.HAL_RCCEx_PeriphCLKConfig  stm32h7xx_hal_rcc_ex.o
    0x080025e8   0x080025e8   0x0000025c   Code   RO          618    i.HAL_RCC_ClockConfig  stm32h7xx_hal_rcc.o
    0x08002844   0x08002844   0x0000005c   Code   RO          622    i.HAL_RCC_GetClockConfig  stm32h7xx_hal_rcc.o
    0x080028a0   0x080028a0   0x00000044   Code   RO          623    i.HAL_RCC_GetHCLKFreq  stm32h7xx_hal_rcc.o
    0x080028e4   0x080028e4   0x00000024   Code   RO          625    i.HAL_RCC_GetPCLK1Freq  stm32h7xx_hal_rcc.o
    0x08002908   0x08002908   0x00000024   Code   RO          626    i.HAL_RCC_GetPCLK2Freq  stm32h7xx_hal_rcc.o
    0x0800292c   0x0800292c   0x00000138   Code   RO          627    i.HAL_RCC_GetSysClockFreq  stm32h7xx_hal_rcc.o
    0x08002a64   0x08002a64   0x00000582   Code   RO          630    i.HAL_RCC_OscConfig  stm32h7xx_hal_rcc.o
    0x08002fe6   0x08002fe6   0x00000002   Code   RO         4311    i.HAL_TIMEx_Break2Callback  stm32h7xx_hal_tim_ex.o
    0x08002fe8   0x08002fe8   0x00000002   Code   RO         4312    i.HAL_TIMEx_BreakCallback  stm32h7xx_hal_tim_ex.o
    0x08002fea   0x08002fea   0x00000002   Code   RO         4313    i.HAL_TIMEx_CommutCallback  stm32h7xx_hal_tim_ex.o
    0x08002fec   0x08002fec   0x00000062   Code   RO         3597    i.HAL_TIM_Base_Init  stm32h7xx_hal_tim.o
    0x0800304e   0x0800304e   0x00000002   Code   RO         3599    i.HAL_TIM_Base_MspInit  stm32h7xx_hal_tim.o
    0x08003050   0x08003050   0x0000008c   Code   RO         3602    i.HAL_TIM_Base_Start_IT  stm32h7xx_hal_tim.o
    0x080030dc   0x080030dc   0x00000002   Code   RO         3631    i.HAL_TIM_IC_CaptureCallback  stm32h7xx_hal_tim.o
    0x080030de   0x080030de   0x00000182   Code   RO         3645    i.HAL_TIM_IRQHandler  stm32h7xx_hal_tim.o
    0x08003260   0x08003260   0x00000002   Code   RO         3648    i.HAL_TIM_OC_DelayElapsedCallback  stm32h7xx_hal_tim.o
    0x08003262   0x08003262   0x00000002   Code   RO         3675    i.HAL_TIM_PWM_PulseFinishedCallback  stm32h7xx_hal_tim.o
    0x08003264   0x08003264   0x00000014   Code   RO           14    i.HAL_TIM_PeriodElapsedCallback  main_1.o
    0x08003278   0x08003278   0x00000002   Code   RO         3688    i.HAL_TIM_TriggerCallback  stm32h7xx_hal_tim.o
    0x0800327a   0x0800327a   0x00000002   Code   RO          341    i.HardFault_Handler  stm32h7xx_it_1.o
    0x0800327c   0x0800327c   0x00000116   Code   RO         3322    i.MMC_InitCard      stm32h7xx_hal_mmc.o
    0x08003392   0x08003392   0x00000002   PAD
    0x08003394   0x08003394   0x000000cc   Code   RO         3323    i.MMC_PwrClassUpdate  stm32h7xx_hal_mmc.o
    0x08003460   0x08003460   0x00000114   Code   RO         3324    i.MMC_ReadExtCSD    stm32h7xx_hal_mmc.o
    0x08003574   0x08003574   0x00000020   Code   RO          252    i.MX_FREERTOS_Init  freertos.o
    0x08003594   0x08003594   0x000000b4   Code   RO          224    i.MX_GPIO_Init      gpio_1.o
    0x08003648   0x08003648   0x00000034   Code   RO          297    i.MX_SDMMC1_MMC_Init  sdmmc.o
    0x0800367c   0x0800367c   0x00000002   Code   RO          342    i.MemManage_Handler  stm32h7xx_it_1.o
    0x0800367e   0x0800367e   0x00000002   Code   RO          343    i.NMI_Handler       stm32h7xx_it_1.o
    0x08003680   0x08003680   0x00000120   Code   RO          746    i.RCCEx_PLL2_Config  stm32h7xx_hal_rcc_ex.o
    0x080037a0   0x080037a0   0x00000120   Code   RO          747    i.RCCEx_PLL3_Config  stm32h7xx_hal_rcc_ex.o
    0x080038c0   0x080038c0   0x00000032   Code   RO         2980    i.SDMMC_CmdBlockLength  stm32h7xx_ll_sdmmc.o
    0x080038f2   0x080038f2   0x00000002   PAD
    0x080038f4   0x080038f4   0x00000054   Code   RO         2985    i.SDMMC_CmdGoIdleState  stm32h7xx_ll_sdmmc.o
    0x08003948   0x08003948   0x0000002c   Code   RO         2986    i.SDMMC_CmdOpCondition  stm32h7xx_ll_sdmmc.o
    0x08003974   0x08003974   0x00000034   Code   RO         2988    i.SDMMC_CmdReadMultiBlock  stm32h7xx_ll_sdmmc.o
    0x080039a8   0x080039a8   0x00000034   Code   RO         2989    i.SDMMC_CmdReadSingleBlock  stm32h7xx_ll_sdmmc.o
    0x080039dc   0x080039dc   0x00000034   Code   RO         2992    i.SDMMC_CmdSelDesel  stm32h7xx_ll_sdmmc.o
    0x08003a10   0x08003a10   0x0000002c   Code   RO         2993    i.SDMMC_CmdSendCID  stm32h7xx_ll_sdmmc.o
    0x08003a3c   0x08003a3c   0x00000030   Code   RO         2994    i.SDMMC_CmdSendCSD  stm32h7xx_ll_sdmmc.o
    0x08003a6c   0x08003a6c   0x00000032   Code   RO         2995    i.SDMMC_CmdSendEXTCSD  stm32h7xx_ll_sdmmc.o
    0x08003a9e   0x08003a9e   0x00000034   Code   RO         2997    i.SDMMC_CmdSendStatus  stm32h7xx_ll_sdmmc.o
    0x08003ad2   0x08003ad2   0x0000002e   Code   RO         2999    i.SDMMC_CmdSetRelAddMmc  stm32h7xx_ll_sdmmc.o
    0x08003b00   0x08003b00   0x00000054   Code   RO         3002    i.SDMMC_CmdStopTransfer  stm32h7xx_ll_sdmmc.o
    0x08003b54   0x08003b54   0x00000034   Code   RO         3003    i.SDMMC_CmdSwitch   stm32h7xx_ll_sdmmc.o
    0x08003b88   0x08003b88   0x00000034   Code   RO         3005    i.SDMMC_CmdWriteMultiBlock  stm32h7xx_ll_sdmmc.o
    0x08003bbc   0x08003bbc   0x00000034   Code   RO         3006    i.SDMMC_CmdWriteSingleBlock  stm32h7xx_ll_sdmmc.o
    0x08003bf0   0x08003bf0   0x00000026   Code   RO         3007    i.SDMMC_ConfigData  stm32h7xx_ll_sdmmc.o
    0x08003c16   0x08003c16   0x00000002   PAD
    0x08003c18   0x08003c18   0x00000124   Code   RO         3008    i.SDMMC_GetCmdResp1  stm32h7xx_ll_sdmmc.o
    0x08003d3c   0x08003d3c   0x00000054   Code   RO         3009    i.SDMMC_GetCmdResp2  stm32h7xx_ll_sdmmc.o
    0x08003d90   0x08003d90   0x00000048   Code   RO         3010    i.SDMMC_GetCmdResp3  stm32h7xx_ll_sdmmc.o
    0x08003dd8   0x08003dd8   0x00000008   Code   RO         3016    i.SDMMC_GetPowerState  stm32h7xx_ll_sdmmc.o
    0x08003de0   0x08003de0   0x00000006   Code   RO         3017    i.SDMMC_GetResponse  stm32h7xx_ll_sdmmc.o
    0x08003de6   0x08003de6   0x00000002   PAD
    0x08003de8   0x08003de8   0x00000020   Code   RO         3018    i.SDMMC_Init        stm32h7xx_ll_sdmmc.o
    0x08003e08   0x08003e08   0x0000000c   Code   RO         3021    i.SDMMC_PowerState_ON  stm32h7xx_ll_sdmmc.o
    0x08003e14   0x08003e14   0x00000006   Code   RO         3022    i.SDMMC_ReadFIFO    stm32h7xx_ll_sdmmc.o
    0x08003e1a   0x08003e1a   0x00000002   PAD
    0x08003e1c   0x08003e1c   0x00000028   Code   RO         3023    i.SDMMC_SendCommand  stm32h7xx_ll_sdmmc.o
    0x08003e44   0x08003e44   0x0000000a   Code   RO         3025    i.SDMMC_WriteFIFO   stm32h7xx_ll_sdmmc.o
    0x08003e4e   0x08003e4e   0x00000008   Code   RO          253    i.StartDefaultTask  freertos.o
    0x08003e56   0x08003e56   0x0000001a   Code   RO         5749    i.SysTick_Handler   cmsis_os2.o
    0x08003e70   0x08003e70   0x000000a8   Code   RO           15    i.SystemClock_Config  main_1.o
    0x08003f18   0x08003f18   0x000000f8   Code   RO         4603    i.SystemInit        system_stm32h7xx_dualcore_boot_cm4_cm7.o
    0x08004010   0x08004010   0x0000000c   Code   RO          344    i.TIM17_IRQHandler  stm32h7xx_it_1.o
    0x0800401c   0x0800401c   0x000000c4   Code   RO         3690    i.TIM_Base_SetConfig  stm32h7xx_hal_tim.o
    0x080040e0   0x080040e0   0x00000002   Code   RO          345    i.UsageFault_Handler  stm32h7xx_it_1.o
    0x080040e2   0x080040e2   0x00000022   Code   RO          495    i.__NVIC_SetPriority  stm32h7xx_hal_cortex.o
    0x08004104   0x08004104   0x00000110   Code   RO           16    i.main              main_1.o
    0x08004214   0x08004214   0x0000004c   Code   RO           17    i.myTask            main_1.o
    0x08004260   0x08004260   0x0000001c   Code   RO         5751    i.osDelay           cmsis_os2.o
    0x0800427c   0x0800427c   0x00000024   Code   RO         5765    i.osKernelInitialize  cmsis_os2.o
    0x080042a0   0x080042a0   0x00000038   Code   RO         5768    i.osKernelStart     cmsis_os2.o
    0x080042d8   0x080042d8   0x00000074   Code   RO         5802    i.osThreadFlagsSet  cmsis_os2.o
    0x0800434c   0x0800434c   0x00000098   Code   RO         5803    i.osThreadFlagsWait  cmsis_os2.o
    0x080043e4   0x080043e4   0x00000090   Code   RO         5810    i.osThreadNew       cmsis_os2.o
    0x08004474   0x08004474   0x00000028   Code   RO         5812    i.osThreadSetPriority  cmsis_os2.o
    0x0800449c   0x0800449c   0x0000005c   Code   RO         5210    i.prvAddCurrentTaskToDelayedList  tasks.o
    0x080044f8   0x080044f8   0x000000d0   Code   RO         5211    i.prvAddNewTaskToReadyList  tasks.o
    0x080045c8   0x080045c8   0x00000058   Code   RO         5575    i.prvCheckForValidListAndQueue  timers.o
    0x08004620   0x08004620   0x00000026   Code   RO         4807    i.prvCopyDataFromQueue  queue.o
    0x08004646   0x08004646   0x0000006c   Code   RO         4808    i.prvCopyDataToQueue  queue.o
    0x080046b2   0x080046b2   0x00000034   Code   RO         5212    i.prvDeleteTCB      tasks.o
    0x080046e6   0x080046e6   0x00000002   PAD
    0x080046e8   0x080046e8   0x00000050   Code   RO         6262    i.prvHeapInit       heap_4.o
    0x08004738   0x08004738   0x00000060   Code   RO         5213    i.prvIdleTask       tasks.o
    0x08004798   0x08004798   0x00000022   Code   RO         4810    i.prvInitialiseNewQueue  queue.o
    0x080047ba   0x080047ba   0x000000b0   Code   RO         5214    i.prvInitialiseNewTask  tasks.o
    0x0800486a   0x0800486a   0x00000002   PAD
    0x0800486c   0x0800486c   0x0000004c   Code   RO         6263    i.prvInsertBlockIntoFreeList  heap_4.o
    0x080048b8   0x080048b8   0x0000003c   Code   RO         5577    i.prvInsertTimerInActiveList  timers.o
    0x080048f4   0x080048f4   0x0000001c   Code   RO         4811    i.prvIsQueueEmpty   queue.o
    0x08004910   0x08004910   0x000000f8   Code   RO         5578    i.prvProcessReceivedCommands  timers.o
    0x08004a08   0x08004a08   0x000000c0   Code   RO         5579    i.prvProcessTimerOrBlockTask  timers.o
    0x08004ac8   0x08004ac8   0x00000020   Code   RO         5216    i.prvResetNextTaskUnblockTime  tasks.o
    0x08004ae8   0x08004ae8   0x00000028   Code   RO         5580    i.prvSampleTimeNow  timers.o
    0x08004b10   0x08004b10   0x0000006c   Code   RO         5581    i.prvSwitchTimerLists  timers.o
    0x08004b7c   0x08004b7c   0x00000028   Code   RO         6318    i.prvTaskExitError  port.o
    0x08004ba4   0x08004ba4   0x00000024   Code   RO         5582    i.prvTimerTask      timers.o
    0x08004bc8   0x08004bc8   0x0000006a   Code   RO         4812    i.prvUnlockQueue    queue.o
    0x08004c32   0x08004c32   0x00000002   PAD
    0x08004c34   0x08004c34   0x000000dc   Code   RO         6264    i.pvPortMalloc      heap_4.o
    0x08004d10   0x08004d10   0x00000030   Code   RO         6319    i.pxPortInitialiseStack  port.o
    0x08004d40   0x08004d40   0x00000026   Code   RO         4767    i.uxListRemove      list.o
    0x08004d66   0x08004d66   0x00000002   PAD
    0x08004d68   0x08004d68   0x00000018   Code   RO         5822    i.vApplicationGetIdleTaskMemory  cmsis_os2.o
    0x08004d80   0x08004d80   0x00000018   Code   RO         5823    i.vApplicationGetTimerTaskMemory  cmsis_os2.o
    0x08004d98   0x08004d98   0x00000016   Code   RO         4768    i.vListInitialise   list.o
    0x08004dae   0x08004dae   0x00000006   Code   RO         4769    i.vListInitialiseItem  list.o
    0x08004db4   0x08004db4   0x00000030   Code   RO         4770    i.vListInsert       list.o
    0x08004de4   0x08004de4   0x00000018   Code   RO         4771    i.vListInsertEnd    list.o
    0x08004dfc   0x08004dfc   0x00000040   Code   RO         6321    i.vPortEnterCritical  port.o
    0x08004e3c   0x08004e3c   0x00000028   Code   RO         6322    i.vPortExitCritical  port.o
    0x08004e64   0x08004e64   0x00000064   Code   RO         6265    i.vPortFree         heap_4.o
    0x08004ec8   0x08004ec8   0x00000024   Code   RO         6323    i.vPortSetupTimerInterrupt  port.o
    0x08004eec   0x08004eec   0x00000054   Code   RO         6324    i.vPortValidateInterruptPriority  port.o
    0x08004f40   0x08004f40   0x00000028   Code   RO         4818    i.vQueueAddToRegistry  queue.o
    0x08004f68   0x08004f68   0x00000044   Code   RO         4822    i.vQueueWaitForMessageRestricted  queue.o
    0x08004fac   0x08004fac   0x0000004c   Code   RO         5229    i.vTaskDelay        tasks.o
    0x08004ff8   0x08004ff8   0x00000010   Code   RO         5234    i.vTaskInternalSetTimeOutState  tasks.o
    0x08005008   0x08005008   0x0000000c   Code   RO         5235    i.vTaskMissedYield  tasks.o
    0x08005014   0x08005014   0x00000030   Code   RO         5237    i.vTaskPlaceOnEventList  tasks.o
    0x08005044   0x08005044   0x00000038   Code   RO         5238    i.vTaskPlaceOnEventListRestricted  tasks.o
    0x0800507c   0x0800507c   0x000000b4   Code   RO         5241    i.vTaskPrioritySet  tasks.o
    0x08005130   0x08005130   0x00000088   Code   RO         5246    i.vTaskStartScheduler  tasks.o
    0x080051b8   0x080051b8   0x00000010   Code   RO         5248    i.vTaskSuspendAll   tasks.o
    0x080051c8   0x080051c8   0x00000064   Code   RO         5249    i.vTaskSwitchContext  tasks.o
    0x0800522c   0x0800522c   0x000000f4   Code   RO         6325    i.xPortStartScheduler  port.o
    0x08005320   0x08005320   0x0000002c   Code   RO         6326    i.xPortSysTickHandler  port.o
    0x0800534c   0x0800534c   0x00000066   Code   RO         4828    i.xQueueGenericCreateStatic  queue.o
    0x080053b2   0x080053b2   0x00000002   PAD
    0x080053b4   0x080053b4   0x00000094   Code   RO         4829    i.xQueueGenericReset  queue.o
    0x08005448   0x08005448   0x00000160   Code   RO         4830    i.xQueueGenericSend  queue.o
    0x080055a8   0x080055a8   0x000000be   Code   RO         4831    i.xQueueGenericSendFromISR  queue.o
    0x08005666   0x08005666   0x00000002   PAD
    0x08005668   0x08005668   0x0000013c   Code   RO         4840    i.xQueueReceive     queue.o
    0x080057a4   0x080057a4   0x00000078   Code   RO         5251    i.xTaskCheckForTimeOut  tasks.o
    0x0800581c   0x0800581c   0x0000005a   Code   RO         5252    i.xTaskCreate       tasks.o
    0x08005876   0x08005876   0x00000056   Code   RO         5253    i.xTaskCreateStatic  tasks.o
    0x080058cc   0x080058cc   0x000000e0   Code   RO         5254    i.xTaskGenericNotify  tasks.o
    0x080059ac   0x080059ac   0x00000104   Code   RO         5255    i.xTaskGenericNotifyFromISR  tasks.o
    0x08005ab0   0x08005ab0   0x0000001c   Code   RO         5257    i.xTaskGetSchedulerState  tasks.o
    0x08005acc   0x08005acc   0x0000000c   Code   RO         5258    i.xTaskGetTickCount  tasks.o
    0x08005ad8   0x08005ad8   0x000000c8   Code   RO         5260    i.xTaskIncrementTick  tasks.o
    0x08005ba0   0x08005ba0   0x0000008c   Code   RO         5262    i.xTaskNotifyWait   tasks.o
    0x08005c2c   0x08005c2c   0x0000007c   Code   RO         5263    i.xTaskPriorityDisinherit  tasks.o
    0x08005ca8   0x08005ca8   0x00000070   Code   RO         5265    i.xTaskRemoveFromEventList  tasks.o
    0x08005d18   0x08005d18   0x000000c4   Code   RO         5266    i.xTaskResumeAll    tasks.o
    0x08005ddc   0x08005ddc   0x00000060   Code   RO         5591    i.xTimerCreateTimerTask  timers.o
    0x08005e3c   0x08005e3c   0x00000068   Code   RO         5592    i.xTimerGenericCommand  timers.o
    0x08005ea4   0x08005ea4   0x0000000a   Code   RO         6497    x$fpl$fpinit        fz_wv.l(fpinit.o)
    0x08005eae   0x08005eae   0x00000002   PAD
    0x08005eb0   0x08005eb0   0x00000024   Data   RO          254    .constdata          freertos.o
    0x08005ed4   0x08005ed4   0x00000010   Data   RO         4604    .constdata          system_stm32h7xx_dualcore_boot_cm4_cm7.o
    0x08005ee4   0x08005ee4   0x0000000c   Data   RO          255    .conststring        freertos.o
    0x08005ef0   0x08005ef0   0x00000020   Data   RO         6565    Region$$Table       anon$$obj.o


    Execution Region RW_IRAM1 (Exec base: 0x20000000, Load base: 0x08005f10, Size: 0x00005298, Max: 0x00020000, ABSOLUTE)

    Exec Addr    Load Addr    Size         Type   Attr      Idx    E Section Name        Object

    0x20000000   0x08005f10   0x00000008   Data   RW           18    .data               main_1.o
    0x20000008   0x08005f18   0x00000004   Data   RW          256    .data               freertos.o
    0x2000000c   0x08005f1c   0x0000000c   Data   RW         2051    .data               stm32h7xx_hal.o
    0x20000018   0x08005f28   0x00000008   Data   RW         4605    .data               system_stm32h7xx_dualcore_boot_cm4_cm7.o
    0x20000020   0x08005f30   0x0000003c   Data   RW         5269    .data               tasks.o
    0x2000005c   0x08005f6c   0x00000014   Data   RW         5600    .data               timers.o
    0x20000070   0x08005f80   0x00000004   Data   RW         5825    .data               cmsis_os2.o
    0x20000074   0x08005f84   0x00000020   Data   RW         6271    .data               heap_4.o
    0x20000094   0x08005fa4   0x0000000c   Data   RW         6327    .data               port.o
    0x200000a0        -       0x00000274   Zero   RW          298    .bss                sdmmc.o
    0x20000314        -       0x0000004c   Zero   RW          440    .bss                stm32h7xx_hal_timebase_tim.o
    0x20000360        -       0x00000040   Zero   RW         4844    .bss                queue.o
    0x200003a0        -       0x000004c4   Zero   RW         5268    .bss                tasks.o
    0x20000864        -       0x00000118   Zero   RW         5599    .bss                timers.o
    0x2000097c        -       0x000006b8   Zero   RW         5824    .bss                cmsis_os2.o
    0x20001034        -       0x00003c00   Zero   RW         6270    .bss                heap_4.o
    0x20004c34        -       0x00000060   Zero   RW         6439    .bss                c_w.l(libspace.o)
    0x20004c94   0x08005fb0   0x00000004   PAD
    0x20004c98        -       0x00000200   Zero   RW            2    HEAP                startup_stm32h745xx_cm7.o
    0x20004e98        -       0x00000400   Zero   RW            1    STACK               startup_stm32h745xx_cm7.o


==============================================================================

Image component sizes


      Code (inc. data)   RO Data    RW Data    ZI Data      Debug   Object Name

       646         28          0          4       1720      75140   cmsis_os2.o
         0          0          0          0          0      19640   event_groups.o
        40         14         48          4          0       2037   freertos.o
       180         14          0          0          0       1227   gpio_1.o
       476         24          0         32      15360       5263   heap_4.o
       138          0          0          0          0       3954   list.o
       540         40          0          8          0    1461148   main_1.o
       790         84          0         12          0      12189   port.o
      1530         22          0          0         64      18288   queue.o
       272         32          0          0        628       2203   sdmmc.o
        64         26        664          0       1536        896   startup_stm32h745xx_cm7.o
       168         36          0         12          0      30933   stm32h7xx_hal.o
       316         28          0          0          0      41524   stm32h7xx_hal_cortex.o
       590         50          0          0          0       3183   stm32h7xx_hal_gpio.o
      3042         76          0          0          0      15191   stm32h7xx_hal_mmc.o
        36          4          0          0          0       1062   stm32h7xx_hal_msp_1.o
       132          4          0          0          0        889   stm32h7xx_hal_pwr_ex.o
      2558        110          0          0          0       8253   stm32h7xx_hal_rcc.o
      4776        174          0          0          0      10987   stm32h7xx_hal_rcc_ex.o
       830         68          0          0          0       8032   stm32h7xx_hal_tim.o
         6          0          0          0          0       2508   stm32h7xx_hal_tim_ex.o
       132         22          0          0         76       1732   stm32h7xx_hal_timebase_tim.o
        68         16          0          0          0       4748   stm32h7xx_it_1.o
      1414         56          0          0          0      21755   stm32h7xx_ll_sdmmc.o
         0          0          0          0          0        392   stream_buffer.o
       248         40         16          8          0       1782   system_stm32h7xx_dualcore_boot_cm4_cm7.o
      2888        220          0         60       1220      33610   tasks.o
       972         84          0         20        280      32999   timers.o

    ----------------------------------------------------------------------
     22882       1272        760        160      20884    1821565   Object Totals
         0          0         32          0          0          0   (incl. Generated)
        30          0          0          0          0          0   (incl. Padding)

    ----------------------------------------------------------------------

      Code (inc. data)   RO Data    RW Data    ZI Data      Debug   Library Member Name

         8          0          0          0          0         68   __main.o
         0          0          0          0          0          0   __rtentry.o
        12          0          0          0          0          0   __rtentry2.o
         6          0          0          0          0          0   __rtentry4.o
        52          8          0          0          0          0   __scatter.o
        26          0          0          0          0          0   __scatter_copy.o
        28          0          0          0          0          0   __scatter_zi.o
        16          0          0          0          0         68   aeabi_memset.o
        18          0          0          0          0         80   exit.o
         6          0          0          0          0        152   heapauxi.o
         0          0          0          0          0          0   indicate_semi.o
         2          0          0          0          0          0   libinit.o
         6          0          0          0          0          0   libinit2.o
         2          0          0          0          0          0   libshutdown.o
         2          0          0          0          0          0   libshutdown2.o
         8          4          0          0         96         68   libspace.o
        68          0          0          0          0         68   rt_memclr.o
        78          0          0          0          0         80   rt_memclr_w.o
       138          0          0          0          0         68   rt_memcpy_v6.o
       100          0          0          0          0         80   rt_memcpy_w.o
         2          0          0          0          0          0   rtexit.o
        10          0          0          0          0          0   rtexit2.o
        12          4          0          0          0         68   sys_exit.o
        74          0          0          0          0         80   sys_stackheap_outer.o
         2          0          0          0          0         68   use_no_semi.o
        10          0          0          0          0        116   fpinit.o

    ----------------------------------------------------------------------
       694         16          0          0        100       1064   Library Totals
         8          0          0          0          4          0   (incl. Padding)

    ----------------------------------------------------------------------

      Code (inc. data)   RO Data    RW Data    ZI Data      Debug   Library Name

       676         16          0          0         96        948   c_w.l
        10          0          0          0          0        116   fz_wv.l

    ----------------------------------------------------------------------
       694         16          0          0        100       1064   Library Totals

    ----------------------------------------------------------------------

==============================================================================


      Code (inc. data)   RO Data    RW Data    ZI Data      Debug   

     23576       1288        760        160      20984    1805313   Grand Totals
     23576       1288        760        160      20984    1805313   ELF Image Totals
     23576       1288        760        160          0          0   ROM Totals

==============================================================================

    Total RO  Size (Code + RO Data)                24336 (  23.77kB)
    Total RW  Size (RW Data + ZI Data)             21144 (  20.65kB)
    Total ROM Size (Code + RO Data + RW Data)      24496 (  23.92kB)

==============================================================================

