<html>
<body>
<pre>
<h1>µVision Build Log</h1>
<h2>Tool Versions:</h2>
IDE-Version: µVision V5.34.0.0
Copyright (C) 2021 ARM Ltd and ARM Germany GmbH. All rights reserved.
License Information: Johannes Bauer, FH Joanneum, LIC=----
 
Tool Versions:
Toolchain:       MDK-Lite  Version: 5.34.0.0
Toolchain Path:  C:\Keil_v5\ARM\ARMCC\Bin
C Compiler:      Armcc.exe V5.06 update 7 (build 960)
Assembler:       Armasm.exe V5.06 update 7 (build 960)
Linker/Locator:  ArmLink.exe V5.06 update 7 (build 960)
Library Manager: ArmAr.exe V5.06 update 7 (build 960)
Hex Converter:   FromElf.exe V5.06 update 7 (build 960)
CPU DLL:         SARMCM3.DLL V5.34.0.0
Dialog DLL:      DCM.DLL V1.17.3.0
Target DLL:      STLink\ST-LINKIII-KEIL_SWO.dll V3.0.8.0
Dialog DLL:      TCM.DLL V1.48.0.0
 
<h2>Project:</h2>
C:\Users\Yoshi\Documents\GitHub\Software\01_jrg\01_STM32\Tutorial\04_ADC_Continuous\ADC_Continuous\MDK-ARM\ADC_Continuous.uvprojx
Project File Date:  03/28/2021

<h2>Output:</h2>
*** Using Compiler 'V5.06 update 7 (build 960)', folder: 'C:\Keil_v5\ARM\ARMCC\Bin'
Build target 'ADC_Continuous'
assembling startup_stm32f407xx.s...
compiling stm32f4xx_it.c...
compiling usb_host.c...
compiling stm32f4xx_hal_msp.c...
compiling main.c...
compiling usbh_platform.c...
compiling usbh_conf.c...
compiling stm32f4xx_hal_hcd.c...
compiling stm32f4xx_hal_flash_ramfunc.c...
compiling stm32f4xx_hal_flash_ex.c...
compiling stm32f4xx_hal_gpio.c...
compiling stm32f4xx_hal_rcc_ex.c...
compiling stm32f4xx_hal_flash.c...
compiling stm32f4xx_ll_usb.c...
compiling stm32f4xx_hal_rcc.c...
compiling stm32f4xx_hal_cortex.c...
compiling stm32f4xx_hal_pwr_ex.c...
compiling stm32f4xx_hal_exti.c...
compiling stm32f4xx_hal_dma.c...
compiling stm32f4xx_hal_pwr.c...
compiling stm32f4xx_hal.c...
compiling stm32f4xx_hal_dma_ex.c...
compiling stm32f4xx_hal_tim_ex.c...
compiling system_stm32f4xx.c...
compiling stm32f4xx_hal_tim.c...
compiling stm32f4xx_hal_adc_ex.c...
compiling usbh_core.c...
compiling usbh_ctlreq.c...
compiling stm32f4xx_hal_adc.c...
compiling usbh_pipes.c...
compiling usbh_cdc.c...
compiling usbh_ioreq.c...
linking...
Program Size: Code=12836 RO-data=444 RW-data=68 ZI-data=3300  
FromELF: creating hex file...
"ADC_Continuous\ADC_Continuous.axf" - 0 Error(s), 0 Warning(s).

<h2>Software Packages used:</h2>

Package Vendor: ARM
                http://www.keil.com/pack/ARM.CMSIS.5.7.0.pack
                ARM.CMSIS.5.7.0
                CMSIS (Cortex Microcontroller Software Interface Standard)
   * Component: CORE Version: 5.4.0

Package Vendor: Keil
                http://www.keil.com/pack/Keil.STM32F4xx_DFP.2.15.0.pack
                Keil.STM32F4xx_DFP.2.15.0
                STMicroelectronics STM32F4 Series Device Support, Drivers and Examples

<h2>Collection of Component include folders:</h2>
  .\RTE\_ADC_Continuous
  C:\Users\Yoshi\AppData\Local\Arm\Packs\ARM\CMSIS\5.7.0\CMSIS\Core\Include
  C:\Users\Yoshi\AppData\Local\Arm\Packs\Keil\STM32F4xx_DFP\2.15.0\Drivers\CMSIS\Device\ST\STM32F4xx\Include

<h2>Collection of Component Files used:</h2>

   * Component: ARM::CMSIS:CORE:5.4.0
Build Time Elapsed:  00:00:36
</pre>
</body>
</html>
