<html>
<body>
<pre>
<h1>µVision Build Log</h1>
<h2>Tool Versions:</h2>
IDE-Version: µVision V5.34.0.0
Copyright (C) 2021 ARM Ltd and ARM Germany GmbH. All rights reserved.
License Information: Johannes Bauer, joanneum racing graz, LIC=----
 
Tool Versions:
Toolchain:       MDK-Lite  Version: 5.34.0.0
Toolchain Path:  C:\Keil_v5\ARM\ARMCLANG\Bin
C Compiler:      ArmClang.exe V6.16
Assembler:       Armasm.exe V6.16
Linker/Locator:  ArmLink.exe V6.16
Library Manager: ArmAr.exe V6.16
Hex Converter:   FromElf.exe V6.16
CPU DLL:         SARMCM3.DLL V5.34.0.0
Dialog DLL:      DCM.DLL V1.17.3.0
Target DLL:      STLink\ST-LINKIII-KEIL_SWO.dll V3.0.8.0
Dialog DLL:      TCM.DLL V1.48.0.0
 
<h2>Project:</h2>
D:\Dokumente\GitHub\Software\01_jrg\01_STM32\Projects\00_Practise\01_SPI\SPI.uvprojx
Project File Date:  04/28/2021

<h2>Output:</h2>
*** Using Compiler 'V6.16', folder: 'C:\Keil_v5\ARM\ARMCLANG\Bin'
Build target 'Target 1'
SPI_Conf.c(1): warning: In file included from...
./SPI_Conf.h(15): warning: padding struct 'SPI_SLAVE_t' with 3 bytes to align 'CS_PORT' [-Wpadded]
        GPIO_TypeDef    *CS_PORT;
                         ^
./SPI_Conf.h(13): warning: padding size of 'SPI_SLAVE_t' with 2 bytes to alignment boundary [-Wpadded]
typedef struct{
        ^
SPI_Conf.c(1): warning: In file included from...
./SPI_Conf.h(4): warning: In file included from...
./Hardware_Def.h(8): warning: In file included from...
C:/Users/Yoshi/AppData/Local/Arm/Packs/Keil/STM32F4xx_DFP/2.15.0/Drivers/STM32F4xx_HAL_Driver/Inc\stm32f4xx_hal.h(30): warning: In file included from...
./RTE/Device/STM32F407VGTx\stm32f4xx_hal_conf.h(523): warning: In file included from...
C:/Users/Yoshi/AppData/Local/Arm/Packs/Keil/STM32F4xx_DFP/2.15.0/Drivers/STM32F4xx_HAL_Driver/Inc\stm32f4xx_hal_spi.h(135): warning: padding struct 'struct __SPI_HandleTypeDef' with 2 bytes to align 'ErrorCode' [-Wpadded]
  __IO uint32_t              ErrorCode;      /*!< SPI Error code                           */
                             ^
SPI_Conf.c(86): warning: implicit declaration of function 'Error_Handler' is invalid in C99 [-Wimplicit-function-declaration]
    Error_Handler();
    ^
SPI_Conf.c(1): warning: In file included from...
./SPI_Conf.h(4): warning: In file included from...
./Hardware_Def.h(8): warning: In file included from...
C:/Users/Yoshi/AppData/Local/Arm/Packs/Keil/STM32F4xx_DFP/2.15.0/Drivers/STM32F4xx_HAL_Driver/Inc\stm32f4xx_hal.h(30): warning: In file included from...
./RTE/Device/STM32F407VGTx\stm32f4xx_hal_conf.h(411): warning: In file included from...
C:/Users/Yoshi/AppData/Local/Arm/Packs/Keil/STM32F4xx_DFP/2.15.0/Drivers/STM32F4xx_HAL_Driver/Inc\stm32f4xx_hal_dma.h(149): warning: padding struct 'struct __DMA_HandleTypeDef' with 2 bytes to align 'Parent' [-Wpadded]
  void                       *Parent;                                                          /*!< Parent object state                    */ 
                              ^
5 warnings generated.
compiling SPI_Conf.c...
linking...
Program Size: Code=10708 RO-data=720 RW-data=176 ZI-data=35944  
".\Objects\SPI.axf" - 0 Error(s), 5 Warning(s).

<h2>Software Packages used:</h2>

Package Vendor: ARM
                http://www.keil.com/pack/ARM.CMSIS.5.7.0.pack
                ARM.CMSIS.5.7.0
                CMSIS (Cortex Microcontroller Software Interface Standard)
   * Component: RTOS Version: 1.0.0
   * Component: RTOS2 Version: 2.1.3
   * Component: CORE Version: 5.4.0
   * Component: Keil RTX5 Version: 5.5.2
   * Component: Keil RTX5 Variant: Library Version: 5.5.2

Package Vendor: Keil
                http://www.keil.com/pack/Keil.STM32F4xx_DFP.2.15.0.pack
                Keil.STM32F4xx_DFP.2.15.0
                STMicroelectronics STM32F4 Series Device Support, Drivers and Examples
   * Component: STM32Cube Framework Version: 1.0.0
   * Component: Classic Version: 1.7.9
   * Component: Common Version: 1.7.9
   * Component: Cortex Version: 1.7.9
   * Component: DMA Version: 1.7.9
   * Component: EXTI Version: 1.7.9
   * Component: GPIO Version: 1.7.9
   * Component: I2C Version: 1.7.9
   * Component: IWDG Version: 1.7.9
   * Component: PWR Version: 1.7.9
   * Component: RCC Version: 1.7.9
   * Component: RTC Version: 1.7.9
   * Component: SPI Version: 1.7.9
   * Component: TIM Version: 1.7.9
   * Component: Startup Version: 2.6.3

<h2>Collection of Component include folders:</h2>
  .\RTE\CMSIS
  .\RTE\Device\STM32F407VGTx
  .\RTE\_Target_1
  C:\Users\Yoshi\AppData\Local\Arm\Packs\ARM\CMSIS\5.7.0\CMSIS\Core\Include
  C:\Users\Yoshi\AppData\Local\Arm\Packs\ARM\CMSIS\5.7.0\CMSIS\RTOS2\Include
  C:\Users\Yoshi\AppData\Local\Arm\Packs\ARM\CMSIS\5.7.0\CMSIS\RTOS2\RTX\Include
  C:\Users\Yoshi\AppData\Local\Arm\Packs\ARM\CMSIS\5.7.0\CMSIS\RTOS2\RTX\Include1
  C:\Users\Yoshi\AppData\Local\Arm\Packs\Keil\STM32F4xx_DFP\2.15.0\Drivers\CMSIS\Device\ST\STM32F4xx\Include
  C:\Users\Yoshi\AppData\Local\Arm\Packs\Keil\STM32F4xx_DFP\2.15.0\Drivers\STM32F4xx_HAL_Driver\Inc

<h2>Collection of Component Files used:</h2>

   * Component: ::CMSIS:RTOS:1.0.0 (API)

   * Component: ::CMSIS:RTOS2:2.1.3 (API)
      Include file:  CMSIS\RTOS2\Include\cmsis_os2.h

   * Component: ::Device:STM32Cube Framework:1.0.0 (API)

   * Component: ARM::CMSIS:CORE:5.4.0

   * Component: ARM::CMSIS:RTOS:Keil RTX5:5.5.2
      Source file:   CMSIS\RTOS2\RTX\Library\cmsis_os1.c
      Include file:  CMSIS\RTOS2\RTX\Include1\cmsis_os.h

   * Component: ARM::CMSIS:RTOS2:Keil RTX5:Library:5.5.2
      Source file:   CMSIS\RTOS2\RTX\Source\rtx_lib.c
      Source file:   CMSIS\RTOS2\RTX\Template\Mutex.c
      Source file:   CMSIS\RTOS2\RTX\Template\MemPool.c
      Source file:   CMSIS\RTOS2\RTX\Template\Thread.c
      Source file:   CMSIS\RTOS2\RTX\Template\svc_user.c
      Library file:  CMSIS\RTOS2\RTX\Library\ARM\RTX_CM4F.lib
      Source file:   CMSIS\RTOS2\RTX\Template\main.c
      Source file:   CMSIS\RTOS2\RTX\Config\RTX_Config.c
      Source file:   CMSIS\RTOS2\RTX\Template\Events.c
      Source file:   CMSIS\RTOS2\RTX\Template\MsgQueue.c
      Source file:   CMSIS\RTOS2\RTX\Template\Semaphore.c
      Include file:  CMSIS\RTOS2\RTX\Include\rtx_os.h
      Include file:  CMSIS\RTOS2\RTX\Config\RTX_Config.h
      Source file:   CMSIS\RTOS2\RTX\Template\Timer.c

   * Component: Keil::Device:STM32Cube Framework:Classic:1.7.9
      Source file:   MDK\Templates\Inc\Hardware_Def.h
      Include file:  MDK\Templates\Inc\stm32f4xx_hal_conf.h
      Source file:   MDK\Templates\Src\CAN_LL_management.c
      Source file:   MDK\Templates\Src\CAN_RX.c
      Source file:   MDK\Templates\Src\GPIO_management.c
      Source file:   MDK\Templates\Inc\IWDG.h
      Source file:   MDK\Templates_LL\Src\main.c
      Source file:   MDK\Templates\Src\main.c
      Source file:   MDK\Templates\Inc\CAN_LL_management.h
      Include file:  CMSIS\Driver\Config\RTE_Device.h
      Source file:   MDK\Templates\Src\IWDG.c
      Include file:  MDK\Templates\Inc\stm32f4xx_it.h
      Include file:  MDK\Templates_LL\Inc\main.h
      Source file:   MDK\Templates\Inc\Analog_management.h
      Source file:   MDK\Templates\Inc\CAN_Conf.h
      Source file:   MDK\Templates\Src\CAN_TX.c
      Include file:  MDK\Templates\Inc\main.h
      Source file:   MDK\Templates\Inc\GPIO_management.h
      Source file:   MDK\Templates\Src\Analog_management.c
      Source file:   MDK\Templates\Src\stm32f4xx_it.c
      Source file:   MDK\Templates\Src\main_temp.c
      Source file:   MDK\Templates\Src\stm32f4xx_hal_msp.c
      Source file:   MDK\Templates\Inc\Timers_management.h
      Source file:   MDK\Templates\Inc\Switch_management.h
      Source file:   MDK\Templates\Src\Switch_management.c
      Source file:   MDK\Templates\Src\Timers_management.c

   * Component: Keil::Device:STM32Cube HAL:Common:1.7.9
      Source file:   Drivers\STM32F4xx_HAL_Driver\Src\stm32f4xx_hal.c
      Include file:  Drivers\STM32F4xx_HAL_Driver\Inc\stm32f4xx_hal.h

   * Component: Keil::Device:STM32Cube HAL:Cortex:1.7.9
      Source file:   Drivers\STM32F4xx_HAL_Driver\Src\stm32f4xx_hal_cortex.c

   * Component: Keil::Device:STM32Cube HAL:DMA:1.7.9
      Source file:   Drivers\STM32F4xx_HAL_Driver\Src\stm32f4xx_hal_dma_ex.c
      Source file:   Drivers\STM32F4xx_HAL_Driver\Src\stm32f4xx_hal_dma.c

   * Component: Keil::Device:STM32Cube HAL:EXTI:1.7.9
      Source file:   Drivers\STM32F4xx_HAL_Driver\Src\stm32f4xx_hal_exti.c

   * Component: Keil::Device:STM32Cube HAL:GPIO:1.7.9
      Source file:   Drivers\STM32F4xx_HAL_Driver\Src\stm32f4xx_hal_gpio.c

   * Component: Keil::Device:STM32Cube HAL:I2C:1.7.9
      Source file:   Drivers\STM32F4xx_HAL_Driver\Src\stm32f4xx_hal_i2c.c

   * Component: Keil::Device:STM32Cube HAL:IWDG:1.7.9
      Source file:   Drivers\STM32F4xx_HAL_Driver\Src\stm32f4xx_hal_iwdg.c

   * Component: Keil::Device:STM32Cube HAL:PWR:1.7.9
      Source file:   Drivers\STM32F4xx_HAL_Driver\Src\stm32f4xx_hal_pwr.c
      Source file:   Drivers\STM32F4xx_HAL_Driver\Src\stm32f4xx_hal_pwr_ex.c

   * Component: Keil::Device:STM32Cube HAL:RCC:1.7.9
      Source file:   Drivers\STM32F4xx_HAL_Driver\Src\stm32f4xx_hal_rcc.c
      Source file:   Drivers\STM32F4xx_HAL_Driver\Src\stm32f4xx_hal_rcc_ex.c

   * Component: Keil::Device:STM32Cube HAL:RTC:1.7.9
      Source file:   Drivers\STM32F4xx_HAL_Driver\Src\stm32f4xx_hal_rtc_ex.c
      Source file:   Drivers\STM32F4xx_HAL_Driver\Src\stm32f4xx_hal_rtc.c

   * Component: Keil::Device:STM32Cube HAL:SPI:1.7.9
      Source file:   Drivers\STM32F4xx_HAL_Driver\Src\stm32f4xx_hal_spi.c

   * Component: Keil::Device:STM32Cube HAL:TIM:1.7.9
      Source file:   Drivers\STM32F4xx_HAL_Driver\Src\stm32f4xx_hal_tim_ex.c
      Source file:   Drivers\STM32F4xx_HAL_Driver\Src\stm32f4xx_hal_tim.c

   * Component: Keil::Device:Startup:2.6.3
      Source file:   MDK\Device\Source\ARM\STM32F40xxx_41xxx_OPT.s
      Source file:   MDK\Device\Source\ARM\STM32F4xx_OTP.s
      Include file:  Drivers\CMSIS\Device\ST\STM32F4xx\Include\stm32f4xx.h
      Source file:   Drivers\CMSIS\Device\ST\STM32F4xx\Source\Templates\arm\startup_stm32f407xx.s
      Source file:   Drivers\CMSIS\Device\ST\STM32F4xx\Source\Templates\system_stm32f4xx.c
Build Time Elapsed:  00:00:01
</pre>
</body>
</html>
