<html>
<body>
<pre>
<h1>µVision Build Log</h1>
<h2>Tool Versions:</h2>
IDE-Version: µVision V5.29.0.0
Copyright (C) 2019 ARM Ltd and ARM Germany GmbH. All rights reserved.
License Information: Johannes Yoshi, -, LIC=S5IJJ-U4D3C-YCVJ1-CNFES-NN00B-T0AEV
 
Tool Versions:
Toolchain:       MDK-ARM Professional  Version: 5.29.0.0
Toolchain Path:  C:\Keil_v5\ARM\ARMCC\Bin
C Compiler:      Armcc.exe V5.06 update 6 (build 750)
Assembler:       Armasm.exe V5.06 update 6 (build 750)
Linker/Locator:  ArmLink.exe V5.06 update 6 (build 750)
Library Manager: ArmAr.exe V5.06 update 6 (build 750)
Hex Converter:   FromElf.exe V5.06 update 6 (build 750)
CPU DLL:         SARMCM3.DLL V5.29.0.0
Dialog DLL:      DCM.DLL V1.17.3.0
Target DLL:      STLink\ST-LINKIII-KEIL_SWO.dll V3.0.7.0
Dialog DLL:      TCM.DLL V1.36.5.0
 
<h2>Project:</h2>
C:\Users\Yoshi\Documents\GitHub\Software\01_jrg\08_STM32H745\03_TouchGFX\04_Test_Keil\Test\MDK-ARM\STM32H745I_DISCO.uvprojx
Project File Date:  02/13/2023

<h2>Output:</h2>
*** Using Compiler 'V5.06 update 6 (build 750)', folder: 'C:\Keil_v5\ARM\ARMCC\Bin'
Build target 'STM32H745I_DISCO_CM7'
compiling ApplicationFontProvider.cpp...
compiling FrontendApplication.cpp...
compiling CachedFont.cpp...
compiling Model.cpp...
compiling BitmapDatabase.cpp...
compiling Screen1View.cpp...
compiling Screen1Presenter.cpp...
compiling Font_verdana_10_4bpp_0.cpp...
compiling Font_verdana_20_4bpp_0.cpp...
compiling Font_verdana_40_4bpp_0.cpp...
compiling GeneratedFont.cpp...
compiling Kerning_verdana_10_4bpp.cpp...
compiling FontCache.cpp...
compiling image_Blue_Buttons_Round_Edge_small.cpp...
compiling Kerning_verdana_20_4bpp.cpp...
compiling image_Blue_Buttons_Round_Edge_small_pressed.cpp...
compiling FrontendApplicationBase.cpp...
compiling Table_verdana_10_4bpp.cpp...
compiling Table_verdana_20_4bpp.cpp...
compiling Table_verdana_40_4bpp.cpp...
compiling Kerning_verdana_40_4bpp.cpp...
compiling LanguageGb.cpp...
compiling TypedTextDatabase.cpp...
compiling Screen1ViewBase.cpp...
compiling UnmappedDataFont.cpp...
compiling Texts.cpp...
linking...
Program Size: Code=66876 RO-data=87836 RW-data=636 ZI-data=52580  
"stm32h745i_disco_CM7\stm32h745i_disco_CM7.axf" - 0 Error(s), 0 Warning(s).

<h2>Software Packages used:</h2>

Package Vendor: ARM
                http://www.keil.com/pack/ARM.CMSIS.5.8.0.pack
                ARM.CMSIS.5.8.0
                CMSIS (Common Microcontroller Software Interface Standard)
   * Component: CORE Version: 5.5.0

Package Vendor: Keil
                http://www.keil.com/pack/Keil.STM32H7xx_DFP.3.0.0.pack
                Keil.STM32H7xx_DFP.3.0.0
                STMicroelectronics STM32H7 Series Device Support and Examples

<h2>Collection of Component include folders:</h2>
  .\RTE\_STM32H745I_DISCO_CM7
  C:\Users\Yoshi\AppData\Local\Arm\Packs\ARM\CMSIS\5.8.0\CMSIS\Core\Include
  C:\Users\Yoshi\AppData\Local\Arm\Packs\Keil\STM32H7xx_DFP\3.0.0\Drivers\CMSIS\Device\ST\STM32H7xx\Include

<h2>Collection of Component Files used:</h2>

   * Component: ARM::CMSIS:CORE:5.5.0
Build Time Elapsed:  00:00:06
</pre>
</body>
</html>
