   1              	 .syntax unified
   2              	 .cpu cortex-m4
   3              	 .eabi_attribute 27,3
   4              	 .fpu fpv4-sp-d16
   5              	 .eabi_attribute 20,1
   6              	 .eabi_attribute 21,1
   7              	 .eabi_attribute 23,3
   8              	 .eabi_attribute 24,1
   9              	 .eabi_attribute 25,1
  10              	 .eabi_attribute 26,1
  11              	 .eabi_attribute 30,6
  12              	 .eabi_attribute 34,1
  13              	 .eabi_attribute 18,4
  14              	 .thumb
  15              	 .file "ANA_Init.c"
  16              	 .text
  17              	.Ltext0:
  18              	 .cfi_sections .debug_frame
  19              	 .comm time,4,4
  20              	 .comm T_Oil,44,4
  21              	 .comm T_Water,44,4
  22              	 .comm p_Oil,44,4
  23              	 .comm p_Pneu,44,4
  24              	 .comm x_DP_RL,44,4
  25              	 .comm x_DP_RR,44,4
  26              	 .comm x_RH_RL,44,4
  27              	 .comm x_RH_RR,44,4
  28              	 .comm f_LC_RL,44,4
  29              	 .comm f_LC_RR,44,4
  30              	 .comm T_Board,44,4
  31              	 .comm u_12V_Meas,44,4
  32              	 .comm u_5V_ANA_Meas,44,4
  33              	 .comm u_OUT1_Meas,44,4
  34              	 .comm u_OUT2_Meas,44,4
  35              	 .comm NTC1,44,4
  36              	 .section .text.ANA_Init,"ax",%progbits
  37              	 .align 2
  38              	 .global ANA_Init
  39              	 .thumb
  40              	 .thumb_func
  42              	ANA_Init:
  43              	.LFB387:
  44              	 .file 1 "../ANA_Init.c"
   1:../ANA_Init.c **** /*
   2:../ANA_Init.c ****  * ANA_Init.c
   3:../ANA_Init.c ****  *
   4:../ANA_Init.c ****  *  Created on: 3 Dec 2019
   5:../ANA_Init.c ****  *      Author: Valentin Keck
   6:../ANA_Init.c ****  */
   7:../ANA_Init.c **** 
   8:../ANA_Init.c **** #include <ANA_Init.h>
   9:../ANA_Init.c **** #include "Header.h"
  10:../ANA_Init.c **** 
  11:../ANA_Init.c **** 
  12:../ANA_Init.c **** void ANA_Init()
  13:../ANA_Init.c **** {
  45              	 .loc 1 13 0
  46              	 .cfi_startproc
  47              	 
  48              	 
  49 0000 80B5     	 push {r7,lr}
  50              	 .cfi_def_cfa_offset 8
  51              	 .cfi_offset 7,-8
  52              	 .cfi_offset 14,-4
  53 0002 00AF     	 add r7,sp,#0
  54              	 .cfi_def_cfa_register 7
  14:../ANA_Init.c **** 	// Type: 0: Linear, 1: Ride Height, 2: NTC, 3: Pressure, 4: Load Cell
  15:../ANA_Init.c **** 
  16:../ANA_Init.c **** 
  17:../ANA_Init.c **** 	//------Sensors------
  18:../ANA_Init.c **** 	T_Oil.Channel = &ADC_MEASUREMENT_Channel_A;
  55              	 .loc 1 18 0
  56 0004 7D4B     	 ldr r3,.L2
  57 0006 7E4A     	 ldr r2,.L2+4
  58 0008 DA61     	 str r2,[r3,#28]
  19:../ANA_Init.c **** 	T_Oil.Type = NTC;
  59              	 .loc 1 19 0
  60 000a 7C4B     	 ldr r3,.L2
  61 000c 0222     	 movs r2,#2
  62 000e 83F82020 	 strb r2,[r3,#32]
  20:../ANA_Init.c **** 	T_Oil.FilterType = Average;
  63              	 .loc 1 20 0
  64 0012 7A4B     	 ldr r3,.L2
  65 0014 0022     	 movs r2,#0
  66 0016 83F82120 	 strb r2,[r3,#33]
  21:../ANA_Init.c **** 	T_Oil.InputVoltage = 5;
  67              	 .loc 1 21 0
  68 001a 784B     	 ldr r3,.L2
  69 001c 0522     	 movs r2,#5
  70 001e 83F82820 	 strb r2,[r3,#40]
  22:../ANA_Init.c **** 
  23:../ANA_Init.c **** 	T_Water.Channel = &ADC_MEASUREMENT_Channel_B;
  71              	 .loc 1 23 0
  72 0022 784B     	 ldr r3,.L2+8
  73 0024 784A     	 ldr r2,.L2+12
  74 0026 DA61     	 str r2,[r3,#28]
  24:../ANA_Init.c **** 	T_Water.Type = NTC;
  75              	 .loc 1 24 0
  76 0028 764B     	 ldr r3,.L2+8
  77 002a 0222     	 movs r2,#2
  78 002c 83F82020 	 strb r2,[r3,#32]
  25:../ANA_Init.c **** 	T_Water.FilterType = Average;
  79              	 .loc 1 25 0
  80 0030 744B     	 ldr r3,.L2+8
  81 0032 0022     	 movs r2,#0
  82 0034 83F82120 	 strb r2,[r3,#33]
  26:../ANA_Init.c **** 	T_Water.InputVoltage = 5;
  83              	 .loc 1 26 0
  84 0038 724B     	 ldr r3,.L2+8
  85 003a 0522     	 movs r2,#5
  86 003c 83F82820 	 strb r2,[r3,#40]
  27:../ANA_Init.c **** 
  28:../ANA_Init.c **** 	p_Oil.Channel = &ADC_MEASUREMENT_Channel_C;
  87              	 .loc 1 28 0
  88 0040 724B     	 ldr r3,.L2+16
  89 0042 734A     	 ldr r2,.L2+20
  90 0044 DA61     	 str r2,[r3,#28]
  29:../ANA_Init.c **** 	p_Oil.Type = Pressure;
  91              	 .loc 1 29 0
  92 0046 714B     	 ldr r3,.L2+16
  93 0048 0322     	 movs r2,#3
  94 004a 83F82020 	 strb r2,[r3,#32]
  30:../ANA_Init.c **** 	p_Oil.FilterType = Average;
  95              	 .loc 1 30 0
  96 004e 6F4B     	 ldr r3,.L2+16
  97 0050 0022     	 movs r2,#0
  98 0052 83F82120 	 strb r2,[r3,#33]
  31:../ANA_Init.c **** 	p_Oil.k = 2.22; // Bar / V
  99              	 .loc 1 31 0
 100 0056 6D4B     	 ldr r3,.L2+16
 101 0058 6E4A     	 ldr r2,.L2+24
 102 005a 5A62     	 str r2,[r3,#36]
  32:../ANA_Init.c **** 	p_Oil.InputVoltage = 5;
 103              	 .loc 1 32 0
 104 005c 6B4B     	 ldr r3,.L2+16
 105 005e 0522     	 movs r2,#5
 106 0060 83F82820 	 strb r2,[r3,#40]
  33:../ANA_Init.c **** 
  34:../ANA_Init.c **** 	p_Pneu.Channel = &ADC_MEASUREMENT_Channel_D;
 107              	 .loc 1 34 0
 108 0064 6C4B     	 ldr r3,.L2+28
 109 0066 6D4A     	 ldr r2,.L2+32
 110 0068 DA61     	 str r2,[r3,#28]
  35:../ANA_Init.c **** 	p_Pneu.Type = Pressure;
 111              	 .loc 1 35 0
 112 006a 6B4B     	 ldr r3,.L2+28
 113 006c 0322     	 movs r2,#3
 114 006e 83F82020 	 strb r2,[r3,#32]
  36:../ANA_Init.c **** 	p_Pneu.FilterType = Average;
 115              	 .loc 1 36 0
 116 0072 694B     	 ldr r3,.L2+28
 117 0074 0022     	 movs r2,#0
 118 0076 83F82120 	 strb r2,[r3,#33]
  37:../ANA_Init.c **** 	p_Pneu.k = 2.22; // Bar / V
 119              	 .loc 1 37 0
 120 007a 674B     	 ldr r3,.L2+28
 121 007c 654A     	 ldr r2,.L2+24
 122 007e 5A62     	 str r2,[r3,#36]
  38:../ANA_Init.c **** 	p_Pneu.InputVoltage = 5;
 123              	 .loc 1 38 0
 124 0080 654B     	 ldr r3,.L2+28
 125 0082 0522     	 movs r2,#5
 126 0084 83F82820 	 strb r2,[r3,#40]
  39:../ANA_Init.c **** 
  40:../ANA_Init.c **** 	x_DP_RL.Channel = &ADC_MEASUREMENT_Channel_F;
 127              	 .loc 1 40 0
 128 0088 654B     	 ldr r3,.L2+36
 129 008a 664A     	 ldr r2,.L2+40
 130 008c DA61     	 str r2,[r3,#28]
  41:../ANA_Init.c **** 	x_DP_RL.Type = Linear;
 131              	 .loc 1 41 0
 132 008e 644B     	 ldr r3,.L2+36
 133 0090 0022     	 movs r2,#0
 134 0092 83F82020 	 strb r2,[r3,#32]
  42:../ANA_Init.c **** 	x_DP_RL.FilterType = LowPass;
 135              	 .loc 1 42 0
 136 0096 624B     	 ldr r3,.L2+36
 137 0098 0122     	 movs r2,#1
 138 009a 83F82120 	 strb r2,[r3,#33]
  43:../ANA_Init.c **** 	x_DP_RL.k = 0.0083;
 139              	 .loc 1 43 0
 140 009e 604B     	 ldr r3,.L2+36
 141 00a0 614A     	 ldr r2,.L2+44
 142 00a2 5A62     	 str r2,[r3,#36]
  44:../ANA_Init.c **** 	x_DP_RL.InputVoltage = 12;
 143              	 .loc 1 44 0
 144 00a4 5E4B     	 ldr r3,.L2+36
 145 00a6 0C22     	 movs r2,#12
 146 00a8 83F82820 	 strb r2,[r3,#40]
  45:../ANA_Init.c **** 	Powercycle_Calibration(&x_DP_RL);
 147              	 .loc 1 45 0
 148 00ac 5C48     	 ldr r0,.L2+36
 149 00ae FFF7FEFF 	 bl Powercycle_Calibration
  46:../ANA_Init.c **** 
  47:../ANA_Init.c **** 	x_DP_RR.Channel = &ADC_MEASUREMENT_Channel_E;
 150              	 .loc 1 47 0
 151 00b2 5E4B     	 ldr r3,.L2+48
 152 00b4 5E4A     	 ldr r2,.L2+52
 153 00b6 DA61     	 str r2,[r3,#28]
  48:../ANA_Init.c **** 	x_DP_RR.Type = Linear;
 154              	 .loc 1 48 0
 155 00b8 5C4B     	 ldr r3,.L2+48
 156 00ba 0022     	 movs r2,#0
 157 00bc 83F82020 	 strb r2,[r3,#32]
  49:../ANA_Init.c **** 	x_DP_RR.FilterType = LowPass;
 158              	 .loc 1 49 0
 159 00c0 5A4B     	 ldr r3,.L2+48
 160 00c2 0122     	 movs r2,#1
 161 00c4 83F82120 	 strb r2,[r3,#33]
  50:../ANA_Init.c **** 	x_DP_RR.k = 0.0083;
 162              	 .loc 1 50 0
 163 00c8 584B     	 ldr r3,.L2+48
 164 00ca 574A     	 ldr r2,.L2+44
 165 00cc 5A62     	 str r2,[r3,#36]
  51:../ANA_Init.c **** 	x_DP_RR.InputVoltage = 12;
 166              	 .loc 1 51 0
 167 00ce 574B     	 ldr r3,.L2+48
 168 00d0 0C22     	 movs r2,#12
 169 00d2 83F82820 	 strb r2,[r3,#40]
  52:../ANA_Init.c **** 	Powercycle_Calibration(&x_DP_RR);
 170              	 .loc 1 52 0
 171 00d6 5548     	 ldr r0,.L2+48
 172 00d8 FFF7FEFF 	 bl Powercycle_Calibration
  53:../ANA_Init.c **** 
  54:../ANA_Init.c **** 	x_RH_RL.Channel = &ADC_MEASUREMENT_Channel_G;
 173              	 .loc 1 54 0
 174 00dc 554B     	 ldr r3,.L2+56
 175 00de 564A     	 ldr r2,.L2+60
 176 00e0 DA61     	 str r2,[r3,#28]
  55:../ANA_Init.c **** 	x_RH_RL.Type = RideHeight;
 177              	 .loc 1 55 0
 178 00e2 544B     	 ldr r3,.L2+56
 179 00e4 0122     	 movs r2,#1
 180 00e6 83F82020 	 strb r2,[r3,#32]
  56:../ANA_Init.c **** 	x_RH_RL.FilterType = LowPass;
 181              	 .loc 1 56 0
 182 00ea 524B     	 ldr r3,.L2+56
 183 00ec 0122     	 movs r2,#1
 184 00ee 83F82120 	 strb r2,[r3,#33]
  57:../ANA_Init.c **** 	x_RH_RL.k = 0.035;
 185              	 .loc 1 57 0
 186 00f2 504B     	 ldr r3,.L2+56
 187 00f4 514A     	 ldr r2,.L2+64
 188 00f6 5A62     	 str r2,[r3,#36]
  58:../ANA_Init.c **** 	x_RH_RL.InputVoltage = 10;
 189              	 .loc 1 58 0
 190 00f8 4E4B     	 ldr r3,.L2+56
 191 00fa 0A22     	 movs r2,#10
 192 00fc 83F82820 	 strb r2,[r3,#40]
  59:../ANA_Init.c **** 	Powercycle_Calibration(&x_RH_RL);
 193              	 .loc 1 59 0
 194 0100 4C48     	 ldr r0,.L2+56
 195 0102 FFF7FEFF 	 bl Powercycle_Calibration
  60:../ANA_Init.c **** 
  61:../ANA_Init.c **** 	x_RH_RR.Channel = &ADC_MEASUREMENT_Channel_H;
 196              	 .loc 1 61 0
 197 0106 4E4B     	 ldr r3,.L2+68
 198 0108 4E4A     	 ldr r2,.L2+72
 199 010a DA61     	 str r2,[r3,#28]
  62:../ANA_Init.c **** 	x_RH_RR.Type = RideHeight;
 200              	 .loc 1 62 0
 201 010c 4C4B     	 ldr r3,.L2+68
 202 010e 0122     	 movs r2,#1
 203 0110 83F82020 	 strb r2,[r3,#32]
  63:../ANA_Init.c **** 	x_RH_RR.FilterType = LowPass;
 204              	 .loc 1 63 0
 205 0114 4A4B     	 ldr r3,.L2+68
 206 0116 0122     	 movs r2,#1
 207 0118 83F82120 	 strb r2,[r3,#33]
  64:../ANA_Init.c **** 	x_RH_RR.k = 0.035;
 208              	 .loc 1 64 0
 209 011c 484B     	 ldr r3,.L2+68
 210 011e 474A     	 ldr r2,.L2+64
 211 0120 5A62     	 str r2,[r3,#36]
  65:../ANA_Init.c **** 	x_RH_RR.InputVoltage = 10;
 212              	 .loc 1 65 0
 213 0122 474B     	 ldr r3,.L2+68
 214 0124 0A22     	 movs r2,#10
 215 0126 83F82820 	 strb r2,[r3,#40]
  66:../ANA_Init.c **** 	Powercycle_Calibration(&x_RH_RR);
 216              	 .loc 1 66 0
 217 012a 4548     	 ldr r0,.L2+68
 218 012c FFF7FEFF 	 bl Powercycle_Calibration
  67:../ANA_Init.c **** 
  68:../ANA_Init.c **** 	f_LC_RL.Channel = &ADC_MEASUREMENT_Channel_I;
 219              	 .loc 1 68 0
 220 0130 454B     	 ldr r3,.L2+76
 221 0132 464A     	 ldr r2,.L2+80
 222 0134 DA61     	 str r2,[r3,#28]
  69:../ANA_Init.c **** 	f_LC_RL.Type = LoadCell_RL;
 223              	 .loc 1 69 0
 224 0136 444B     	 ldr r3,.L2+76
 225 0138 0422     	 movs r2,#4
 226 013a 83F82020 	 strb r2,[r3,#32]
  70:../ANA_Init.c **** 	f_LC_RL.FilterType = LowPass;
 227              	 .loc 1 70 0
 228 013e 424B     	 ldr r3,.L2+76
 229 0140 0122     	 movs r2,#1
 230 0142 83F82120 	 strb r2,[r3,#33]
  71:../ANA_Init.c **** 
  72:../ANA_Init.c **** 	f_LC_RL.InputVoltage = 5;
 231              	 .loc 1 72 0
 232 0146 404B     	 ldr r3,.L2+76
 233 0148 0522     	 movs r2,#5
 234 014a 83F82820 	 strb r2,[r3,#40]
  73:../ANA_Init.c **** 
  74:../ANA_Init.c **** 	f_LC_RR.Channel = &ADC_MEASUREMENT_Channel_J;
 235              	 .loc 1 74 0
 236 014e 404B     	 ldr r3,.L2+84
 237 0150 404A     	 ldr r2,.L2+88
 238 0152 DA61     	 str r2,[r3,#28]
  75:../ANA_Init.c **** 	f_LC_RR.Type = LoadCell_RR;
 239              	 .loc 1 75 0
 240 0154 3E4B     	 ldr r3,.L2+84
 241 0156 0522     	 movs r2,#5
 242 0158 83F82020 	 strb r2,[r3,#32]
  76:../ANA_Init.c **** 	f_LC_RR.FilterType = LowPass;
 243              	 .loc 1 76 0
 244 015c 3C4B     	 ldr r3,.L2+84
 245 015e 0122     	 movs r2,#1
 246 0160 83F82120 	 strb r2,[r3,#33]
  77:../ANA_Init.c **** 
  78:../ANA_Init.c **** 	f_LC_RR.InputVoltage = 5;
 247              	 .loc 1 78 0
 248 0164 3A4B     	 ldr r3,.L2+84
 249 0166 0522     	 movs r2,#5
 250 0168 83F82820 	 strb r2,[r3,#40]
  79:../ANA_Init.c **** 
  80:../ANA_Init.c **** 
  81:../ANA_Init.c **** 	//------Board Monitoring------
  82:../ANA_Init.c **** 	T_Board.Channel = &ADC_MEASUREMENT_Channel_L;
 251              	 .loc 1 82 0
 252 016c 3A4B     	 ldr r3,.L2+92
 253 016e 3B4A     	 ldr r2,.L2+96
 254 0170 DA61     	 str r2,[r3,#28]
  83:../ANA_Init.c **** 	T_Board.Type = NTC_Board;
 255              	 .loc 1 83 0
 256 0172 394B     	 ldr r3,.L2+92
 257 0174 0622     	 movs r2,#6
 258 0176 83F82020 	 strb r2,[r3,#32]
  84:../ANA_Init.c **** 	T_Board.FilterType = No_Filter;
 259              	 .loc 1 84 0
 260 017a 374B     	 ldr r3,.L2+92
 261 017c 0222     	 movs r2,#2
 262 017e 83F82120 	 strb r2,[r3,#33]
  85:../ANA_Init.c **** 	T_Board.InputVoltage = 5;
 263              	 .loc 1 85 0
 264 0182 354B     	 ldr r3,.L2+92
 265 0184 0522     	 movs r2,#5
 266 0186 83F82820 	 strb r2,[r3,#40]
  86:../ANA_Init.c **** 
  87:../ANA_Init.c **** 	u_12V_Meas.Channel = &ADC_MEASUREMENT_Channel_M;
 267              	 .loc 1 87 0
 268 018a 354B     	 ldr r3,.L2+100
 269 018c 354A     	 ldr r2,.L2+104
 270 018e DA61     	 str r2,[r3,#28]
  88:../ANA_Init.c **** 	u_12V_Meas.Type = Voltage;
 271              	 .loc 1 88 0
 272 0190 334B     	 ldr r3,.L2+100
 273 0192 0722     	 movs r2,#7
 274 0194 83F82020 	 strb r2,[r3,#32]
  89:../ANA_Init.c **** 	u_12V_Meas.FilterType = No_Filter;
 275              	 .loc 1 89 0
 276 0198 314B     	 ldr r3,.L2+100
 277 019a 0222     	 movs r2,#2
 278 019c 83F82120 	 strb r2,[r3,#33]
  90:../ANA_Init.c **** 
  91:../ANA_Init.c **** 	u_5V_ANA_Meas.Channel = &ADC_MEASUREMENT_Channel_N;
 279              	 .loc 1 91 0
 280 01a0 314B     	 ldr r3,.L2+108
 281 01a2 324A     	 ldr r2,.L2+112
 282 01a4 DA61     	 str r2,[r3,#28]
  92:../ANA_Init.c **** 	u_5V_ANA_Meas.Type = Linear;
 283              	 .loc 1 92 0
 284 01a6 304B     	 ldr r3,.L2+108
 285 01a8 0022     	 movs r2,#0
 286 01aa 83F82020 	 strb r2,[r3,#32]
  93:../ANA_Init.c **** 	u_5V_ANA_Meas.FilterType = No_Filter;
 287              	 .loc 1 93 0
 288 01ae 2E4B     	 ldr r3,.L2+108
 289 01b0 0222     	 movs r2,#2
 290 01b2 83F82120 	 strb r2,[r3,#33]
  94:../ANA_Init.c **** 
  95:../ANA_Init.c **** 	u_OUT1_Meas.Channel = &ADC_MEASUREMENT_Channel_O;
 291              	 .loc 1 95 0
 292 01b6 2E4B     	 ldr r3,.L2+116
 293 01b8 2E4A     	 ldr r2,.L2+120
 294 01ba DA61     	 str r2,[r3,#28]
  96:../ANA_Init.c **** 	u_OUT1_Meas.Type = Linear;
 295              	 .loc 1 96 0
 296 01bc 2C4B     	 ldr r3,.L2+116
 297 01be 0022     	 movs r2,#0
 298 01c0 83F82020 	 strb r2,[r3,#32]
  97:../ANA_Init.c **** 	u_OUT1_Meas.FilterType = No_Filter;
 299              	 .loc 1 97 0
 300 01c4 2A4B     	 ldr r3,.L2+116
 301 01c6 0222     	 movs r2,#2
 302 01c8 83F82120 	 strb r2,[r3,#33]
  98:../ANA_Init.c **** 
  99:../ANA_Init.c **** 	u_OUT2_Meas.Channel = &ADC_MEASUREMENT_Channel_P;
 303              	 .loc 1 99 0
 304 01cc 2A4B     	 ldr r3,.L2+124
 305 01ce 2B4A     	 ldr r2,.L2+128
 306 01d0 DA61     	 str r2,[r3,#28]
 100:../ANA_Init.c **** 	u_OUT2_Meas.Type = Linear;
 307              	 .loc 1 100 0
 308 01d2 294B     	 ldr r3,.L2+124
 309 01d4 0022     	 movs r2,#0
 310 01d6 83F82020 	 strb r2,[r3,#32]
 101:../ANA_Init.c **** 	u_OUT2_Meas.FilterType = No_Filter;
 311              	 .loc 1 101 0
 312 01da 274B     	 ldr r3,.L2+124
 313 01dc 0222     	 movs r2,#2
 314 01de 83F82120 	 strb r2,[r3,#33]
 102:../ANA_Init.c **** 
 103:../ANA_Init.c **** 
 104:../ANA_Init.c **** 	//------not used Inputs------
 105:../ANA_Init.c **** 	NTC1.Channel = &ADC_MEASUREMENT_Channel_K;
 315              	 .loc 1 105 0
 316 01e2 274B     	 ldr r3,.L2+132
 317 01e4 274A     	 ldr r2,.L2+136
 318 01e6 DA61     	 str r2,[r3,#28]
 106:../ANA_Init.c **** 	NTC1.Type = NTC;
 319              	 .loc 1 106 0
 320 01e8 254B     	 ldr r3,.L2+132
 321 01ea 0222     	 movs r2,#2
 322 01ec 83F82020 	 strb r2,[r3,#32]
 107:../ANA_Init.c **** 	NTC1.FilterType = Average;
 323              	 .loc 1 107 0
 324 01f0 234B     	 ldr r3,.L2+132
 325 01f2 0022     	 movs r2,#0
 326 01f4 83F82120 	 strb r2,[r3,#33]
 108:../ANA_Init.c **** 
 109:../ANA_Init.c **** }
 327              	 .loc 1 109 0
 328 01f8 80BD     	 pop {r7,pc}
 329              	.L3:
 330 01fa 00BF     	 .align 2
 331              	.L2:
 332 01fc 00000000 	 .word T_Oil
 333 0200 00000000 	 .word ADC_MEASUREMENT_Channel_A_handle
 334 0204 00000000 	 .word T_Water
 335 0208 00000000 	 .word ADC_MEASUREMENT_Channel_B_handle
 336 020c 00000000 	 .word p_Oil
 337 0210 00000000 	 .word ADC_MEASUREMENT_Channel_C_handle
 338 0214 7B140E40 	 .word 1074664571
 339 0218 00000000 	 .word p_Pneu
 340 021c 00000000 	 .word ADC_MEASUREMENT_Channel_D_handle
 341 0220 00000000 	 .word x_DP_RL
 342 0224 00000000 	 .word ADC_MEASUREMENT_Channel_F_handle
 343 0228 B9FC073C 	 .word 1007156409
 344 022c 00000000 	 .word x_DP_RR
 345 0230 00000000 	 .word ADC_MEASUREMENT_Channel_E_handle
 346 0234 00000000 	 .word x_RH_RL
 347 0238 00000000 	 .word ADC_MEASUREMENT_Channel_G_handle
 348 023c 295C0F3D 	 .word 1024416809
 349 0240 00000000 	 .word x_RH_RR
 350 0244 00000000 	 .word ADC_MEASUREMENT_Channel_H_handle
 351 0248 00000000 	 .word f_LC_RL
 352 024c 00000000 	 .word ADC_MEASUREMENT_Channel_I_handle
 353 0250 00000000 	 .word f_LC_RR
 354 0254 00000000 	 .word ADC_MEASUREMENT_Channel_J_handle
 355 0258 00000000 	 .word T_Board
 356 025c 00000000 	 .word ADC_MEASUREMENT_Channel_L_handle
 357 0260 00000000 	 .word u_12V_Meas
 358 0264 00000000 	 .word ADC_MEASUREMENT_Channel_M_handle
 359 0268 00000000 	 .word u_5V_ANA_Meas
 360 026c 00000000 	 .word ADC_MEASUREMENT_Channel_N_handle
 361 0270 00000000 	 .word u_OUT1_Meas
 362 0274 00000000 	 .word ADC_MEASUREMENT_Channel_O_handle
 363 0278 00000000 	 .word u_OUT2_Meas
 364 027c 00000000 	 .word ADC_MEASUREMENT_Channel_P_handle
 365 0280 00000000 	 .word NTC1
 366 0284 00000000 	 .word ADC_MEASUREMENT_Channel_K_handle
 367              	 .cfi_endproc
 368              	.LFE387:
 370              	 .text
 371              	.Letext0:
 372              	 .file 2 "c:\\dave\\dave-ide-4.4.2-64bit\\eclipse\\arm-gcc-49\\arm-none-eabi\\include\\machine\\_default_types.h"
 373              	 .file 3 "c:\\dave\\dave-ide-4.4.2-64bit\\eclipse\\arm-gcc-49\\arm-none-eabi\\include\\stdint.h"
 374              	 .file 4 "C:/Users/Yoshi/Documents/GitHub/Software/01_jrg/04_CANModule/CAN_Modul_keckvale_AH/Libraries/CMSIS/Infineon/XMC4500_series/Include/XMC4500.h"
 375              	 .file 5 "C:/Users/Yoshi/Documents/GitHub/Software/01_jrg/04_CANModule/CAN_Modul_keckvale_AH/Libraries/XMCLib/inc/xmc4_gpio.h"
 376              	 .file 6 "C:/Users/Yoshi/Documents/GitHub/Software/01_jrg/04_CANModule/CAN_Modul_keckvale_AH/Libraries/XMCLib/inc/xmc_vadc.h"
 377              	 .file 7 "C:/Users/Yoshi/Documents/GitHub/Software/01_jrg/04_CANModule/CAN_Modul_keckvale_AH/Dave/Generated/ANALOG_IO/analog_io.h"
 378              	 .file 8 "C:/Users/Yoshi/Documents/GitHub/Software/01_jrg/04_CANModule/CAN_Modul_keckvale_AH/Dave/Generated/ADC_MEASUREMENT/adc_measurement.h"
 379              	 .file 9 "../Header.h"
 380              	 .file 10 "C:/Users/Yoshi/Documents/GitHub/Software/01_jrg/04_CANModule/CAN_Modul_keckvale_AH/Libraries/CMSIS/Include/cmsis_gcc.h"
 381              	 .file 11 "C:/Users/Yoshi/Documents/GitHub/Software/01_jrg/04_CANModule/CAN_Modul_keckvale_AH/Libraries/CMSIS/Include/core_cm4.h"
 382              	 .file 12 "C:/Users/Yoshi/Documents/GitHub/Software/01_jrg/04_CANModule/CAN_Modul_keckvale_AH/Libraries/CMSIS/Infineon/XMC4500_series/Include/system_XMC4500.h"
 383              	 .file 13 "C:/Users/Yoshi/Documents/GitHub/Software/01_jrg/04_CANModule/CAN_Modul_keckvale_AH/Dave/Generated/ADC_MEASUREMENT/ADC_MEASUREMENT_Extern.h"
 384              	 .file 14 "C:/Users/Yoshi/Documents/GitHub/Software/01_jrg/04_CANModule/CAN_Modul_keckvale_AH/ANA_Init.h"
DEFINED SYMBOLS
                            *ABS*:00000000 ANA_Init.c
                            *COM*:00000004 time
                            *COM*:0000002c T_Oil
                            *COM*:0000002c T_Water
                            *COM*:0000002c p_Oil
                            *COM*:0000002c p_Pneu
                            *COM*:0000002c x_DP_RL
                            *COM*:0000002c x_DP_RR
                            *COM*:0000002c x_RH_RL
                            *COM*:0000002c x_RH_RR
                            *COM*:0000002c f_LC_RL
                            *COM*:0000002c f_LC_RR
                            *COM*:0000002c T_Board
                            *COM*:0000002c u_12V_Meas
                            *COM*:0000002c u_5V_ANA_Meas
                            *COM*:0000002c u_OUT1_Meas
                            *COM*:0000002c u_OUT2_Meas
                            *COM*:0000002c NTC1
    {standard input}:37     .text.ANA_Init:00000000 $t
    {standard input}:42     .text.ANA_Init:00000000 ANA_Init
    {standard input}:332    .text.ANA_Init:000001fc $d
                     .debug_frame:00000010 $d

UNDEFINED SYMBOLS
Powercycle_Calibration
ADC_MEASUREMENT_Channel_A_handle
ADC_MEASUREMENT_Channel_B_handle
ADC_MEASUREMENT_Channel_C_handle
ADC_MEASUREMENT_Channel_D_handle
ADC_MEASUREMENT_Channel_F_handle
ADC_MEASUREMENT_Channel_E_handle
ADC_MEASUREMENT_Channel_G_handle
ADC_MEASUREMENT_Channel_H_handle
ADC_MEASUREMENT_Channel_I_handle
ADC_MEASUREMENT_Channel_J_handle
ADC_MEASUREMENT_Channel_L_handle
ADC_MEASUREMENT_Channel_M_handle
ADC_MEASUREMENT_Channel_N_handle
ADC_MEASUREMENT_Channel_O_handle
ADC_MEASUREMENT_Channel_P_handle
ADC_MEASUREMENT_Channel_K_handle
