   1              	 .syntax unified
   2              	 .cpu cortex-m4
   3              	 .eabi_attribute 27,3
   4              	 .fpu fpv4-sp-d16
   5              	 .eabi_attribute 20,1
   6              	 .eabi_attribute 21,1
   7              	 .eabi_attribute 23,3
   8              	 .eabi_attribute 24,1
   9              	 .eabi_attribute 25,1
  10              	 .eabi_attribute 26,1
  11              	 .eabi_attribute 30,4
  12              	 .eabi_attribute 34,1
  13              	 .eabi_attribute 18,4
  14              	 .thumb
  15              	 .file "main.c"
  16              	 .section .text.startup.main,"ax",%progbits
  17              	 .align 1
  18              	 .global main
  19              	 .thumb
  20              	 .thumb_func
  22              	main:
  23              	 
  24              	 
  25 0000 37B5     	 push {r0,r1,r2,r4,r5,lr}
  26 0002 FFF7FEFF 	 bl DAVE_Init
  27 0006 FFF7FEFF 	 bl ANA_Init
  28 000a FFF7FEFF 	 bl CAN1_INIT
  29 000e FFF7FEFF 	 bl CAN2_INIT
  30 0012 184B     	 ldr r3,.L4
  31 0014 1849     	 ldr r1,.L4+4
  32 0016 1A68     	 ldr r2,[r3]
  33 0018 1B7C     	 ldrb r3,[r3,#16]
  34 001a 1848     	 ldr r0,.L4+8
  35 001c 0125     	 movs r5,#1
  36 001e 0024     	 movs r4,#0
  37 0020 05FA03F3 	 lsl r3,r5,r3
  38 0024 5360     	 str r3,[r2,#4]
  39 0026 4FF47A72 	 mov r2,#1000
  40 002a 2346     	 mov r3,r4
  41 002c 0094     	 str r4,[sp]
  42 002e 0194     	 str r4,[sp,#4]
  43 0030 FFF7FEFF 	 bl xTaskCreate
  44 0034 0095     	 str r5,[sp]
  45 0036 1249     	 ldr r1,.L4+12
  46 0038 0194     	 str r4,[sp,#4]
  47 003a 4FF47A72 	 mov r2,#1000
  48 003e 2346     	 mov r3,r4
  49 0040 0225     	 movs r5,#2
  50 0042 1048     	 ldr r0,.L4+16
  51 0044 FFF7FEFF 	 bl xTaskCreate
  52 0048 0F49     	 ldr r1,.L4+20
  53 004a 0095     	 str r5,[sp]
  54 004c 4FF47A72 	 mov r2,#1000
  55 0050 2346     	 mov r3,r4
  56 0052 0194     	 str r4,[sp,#4]
  57 0054 0D48     	 ldr r0,.L4+24
  58 0056 FFF7FEFF 	 bl xTaskCreate
  59 005a 0D49     	 ldr r1,.L4+28
  60 005c 0095     	 str r5,[sp]
  61 005e 4FF47A72 	 mov r2,#1000
  62 0062 2346     	 mov r3,r4
  63 0064 0194     	 str r4,[sp,#4]
  64 0066 0B48     	 ldr r0,.L4+32
  65 0068 FFF7FEFF 	 bl xTaskCreate
  66 006c FFF7FEFF 	 bl vTaskStartScheduler
  67              	.L2:
  68 0070 FEE7     	 b .L2
  69              	.L5:
  70 0072 00BF     	 .align 2
  71              	.L4:
  72 0074 00000000 	 .word Debug_LED
  73 0078 00000000 	 .word .LC0
  74 007c 00000000 	 .word Task_ANA_Read
  75 0080 0A000000 	 .word .LC1
  76 0084 00000000 	 .word Task_CAN_2_Receive
  77 0088 1C000000 	 .word .LC2
  78 008c 00000000 	 .word Task_CAN_2_Transmit
  79 0090 2F000000 	 .word .LC3
  80 0094 00000000 	 .word Task_CAN_1_Transmit
  82              	 .comm value,2,2
  83              	 .comm i_Buffer_average,1,1
  84              	 .comm Buffer_Average_Filter,10,2
  85              	 .comm NTC1,44,4
  86              	 .comm u_OUT2_Meas,44,4
  87              	 .comm u_OUT1_Meas,44,4
  88              	 .comm u_5V_ANA_Meas,44,4
  89              	 .comm u_12V_Meas,44,4
  90              	 .comm T_Board,44,4
  91              	 .comm f_LC_RR,44,4
  92              	 .comm f_LC_RL,44,4
  93              	 .comm x_RH_RR,44,4
  94              	 .comm x_RH_RL,44,4
  95              	 .comm x_DP_RR,44,4
  96              	 .comm x_DP_RL,44,4
  97              	 .comm p_Pneu,44,4
  98              	 .comm p_Oil,44,4
  99              	 .comm T_Water,44,4
 100              	 .comm T_Oil,44,4
 101              	 .comm time,4,4
 102              	 .section .rodata.str1.1,"aMS",%progbits,1
 103              	.LC0:
 104 0000 52656164 	 .ascii "Read_Task\000"
 104      5F546173 
 104      6B00
 105              	.LC1:
 106 000a 43616E32 	 .ascii "Can2_Receive_Task\000"
 106      5F526563 
 106      65697665 
 106      5F546173 
 106      6B00
 107              	.LC2:
 108 001c 43616E32 	 .ascii "Can2_Transmit_Task\000"
 108      5F547261 
 108      6E736D69 
 108      745F5461 
 108      736B00
 109              	.LC3:
 110 002f 43616E31 	 .ascii "Can1_Transmit_Task\000"
 110      5F547261 
 110      6E736D69 
 110      745F5461 
 110      736B00
 111              	 .ident "GCC: (GNU Tools for ARM Embedded Processors) 4.9.3 20141119 (release) [ARM/embedded-4_9-branch revision 218278]"
DEFINED SYMBOLS
                            *ABS*:00000000 main.c
    {standard input}:17     .text.startup.main:00000000 $t
    {standard input}:22     .text.startup.main:00000000 main
    {standard input}:72     .text.startup.main:00000074 $d
                            *COM*:00000002 value
                            *COM*:00000001 i_Buffer_average
                            *COM*:0000000a Buffer_Average_Filter
                            *COM*:0000002c NTC1
                            *COM*:0000002c u_OUT2_Meas
                            *COM*:0000002c u_OUT1_Meas
                            *COM*:0000002c u_5V_ANA_Meas
                            *COM*:0000002c u_12V_Meas
                            *COM*:0000002c T_Board
                            *COM*:0000002c f_LC_RR
                            *COM*:0000002c f_LC_RL
                            *COM*:0000002c x_RH_RR
                            *COM*:0000002c x_RH_RL
                            *COM*:0000002c x_DP_RR
                            *COM*:0000002c x_DP_RL
                            *COM*:0000002c p_Pneu
                            *COM*:0000002c p_Oil
                            *COM*:0000002c T_Water
                            *COM*:0000002c T_Oil
                            *COM*:00000004 time

UNDEFINED SYMBOLS
DAVE_Init
ANA_Init
CAN1_INIT
CAN2_INIT
xTaskCreate
vTaskStartScheduler
Debug_LED
Task_ANA_Read
Task_CAN_2_Receive
Task_CAN_2_Transmit
Task_CAN_1_Transmit
