Archive member included because of file (symbol)

c:/dave/dave-ide-4.4.2-64bit/eclipse/arm-gcc-49/bin/../lib/gcc/arm-none-eabi/4.9.3/armv7e-m/softfp\libgcc.a(_lshrdi3.o)
                              ./Dave/Generated/TIMER/timer.o (__aeabi_llsr)
c:/dave/dave-ide-4.4.2-64bit/eclipse/arm-gcc-49/bin/../lib/gcc/arm-none-eabi/4.9.3/armv7e-m/softfp\libgcc.a(_arm_addsubdf3.o)
                              ./UnitConversion.o (__aeabi_dsub)
c:/dave/dave-ide-4.4.2-64bit/eclipse/arm-gcc-49/bin/../lib/gcc/arm-none-eabi/4.9.3/armv7e-m/softfp\libgcc.a(_arm_muldivdf3.o)
                              ./Low_Pass_Filter.o (__aeabi_dmul)
c:/dave/dave-ide-4.4.2-64bit/eclipse/arm-gcc-49/bin/../lib/gcc/arm-none-eabi/4.9.3/armv7e-m/softfp\libgcc.a(_arm_fixunsdfsi.o)
                              ./UnitConversion.o (__aeabi_d2uiz)
c:/dave/dave-ide-4.4.2-64bit/eclipse/arm-gcc-49/bin/../lib/gcc/arm-none-eabi/4.9.3/armv7e-m/softfp\libgcc.a(_arm_truncdfsf2.o)
                              ./Low_Pass_Filter.o (__aeabi_d2f)
c:/dave/dave-ide-4.4.2-64bit/eclipse/arm-gcc-49/bin/../lib/gcc/arm-none-eabi/4.9.3/armv7e-m/softfp\libgcc.a(_aeabi_uldivmod.o)
                              ./Dave/Generated/TIMER/timer.o (__aeabi_uldivmod)
c:/dave/dave-ide-4.4.2-64bit/eclipse/arm-gcc-49/bin/../lib/gcc/arm-none-eabi/4.9.3/armv7e-m/softfp\libgcc.a(bpabi.o)
                              c:/dave/dave-ide-4.4.2-64bit/eclipse/arm-gcc-49/bin/../lib/gcc/arm-none-eabi/4.9.3/armv7e-m/softfp\libgcc.a(_aeabi_uldivmod.o) (__gnu_uldivmod_helper)
c:/dave/dave-ide-4.4.2-64bit/eclipse/arm-gcc-49/bin/../lib/gcc/arm-none-eabi/4.9.3/armv7e-m/softfp\libgcc.a(_dvmd_tls.o)
                              c:/dave/dave-ide-4.4.2-64bit/eclipse/arm-gcc-49/bin/../lib/gcc/arm-none-eabi/4.9.3/armv7e-m/softfp\libgcc.a(_aeabi_uldivmod.o) (__aeabi_ldiv0)
c:/dave/dave-ide-4.4.2-64bit/eclipse/arm-gcc-49/bin/../lib/gcc/arm-none-eabi/4.9.3/armv7e-m/softfp\libgcc.a(_divdi3.o)
                              c:/dave/dave-ide-4.4.2-64bit/eclipse/arm-gcc-49/bin/../lib/gcc/arm-none-eabi/4.9.3/armv7e-m/softfp\libgcc.a(bpabi.o) (__divdi3)
c:/dave/dave-ide-4.4.2-64bit/eclipse/arm-gcc-49/bin/../lib/gcc/arm-none-eabi/4.9.3/armv7e-m/softfp\libgcc.a(_udivdi3.o)
                              c:/dave/dave-ide-4.4.2-64bit/eclipse/arm-gcc-49/bin/../lib/gcc/arm-none-eabi/4.9.3/armv7e-m/softfp\libgcc.a(bpabi.o) (__udivdi3)
c:/dave/dave-ide-4.4.2-64bit/eclipse/arm-gcc-49/bin/../lib/gcc/arm-none-eabi/4.9.3/../../../../arm-none-eabi/lib/armv7e-m/softfp\libc_nano.a(lib_a-errno.o)
                              ./Libraries/Newlib/syscalls.o (__errno)
c:/dave/dave-ide-4.4.2-64bit/eclipse/arm-gcc-49/bin/../lib/gcc/arm-none-eabi/4.9.3/../../../../arm-none-eabi/lib/armv7e-m/softfp\libc_nano.a(lib_a-impure.o)
                              c:/dave/dave-ide-4.4.2-64bit/eclipse/arm-gcc-49/bin/../lib/gcc/arm-none-eabi/4.9.3/../../../../arm-none-eabi/lib/armv7e-m/softfp\libc_nano.a(lib_a-errno.o) (_impure_ptr)
c:/dave/dave-ide-4.4.2-64bit/eclipse/arm-gcc-49/bin/../lib/gcc/arm-none-eabi/4.9.3/../../../../arm-none-eabi/lib/armv7e-m/softfp\libc_nano.a(lib_a-init.o)
                              ./Startup/startup_XMC4500.o (__libc_init_array)
c:/dave/dave-ide-4.4.2-64bit/eclipse/arm-gcc-49/bin/../lib/gcc/arm-none-eabi/4.9.3/../../../../arm-none-eabi/lib/armv7e-m/softfp\libc_nano.a(lib_a-malloc.o)
                              ./Dave/Generated/FREERTOS/heap.o (malloc)
c:/dave/dave-ide-4.4.2-64bit/eclipse/arm-gcc-49/bin/../lib/gcc/arm-none-eabi/4.9.3/../../../../arm-none-eabi/lib/armv7e-m/softfp\libc_nano.a(lib_a-memcpy.o)
                              ./Libraries/XMCLib/src/xmc_eth_mac.o (memcpy)
c:/dave/dave-ide-4.4.2-64bit/eclipse/arm-gcc-49/bin/../lib/gcc/arm-none-eabi/4.9.3/../../../../arm-none-eabi/lib/armv7e-m/softfp\libc_nano.a(lib_a-memset.o)
                              ./Libraries/XMCLib/src/xmc_usbd.o (memset)
c:/dave/dave-ide-4.4.2-64bit/eclipse/arm-gcc-49/bin/../lib/gcc/arm-none-eabi/4.9.3/../../../../arm-none-eabi/lib/armv7e-m/softfp\libc_nano.a(lib_a-nano-freer.o)
                              c:/dave/dave-ide-4.4.2-64bit/eclipse/arm-gcc-49/bin/../lib/gcc/arm-none-eabi/4.9.3/../../../../arm-none-eabi/lib/armv7e-m/softfp\libc_nano.a(lib_a-malloc.o) (_free_r)
c:/dave/dave-ide-4.4.2-64bit/eclipse/arm-gcc-49/bin/../lib/gcc/arm-none-eabi/4.9.3/../../../../arm-none-eabi/lib/armv7e-m/softfp\libc_nano.a(lib_a-nano-mallocr.o)
                              c:/dave/dave-ide-4.4.2-64bit/eclipse/arm-gcc-49/bin/../lib/gcc/arm-none-eabi/4.9.3/../../../../arm-none-eabi/lib/armv7e-m/softfp\libc_nano.a(lib_a-malloc.o) (_malloc_r)
c:/dave/dave-ide-4.4.2-64bit/eclipse/arm-gcc-49/bin/../lib/gcc/arm-none-eabi/4.9.3/../../../../arm-none-eabi/lib/armv7e-m/softfp\libc_nano.a(lib_a-sbrkr.o)
                              c:/dave/dave-ide-4.4.2-64bit/eclipse/arm-gcc-49/bin/../lib/gcc/arm-none-eabi/4.9.3/../../../../arm-none-eabi/lib/armv7e-m/softfp\libc_nano.a(lib_a-nano-mallocr.o) (_sbrk_r)
[...]
Memory Configuration

Name             Origin             Length             Attributes
FLASH_1_cached   0x08000000         0x00100000         xr
FLASH_1_uncached 0x0c000000         0x00100000         xr
PSRAM_1          0x10000000         0x00010000         !xr
DSRAM_1_system   0x20000000         0x00010000         !xr
DSRAM_2_comm     0x30000000         0x00008000         !xr
*default*        0x00000000         0xffffffff

Linker script and memory map

LOAD ./Startup/startup_XMC4500.o
LOAD ./Startup/system_XMC4500.o
LOAD ./Libraries/XMCLib/src/xmc4_eru.o
LOAD ./Libraries/XMCLib/src/xmc4_flash.o
LOAD ./Libraries/XMCLib/src/xmc4_gpio.o
LOAD ./Libraries/XMCLib/src/xmc4_rtc.o
LOAD ./Libraries/XMCLib/src/xmc4_scu.o
LOAD ./Libraries/XMCLib/src/xmc_can.o
LOAD ./Libraries/XMCLib/src/xmc_ccu4.o
LOAD ./Libraries/XMCLib/src/xmc_ccu8.o
LOAD ./Libraries/XMCLib/src/xmc_common.o
LOAD ./Libraries/XMCLib/src/xmc_dac.o
LOAD ./Libraries/XMCLib/src/xmc_dma.o
LOAD ./Libraries/XMCLib/src/xmc_dsd.o
LOAD ./Libraries/XMCLib/src/xmc_ebu.o
LOAD ./Libraries/XMCLib/src/xmc_ecat.o
LOAD ./Libraries/XMCLib/src/xmc_eru.o
LOAD ./Libraries/XMCLib/src/xmc_eth_mac.o
LOAD ./Libraries/XMCLib/src/xmc_eth_phy_dp83848.o
LOAD ./Libraries/XMCLib/src/xmc_eth_phy_ksz8031rnl.o
LOAD ./Libraries/XMCLib/src/xmc_eth_phy_ksz8081rnb.o
LOAD ./Libraries/XMCLib/src/xmc_fce.o
LOAD ./Libraries/XMCLib/src/xmc_gpio.o
LOAD ./Libraries/XMCLib/src/xmc_hrpwm.o
LOAD ./Libraries/XMCLib/src/xmc_i2c.o
LOAD ./Libraries/XMCLib/src/xmc_i2s.o
LOAD ./Libraries/XMCLib/src/xmc_ledts.o
LOAD ./Libraries/XMCLib/src/xmc_posif.o
LOAD ./Libraries/XMCLib/src/xmc_rtc.o
LOAD ./Libraries/XMCLib/src/xmc_sdmmc.o
LOAD ./Libraries/XMCLib/src/xmc_spi.o
LOAD ./Libraries/XMCLib/src/xmc_uart.o
LOAD ./Libraries/XMCLib/src/xmc_usbd.o
LOAD ./Libraries/XMCLib/src/xmc_usbh.o
LOAD ./Libraries/XMCLib/src/xmc_usic.o
LOAD ./Libraries/XMCLib/src/xmc_vadc.o
LOAD ./Libraries/XMCLib/src/xmc_wdt.o
LOAD ./Libraries/Newlib/syscalls.o
LOAD ./Dave/Generated/TIMER/timer.o
LOAD ./Dave/Generated/TIMER/timer_conf.o
LOAD ./Dave/Generated/GLOBAL_CCU4/global_ccu4.o
LOAD ./Dave/Generated/GLOBAL_CCU4/global_ccu4_conf.o
LOAD ./Dave/Generated/GLOBAL_CAN/global_can.o
LOAD ./Dave/Generated/GLOBAL_CAN/global_can_conf.o
LOAD ./Dave/Generated/GLOBAL_ADC/global_adc.o
LOAD ./Dave/Generated/GLOBAL_ADC/global_adc_conf.o
LOAD ./Dave/Generated/FREERTOS/portable/Keil/port.o
LOAD ./Dave/Generated/FREERTOS/portable/IAR/port.o
LOAD ./Dave/Generated/FREERTOS/portable/IAR/portasm.o
LOAD ./Dave/Generated/FREERTOS/portable/GCC/port.o
LOAD ./Dave/Generated/FREERTOS/croutine.o
LOAD ./Dave/Generated/FREERTOS/event_groups.o
LOAD ./Dave/Generated/FREERTOS/freertos.o
LOAD ./Dave/Generated/FREERTOS/heap.o
LOAD ./Dave/Generated/FREERTOS/list.o
LOAD ./Dave/Generated/FREERTOS/mpu_wrappers.o
LOAD ./Dave/Generated/FREERTOS/queue.o
LOAD ./Dave/Generated/FREERTOS/stream_buffer.o
LOAD ./Dave/Generated/FREERTOS/tasks.o
LOAD ./Dave/Generated/FREERTOS/timers.o
LOAD ./Dave/Generated/DIGITAL_IO/digital_io.o
LOAD ./Dave/Generated/DIGITAL_IO/digital_io_conf.o
LOAD ./Dave/Generated/CPU_CTRL_XMC4/cpu_ctrl_xmc4.o
LOAD ./Dave/Generated/CPU_CTRL_XMC4/cpu_ctrl_xmc4_conf.o
LOAD ./Dave/Generated/CLOCK_XMC4/clock_xmc4.o
LOAD ./Dave/Generated/CLOCK_XMC4/clock_xmc4_conf.o
LOAD ./Dave/Generated/CAN_NODE/can_node.o
LOAD ./Dave/Generated/CAN_NODE/can_node_conf.o
LOAD ./Dave/Generated/ANALOG_IO/analog_io.o
LOAD ./Dave/Generated/ANALOG_IO/analog_io_conf.o
LOAD ./Dave/Generated/ADC_MEASUREMENT/adc_measurement.o
LOAD ./Dave/Generated/ADC_MEASUREMENT/adc_measurement_conf.o
LOAD ./Dave/Generated/DAVE.o
LOAD ./ANA_Init.o
LOAD ./ANA_Read.o
LOAD ./Average_Filter.o
LOAD ./CAN_1.o
LOAD ./CAN_2.o
LOAD ./Low_Pass_Filter.o
LOAD ./Powercycle_Calibration.o
LOAD ./UnitConversion.o
LOAD ./main.o
LOAD c:/dave/dave-ide-4.4.2-64bit/eclipse/arm-gcc-49/bin/../lib/gcc/arm-none-eabi/4.9.3/../../../../arm-none-eabi/lib/armv7e-m/softfp\libm.a
START GROUP
LOAD c:/dave/dave-ide-4.4.2-64bit/eclipse/arm-gcc-49/bin/../lib/gcc/arm-none-eabi/4.9.3/armv7e-m/softfp\libgcc.a
LOAD c:/dave/dave-ide-4.4.2-64bit/eclipse/arm-gcc-49/bin/../lib/gcc/arm-none-eabi/4.9.3/../../../../arm-none-eabi/lib/armv7e-m/softfp\libc_nano.a
END GROUP
START GROUP
LOAD c:/dave/dave-ide-4.4.2-64bit/eclipse/arm-gcc-49/bin/../lib/gcc/arm-none-eabi/4.9.3/armv7e-m/softfp\libgcc.a
LOAD c:/dave/dave-ide-4.4.2-64bit/eclipse/arm-gcc-49/bin/../lib/gcc/arm-none-eabi/4.9.3/../../../../arm-none-eabi/lib/armv7e-m/softfp\libc_nano.a
LOAD c:/dave/dave-ide-4.4.2-64bit/eclipse/arm-gcc-49/bin/../lib/gcc/arm-none-eabi/4.9.3/../../../../arm-none-eabi/lib/armv7e-m/softfp\libnosys.a
END GROUP
START GROUP
LOAD c:/dave/dave-ide-4.4.2-64bit/eclipse/arm-gcc-49/bin/../lib/gcc/arm-none-eabi/4.9.3/armv7e-m/softfp\libgcc.a
LOAD c:/dave/dave-ide-4.4.2-64bit/eclipse/arm-gcc-49/bin/../lib/gcc/arm-none-eabi/4.9.3/../../../../arm-none-eabi/lib/armv7e-m/softfp\libc_nano.a
LOAD c:/dave/dave-ide-4.4.2-64bit/eclipse/arm-gcc-49/bin/../lib/gcc/arm-none-eabi/4.9.3/../../../../arm-none-eabi/lib/armv7e-m/softfp\libnosys.a
END GROUP
                0x00000800                stack_size = DEFINED (stack_size)?stack_size:0x800
                0x00000040                no_init_size = 0x40

.text           0x08000000     0x4384 load address 0x0c000000
                0x08000000                sText = .
 *(.reset)
 .reset         0x08000000      0x2b4 ./Startup/startup_XMC4500.o
                0x08000000                __Vectors
                0x08000200                Reset_Handler
                0x080002b0                DSD0_7_IRQHandler
                0x080002b0                DebugMon_Handler
                0x080002b0                VADC0_C0_0_IRQHandler
                0x080002b0                CAN0_4_IRQHandler
                0x080002b0                VADC0_G2_0_IRQHandler
                0x080002b0                USIC0_5_IRQHandler
                0x080002b0                POSIF0_0_IRQHandler
                0x080002b0                POSIF1_0_IRQHandler
                0x080002b0                HardFault_Handler
                0x080002b0                VADC0_G1_1_IRQHandler
                0x080002b0                NMI_Handler
                0x080002b0                USIC1_3_IRQHandler
                0x080002b0                CCU40_2_IRQHandler
                0x080002b0                SCU_0_IRQHandler
                0x080002b0                ERU0_0_IRQHandler
                0x080002b0                CCU41_0_IRQHandler
                0x080002b0                USIC1_5_IRQHandler
                0x080002b0                DSD0_4_IRQHandler
                0x080002b0                CCU80_1_IRQHandler
                0x080002b0                CCU81_0_IRQHandler
                0x080002b0                UsageFault_Handler
                0x080002b0                USIC0_0_IRQHandler
                0x080002b0                POSIF1_1_IRQHandler
                0x080002b0                ERU0_2_IRQHandler
                0x080002b0                CCU81_1_IRQHandler
                0x080002b0                ERU1_1_IRQHandler
                0x080002b0                VADC0_G2_3_IRQHandler
                0x080002b0                VADC0_G2_2_IRQHandler
                0x080002b0                CCU42_3_IRQHandler
                0x080002b0                ERU0_3_IRQHandler
                0x080002b0                DSD0_5_IRQHandler
                0x080002b0                VADC0_C0_3_IRQHandler
                0x080002b0                CAN0_6_IRQHandler
                0x080002b0                CCU43_0_IRQHandler
                0x080002b0                VADC0_G0_1_IRQHandler
                0x080002b0                CCU81_2_IRQHandler
                0x080002b0                USIC2_4_IRQHandler
                0x080002b0                CCU81_3_IRQHandler
                0x080002b0                CCU42_1_IRQHandler
                0x080002b0                USIC1_1_IRQHandler
                0x080002b0                USIC2_5_IRQHandler
                0x080002b0                CCU40_0_IRQHandler
                0x080002b0                CAN0_0_IRQHandler
                0x080002b0                ERU1_0_IRQHandler
                0x080002b0                CCU42_2_IRQHandler
                0x080002b0                Default_Handler
                0x080002b0                USIC1_4_IRQHandler
                0x080002b0                ERU1_3_IRQHandler
                0x080002b0                USIC1_0_IRQHandler
                0x080002b0                POSIF0_1_IRQHandler
                0x080002b0                VADC0_G0_0_IRQHandler
                0x080002b0                DSD0_2_IRQHandler
                0x080002b0                CCU80_3_IRQHandler
                0x080002b0                CCU41_3_IRQHandler
                0x080002b0                CCU80_2_IRQHandler
                0x080002b0                VADC0_G1_3_IRQHandler
                0x080002b0                VADC0_G0_3_IRQHandler
                0x080002b0                GPDMA0_0_IRQHandler
                0x080002b0                PMU0_0_IRQHandler
                0x080002b0                CAN0_7_IRQHandler
                0x080002b0                DSD0_1_IRQHandler
                0x080002b0                CCU41_2_IRQHandler
                0x080002b0                VADC0_C0_1_IRQHandler
                0x080002b0                CCU43_2_IRQHandler
                0x080002b0                USIC2_2_IRQHandler
                0x080002b0                MemManage_Handler
                0x080002b0                VADC0_G3_1_IRQHandler
                0x080002b0                DAC0_0_IRQHandler
                0x080002b0                VADC0_G3_3_IRQHandler
                0x080002b0                ERU1_2_IRQHandler
                0x080002b0                CCU41_1_IRQHandler
                0x080002b0                DSD0_6_IRQHandler
                0x080002b0                CCU43_1_IRQHandler
                0x080002b0                VADC0_G1_2_IRQHandler
                0x080002b0                USIC2_3_IRQHandler
                0x080002b0                CAN0_2_IRQHandler
                0x080002b0                USIC2_0_IRQHandler
                0x080002b0                VADC0_G0_2_IRQHandler
                0x080002b0                VADC0_G2_1_IRQHandler
                0x080002b0                CAN0_3_IRQHandler
                0x080002b0                ETH0_0_IRQHandler
                0x080002b0                USIC0_3_IRQHandler
                0x080002b0                DSD0_0_IRQHandler
                0x080002b0                VADC0_C0_2_IRQHandler
                0x080002b0                CCU42_0_IRQHandler
                0x080002b0                FCE0_0_IRQHandler
                0x080002b0                VADC0_G1_0_IRQHandler
                0x080002b0                USB0_0_IRQHandler
                0x080002b0                CAN0_5_IRQHandler
                0x080002b0                CCU80_0_IRQHandler
                0x080002b0                CCU40_1_IRQHandler
                0x080002b0                USIC2_1_IRQHandler
                0x080002b0                USIC0_1_IRQHandler
                0x080002b0                VADC0_G3_2_IRQHandler
                0x080002b0                CCU40_3_IRQHandler
                0x080002b0                BusFault_Handler
                0x080002b0                LEDTS0_0_IRQHandler
                0x080002b0                USIC0_4_IRQHandler
                0x080002b0                CCU43_3_IRQHandler
                0x080002b0                ERU0_1_IRQHandler
                0x080002b0                VADC0_G3_0_IRQHandler
                0x080002b0                USIC1_2_IRQHandler
                0x080002b0                DSD0_3_IRQHandler
                0x080002b0                SDMMC0_0_IRQHandler
                0x080002b0                CAN0_1_IRQHandler
                0x080002b0                USIC0_2_IRQHandler
                0x080002b0                DAC0_1_IRQHandler
                0x080002b0                GPDMA1_0_IRQHandler
 *(.text .text.* .gnu.linkonce.t.*)
 .text.SystemCoreClockUpdate
                0x080002b4       0x88 ./Startup/system_XMC4500.o
                0x080002b4                SystemCoreClockUpdate
 .text.SystemInit
                0x0800033c       0x30 ./Startup/system_XMC4500.o
                0x0800033c                SystemInit
 .text.XMC_GPIO_Init
                0x0800036c       0x88 ./Libraries/XMCLib/src/xmc4_gpio.o
                0x0800036c                XMC_GPIO_Init
 .text.XMC_SCU_lDelay
                0x080003f4       0x2c ./Libraries/XMCLib/src/xmc4_scu.o
 .text.XMC_SCU_RESET_DeassertPeripheralReset
                0x08000420       0x14 ./Libraries/XMCLib/src/xmc4_scu.o
                0x08000420                XMC_SCU_RESET_DeassertPeripheralReset
 .text.XMC_SCU_CLOCK_GetPeripheralClockFrequency
                0x08000434       0x18 ./Libraries/XMCLib/src/xmc4_scu.o
                0x08000434                XMC_SCU_CLOCK_GetPeripheralClockFrequency
 .text.XMC_SCU_CLOCK_SetSystemClockSource
                0x0800044c       0x14 ./Libraries/XMCLib/src/xmc4_scu.o
                0x0800044c                XMC_SCU_CLOCK_SetSystemClockSource
 .text.XMC_SCU_CLOCK_SetUsbClockSource
                0x08000460       0x14 ./Libraries/XMCLib/src/xmc4_scu.o
                0x08000460                XMC_SCU_CLOCK_SetUsbClockSource
 .text.XMC_SCU_CLOCK_SetWdtClockSource
                0x08000474       0x14 ./Libraries/XMCLib/src/xmc4_scu.o
                0x08000474                XMC_SCU_CLOCK_SetWdtClockSource
 .text.XMC_SCU_CLOCK_SetSystemPllClockSource
                0x08000488       0x20 ./Libraries/XMCLib/src/xmc4_scu.o
                0x08000488                XMC_SCU_CLOCK_SetSystemPllClockSource
 .text.XMC_SCU_HIB_SetRtcClockSource
                0x080004a8       0x20 ./Libraries/XMCLib/src/xmc4_scu.o
                0x080004a8                XMC_SCU_HIB_SetRtcClockSource
 .text.XMC_SCU_HIB_SetStandbyClockSource
                0x080004c8       0x20 ./Libraries/XMCLib/src/xmc4_scu.o
                0x080004c8                XMC_SCU_HIB_SetStandbyClockSource
 .text.XMC_SCU_CLOCK_SetSystemClockDivider
                0x080004e8       0x14 ./Libraries/XMCLib/src/xmc4_scu.o
                0x080004e8                XMC_SCU_CLOCK_SetSystemClockDivider
 .text.XMC_SCU_CLOCK_SetCcuClockDivider
                0x080004fc       0x14 ./Libraries/XMCLib/src/xmc4_scu.o
                0x080004fc                XMC_SCU_CLOCK_SetCcuClockDivider
 .text.XMC_SCU_CLOCK_SetCpuClockDivider
                0x08000510       0x14 ./Libraries/XMCLib/src/xmc4_scu.o
                0x08000510                XMC_SCU_CLOCK_SetCpuClockDivider
 .text.XMC_SCU_CLOCK_SetPeripheralClockDivider
                0x08000524       0x14 ./Libraries/XMCLib/src/xmc4_scu.o
                0x08000524                XMC_SCU_CLOCK_SetPeripheralClockDivider
 .text.XMC_SCU_CLOCK_SetUsbClockDivider
                0x08000538       0x14 ./Libraries/XMCLib/src/xmc4_scu.o
                0x08000538                XMC_SCU_CLOCK_SetUsbClockDivider
 .text.XMC_SCU_CLOCK_SetEbuClockDivider
                0x0800054c       0x14 ./Libraries/XMCLib/src/xmc4_scu.o
                0x0800054c                XMC_SCU_CLOCK_SetEbuClockDivider
 .text.XMC_SCU_CLOCK_SetWdtClockDivider
                0x08000560       0x14 ./Libraries/XMCLib/src/xmc4_scu.o
                0x08000560                XMC_SCU_CLOCK_SetWdtClockDivider
 .text.XMC_SCU_CLOCK_EnableClock
                0x08000574        0xc ./Libraries/XMCLib/src/xmc4_scu.o
                0x08000574                XMC_SCU_CLOCK_EnableClock
 .text.XMC_SCU_CLOCK_StartUsbPll
                0x08000580       0x44 ./Libraries/XMCLib/src/xmc4_scu.o
                0x08000580                XMC_SCU_CLOCK_StartUsbPll
 .text.XMC_SCU_CLOCK_SetBackupClockCalibrationMode
                0x080005c4       0x34 ./Libraries/XMCLib/src/xmc4_scu.o
                0x080005c4                XMC_SCU_CLOCK_SetBackupClockCalibrationMode
 .text.XMC_SCU_HIB_EnableHibernateDomain
                0x080005f8       0x34 ./Libraries/XMCLib/src/xmc4_scu.o
                0x080005f8                XMC_SCU_HIB_EnableHibernateDomain
 .text.XMC_SCU_CLOCK_IsLowPowerOscillatorStable
                0x0800062c       0x14 ./Libraries/XMCLib/src/xmc4_scu.o
                0x0800062c                XMC_SCU_CLOCK_IsLowPowerOscillatorStable
 .text.XMC_SCU_CLOCK_EnableLowPowerOscillator
                0x08000640       0x4c ./Libraries/XMCLib/src/xmc4_scu.o
                0x08000640                XMC_SCU_CLOCK_EnableLowPowerOscillator
 .text.XMC_SCU_CLOCK_EnableHighPerformanceOscillator
                0x0800068c       0x40 ./Libraries/XMCLib/src/xmc4_scu.o
                0x0800068c                XMC_SCU_CLOCK_EnableHighPerformanceOscillator
 .text.XMC_SCU_CLOCK_IsHighPerformanceOscillatorStable
                0x080006cc       0x18 ./Libraries/XMCLib/src/xmc4_scu.o
                0x080006cc                XMC_SCU_CLOCK_IsHighPerformanceOscillatorStable
 .text.XMC_SCU_CLOCK_EnableSystemPll
                0x080006e4       0x14 ./Libraries/XMCLib/src/xmc4_scu.o
                0x080006e4                XMC_SCU_CLOCK_EnableSystemPll
 .text.XMC_SCU_CLOCK_DisableSystemPll
                0x080006f8       0x14 ./Libraries/XMCLib/src/xmc4_scu.o
                0x080006f8                XMC_SCU_CLOCK_DisableSystemPll
 .text.XMC_SCU_CLOCK_StepSystemPllFrequency
                0x0800070c       0x1c ./Libraries/XMCLib/src/xmc4_scu.o
                0x0800070c                XMC_SCU_CLOCK_StepSystemPllFrequency
 .text.XMC_SCU_CLOCK_StartSystemPll
                0x08000728       0xe8 ./Libraries/XMCLib/src/xmc4_scu.o
                0x08000728                XMC_SCU_CLOCK_StartSystemPll
 .text.XMC_SCU_CLOCK_Init
                0x08000810       0x9c ./Libraries/XMCLib/src/xmc4_scu.o
                0x08000810                XMC_SCU_CLOCK_Init
 .text.XMC_CAN_NODE_NominalBitTimeConfigure
                0x080008ac       0xea ./Libraries/XMCLib/src/xmc_can.o
                0x080008ac                XMC_CAN_NODE_NominalBitTimeConfigure
 .text.XMC_CAN_AllocateMOtoNodeList
                0x08000996       0x1c ./Libraries/XMCLib/src/xmc_can.o
                0x08000996                XMC_CAN_AllocateMOtoNodeList
 *fill*         0x080009b2        0x2 
 .text.XMC_CAN_Enable
                0x080009b4       0x20 ./Libraries/XMCLib/src/xmc_can.o
                0x080009b4                XMC_CAN_Enable
 .text.XMC_CAN_Init
                0x080009d4       0x72 ./Libraries/XMCLib/src/xmc_can.o
                0x080009d4                XMC_CAN_Init
 *fill*         0x08000a46        0x2 
 .text.XMC_CAN_MO_UpdateData
                0x08000a48       0x38 ./Libraries/XMCLib/src/xmc_can.o
                0x08000a48                XMC_CAN_MO_UpdateData
 .text.XMC_CAN_MO_Config
                0x08000a80       0x84 ./Libraries/XMCLib/src/xmc_can.o
                0x08000a80                XMC_CAN_MO_Config
 .text.XMC_CAN_MO_Transmit
                0x08000b04       0x20 ./Libraries/XMCLib/src/xmc_can.o
                0x08000b04                XMC_CAN_MO_Transmit
 .text.XMC_CAN_MO_Receive
                0x08000b24       0xb0 ./Libraries/XMCLib/src/xmc_can.o
                0x08000b24                XMC_CAN_MO_Receive
 .text.XMC_CAN_NODE_EnableEvent
                0x08000bd4       0x18 ./Libraries/XMCLib/src/xmc_can.o
                0x08000bd4                XMC_CAN_NODE_EnableEvent
 .text.XMC_CCU4_EnableModule
                0x08000bec       0x50 ./Libraries/XMCLib/src/xmc_ccu4.o
                0x08000bec                XMC_CCU4_EnableModule
 .text.XMC_CCU4_Init
                0x08000c3c       0x1e ./Libraries/XMCLib/src/xmc_ccu4.o
                0x08000c3c                XMC_CCU4_Init
 .text.XMC_CCU4_SLICE_CompareInit
                0x08000c5a       0x2e ./Libraries/XMCLib/src/xmc_ccu4.o
                0x08000c5a                XMC_CCU4_SLICE_CompareInit
 .text.XMC_GPIO_SetHardwareControl
                0x08000c88       0x1a ./Libraries/XMCLib/src/xmc_gpio.o
                0x08000c88                XMC_GPIO_SetHardwareControl
 .text.XMC_VADC_GLOBAL_EnableModule
                0x08000ca2        0x6 ./Libraries/XMCLib/src/xmc_vadc.o
                0x08000ca2                XMC_VADC_GLOBAL_EnableModule
 .text.XMC_VADC_GLOBAL_Init
                0x08000ca8       0x32 ./Libraries/XMCLib/src/xmc_vadc.o
                0x08000ca8                XMC_VADC_GLOBAL_Init
 *fill*         0x08000cda        0x2 
 .text.XMC_VADC_GLOBAL_InputClassInit
                0x08000cdc       0x18 ./Libraries/XMCLib/src/xmc_vadc.o
                0x08000cdc                XMC_VADC_GLOBAL_InputClassInit
 .text.XMC_VADC_GLOBAL_StartupCalibration
                0x08000cf4       0x38 ./Libraries/XMCLib/src/xmc_vadc.o
                0x08000cf4                XMC_VADC_GLOBAL_StartupCalibration
 .text.XMC_VADC_GLOBAL_BackgroundSetReqSrcEventInterruptNode
                0x08000d2c       0x1e ./Libraries/XMCLib/src/xmc_vadc.o
                0x08000d2c                XMC_VADC_GLOBAL_BackgroundSetReqSrcEventInterruptNode
 .text.XMC_VADC_GROUP_InputClassInit
                0x08000d4a       0x48 ./Libraries/XMCLib/src/xmc_vadc.o
                0x08000d4a                XMC_VADC_GROUP_InputClassInit
 .text.XMC_VADC_GROUP_Init
                0x08000d92       0x7c ./Libraries/XMCLib/src/xmc_vadc.o
                0x08000d92                XMC_VADC_GROUP_Init
 .text.XMC_VADC_GROUP_SetPowerMode
                0x08000e0e       0x10 ./Libraries/XMCLib/src/xmc_vadc.o
                0x08000e0e                XMC_VADC_GROUP_SetPowerMode
 *fill*         0x08000e1e        0x2 
 .text.XMC_VADC_GLOBAL_BackgroundInit
                0x08000e20       0xcc ./Libraries/XMCLib/src/xmc_vadc.o
                0x08000e20                XMC_VADC_GLOBAL_BackgroundInit
 .text.XMC_VADC_GROUP_ChannelInit
                0x08000eec       0x6a ./Libraries/XMCLib/src/xmc_vadc.o
                0x08000eec                XMC_VADC_GROUP_ChannelInit
 *fill*         0x08000f56        0x2 
 .text._sbrk    0x08000f58       0x40 ./Libraries/Newlib/syscalls.o
                0x08000f58                _sbrk
 .text._init    0x08000f98        0x2 ./Libraries/Newlib/syscalls.o
                0x08000f98                _init
 *fill*         0x08000f9a        0x2 
 .text.TIMER_GetTime
                0x08000f9c       0x30 ./Dave/Generated/TIMER/timer.o
                0x08000f9c                TIMER_GetTime
 .text.TIMER_Clear
                0x08000fcc       0x1c ./Dave/Generated/TIMER/timer.o
                0x08000fcc                TIMER_Clear
 .text.TIMER_CCU4_lShadowTransfer
                0x08000fe8       0x14 ./Dave/Generated/TIMER/timer.o
                0x08000fe8                TIMER_CCU4_lShadowTransfer
 .text.TIMER_CCU4_lInit
                0x08000ffc       0x3e ./Dave/Generated/TIMER/timer.o
                0x08000ffc                TIMER_CCU4_lInit
 .text.TIMER_Init
                0x0800103a       0x14 ./Dave/Generated/TIMER/timer.o
                0x0800103a                TIMER_Init
 .text.GLOBAL_CCU4_Init
                0x0800104e       0x20 ./Dave/Generated/GLOBAL_CCU4/global_ccu4.o
                0x0800104e                GLOBAL_CCU4_Init
 .text.GLOBAL_CAN_Init
                0x0800106e       0x18 ./Dave/Generated/GLOBAL_CAN/global_can.o
                0x0800106e                GLOBAL_CAN_Init
 .text.GLOBAL_ADC_Init
                0x08001086       0x62 ./Dave/Generated/GLOBAL_ADC/global_adc.o
                0x08001086                GLOBAL_ADC_Init
 .text.prvTaskExitError
                0x080010e8       0x40 ./Dave/Generated/FREERTOS/portable/GCC/port.o
 .text.unlikely.prvPortStartFirstTask
                0x08001128       0x28 ./Dave/Generated/FREERTOS/portable/GCC/port.o
 .text.unlikely.vPortEnableVFP
                0x08001150       0x14 ./Dave/Generated/FREERTOS/portable/GCC/port.o
 .text.pxPortInitialiseStack
                0x08001164       0x2c ./Dave/Generated/FREERTOS/portable/GCC/port.o
                0x08001164                pxPortInitialiseStack
 .text.SVC_Handler
                0x08001190       0x30 ./Dave/Generated/FREERTOS/portable/GCC/port.o
                0x08001190                SVC_Handler
 .text.vPortEnterCritical
                0x080011c0       0x44 ./Dave/Generated/FREERTOS/portable/GCC/port.o
                0x080011c0                vPortEnterCritical
 .text.vPortExitCritical
                0x08001204       0x28 ./Dave/Generated/FREERTOS/portable/GCC/port.o
                0x08001204                vPortExitCritical
 *fill*         0x0800122c        0x4 
 .text.PendSV_Handler
                0x08001230       0x70 ./Dave/Generated/FREERTOS/portable/GCC/port.o
                0x08001230                PendSV_Handler
 .text.SysTick_Handler
                0x080012a0       0x2c ./Dave/Generated/FREERTOS/portable/GCC/port.o
                0x080012a0                SysTick_Handler
 .text.vPortSetupTimerInterrupt
                0x080012cc       0x34 ./Dave/Generated/FREERTOS/portable/GCC/port.o
                0x080012cc                vPortSetupTimerInterrupt
 .text.xPortStartScheduler
                0x08001300      0x104 ./Dave/Generated/FREERTOS/portable/GCC/port.o
                0x08001300                xPortStartScheduler
 .text.vPortValidateInterruptPriority
                0x08001404       0x5c ./Dave/Generated/FREERTOS/portable/GCC/port.o
                0x08001404                vPortValidateInterruptPriority
 .text.pvPortMalloc
                0x08001460       0x18 ./Dave/Generated/FREERTOS/heap.o
                0x08001460                pvPortMalloc
 .text.vPortFree
                0x08001478       0x1a ./Dave/Generated/FREERTOS/heap.o
                0x08001478                vPortFree
 .text.vListInitialise
                0x08001492       0x16 ./Dave/Generated/FREERTOS/list.o
                0x08001492                vListInitialise
 .text.vListInitialiseItem
                0x080014a8        0x6 ./Dave/Generated/FREERTOS/list.o
                0x080014a8                vListInitialiseItem
 .text.vListInsertEnd
                0x080014ae       0x18 ./Dave/Generated/FREERTOS/list.o
                0x080014ae                vListInsertEnd
 .text.vListInsert
                0x080014c6       0x30 ./Dave/Generated/FREERTOS/list.o
                0x080014c6                vListInsert
 .text.uxListRemove
                0x080014f6       0x22 ./Dave/Generated/FREERTOS/list.o
                0x080014f6                uxListRemove
 .text.prvIsQueueEmpty
                0x08001518       0x16 ./Dave/Generated/FREERTOS/queue.o
 .text.unlikely.prvCopyDataToQueue
                0x0800152e       0x70 ./Dave/Generated/FREERTOS/queue.o
 .text.unlikely.prvCopyDataFromQueue
                0x0800159e       0x26 ./Dave/Generated/FREERTOS/queue.o
 .text.prvNotifyQueueSetContainer
                0x080015c4       0x76 ./Dave/Generated/FREERTOS/queue.o
 .text.prvUnlockQueue
                0x0800163a       0x78 ./Dave/Generated/FREERTOS/queue.o
 *fill*         0x080016b2        0x2 
 .text.xQueueGenericReset
                0x080016b4       0x80 ./Dave/Generated/FREERTOS/queue.o
                0x080016b4                xQueueGenericReset
 .text.xQueueGenericCreate
                0x08001734       0x52 ./Dave/Generated/FREERTOS/queue.o
                0x08001734                xQueueGenericCreate
 *fill*         0x08001786        0x2 
 .text.xQueueGenericSend
                0x08001788      0x16c ./Dave/Generated/FREERTOS/queue.o
                0x08001788                xQueueGenericSend
 .text.xQueueGenericSendFromISR
                0x080018f4       0xcc ./Dave/Generated/FREERTOS/queue.o
                0x080018f4                xQueueGenericSendFromISR
 .text.xQueueReceive
                0x080019c0      0x138 ./Dave/Generated/FREERTOS/queue.o
                0x080019c0                xQueueReceive
 .text.vQueueAddToRegistry
                0x08001af8       0x24 ./Dave/Generated/FREERTOS/queue.o
                0x08001af8                vQueueAddToRegistry
 .text.vQueueWaitForMessageRestricted
                0x08001b1c       0x46 ./Dave/Generated/FREERTOS/queue.o
                0x08001b1c                vQueueWaitForMessageRestricted
 *fill*         0x08001b62        0x2 
 .text.prvAddCurrentTaskToDelayedList
                0x08001b64       0x94 ./Dave/Generated/FREERTOS/tasks.o
 .text.prvResetNextTaskUnblockTime
                0x08001bf8       0x24 ./Dave/Generated/FREERTOS/tasks.o
 .text.prvIdleTask
                0x08001c1c       0x68 ./Dave/Generated/FREERTOS/tasks.o
 .text.xTaskCreate
                0x08001c84      0x1bc ./Dave/Generated/FREERTOS/tasks.o
                0x08001c84                xTaskCreate
 .text.vTaskStartScheduler
                0x08001e40       0x80 ./Dave/Generated/FREERTOS/tasks.o
                0x08001e40                vTaskStartScheduler
 .text.vTaskSuspendAll
                0x08001ec0       0x10 ./Dave/Generated/FREERTOS/tasks.o
                0x08001ec0                vTaskSuspendAll
 .text.xTaskGetTickCount
                0x08001ed0        0xc ./Dave/Generated/FREERTOS/tasks.o
                0x08001ed0                xTaskGetTickCount
 .text.xTaskIncrementTick
                0x08001edc      0x114 ./Dave/Generated/FREERTOS/tasks.o
                0x08001edc                xTaskIncrementTick
 .text.xTaskResumeAll
                0x08001ff0       0xe4 ./Dave/Generated/FREERTOS/tasks.o
                0x08001ff0                xTaskResumeAll
 .text.vTaskDelay
                0x080020d4       0x50 ./Dave/Generated/FREERTOS/tasks.o
                0x080020d4                vTaskDelay
 .text.vTaskSwitchContext
                0x08002124       0x74 ./Dave/Generated/FREERTOS/tasks.o
                0x08002124                vTaskSwitchContext
 .text.vTaskPlaceOnEventList
                0x08002198       0x34 ./Dave/Generated/FREERTOS/tasks.o
                0x08002198                vTaskPlaceOnEventList
 .text.vTaskPlaceOnEventListRestricted
                0x080021cc       0x40 ./Dave/Generated/FREERTOS/tasks.o
                0x080021cc                vTaskPlaceOnEventListRestricted
 .text.xTaskRemoveFromEventList
                0x0800220c       0x80 ./Dave/Generated/FREERTOS/tasks.o
                0x0800220c                xTaskRemoveFromEventList
 .text.vTaskInternalSetTimeOutState
                0x0800228c       0x18 ./Dave/Generated/FREERTOS/tasks.o
                0x0800228c                vTaskInternalSetTimeOutState
 .text.xTaskCheckForTimeOut
                0x080022a4       0x90 ./Dave/Generated/FREERTOS/tasks.o
                0x080022a4                xTaskCheckForTimeOut
 .text.vTaskMissedYield
                0x08002334        0xc ./Dave/Generated/FREERTOS/tasks.o
                0x08002334                vTaskMissedYield
 .text.xTaskGetSchedulerState
                0x08002340       0x20 ./Dave/Generated/FREERTOS/tasks.o
                0x08002340                xTaskGetSchedulerState
 .text.xTaskPriorityDisinherit
                0x08002360       0xa0 ./Dave/Generated/FREERTOS/tasks.o
                0x08002360                xTaskPriorityDisinherit
 .text.prvCheckForValidListAndQueue
                0x08002400       0x58 ./Dave/Generated/FREERTOS/timers.o
 .text.prvInsertTimerInActiveList
                0x08002458       0x3c ./Dave/Generated/FREERTOS/timers.o
 .text.xTimerCreateTimerTask
                0x08002494       0x50 ./Dave/Generated/FREERTOS/timers.o
                0x08002494                xTimerCreateTimerTask
 .text.xTimerGenericCommand
                0x080024e4       0x58 ./Dave/Generated/FREERTOS/timers.o
                0x080024e4                xTimerGenericCommand
 .text.prvSwitchTimerLists
                0x0800253c       0x74 ./Dave/Generated/FREERTOS/timers.o
 .text.prvTimerTask
                0x080025b0      0x1c0 ./Dave/Generated/FREERTOS/timers.o
 .text.DIGITAL_IO_Init
                0x08002770       0x1c ./Dave/Generated/DIGITAL_IO/digital_io.o
                0x08002770                DIGITAL_IO_Init
 .text.SystemCoreSetup
                0x0800278c       0x78 ./Dave/Generated/CPU_CTRL_XMC4/cpu_ctrl_xmc4_conf.o
                0x0800278c                SystemCoreSetup
 .text.CLOCK_XMC4_Init
                0x08002804        0x8 ./Dave/Generated/CLOCK_XMC4/clock_xmc4.o
                0x08002804                CLOCK_XMC4_Init
 .text.OSCHP_GetFrequency
                0x0800280c        0x8 ./Dave/Generated/CLOCK_XMC4/clock_xmc4.o
                0x0800280c                OSCHP_GetFrequency
 .text.SystemCoreClockSetup
                0x08002814       0x4c ./Dave/Generated/CLOCK_XMC4/clock_xmc4_conf.o
                0x08002814                SystemCoreClockSetup
 .text.CAN_NODE_MO_Init
                0x08002860       0x46 ./Dave/Generated/CAN_NODE/can_node.o
                0x08002860                CAN_NODE_MO_Init
 .text.CAN_NODE_MO_Transmit
                0x080028a6        0x6 ./Dave/Generated/CAN_NODE/can_node.o
                0x080028a6                CAN_NODE_MO_Transmit
 .text.CAN_NODE_MO_Receive
                0x080028ac        0x6 ./Dave/Generated/CAN_NODE/can_node.o
                0x080028ac                CAN_NODE_MO_Receive
 .text.CAN_NODE_MO_UpdateData
                0x080028b2       0x12 ./Dave/Generated/CAN_NODE/can_node.o
                0x080028b2                CAN_NODE_MO_UpdateData
 .text.CAN_NODE_Init
                0x080028c4      0x130 ./Dave/Generated/CAN_NODE/can_node.o
                0x080028c4                CAN_NODE_Init
 .text.ANALOG_IO_Init
                0x080029f4       0x1a ./Dave/Generated/ANALOG_IO/analog_io.o
                0x080029f4                ANALOG_IO_Init
 *fill*         0x08002a0e        0x2 
 .text.ADC_MEASUREMENT_Init
                0x08002a10      0x148 ./Dave/Generated/ADC_MEASUREMENT/adc_measurement.o
                0x08002a10                ADC_MEASUREMENT_Init
 .text.ADC_MEASUREMENT_GetResult
                0x08002b58       0x14 ./Dave/Generated/ADC_MEASUREMENT/adc_measurement.o
                0x08002b58                ADC_MEASUREMENT_GetResult
 .text.DAVE_Init
                0x08002b6c       0x68 ./Dave/Generated/DAVE.o
                0x08002b6c                DAVE_Init
 .text.ANA_Init
                0x08002bd4      0x1e8 ./ANA_Init.o
                0x08002bd4                ANA_Init
 .text.ANA_Read
                0x08002dbc       0x5e ./ANA_Read.o
                0x08002dbc                ANA_Read
 *fill*         0x08002e1a        0x2 
 .text.Filter_Time
                0x08002e1c       0x38 ./ANA_Read.o
                0x08002e1c                Filter_Time
 .text.Task_ANA_Read
                0x08002e54       0xa0 ./ANA_Read.o
                0x08002e54                Task_ANA_Read
 .text.Average_Filter
                0x08002ef4       0x40 ./Average_Filter.o
                0x08002ef4                Average_Filter
 .text.CAN1_INIT
                0x08002f34       0x14 ./CAN_1.o
                0x08002f34                CAN1_INIT
 .text.Task_CAN_1_Transmit
                0x08002f48       0xc4 ./CAN_1.o
                0x08002f48                Task_CAN_1_Transmit
 .text.CAN2_INIT
                0x0800300c       0x14 ./CAN_2.o
                0x0800300c                CAN2_INIT
 .text.Task_CAN_2_Receive
                0x08003020       0x48 ./CAN_2.o
                0x08003020                Task_CAN_2_Receive
 .text.Task_CAN_2_Transmit
                0x08003068       0x8c ./CAN_2.o
                0x08003068                Task_CAN_2_Transmit
 *fill*         0x080030f4        0x4 
 .text.Low_Pass_Filter
                0x080030f8       0x58 ./Low_Pass_Filter.o
                0x080030f8                Low_Pass_Filter
 .text.Powercycle_Calibration
                0x08003150       0x1c ./Powercycle_Calibration.o
                0x08003150                Powercycle_Calibration
 *fill*         0x0800316c        0x4 
 .text.UnitConversion
                0x08003170      0x300 ./UnitConversion.o
                0x08003170                UnitConversion
 .text.startup.main
                0x08003470       0x88 ./main.o
                0x08003470                main
 .text          0x080034f8       0x18 c:/dave/dave-ide-4.4.2-64bit/eclipse/arm-gcc-49/bin/../lib/gcc/arm-none-eabi/4.9.3/armv7e-m/softfp\libgcc.a(_lshrdi3.o)
                0x080034f8                __lshrdi3
                0x080034f8                __aeabi_llsr
 .text          0x08003510      0x370 c:/dave/dave-ide-4.4.2-64bit/eclipse/arm-gcc-49/bin/../lib/gcc/arm-none-eabi/4.9.3/armv7e-m/softfp\libgcc.a(_arm_addsubdf3.o)
                0x08003510                __aeabi_drsub
                0x08003518                __aeabi_dsub
                0x08003518                __subdf3
                0x0800351c                __aeabi_dadd
                0x0800351c                __adddf3
                0x08003794                __floatunsidf
                0x08003794                __aeabi_ui2d
                0x080037b4                __floatsidf
                0x080037b4                __aeabi_i2d
                0x080037d8                __aeabi_f2d
                0x080037d8                __extendsfdf2
                0x08003814                __floatundidf
                0x08003814                __aeabi_ul2d
                0x08003824                __floatdidf
                0x08003824                __aeabi_l2d
 .text          0x08003880      0x424 c:/dave/dave-ide-4.4.2-64bit/eclipse/arm-gcc-49/bin/../lib/gcc/arm-none-eabi/4.9.3/armv7e-m/softfp\libgcc.a(_arm_muldivdf3.o)
                0x08003880                __aeabi_dmul
                0x08003880                __muldf3
                0x08003ad4                __divdf3
                0x08003ad4                __aeabi_ddiv
 .text          0x08003ca4       0x40 c:/dave/dave-ide-4.4.2-64bit/eclipse/arm-gcc-49/bin/../lib/gcc/arm-none-eabi/4.9.3/armv7e-m/softfp\libgcc.a(_arm_fixunsdfsi.o)
                0x08003ca4                __aeabi_d2uiz
                0x08003ca4                __fixunsdfsi
 .text          0x08003ce4       0xa0 c:/dave/dave-ide-4.4.2-64bit/eclipse/arm-gcc-49/bin/../lib/gcc/arm-none-eabi/4.9.3/armv7e-m/softfp\libgcc.a(_arm_truncdfsf2.o)
                0x08003ce4                __truncdfsf2
                0x08003ce4                __aeabi_d2f
 .text.__errno  0x08003d84        0xc c:/dave/dave-ide-4.4.2-64bit/eclipse/arm-gcc-49/bin/../lib/gcc/arm-none-eabi/4.9.3/../../../../arm-none-eabi/lib/armv7e-m/softfp\libc_nano.a(lib_a-errno.o)
                0x08003d84                __errno
 .text.__libc_init_array
                0x08003d90       0x4c c:/dave/dave-ide-4.4.2-64bit/eclipse/arm-gcc-49/bin/../lib/gcc/arm-none-eabi/4.9.3/../../../../arm-none-eabi/lib/armv7e-m/softfp\libc_nano.a(lib_a-init.o)
                0x08003d90                __libc_init_array
 .text.malloc   0x08003ddc       0x10 c:/dave/dave-ide-4.4.2-64bit/eclipse/arm-gcc-49/bin/../lib/gcc/arm-none-eabi/4.9.3/../../../../arm-none-eabi/lib/armv7e-m/softfp\libc_nano.a(lib_a-malloc.o)
                0x08003ddc                malloc
 .text.free     0x08003dec       0x10 c:/dave/dave-ide-4.4.2-64bit/eclipse/arm-gcc-49/bin/../lib/gcc/arm-none-eabi/4.9.3/../../../../arm-none-eabi/lib/armv7e-m/softfp\libc_nano.a(lib_a-malloc.o)
                0x08003dec                free
 .text.memcpy   0x08003dfc       0x16 c:/dave/dave-ide-4.4.2-64bit/eclipse/arm-gcc-49/bin/../lib/gcc/arm-none-eabi/4.9.3/../../../../arm-none-eabi/lib/armv7e-m/softfp\libc_nano.a(lib_a-memcpy.o)
                0x08003dfc                memcpy
 .text.memset   0x08003e12       0x10 c:/dave/dave-ide-4.4.2-64bit/eclipse/arm-gcc-49/bin/../lib/gcc/arm-none-eabi/4.9.3/../../../../arm-none-eabi/lib/armv7e-m/softfp\libc_nano.a(lib_a-memset.o)
                0x08003e12                memset
 *fill*         0x08003e22        0x2 
 .text._free_r  0x08003e24       0x88 c:/dave/dave-ide-4.4.2-64bit/eclipse/arm-gcc-49/bin/../lib/gcc/arm-none-eabi/4.9.3/../../../../arm-none-eabi/lib/armv7e-m/softfp\libc_nano.a(lib_a-nano-freer.o)
                0x08003e24                _free_r
 .text._malloc_r
                0x08003eac       0xac c:/dave/dave-ide-4.4.2-64bit/eclipse/arm-gcc-49/bin/../lib/gcc/arm-none-eabi/4.9.3/../../../../arm-none-eabi/lib/armv7e-m/softfp\libc_nano.a(lib_a-nano-mallocr.o)
                0x08003eac                _malloc_r
 .text._sbrk_r  0x08003f58       0x20 c:/dave/dave-ide-4.4.2-64bit/eclipse/arm-gcc-49/bin/../lib/gcc/arm-none-eabi/4.9.3/../../../../arm-none-eabi/lib/armv7e-m/softfp\libc_nano.a(lib_a-sbrkr.o)
                0x08003f58                _sbrk_r
 *(.init)
 *(.fini)
 *crtbegin.o(.ctors)
 *crtbegin?.o(.ctors)
 *(EXCLUDE_FILE(*crtend.o *crtend?.o) .ctors)
 *(SORT(.ctors.*))
 *(.ctors)
 *crtbegin.o(.dtors)
 *crtbegin?.o(.dtors)
 *(EXCLUDE_FILE(*crtend.o *crtend?.o) .dtors)
 *(SORT(.dtors.*))
 *(.dtors)
 *(.rodata .rodata.*)
 .rodata.g_xmc_vadc_group_array
                0x08003f78       0x10 ./Libraries/XMCLib/src/xmc_vadc.o
 .rodata.group_init_handle0
                0x08003f88       0x14 ./Dave/Generated/GLOBAL_ADC/global_adc_conf.o
                0x08003f88                group_init_handle0
 .rodata.group_init_handle1
                0x08003f9c       0x14 ./Dave/Generated/GLOBAL_ADC/global_adc_conf.o
                0x08003f9c                group_init_handle1
 .rodata.group_init_handle3
                0x08003fb0       0x14 ./Dave/Generated/GLOBAL_ADC/global_adc_conf.o
                0x08003fb0                group_init_handle3
 .rodata.global_config
                0x08003fc4       0x18 ./Dave/Generated/GLOBAL_ADC/global_adc_conf.o
                0x08003fc4                global_config
 .rodata.group_init_handle2
                0x08003fdc       0x14 ./Dave/Generated/GLOBAL_ADC/global_adc_conf.o
                0x08003fdc                group_init_handle2
 .rodata.str1.1
                0x08003ff0       0x14 ./Dave/Generated/FREERTOS/tasks.o
 .rodata.str1.1
                0x08004004        0xd ./Dave/Generated/FREERTOS/timers.o
 *fill*         0x08004011        0x3 
 .rodata.CAN_1_RES_CTRL
                0x08004014       0x14 ./Dave/Generated/DIGITAL_IO/digital_io_conf.o
                0x08004014                CAN_1_RES_CTRL
 .rodata.Brake_Light
                0x08004028       0x14 ./Dave/Generated/DIGITAL_IO/digital_io_conf.o
                0x08004028                Brake_Light
 .rodata.CAN_2_RES_CTRL
                0x0800403c       0x14 ./Dave/Generated/DIGITAL_IO/digital_io_conf.o
                0x0800403c                CAN_2_RES_CTRL
 .rodata        0x08004050       0x14 ./Dave/Generated/CLOCK_XMC4/clock_xmc4_conf.o
 .rodata.CAN_2_gpio_out_config
                0x08004064        0xc ./Dave/Generated/CAN_NODE/can_node_conf.o
                0x08004064                CAN_2_gpio_out_config
 .rodata.CAN_1_gpio_out_config
                0x08004070        0xc ./Dave/Generated/CAN_NODE/can_node_conf.o
                0x08004070                CAN_1_gpio_out_config
 .rodata.CAN_1_LMO_01_Config
                0x0800407c        0xc ./Dave/Generated/CAN_NODE/can_node_conf.o
                0x0800407c                CAN_1_LMO_01_Config
 .rodata.CAN_2_LMO_02_Config
                0x08004088        0xc ./Dave/Generated/CAN_NODE/can_node_conf.o
                0x08004088                CAN_2_LMO_02_Config
 .rodata.CAN_1_sr
                0x08004094        0x4 ./Dave/Generated/CAN_NODE/can_node_conf.o
                0x08004094                CAN_1_sr
 .rodata.CAN_2_sr
                0x08004098        0x4 ./Dave/Generated/CAN_NODE/can_node_conf.o
                0x08004098                CAN_2_sr
 .rodata.CAN_1  0x0800409c       0xa8 ./Dave/Generated/CAN_NODE/can_node_conf.o
                0x0800409c                CAN_1
 .rodata.CAN_1_gpio_in
                0x08004144        0x8 ./Dave/Generated/CAN_NODE/can_node_conf.o
                0x08004144                CAN_1_gpio_in
 .rodata.CAN_1_gpio_in_config
                0x0800414c        0xc ./Dave/Generated/CAN_NODE/can_node_conf.o
                0x0800414c                CAN_1_gpio_in_config
 .rodata.CAN_2_gpio_out
                0x08004158        0x8 ./Dave/Generated/CAN_NODE/can_node_conf.o
                0x08004158                CAN_2_gpio_out
 .rodata.CAN_1_gpio_out
                0x08004160        0x8 ./Dave/Generated/CAN_NODE/can_node_conf.o
                0x08004160                CAN_1_gpio_out
 .rodata.CAN_2_LMO_01_Config
                0x08004168        0xc ./Dave/Generated/CAN_NODE/can_node_conf.o
                0x08004168                CAN_2_LMO_01_Config
 .rodata.CAN_2  0x08004174       0xa8 ./Dave/Generated/CAN_NODE/can_node_conf.o
                0x08004174                CAN_2
 .rodata.CAN_2_gpio_in
                0x0800421c        0x8 ./Dave/Generated/CAN_NODE/can_node_conf.o
                0x0800421c                CAN_2_gpio_in
 .rodata.CAN_2_gpio_in_config
                0x08004224        0xc ./Dave/Generated/CAN_NODE/can_node_conf.o
                0x08004224                CAN_2_gpio_in_config
 .rodata.ANALOG_IO_10
                0x08004230       0x10 ./Dave/Generated/ANALOG_IO/analog_io_conf.o
                0x08004230                ANALOG_IO_10
 .rodata.ANALOG_IO_11
                0x08004240       0x10 ./Dave/Generated/ANALOG_IO/analog_io_conf.o
                0x08004240                ANALOG_IO_11
 .rodata.ANALOG_IO_12
                0x08004250       0x10 ./Dave/Generated/ANALOG_IO/analog_io_conf.o
                0x08004250                ANALOG_IO_12
 .rodata.ANALOG_IO_13
                0x08004260       0x10 ./Dave/Generated/ANALOG_IO/analog_io_conf.o
                0x08004260                ANALOG_IO_13
 .rodata.ANALOG_IO_14
                0x08004270       0x10 ./Dave/Generated/ANALOG_IO/analog_io_conf.o
                0x08004270                ANALOG_IO_14
 .rodata.ANALOG_IO_15
                0x08004280       0x10 ./Dave/Generated/ANALOG_IO/analog_io_conf.o
                0x08004280                ANALOG_IO_15
 .rodata.ANALOG_IO_6
                0x08004290       0x10 ./Dave/Generated/ANALOG_IO/analog_io_conf.o
                0x08004290                ANALOG_IO_6
 .rodata.ANALOG_IO_0
                0x080042a0       0x10 ./Dave/Generated/ANALOG_IO/analog_io_conf.o
                0x080042a0                ANALOG_IO_0
 .rodata.ANALOG_IO_1
                0x080042b0       0x10 ./Dave/Generated/ANALOG_IO/analog_io_conf.o
                0x080042b0                ANALOG_IO_1
 .rodata.ANALOG_IO_2
                0x080042c0       0x10 ./Dave/Generated/ANALOG_IO/analog_io_conf.o
                0x080042c0                ANALOG_IO_2
 .rodata.ANALOG_IO_3
                0x080042d0       0x10 ./Dave/Generated/ANALOG_IO/analog_io_conf.o
                0x080042d0                ANALOG_IO_3
 .rodata.ANALOG_IO_4
                0x080042e0       0x10 ./Dave/Generated/ANALOG_IO/analog_io_conf.o
                0x080042e0                ANALOG_IO_4
 .rodata.ANALOG_IO_5
                0x080042f0       0x10 ./Dave/Generated/ANALOG_IO/analog_io_conf.o
                0x080042f0                ANALOG_IO_5
 .rodata.ANALOG_IO_9
                0x08004300       0x10 ./Dave/Generated/ANALOG_IO/analog_io_conf.o
                0x08004300                ANALOG_IO_9
 .rodata.ANALOG_IO_7
                0x08004310       0x10 ./Dave/Generated/ANALOG_IO/analog_io_conf.o
                0x08004310                ANALOG_IO_7
 .rodata.ANALOG_IO_8
                0x08004320       0x10 ./Dave/Generated/ANALOG_IO/analog_io_conf.o
                0x08004320                ANALOG_IO_8
 .rodata.backgnd_config
                0x08004330        0xc ./Dave/Generated/ADC_MEASUREMENT/adc_measurement_conf.o
                0x08004330                backgnd_config
 .rodata.global_iclass_config
                0x0800433c        0x4 ./Dave/Generated/ADC_MEASUREMENT/adc_measurement_conf.o
                0x0800433c                global_iclass_config
 .rodata.str1.1
                0x08004340       0x42 ./main.o
 .rodata.str1.1
                0x08004382        0x2 c:/dave/dave-ide-4.4.2-64bit/eclipse/arm-gcc-49/bin/../lib/gcc/arm-none-eabi/4.9.3/../../../../arm-none-eabi/lib/armv7e-m/softfp\libc_nano.a(lib_a-impure.o)
 *(.gnu.linkonce.r*)
 *(vtable)
                0x08004384                . = ALIGN (0x4)

.glue_7         0x08004384        0x0 load address 0x0c004384
 .glue_7        0x00000000        0x0 linker stubs

.glue_7t        0x08004384        0x0 load address 0x0c004384
 .glue_7t       0x00000000        0x0 linker stubs

.vfp11_veneer   0x08004384        0x0 load address 0x0c004384
 .vfp11_veneer  0x00000000        0x0 linker stubs

.v4_bx          0x08004384        0x0 load address 0x0c004384
 .v4_bx         0x00000000        0x0 linker stubs

.iplt           0x08004384        0x0 load address 0x0c004384
 .iplt          0x00000000        0x0 ./Startup/startup_XMC4500.o

.rel.dyn        0x08004384        0x0 load address 0x0c004384
 .rel.iplt      0x00000000        0x0 ./Startup/startup_XMC4500.o

.eh_frame_hdr
 *(.eh_frame_hdr)

.eh_frame
 *(.eh_frame)

.ARM.extab
 *(.ARM.extab* .gnu.linkonce.armextab.*)
                0x08004384                . = ALIGN (0x4)
                0x08004384                __exidx_start = .

.ARM.exidx
 *(.ARM.exidx* .gnu.linkonce.armexidx.*)
                0x08004384                __exidx_end = .
                0x08004384                . = ALIGN (0x4)

Stack           0x10000000      0x800
                0x10000000                __stack_start = .
                0x10000800                . = (. + stack_size)
 *fill*         0x10000000      0x800 
                0x10000800                __stack_end = .
                0x10000800                __initial_sp = .

.ram_code       0x10000800        0x0 load address 0x0c004384
                0x10000800                . = ALIGN (0x4)
                0x10000800                __ram_code_start = .
 *(.ram_code)
                0x10000800                . = ALIGN (0x4)
                0x10000800                __ram_code_end = .
                0x0c004384                __ram_code_load = LOADADDR (.ram_code)
                0x00000000                __ram_code_size = (__ram_code_end - __ram_code_start)

PSRAM_DATA      0x10000800        0x0 load address 0x0c004384
                0x10000800                . = ALIGN (0x4)
                0x10000800                __data3_start = .
 *(PSRAM_DATA)
                0x10000800                . = ALIGN (0x4)
                0x10000800                __data3_end = .
                0x0c004384                __data3_load = LOADADDR (PSRAM_DATA)
                0x00000000                __data3_size = (__data3_end - __data3_start)

PSRAM_BSS       0x10000800        0x0 load address 0x0c004384
                0x10000800                . = ALIGN (0x4)
                0x10000800                __bss3_start = .
 *(PSRAM_BSS)
                0x10000800                . = ALIGN (0x4)
                0x10000800                __bss3_end = .
                0x10000800                . = ALIGN (0x8)
                0x10000800                Heap_Bank3_Start = .
                0x00000000                __bss3_size = (__bss3_end - __bss3_start)

.data           0x20000000      0x3d8 load address 0x0c004384
                0x20000000                . = ALIGN (0x4)
                0x20000000                __data_start = .
 *(.data)
 *(.data*)
 .data.TIMER_0  0x20000000       0x28 ./Dave/Generated/TIMER/timer_conf.o
                0x20000000                TIMER_0
 .data.GLOBAL_CCU4_0
                0x20000028       0x10 ./Dave/Generated/GLOBAL_CCU4/global_ccu4_conf.o
                0x20000028                GLOBAL_CCU4_0
 .data.GLOBAL_CAN_0
                0x20000038        0xc ./Dave/Generated/GLOBAL_CAN/global_can_conf.o
                0x20000038                GLOBAL_CAN_0
 .data.group_0_config
                0x20000044        0xc ./Dave/Generated/GLOBAL_ADC/global_adc_conf.o
                0x20000044                group_0_config
 .data.GLOBAL_ADC_0
                0x20000050       0x1c ./Dave/Generated/GLOBAL_ADC/global_adc_conf.o
                0x20000050                GLOBAL_ADC_0
 .data.group_1_config
                0x2000006c        0xc ./Dave/Generated/GLOBAL_ADC/global_adc_conf.o
                0x2000006c                group_1_config
 .data.group_3_config
                0x20000078        0xc ./Dave/Generated/GLOBAL_ADC/global_adc_conf.o
                0x20000078                group_3_config
 .data.group_2_config
                0x20000084        0xc ./Dave/Generated/GLOBAL_ADC/global_adc_conf.o
                0x20000084                group_2_config
 .data.uxCriticalNesting
                0x20000090        0x4 ./Dave/Generated/FREERTOS/portable/GCC/port.o
 *fill*         0x20000094        0x4 
 .data.CAN_1_LMO_01
                0x20000098       0x20 ./Dave/Generated/CAN_NODE/can_node_conf.o
                0x20000098                CAN_1_LMO_01
 .data.CAN_2_LMO_02
                0x200000b8       0x20 ./Dave/Generated/CAN_NODE/can_node_conf.o
                0x200000b8                CAN_2_LMO_02
 .data.CAN_1_BitTimeConfig
                0x200000d8        0xc ./Dave/Generated/CAN_NODE/can_node_conf.o
                0x200000d8                CAN_1_BitTimeConfig
 *fill*         0x200000e4        0x4 
 .data.CAN_2_LMO_01
                0x200000e8       0x20 ./Dave/Generated/CAN_NODE/can_node_conf.o
                0x200000e8                CAN_2_LMO_01
 .data.CAN_2_BitTimeConfig
                0x20000108        0xc ./Dave/Generated/CAN_NODE/can_node_conf.o
                0x20000108                CAN_2_BitTimeConfig
 .data.Channel_E_ch_config
                0x20000114        0xc ./Dave/Generated/ADC_MEASUREMENT/adc_measurement_conf.o
                0x20000114                Channel_E_ch_config
 .data.Channel_D_ch_config
                0x20000120        0xc ./Dave/Generated/ADC_MEASUREMENT/adc_measurement_conf.o
                0x20000120                Channel_D_ch_config
 .data.ADC_MEASUREMENT_Channel_P_handle
                0x2000012c       0x14 ./Dave/Generated/ADC_MEASUREMENT/adc_measurement_conf.o
                0x2000012c                ADC_MEASUREMENT_Channel_P_handle
 .data.Channel_H_ch_config
                0x20000140        0xc ./Dave/Generated/ADC_MEASUREMENT/adc_measurement_conf.o
                0x20000140                Channel_H_ch_config
 .data.ADC_MEASUREMENT_channel_array
                0x2000014c       0x40 ./Dave/Generated/ADC_MEASUREMENT/adc_measurement_conf.o
                0x2000014c                ADC_MEASUREMENT_channel_array
 .data.ADC_MEASUREMENT_Channel_J_handle
                0x2000018c       0x14 ./Dave/Generated/ADC_MEASUREMENT/adc_measurement_conf.o
                0x2000018c                ADC_MEASUREMENT_Channel_J_handle
 .data.Channel_K_ch_config
                0x200001a0        0xc ./Dave/Generated/ADC_MEASUREMENT/adc_measurement_conf.o
                0x200001a0                Channel_K_ch_config
 .data.Channel_A_ch_config
                0x200001ac        0xc ./Dave/Generated/ADC_MEASUREMENT/adc_measurement_conf.o
                0x200001ac                Channel_A_ch_config
 .data.Channel_N_ch_config
                0x200001b8        0xc ./Dave/Generated/ADC_MEASUREMENT/adc_measurement_conf.o
                0x200001b8                Channel_N_ch_config
 .data.ADC_MEASUREMENT_Channel_O_handle
                0x200001c4       0x14 ./Dave/Generated/ADC_MEASUREMENT/adc_measurement_conf.o
                0x200001c4                ADC_MEASUREMENT_Channel_O_handle
 .data.ADC_MEASUREMENT_Channel_D_handle
                0x200001d8       0x14 ./Dave/Generated/ADC_MEASUREMENT/adc_measurement_conf.o
                0x200001d8                ADC_MEASUREMENT_Channel_D_handle
 .data.ADC_MEASUREMENT_Channel_I_handle
                0x200001ec       0x14 ./Dave/Generated/ADC_MEASUREMENT/adc_measurement_conf.o
                0x200001ec                ADC_MEASUREMENT_Channel_I_handle
 .data.Channel_G_ch_config
                0x20000200        0xc ./Dave/Generated/ADC_MEASUREMENT/adc_measurement_conf.o
                0x20000200                Channel_G_ch_config
 .data.ADC_MEASUREMENT_Channel_N_handle
                0x2000020c       0x14 ./Dave/Generated/ADC_MEASUREMENT/adc_measurement_conf.o
                0x2000020c                ADC_MEASUREMENT_Channel_N_handle
 .data.Channel_J_ch_config
                0x20000220        0xc ./Dave/Generated/ADC_MEASUREMENT/adc_measurement_conf.o
                0x20000220                Channel_J_ch_config
 .data.ADC_MEASUREMENT_Channel_C_handle
                0x2000022c       0x14 ./Dave/Generated/ADC_MEASUREMENT/adc_measurement_conf.o
                0x2000022c                ADC_MEASUREMENT_Channel_C_handle
 .data.ADC_MEASUREMENT_Channel_E_handle
                0x20000240       0x14 ./Dave/Generated/ADC_MEASUREMENT/adc_measurement_conf.o
                0x20000240                ADC_MEASUREMENT_Channel_E_handle
 .data.Channel_M_ch_config
                0x20000254        0xc ./Dave/Generated/ADC_MEASUREMENT/adc_measurement_conf.o
                0x20000254                Channel_M_ch_config
 .data.Channel_C_ch_config
                0x20000260        0xc ./Dave/Generated/ADC_MEASUREMENT/adc_measurement_conf.o
                0x20000260                Channel_C_ch_config
 .data.Channel_P_ch_config
                0x2000026c        0xc ./Dave/Generated/ADC_MEASUREMENT/adc_measurement_conf.o
                0x2000026c                Channel_P_ch_config
 .data.ADC_MEASUREMENT_Channel_H_handle
                0x20000278       0x14 ./Dave/Generated/ADC_MEASUREMENT/adc_measurement_conf.o
                0x20000278                ADC_MEASUREMENT_Channel_H_handle
 .data.ADC_MEASUREMENT_Channel_M_handle
                0x2000028c       0x14 ./Dave/Generated/ADC_MEASUREMENT/adc_measurement_conf.o
                0x2000028c                ADC_MEASUREMENT_Channel_M_handle
 .data.Channel_L_ch_config
                0x200002a0        0xc ./Dave/Generated/ADC_MEASUREMENT/adc_measurement_conf.o
                0x200002a0                Channel_L_ch_config
 .data.ADC_MEASUREMENT_Channel_B_handle
                0x200002ac       0x14 ./Dave/Generated/ADC_MEASUREMENT/adc_measurement_conf.o
                0x200002ac                ADC_MEASUREMENT_Channel_B_handle
 .data.ADC_MEASUREMENT_0
                0x200002c0       0x1c ./Dave/Generated/ADC_MEASUREMENT/adc_measurement_conf.o
                0x200002c0                ADC_MEASUREMENT_0
 .data.Channel_F_ch_config
                0x200002dc        0xc ./Dave/Generated/ADC_MEASUREMENT/adc_measurement_conf.o
                0x200002dc                Channel_F_ch_config
 .data.ADC_MEASUREMENT_Channel_G_handle
                0x200002e8       0x14 ./Dave/Generated/ADC_MEASUREMENT/adc_measurement_conf.o
                0x200002e8                ADC_MEASUREMENT_Channel_G_handle
 .data.ADC_MEASUREMENT_Channel_A_handle
                0x200002fc       0x14 ./Dave/Generated/ADC_MEASUREMENT/adc_measurement_conf.o
                0x200002fc                ADC_MEASUREMENT_Channel_A_handle
 .data.Channel_I_ch_config
                0x20000310        0xc ./Dave/Generated/ADC_MEASUREMENT/adc_measurement_conf.o
                0x20000310                Channel_I_ch_config
 .data.ADC_MEASUREMENT_Channel_L_handle
                0x2000031c       0x14 ./Dave/Generated/ADC_MEASUREMENT/adc_measurement_conf.o
                0x2000031c                ADC_MEASUREMENT_Channel_L_handle
 .data.ADC_MEASUREMENT_Channel_F_handle
                0x20000330       0x14 ./Dave/Generated/ADC_MEASUREMENT/adc_measurement_conf.o
                0x20000330                ADC_MEASUREMENT_Channel_F_handle
 .data.ADC_MEASUREMENT_Channel_K_handle
                0x20000344       0x14 ./Dave/Generated/ADC_MEASUREMENT/adc_measurement_conf.o
                0x20000344                ADC_MEASUREMENT_Channel_K_handle
 .data.Channel_B_ch_config
                0x20000358        0xc ./Dave/Generated/ADC_MEASUREMENT/adc_measurement_conf.o
                0x20000358                Channel_B_ch_config
 .data.Channel_O_ch_config
                0x20000364        0xc ./Dave/Generated/ADC_MEASUREMENT/adc_measurement_conf.o
                0x20000364                Channel_O_ch_config
 .data.delay_for_CAN1_Transmit
                0x20000370        0x1 ./CAN_1.o
                0x20000370                delay_for_CAN1_Transmit
 .data.delay_for_CAN2_Receive
                0x20000371        0x1 ./CAN_2.o
                0x20000371                delay_for_CAN2_Receive
 .data.delay_for_CAN2_Transmit
                0x20000372        0x1 ./CAN_2.o
                0x20000372                delay_for_CAN2_Transmit
 *fill*         0x20000373        0x1 
 .data.impure_data
                0x20000374       0x60 c:/dave/dave-ide-4.4.2-64bit/eclipse/arm-gcc-49/bin/../lib/gcc/arm-none-eabi/4.9.3/../../../../arm-none-eabi/lib/armv7e-m/softfp\libc_nano.a(lib_a-impure.o)
 .data._impure_ptr
                0x200003d4        0x4 c:/dave/dave-ide-4.4.2-64bit/eclipse/arm-gcc-49/bin/../lib/gcc/arm-none-eabi/4.9.3/../../../../arm-none-eabi/lib/armv7e-m/softfp\libc_nano.a(lib_a-impure.o)
                0x200003d4                _impure_ptr
 *(*.data)
 *(.gnu.linkonce.d*)
                0x200003d8                . = ALIGN (0x4)
                0x200003d8                PROVIDE (__preinit_array_start, .)
 *(.preinit_array)
                0x200003d8                PROVIDE (__preinit_array_end, .)
                0x200003d8                . = ALIGN (0x4)
                0x200003d8                PROVIDE (__init_array_start, .)
 *(SORT(.init_array.*))
 *(.init_array)
                0x200003d8                PROVIDE (__init_array_end, .)
                0x200003d8                . = ALIGN (0x4)
                0x200003d8                PROVIDE (__fini_array_start, .)
 *(SORT(.fini_array.*))
 *(.fini_array)
                0x200003d8                PROVIDE (__fini_array_end, .)
                0x200003d8                . = ALIGN (0x4)
                0x200003d8                __data_end = .
                0x0c004384                __data_load = LOADADDR (.data)
                0x000003d8                __data_size = (__data_end - __data_start)

.igot.plt       0x200003d8        0x0 load address 0x0c00475c
 .igot.plt      0x00000000        0x0 ./Startup/startup_XMC4500.o

.bss            0x200003d8      0x4d8 load address 0x0c00475c
                0x200003d8                . = ALIGN (0x4)
                0x200003d8                __bss_start = .
 *(.bss)
 *(.bss*)
 .bss.heap_ptr.4331
                0x200003d8        0x4 ./Libraries/Newlib/syscalls.o
 .bss.TIMER_0_config
                0x200003dc        0x8 ./Dave/Generated/TIMER/timer_conf.o
                0x200003dc                TIMER_0_config
 .bss.ucMaxSysCallPriority
                0x200003e4        0x1 ./Dave/Generated/FREERTOS/portable/GCC/port.o
 *fill*         0x200003e5        0x3 
 .bss.ulMaxPRIGROUPValue
                0x200003e8        0x4 ./Dave/Generated/FREERTOS/portable/GCC/port.o
 .bss.xNumOfOverflows
                0x200003ec        0x4 ./Dave/Generated/FREERTOS/tasks.o
 .bss.pxDelayedTaskList
                0x200003f0        0x4 ./Dave/Generated/FREERTOS/tasks.o
 .bss.xSchedulerRunning
                0x200003f4        0x4 ./Dave/Generated/FREERTOS/tasks.o
 .bss.xTasksWaitingTermination
                0x200003f8       0x14 ./Dave/Generated/FREERTOS/tasks.o
 .bss.xDelayedTaskList2
                0x2000040c       0x14 ./Dave/Generated/FREERTOS/tasks.o
 .bss.uxPendedTicks
                0x20000420        0x4 ./Dave/Generated/FREERTOS/tasks.o
 .bss.pxReadyTasksLists
                0x20000424       0x64 ./Dave/Generated/FREERTOS/tasks.o
 .bss.uxSchedulerSuspended
                0x20000488        0x4 ./Dave/Generated/FREERTOS/tasks.o
 .bss.pxCurrentTCB
                0x2000048c        0x4 ./Dave/Generated/FREERTOS/tasks.o
                0x2000048c                pxCurrentTCB
 .bss.xNextTaskUnblockTime
                0x20000490        0x4 ./Dave/Generated/FREERTOS/tasks.o
 .bss.xDelayedTaskList1
                0x20000494       0x14 ./Dave/Generated/FREERTOS/tasks.o
 .bss.xTickCount
                0x200004a8        0x4 ./Dave/Generated/FREERTOS/tasks.o
 .bss.pxOverflowDelayedTaskList
                0x200004ac        0x4 ./Dave/Generated/FREERTOS/tasks.o
 .bss.xPendingReadyList
                0x200004b0       0x14 ./Dave/Generated/FREERTOS/tasks.o
 .bss.uxTaskNumber
                0x200004c4        0x4 ./Dave/Generated/FREERTOS/tasks.o
 .bss.uxCurrentNumberOfTasks
                0x200004c8        0x4 ./Dave/Generated/FREERTOS/tasks.o
 .bss.uxDeletedTasksWaitingCleanUp
                0x200004cc        0x4 ./Dave/Generated/FREERTOS/tasks.o
 .bss.xIdleTaskHandle
                0x200004d0        0x4 ./Dave/Generated/FREERTOS/tasks.o
 .bss.xSuspendedTaskList
                0x200004d4       0x14 ./Dave/Generated/FREERTOS/tasks.o
 .bss.uxTopReadyPriority
                0x200004e8        0x4 ./Dave/Generated/FREERTOS/tasks.o
 .bss.xYieldPending
                0x200004ec        0x4 ./Dave/Generated/FREERTOS/tasks.o
 .bss.pxCurrentTimerList
                0x200004f0        0x4 ./Dave/Generated/FREERTOS/timers.o
 .bss.xActiveTimerList1
                0x200004f4       0x14 ./Dave/Generated/FREERTOS/timers.o
 .bss.xActiveTimerList2
                0x20000508       0x14 ./Dave/Generated/FREERTOS/timers.o
 .bss.xLastTime.7744
                0x2000051c        0x4 ./Dave/Generated/FREERTOS/timers.o
 .bss.xTimerQueue
                0x20000520        0x4 ./Dave/Generated/FREERTOS/timers.o
 .bss.pxOverflowTimerList
                0x20000524        0x4 ./Dave/Generated/FREERTOS/timers.o
 .bss.xTimerTaskHandle
                0x20000528        0x4 ./Dave/Generated/FREERTOS/timers.o
 .bss.CLOCK_XMC4_0
                0x2000052c        0x1 ./Dave/Generated/CLOCK_XMC4/clock_xmc4_conf.o
                0x2000052c                CLOCK_XMC4_0
 .bss.ANALOG_IO_6_state
                0x2000052d        0x1 ./Dave/Generated/ANALOG_IO/analog_io_conf.o
 .bss.ANALOG_IO_2_state
                0x2000052e        0x1 ./Dave/Generated/ANALOG_IO/analog_io_conf.o
 .bss.ANALOG_IO_13_state
                0x2000052f        0x1 ./Dave/Generated/ANALOG_IO/analog_io_conf.o
 .bss.ANALOG_IO_7_state
                0x20000530        0x1 ./Dave/Generated/ANALOG_IO/analog_io_conf.o
 .bss.ANALOG_IO_3_state
                0x20000531        0x1 ./Dave/Generated/ANALOG_IO/analog_io_conf.o
 .bss.ANALOG_IO_9_state
                0x20000532        0x1 ./Dave/Generated/ANALOG_IO/analog_io_conf.o
 .bss.ANALOG_IO_14_state
                0x20000533        0x1 ./Dave/Generated/ANALOG_IO/analog_io_conf.o
 .bss.ANALOG_IO_10_state
                0x20000534        0x1 ./Dave/Generated/ANALOG_IO/analog_io_conf.o
 .bss.ANALOG_IO_8_state
                0x20000535        0x1 ./Dave/Generated/ANALOG_IO/analog_io_conf.o
 .bss.ANALOG_IO_4_state
                0x20000536        0x1 ./Dave/Generated/ANALOG_IO/analog_io_conf.o
 .bss.ANALOG_IO_0_state
                0x20000537        0x1 ./Dave/Generated/ANALOG_IO/analog_io_conf.o
 .bss.ANALOG_IO_15_state
                0x20000538        0x1 ./Dave/Generated/ANALOG_IO/analog_io_conf.o
 .bss.ANALOG_IO_11_state
                0x20000539        0x1 ./Dave/Generated/ANALOG_IO/analog_io_conf.o
 .bss.ANALOG_IO_5_state
                0x2000053a        0x1 ./Dave/Generated/ANALOG_IO/analog_io_conf.o
 .bss.ANALOG_IO_1_state
                0x2000053b        0x1 ./Dave/Generated/ANALOG_IO/analog_io_conf.o
 .bss.ANALOG_IO_12_state
                0x2000053c        0x1 ./Dave/Generated/ANALOG_IO/analog_io_conf.o
 *fill*         0x2000053d        0x3 
 .bss.Channel_K_res_config
                0x20000540        0x4 ./Dave/Generated/ADC_MEASUREMENT/adc_measurement_conf.o
                0x20000540                Channel_K_res_config
 .bss.Channel_I_res_config
                0x20000544        0x4 ./Dave/Generated/ADC_MEASUREMENT/adc_measurement_conf.o
                0x20000544                Channel_I_res_config
 .bss.Channel_B_res_config
                0x20000548        0x4 ./Dave/Generated/ADC_MEASUREMENT/adc_measurement_conf.o
                0x20000548                Channel_B_res_config
 .bss.Channel_G_res_config
                0x2000054c        0x4 ./Dave/Generated/ADC_MEASUREMENT/adc_measurement_conf.o
                0x2000054c                Channel_G_res_config
 .bss.Channel_P_res_config
                0x20000550        0x4 ./Dave/Generated/ADC_MEASUREMENT/adc_measurement_conf.o
                0x20000550                Channel_P_res_config
 .bss.Channel_N_res_config
                0x20000554        0x4 ./Dave/Generated/ADC_MEASUREMENT/adc_measurement_conf.o
                0x20000554                Channel_N_res_config
 .bss.Channel_E_res_config
                0x20000558        0x4 ./Dave/Generated/ADC_MEASUREMENT/adc_measurement_conf.o
                0x20000558                Channel_E_res_config
 .bss.Channel_C_res_config
                0x2000055c        0x4 ./Dave/Generated/ADC_MEASUREMENT/adc_measurement_conf.o
                0x2000055c                Channel_C_res_config
 .bss.Channel_L_res_config
                0x20000560        0x4 ./Dave/Generated/ADC_MEASUREMENT/adc_measurement_conf.o
                0x20000560                Channel_L_res_config
 .bss.Channel_A_res_config
                0x20000564        0x4 ./Dave/Generated/ADC_MEASUREMENT/adc_measurement_conf.o
                0x20000564                Channel_A_res_config
 .bss.Channel_J_res_config
                0x20000568        0x4 ./Dave/Generated/ADC_MEASUREMENT/adc_measurement_conf.o
                0x20000568                Channel_J_res_config
 .bss.Channel_H_res_config
                0x2000056c        0x4 ./Dave/Generated/ADC_MEASUREMENT/adc_measurement_conf.o
                0x2000056c                Channel_H_res_config
 .bss.Channel_M_res_config
                0x20000570        0x4 ./Dave/Generated/ADC_MEASUREMENT/adc_measurement_conf.o
                0x20000570                Channel_M_res_config
 .bss.Channel_F_res_config
                0x20000574        0x4 ./Dave/Generated/ADC_MEASUREMENT/adc_measurement_conf.o
                0x20000574                Channel_F_res_config
 .bss.Channel_O_res_config
                0x20000578        0x4 ./Dave/Generated/ADC_MEASUREMENT/adc_measurement_conf.o
                0x20000578                Channel_O_res_config
 .bss.Channel_D_res_config
                0x2000057c        0x4 ./Dave/Generated/ADC_MEASUREMENT/adc_measurement_conf.o
                0x2000057c                Channel_D_res_config
 .bss.CAN1_data_Tx_LM01
                0x20000580        0x8 ./CAN_1.o
                0x20000580                CAN1_data_Tx_LM01
 .bss.CAN2_data_Tx_LM01
                0x20000588        0x8 ./CAN_2.o
                0x20000588                CAN2_data_Tx_LM01
 .bss.__malloc_sbrk_start
                0x20000590        0x4 c:/dave/dave-ide-4.4.2-64bit/eclipse/arm-gcc-49/bin/../lib/gcc/arm-none-eabi/4.9.3/../../../../arm-none-eabi/lib/armv7e-m/softfp\libc_nano.a(lib_a-nano-mallocr.o)
                0x20000590                __malloc_sbrk_start
 .bss.__malloc_free_list
                0x20000594        0x4 c:/dave/dave-ide-4.4.2-64bit/eclipse/arm-gcc-49/bin/../lib/gcc/arm-none-eabi/4.9.3/../../../../arm-none-eabi/lib/armv7e-m/softfp\libc_nano.a(lib_a-nano-mallocr.o)
                0x20000594                __malloc_free_list
 *(COMMON)
 COMMON         0x20000598       0x40 ./Dave/Generated/FREERTOS/queue.o
                0x20000598                xQueueRegistry
 COMMON         0x200005d8      0x2c4 ./ANA_Init.o
                0x200005d8                f_LC_RL
                0x20000604                x_RH_RR
                0x20000630                x_RH_RL
                0x2000065c                x_DP_RR
                0x20000688                T_Board
                0x200006b4                p_Pneu
                0x200006e0                f_LC_RR
                0x2000070c                p_Oil
                0x20000738                u_OUT1_Meas
                0x20000764                time
                0x20000768                u_5V_ANA_Meas
                0x20000794                NTC1
                0x200007c0                T_Oil
                0x200007ec                u_12V_Meas
                0x20000818                T_Water
                0x20000844                x_DP_RL
                0x20000870                u_OUT2_Meas
 COMMON         0x2000089c        0xb ./ANA_Read.o
                0x2000089c                Buffer_Average_Filter
                0x200008a6                i_Buffer_average
 *fill*         0x200008a7        0x1 
 COMMON         0x200008a8        0x4 c:/dave/dave-ide-4.4.2-64bit/eclipse/arm-gcc-49/bin/../lib/gcc/arm-none-eabi/4.9.3/../../../../arm-none-eabi/lib/armv7e-m/softfp\libc_nano.a(lib_a-reent.o)
                0x200008a8                errno
 *(.gnu.linkonce.b*)
                0x200008ac                . = ALIGN (0x4)
                0x200008ac                __bss_end = .
                0x200008b0                . = ALIGN (0x8)
 *fill*         0x200008ac        0x4 
                0x200008b0                Heap_Bank1_Start = .
                0x000004d4                __bss_size = (__bss_end - __bss_start)

.no_init        0x2000ffc0       0x14
                0x2000ffc0                Heap_Bank1_End = .
 *(.no_init)
 .no_init       0x2000ffc0       0x14 ./Startup/system_XMC4500.o
                0x2000ffc0                SystemCoreClock
                0x2000ffc4                g_chipid

DSRAM2_DATA     0x30000000        0x0 load address 0x0c00475c
                0x30000000                . = ALIGN (0x4)
                0x30000000                __data2_start = .
 *(DSRAM2_DATA)
                0x30000000                . = ALIGN (0x4)
                0x30000000                __data2_end = .
                0x0c00475c                __data2_load = LOADADDR (DSRAM2_DATA)
                0x00000000                __data2_size = (__data2_end - __data2_start)
                0x0000475c                __text_size = (((((__exidx_end - sText) + __data_size) + __ram_code_size) + __data2_size) + __data3_size)
                0x0800475c                eText = (sText + __text_size)

DSRAM2_BSS      0x30000000        0x0 load address 0x0c00475c
                0x30000000                . = ALIGN (0x4)
                0x30000000                __bss2_start = .
 *(ETH_RAM)
 *(USB_RAM)
 *(DSRAM2_BSS)
                0x30000000                . = ALIGN (0x4)
                0x30000000                __bss2_end = .
                0x30000000                . = ALIGN (0x8)
                0x30000000                Heap_Bank2_Start = .
                0x00000000                __bss2_size = (__bss2_end - __bss2_start)
                0x0000f710                Heap_Bank1_Size = (Heap_Bank1_End - Heap_Bank1_Start)
                0x00008000                Heap_Bank2_Size = (0x8000 - (Heap_Bank2_Start - ORIGIN (DSRAM_2_comm)))
                0x0000f800                Heap_Bank3_Size = (0x10000 - (Heap_Bank3_Start - ORIGIN (PSRAM_1)))
                0x00000001                ASSERT ((Heap_Bank1_Start <= Heap_Bank1_End), region SRAM_combined overflowed no_init section)

/DISCARD/
 *(.comment)

.stab
 *(.stab)

.stabstr
 *(.stabstr)

.debug
 *(.debug)

.line
 *(.line)

.debug_srcinfo
 *(.debug_srcinfo)

.debug_sfnames
 *(.debug_sfnames)

.debug_aranges
 *(.debug_aranges)

.debug_pubnames
 *(.debug_pubnames)

.debug_pubtypes
 *(.debug_pubtypes)

.debug_info
 *(.debug_info .gnu.linkonce.wi.*)

.debug_abbrev
 *(.debug_abbrev)

.debug_line
 *(.debug_line)

.debug_frame    0x00000000      0x1a4
 *(.debug_frame)
 .debug_frame   0x00000000       0x20 c:/dave/dave-ide-4.4.2-64bit/eclipse/arm-gcc-49/bin/../lib/gcc/arm-none-eabi/4.9.3/../../../../arm-none-eabi/lib/armv7e-m/softfp\libc_nano.a(lib_a-errno.o)
 .debug_frame   0x00000020       0x2c c:/dave/dave-ide-4.4.2-64bit/eclipse/arm-gcc-49/bin/../lib/gcc/arm-none-eabi/4.9.3/../../../../arm-none-eabi/lib/armv7e-m/softfp\libc_nano.a(lib_a-init.o)
 .debug_frame   0x0000004c       0x30 c:/dave/dave-ide-4.4.2-64bit/eclipse/arm-gcc-49/bin/../lib/gcc/arm-none-eabi/4.9.3/../../../../arm-none-eabi/lib/armv7e-m/softfp\libc_nano.a(lib_a-malloc.o)
 .debug_frame   0x0000007c       0x28 c:/dave/dave-ide-4.4.2-64bit/eclipse/arm-gcc-49/bin/../lib/gcc/arm-none-eabi/4.9.3/../../../../arm-none-eabi/lib/armv7e-m/softfp\libc_nano.a(lib_a-memcpy.o)
 .debug_frame   0x000000a4       0x20 c:/dave/dave-ide-4.4.2-64bit/eclipse/arm-gcc-49/bin/../lib/gcc/arm-none-eabi/4.9.3/../../../../arm-none-eabi/lib/armv7e-m/softfp\libc_nano.a(lib_a-memset.o)
 .debug_frame   0x000000c4       0x2c c:/dave/dave-ide-4.4.2-64bit/eclipse/arm-gcc-49/bin/../lib/gcc/arm-none-eabi/4.9.3/../../../../arm-none-eabi/lib/armv7e-m/softfp\libc_nano.a(lib_a-nano-freer.o)
 .debug_frame   0x000000f0       0x2c c:/dave/dave-ide-4.4.2-64bit/eclipse/arm-gcc-49/bin/../lib/gcc/arm-none-eabi/4.9.3/../../../../arm-none-eabi/lib/armv7e-m/softfp\libc_nano.a(lib_a-nano-mallocr.o)
 .debug_frame   0x0000011c       0x2c c:/dave/dave-ide-4.4.2-64bit/eclipse/arm-gcc-49/bin/../lib/gcc/arm-none-eabi/4.9.3/../../../../arm-none-eabi/lib/armv7e-m/softfp\libc_nano.a(lib_a-sbrkr.o)
 .debug_frame   0x00000148       0x5c c:/dave/dave-ide-4.4.2-64bit/eclipse/arm-gcc-49/bin/../lib/gcc/arm-none-eabi/4.9.3/../../../../arm-none-eabi/lib/armv7e-m/softfp\libc_nano.a(lib_a-reent.o)

.debug_str
 *(.debug_str)

.debug_loc
 *(.debug_loc)

.debug_macinfo
 *(.debug_macinfo)

.debug_ranges
 *(.debug_ranges)

.debug_weaknames
 *(.debug_weaknames)

.debug_funcnames
 *(.debug_funcnames)

.debug_typenames
 *(.debug_typenames)

.debug_varnames
 *(.debug_varnames)

.build_attributes
                0x00000000      0xc00
 *(.ARM.attributes)
 .ARM.attributes
                0x00000000       0x25 ./Startup/startup_XMC4500.o
 .ARM.attributes
                0x00000025       0x37 ./Startup/system_XMC4500.o
 .ARM.attributes
                0x0000005c       0x37 ./Libraries/XMCLib/src/xmc4_gpio.o
 .ARM.attributes
                0x00000093       0x37 ./Libraries/XMCLib/src/xmc4_scu.o
 .ARM.attributes
                0x000000ca       0x37 ./Libraries/XMCLib/src/xmc_can.o
 .ARM.attributes
                0x00000101       0x37 ./Libraries/XMCLib/src/xmc_ccu4.o
 .ARM.attributes
                0x00000138       0x37 ./Libraries/XMCLib/src/xmc_gpio.o
 .ARM.attributes
                0x0000016f       0x37 ./Libraries/XMCLib/src/xmc_vadc.o
 .ARM.attributes
                0x000001a6       0x37 ./Libraries/Newlib/syscalls.o
 .ARM.attributes
                0x000001dd       0x37 ./Dave/Generated/TIMER/timer.o
 .ARM.attributes
                0x00000214       0x37 ./Dave/Generated/TIMER/timer_conf.o
 .ARM.attributes
                0x0000024b       0x37 ./Dave/Generated/GLOBAL_CCU4/global_ccu4.o
 .ARM.attributes
                0x00000282       0x37 ./Dave/Generated/GLOBAL_CCU4/global_ccu4_conf.o
 .ARM.attributes
                0x000002b9       0x37 ./Dave/Generated/GLOBAL_CAN/global_can.o
 .ARM.attributes
                0x000002f0       0x37 ./Dave/Generated/GLOBAL_CAN/global_can_conf.o
 .ARM.attributes
                0x00000327       0x37 ./Dave/Generated/GLOBAL_ADC/global_adc.o
 .ARM.attributes
                0x0000035e       0x37 ./Dave/Generated/GLOBAL_ADC/global_adc_conf.o
 .ARM.attributes
                0x00000395       0x37 ./Dave/Generated/FREERTOS/portable/GCC/port.o
 .ARM.attributes
                0x000003cc       0x37 ./Dave/Generated/FREERTOS/heap.o
 .ARM.attributes
                0x00000403       0x37 ./Dave/Generated/FREERTOS/list.o
 .ARM.attributes
                0x0000043a       0x37 ./Dave/Generated/FREERTOS/queue.o
 .ARM.attributes
                0x00000471       0x37 ./Dave/Generated/FREERTOS/tasks.o
 .ARM.attributes
                0x000004a8       0x37 ./Dave/Generated/FREERTOS/timers.o
 .ARM.attributes
                0x000004df       0x37 ./Dave/Generated/DIGITAL_IO/digital_io.o
 .ARM.attributes
                0x00000516       0x37 ./Dave/Generated/DIGITAL_IO/digital_io_conf.o
 .ARM.attributes
                0x0000054d       0x37 ./Dave/Generated/CPU_CTRL_XMC4/cpu_ctrl_xmc4_conf.o
 .ARM.attributes
                0x00000584       0x37 ./Dave/Generated/CLOCK_XMC4/clock_xmc4.o
 .ARM.attributes
                0x000005bb       0x37 ./Dave/Generated/CLOCK_XMC4/clock_xmc4_conf.o
 .ARM.attributes
                0x000005f2       0x37 ./Dave/Generated/CAN_NODE/can_node.o
 .ARM.attributes
                0x00000629       0x37 ./Dave/Generated/CAN_NODE/can_node_conf.o
 .ARM.attributes
                0x00000660       0x37 ./Dave/Generated/ANALOG_IO/analog_io.o
 .ARM.attributes
                0x00000697       0x37 ./Dave/Generated/ANALOG_IO/analog_io_conf.o
 .ARM.attributes
                0x000006ce       0x37 ./Dave/Generated/ADC_MEASUREMENT/adc_measurement.o
 .ARM.attributes
                0x00000705       0x37 ./Dave/Generated/ADC_MEASUREMENT/adc_measurement_conf.o
 .ARM.attributes
                0x0000073c       0x37 ./Dave/Generated/DAVE.o
 .ARM.attributes
                0x00000773       0x37 ./ANA_Init.o
 .ARM.attributes
                0x000007aa       0x37 ./ANA_Read.o
 .ARM.attributes
                0x000007e1       0x37 ./Average_Filter.o
 .ARM.attributes
                0x00000818       0x37 ./CAN_1.o
 .ARM.attributes
                0x0000084f       0x37 ./CAN_2.o
 .ARM.attributes
                0x00000886       0x37 ./Low_Pass_Filter.o
 .ARM.attributes
                0x000008bd       0x37 ./Powercycle_Calibration.o
 .ARM.attributes
                0x000008f4       0x37 ./UnitConversion.o
 .ARM.attributes
                0x0000092b       0x37 ./main.o
 .ARM.attributes
                0x00000962       0x22 c:/dave/dave-ide-4.4.2-64bit/eclipse/arm-gcc-49/bin/../lib/gcc/arm-none-eabi/4.9.3/armv7e-m/softfp\libgcc.a(_lshrdi3.o)
 .ARM.attributes
                0x00000984       0x22 c:/dave/dave-ide-4.4.2-64bit/eclipse/arm-gcc-49/bin/../lib/gcc/arm-none-eabi/4.9.3/armv7e-m/softfp\libgcc.a(_arm_addsubdf3.o)
 .ARM.attributes
                0x000009a6       0x22 c:/dave/dave-ide-4.4.2-64bit/eclipse/arm-gcc-49/bin/../lib/gcc/arm-none-eabi/4.9.3/armv7e-m/softfp\libgcc.a(_arm_muldivdf3.o)
 .ARM.attributes
                0x000009c8       0x22 c:/dave/dave-ide-4.4.2-64bit/eclipse/arm-gcc-49/bin/../lib/gcc/arm-none-eabi/4.9.3/armv7e-m/softfp\libgcc.a(_arm_fixunsdfsi.o)
 .ARM.attributes
                0x000009ea       0x22 c:/dave/dave-ide-4.4.2-64bit/eclipse/arm-gcc-49/bin/../lib/gcc/arm-none-eabi/4.9.3/armv7e-m/softfp\libgcc.a(_arm_truncdfsf2.o)
 .ARM.attributes
                0x00000a0c       0x32 c:/dave/dave-ide-4.4.2-64bit/eclipse/arm-gcc-49/bin/../lib/gcc/arm-none-eabi/4.9.3/../../../../arm-none-eabi/lib/armv7e-m/softfp\libc_nano.a(lib_a-errno.o)
 .ARM.attributes
                0x00000a3e       0x32 c:/dave/dave-ide-4.4.2-64bit/eclipse/arm-gcc-49/bin/../lib/gcc/arm-none-eabi/4.9.3/../../../../arm-none-eabi/lib/armv7e-m/softfp\libc_nano.a(lib_a-impure.o)
 .ARM.attributes
                0x00000a70       0x32 c:/dave/dave-ide-4.4.2-64bit/eclipse/arm-gcc-49/bin/../lib/gcc/arm-none-eabi/4.9.3/../../../../arm-none-eabi/lib/armv7e-m/softfp\libc_nano.a(lib_a-init.o)
 .ARM.attributes
                0x00000aa2       0x32 c:/dave/dave-ide-4.4.2-64bit/eclipse/arm-gcc-49/bin/../lib/gcc/arm-none-eabi/4.9.3/../../../../arm-none-eabi/lib/armv7e-m/softfp\libc_nano.a(lib_a-malloc.o)
 .ARM.attributes
                0x00000ad4       0x32 c:/dave/dave-ide-4.4.2-64bit/eclipse/arm-gcc-49/bin/../lib/gcc/arm-none-eabi/4.9.3/../../../../arm-none-eabi/lib/armv7e-m/softfp\libc_nano.a(lib_a-memcpy.o)
 .ARM.attributes
                0x00000b06       0x32 c:/dave/dave-ide-4.4.2-64bit/eclipse/arm-gcc-49/bin/../lib/gcc/arm-none-eabi/4.9.3/../../../../arm-none-eabi/lib/armv7e-m/softfp\libc_nano.a(lib_a-memset.o)
 .ARM.attributes
                0x00000b38       0x32 c:/dave/dave-ide-4.4.2-64bit/eclipse/arm-gcc-49/bin/../lib/gcc/arm-none-eabi/4.9.3/../../../../arm-none-eabi/lib/armv7e-m/softfp\libc_nano.a(lib_a-nano-freer.o)
 .ARM.attributes
                0x00000b6a       0x32 c:/dave/dave-ide-4.4.2-64bit/eclipse/arm-gcc-49/bin/../lib/gcc/arm-none-eabi/4.9.3/../../../../arm-none-eabi/lib/armv7e-m/softfp\libc_nano.a(lib_a-nano-mallocr.o)
 .ARM.attributes
                0x00000b9c       0x32 c:/dave/dave-ide-4.4.2-64bit/eclipse/arm-gcc-49/bin/../lib/gcc/arm-none-eabi/4.9.3/../../../../arm-none-eabi/lib/armv7e-m/softfp\libc_nano.a(lib_a-sbrkr.o)
 .ARM.attributes
                0x00000bce       0x32 c:/dave/dave-ide-4.4.2-64bit/eclipse/arm-gcc-49/bin/../lib/gcc/arm-none-eabi/4.9.3/../../../../arm-none-eabi/lib/armv7e-m/softfp\libc_nano.a(lib_a-reent.o)
OUTPUT(CAN_Modul_keckvale_AH.elf elf32-littlearm)
