Component: ARM Compiler 6.16 Tool: armlink [5dfeaa00]

==============================================================================

Section Cross References

    analog_management.o(.text.Analog_init) refers to analog_management.o(.bss..L_MergedGlobals) for .L_MergedGlobals
    analog_management.o(.text.Analog_init) refers to analog_management.o(.bss.Filter_Buffer) for Filter_Buffer
    analog_management.o(.text.Analog_init) refers to stm32f4xx_hal_gpio.o(.text.HAL_GPIO_Init) for HAL_GPIO_Init
    analog_management.o(.text.Analog_init) refers to analog_management.o(.bss.Analog_init.hdma_adc) for Analog_init.hdma_adc
    analog_management.o(.text.Analog_init) refers to stm32f4xx_hal_dma.o(.text.HAL_DMA_Init) for HAL_DMA_Init
    analog_management.o(.text.Analog_init) refers to stm32f4xx_hal_cortex.o(.text.HAL_NVIC_SetPriority) for HAL_NVIC_SetPriority
    analog_management.o(.text.Analog_init) refers to stm32f4xx_hal_cortex.o(.text.HAL_NVIC_EnableIRQ) for HAL_NVIC_EnableIRQ
    analog_management.o(.text.Analog_init) refers to stm32f4xx_hal_adc.o(.text.HAL_ADC_Init) for HAL_ADC_Init
    analog_management.o(.text.Analog_init) refers to main.o(.text.Error_Handler) for Error_Handler
    analog_management.o(.text.Analog_init) refers to stm32f4xx_hal_adc.o(.text.HAL_ADC_ConfigChannel) for HAL_ADC_ConfigChannel
    analog_management.o(.text.Analog_init) refers to stm32f4xx_hal_adc.o(.text.HAL_ADC_Start_DMA) for HAL_ADC_Start_DMA
    analog_management.o(.text.Analog_init) refers to led_management.o(.bss..L_MergedGlobals) for id_Task_LED01
    analog_management.o(.text.Analog_init) refers to rtx_thread.o(.text.osThreadFlagsSet) for osThreadFlagsSet
    analog_management.o(.ARM.exidx.text.Analog_init) refers to analog_management.o(.text.Analog_init) for [Anonymous Symbol]
    analog_management.o(.text.HAL_ADC_MspDeInit) refers to analog_management.o(.bss..L_MergedGlobals) for .L_MergedGlobals
    analog_management.o(.text.HAL_ADC_MspDeInit) refers to stm32f4xx_hal_gpio.o(.text.HAL_GPIO_DeInit) for HAL_GPIO_DeInit
    analog_management.o(.text.HAL_ADC_MspDeInit) refers to analog_management.o(.bss.HAL_ADC_MspDeInit.hdma_adc) for HAL_ADC_MspDeInit.hdma_adc
    analog_management.o(.text.HAL_ADC_MspDeInit) refers to stm32f4xx_hal_dma.o(.text.HAL_DMA_DeInit) for HAL_DMA_DeInit
    analog_management.o(.text.HAL_ADC_MspDeInit) refers to stm32f4xx_hal_cortex.o(.text.HAL_NVIC_DisableIRQ) for HAL_NVIC_DisableIRQ
    analog_management.o(.ARM.exidx.text.HAL_ADC_MspDeInit) refers to analog_management.o(.text.HAL_ADC_MspDeInit) for [Anonymous Symbol]
    analog_management.o(.text.DMA2_Stream0_IRQHandler) refers to analog_management.o(.bss..L_MergedGlobals) for .L_MergedGlobals
    analog_management.o(.text.DMA2_Stream0_IRQHandler) refers to stm32f4xx_hal_dma.o(.text.HAL_DMA_IRQHandler) for HAL_DMA_IRQHandler
    analog_management.o(.ARM.exidx.text.DMA2_Stream0_IRQHandler) refers to analog_management.o(.text.DMA2_Stream0_IRQHandler) for [Anonymous Symbol]
    analog_management.o(.ARM.exidx.text.mV_conversion) refers to analog_management.o(.text.mV_conversion) for [Anonymous Symbol]
    analog_management.o(.ARM.exidx.text.real_conversion) refers to analog_management.o(.text.real_conversion) for [Anonymous Symbol]
    analog_management.o(.text.ADC_factor) refers to analog_management.o(.bss..L_MergedGlobals) for .L_MergedGlobals
    analog_management.o(.ARM.exidx.text.ADC_factor) refers to analog_management.o(.text.ADC_factor) for [Anonymous Symbol]
    analog_management.o(.text.TASK_Filtering) refers to analog_management.o(.bss..L_MergedGlobals) for .L_MergedGlobals
    analog_management.o(.text.TASK_Filtering) refers to analog_management.o(.bss.Filter_Buffer) for Filter_Buffer
    analog_management.o(.text.TASK_Filtering) refers to rtx_thread.o(.text.osThreadFlagsWait) for osThreadFlagsWait
    analog_management.o(.text.TASK_Filtering) refers to rtx_thread.o(.text.osThreadFlagsClear) for osThreadFlagsClear
    analog_management.o(.ARM.exidx.text.TASK_Filtering) refers to analog_management.o(.text.TASK_Filtering) for [Anonymous Symbol]
    can_ll_management.o(.text.CAN_Config) refers to can_tx.o(.text.CAN_TX_def) for CAN_TX_def
    can_ll_management.o(.text.CAN_Config) refers to can_rx.o(.text.CAN_RX_def) for CAN_RX_def
    can_ll_management.o(.text.CAN_Config) refers to can_ll_management.o(.bss..L_MergedGlobals.1) for .L_MergedGlobals.1
    can_ll_management.o(.text.CAN_Config) refers to rt_memclr_w.o(.text) for __aeabi_memclr4
    can_ll_management.o(.text.CAN_Config) refers to can_ll_management.o(.bss.CAN2_BusInfo) for CAN2_BusInfo
    can_ll_management.o(.text.CAN_Config) refers to stm32f4xx_hal_gpio.o(.text.HAL_GPIO_Init) for HAL_GPIO_Init
    can_ll_management.o(.text.CAN_Config) refers to can_ll_management.o(.bss..L_MergedGlobals) for .L_MergedGlobals
    can_ll_management.o(.text.CAN_Config) refers to stm32f4xx_hal_can.o(.text.HAL_CAN_Init) for HAL_CAN_Init
[...]
    svcRtxThreadFlagsWait                    0x08005839   Thumb Code    76  rtx_thread.o(.text.svcRtxThreadFlagsWait)
    [Anonymous Symbol]                       0x08005838   Section        0  rtx_thread.o(.text.svcRtxThreadFlagsWait)
    __arm_cp.62_0                            0x08005880   Number         4  rtx_thread.o(.text.svcRtxThreadFlagsWait)
    svcRtxThreadNew                          0x08005885   Thumb Code   464  rtx_thread.o(.text.svcRtxThreadNew)
    [Anonymous Symbol]                       0x08005884   Section        0  rtx_thread.o(.text.svcRtxThreadNew)
    __arm_cp.17_0                            0x08005a40   Number         4  rtx_thread.o(.text.svcRtxThreadNew)
    __arm_cp.17_1                            0x08005a44   Number         4  rtx_thread.o(.text.svcRtxThreadNew)
    __arm_cp.17_2                            0x08005a48   Number         4  rtx_thread.o(.text.svcRtxThreadNew)
    __arm_cp.17_3                            0x08005a4c   Number         4  rtx_thread.o(.text.svcRtxThreadNew)
    __arm_cp.17_4                            0x08005a50   Number         4  rtx_thread.o(.text.svcRtxThreadNew)
    svcRtxThreadSetPriority                  0x08005a55   Thumb Code    76  rtx_thread.o(.text.svcRtxThreadSetPriority)
    [Anonymous Symbol]                       0x08005a54   Section        0  rtx_thread.o(.text.svcRtxThreadSetPriority)
    $v0                                      0x08005aa0   Number         0  fpinit.o(x$fpl$fpinit)
    x$fpl$fpinit                             0x08005aa0   Section       26  fpinit.o(x$fpl$fpinit)
    __tagsym$$used.4                         0x08005abc   Number         0  rtx_lib.o(.rodata)
    __tagsym$$used.5                         0x08005b24   Number         0  rtx_lib.o(.rodata)
    DMA_CalcBaseAndBitshift.flagBitshiftOffset 0x08005b74   Data           8  stm32f4xx_hal_dma.o(.rodata.cst8)
    [Anonymous Symbol]                       0x08005b74   Section        0  stm32f4xx_hal_dma.o(.rodata.cst8)
    os_idle_thread_attr                      0x08005b80   Data          36  rtx_lib.o(.rodata.os_idle_thread_attr)
    [Anonymous Symbol]                       0x08005b80   Section        0  rtx_lib.o(.rodata.os_idle_thread_attr)
    os_timer_mq_attr                         0x08005ba4   Data          24  rtx_lib.o(.rodata.os_timer_mq_attr)
    [Anonymous Symbol]                       0x08005ba4   Section        0  rtx_lib.o(.rodata.os_timer_mq_attr)
    os_timer_thread_attr                     0x08005bbc   Data          36  rtx_lib.o(.rodata.os_timer_thread_attr)
    [Anonymous Symbol]                       0x08005bbc   Section        0  rtx_lib.o(.rodata.os_timer_thread_attr)
    .L.str                                   0x08005be0   Data          11  rtx_kernel.o(.rodata.str1.4)
    [Anonymous Symbol]                       0x08005be0   Section        0  rtx_kernel.o(.rodata.str1.4)
    .L_MergedGlobals                         0x20000000   Data           8  stm32f4xx_hal.o(.data..L_MergedGlobals)
    [Anonymous Symbol]                       0x20000000   Section        0  stm32f4xx_hal.o(.data..L_MergedGlobals)
    CAN_Transmit.transmitmailbox             0x20000008   Data           4  can_ll_management.o(.data.CAN_Transmit.transmitmailbox)
    [Anonymous Symbol]                       0x20000008   Section        0  can_ll_management.o(.data.CAN_Transmit.transmitmailbox)
    .bss                                     0x200000b8   Section       96  libspace.o(.bss)
    .L_MergedGlobals                         0x20000118   Data         112  analog_management.o(.bss..L_MergedGlobals)
    ADC1Buffer                               0x20000118   Data           4  analog_management.o(.bss..L_MergedGlobals)
    [Anonymous Symbol]                       0x20000118   Section        0  analog_management.o(.bss..L_MergedGlobals)
    AdcHandle                                0x20000140   Data          72  analog_management.o(.bss..L_MergedGlobals)
    .L_MergedGlobals                         0x20000188   Data          88  can_ll_management.o(.bss..L_MergedGlobals)
    [Anonymous Symbol]                       0x20000188   Section        0  can_ll_management.o(.bss..L_MergedGlobals)
    .L_MergedGlobals                         0x200001e0   Data         100  can_rx.o(.bss..L_MergedGlobals)
    [Anonymous Symbol]                       0x200001e0   Section        0  can_rx.o(.bss..L_MergedGlobals)
    .L_MergedGlobals                         0x20000244   Data         124  can_tx.o(.bss..L_MergedGlobals)
    [Anonymous Symbol]                       0x20000244   Section        0  can_tx.o(.bss..L_MergedGlobals)
    .L_MergedGlobals                         0x200002c0   Data          28  switch_management.o(.bss..L_MergedGlobals)
    selectedLED                              0x200002c0   Data           1  switch_management.o(.bss..L_MergedGlobals)
    [Anonymous Symbol]                       0x200002c0   Section        0  switch_management.o(.bss..L_MergedGlobals)
    .L_MergedGlobals                         0x200002dc   Data          12  timers_management.o(.bss..L_MergedGlobals)
    [Anonymous Symbol]                       0x200002dc   Section        0  timers_management.o(.bss..L_MergedGlobals)
    TIM7_IRQHandler.msg                      0x200002e0   Data           2  timers_management.o(.bss..L_MergedGlobals)
    .L_MergedGlobals                         0x200002e8   Data          48  led_management.o(.bss..L_MergedGlobals)
    [Anonymous Symbol]                       0x200002e8   Section        0  led_management.o(.bss..L_MergedGlobals)
    .L_MergedGlobals.1                       0x20000318   Data         104  can_ll_management.o(.bss..L_MergedGlobals.1)
    [Anonymous Symbol]                       0x20000318   Section        0  can_ll_management.o(.bss..L_MergedGlobals.1)
    Analog_init.hdma_adc                     0x20000380   Data          96  analog_management.o(.bss.Analog_init.hdma_adc)
    [Anonymous Symbol]                       0x20000380   Section        0  analog_management.o(.bss.Analog_init.hdma_adc)
    Filter_Buffer                            0x20000438   Data         102  analog_management.o(.bss.Filter_Buffer)
    [Anonymous Symbol]                       0x20000438   Section        0  analog_management.o(.bss.Filter_Buffer)
    PendST                                   0x200004b8   Data           1  os_systick.o(.bss.PendST)
    [Anonymous Symbol]                       0x200004b8   Section        0  os_systick.o(.bss.PendST)
    htim7                                    0x20000508   Data          64  timers_management.o(.bss.htim7)
    [Anonymous Symbol]                       0x20000508   Section        0  timers_management.o(.bss.htim7)
    os_isr_queue                             0x20000550   Data          64  rtx_lib.o(.bss.os)
    [Anonymous Symbol]                       0x20000550   Section        0  rtx_lib.o(.bss.os)
    os_mem                                   0x20000590   Data       32768  rtx_lib.o(.bss.os)
    os_timer_mq_cb                           0x20008590   Data          52  rtx_lib.o(.bss.os.msgqueue.cb)
    [Anonymous Symbol]                       0x20008590   Section        0  rtx_lib.o(.bss.os.msgqueue.cb)
    os_timer_mq_data                         0x200085c4   Data          80  rtx_lib.o(.bss.os.msgqueue.mem)
    [Anonymous Symbol]                       0x200085c4   Section        0  rtx_lib.o(.bss.os.msgqueue.mem)
    os_idle_thread_cb                        0x20008614   Data          68  rtx_lib.o(.bss.os.thread.cb)
    [Anonymous Symbol]                       0x20008614   Section        0  rtx_lib.o(.bss.os.thread.cb)
    os_timer_thread_cb                       0x20008658   Data          68  rtx_lib.o(.bss.os.thread.cb)
    os_idle_thread_stack                     0x200086a0   Data         512  rtx_lib.o(.bss.os.thread.stack)
    [Anonymous Symbol]                       0x200086a0   Section        0  rtx_lib.o(.bss.os.thread.stack)
    os_timer_thread_stack                    0x200088a0   Data         512  rtx_lib.o(.bss.os.thread.stack)
    os_kernel_is_active.os_kernel_active     0x20008aa0   Data           1  rtx_lib.o(.bss.os_kernel_is_active.os_kernel_active)
    [Anonymous Symbol]                       0x20008aa0   Section        0  rtx_lib.o(.bss.os_kernel_is_active.os_kernel_active)
    Heap_Mem                                 0x20008aa8   Data         512  startup_stm32f407xx.o(HEAP)
    HEAP                                     0x20008aa8   Section      512  startup_stm32f407xx.o(HEAP)
    Stack_Mem                                0x20008ca8   Data        1024  startup_stm32f407xx.o(STACK)
    STACK                                    0x20008ca8   Section     1024  startup_stm32f407xx.o(STACK)
    __initial_sp                             0x200090a8   Data           0  startup_stm32f407xx.o(STACK)

    Global Symbols

    Symbol Name                              Value     Ov Type        Size  Object(Section)

    BuildAttributes$$THM_ISAv4$E$P$D$K$B$S$7EM$VFPi3$EXTD16$VFPS$VFMA$PE$A:L22UL41UL21$X:L11$S22US41US21$IEEE1$IW$~IW$USESV6$~STKCKD$USESV7$~SHL$OTIME$ROPI$IEEEX$EBA8$UX$STANDARDLIB$REQ8$PRES8$EABIv2 0x00000000   Number         0  anon$$obj.o ABSOLUTE
    .bss.os.evflags.cb$$Base                  - Undefined Weak Reference
    .bss.os.evflags.cb$$Limit                 - Undefined Weak Reference
    .bss.os.mempool.cb$$Base                  - Undefined Weak Reference
    .bss.os.mempool.cb$$Limit                 - Undefined Weak Reference
    .bss.os.mutex.cb$$Base                    - Undefined Weak Reference
    .bss.os.mutex.cb$$Limit                   - Undefined Weak Reference
    .bss.os.semaphore.cb$$Base                - Undefined Weak Reference
    .bss.os.semaphore.cb$$Limit               - Undefined Weak Reference
    .bss.os.timer.cb$$Base                    - Undefined Weak Reference
    .bss.os.timer.cb$$Limit                   - Undefined Weak Reference
    __ARM_exceptions_init                     - Undefined Weak Reference
    __alloca_initialize                       - Undefined Weak Reference
    __arm_preinit_                            - Undefined Weak Reference
    __cpp_initialize__aeabi_                  - Undefined Weak Reference
    __cxa_finalize                            - Undefined Weak Reference
    __rt_locale                               - Undefined Weak Reference
    __sigvec_lookup                           - Undefined Weak Reference
    _atexit_init                              - Undefined Weak Reference
    _call_atexit_fns                          - Undefined Weak Reference
    _clock_init                               - Undefined Weak Reference
    _fp_trap_init                             - Undefined Weak Reference
    _fp_trap_shutdown                         - Undefined Weak Reference
    _get_lc_collate                           - Undefined Weak Reference
    _get_lc_ctype                             - Undefined Weak Reference
    _get_lc_monetary                          - Undefined Weak Reference
    _get_lc_numeric                           - Undefined Weak Reference
    _get_lc_time                              - Undefined Weak Reference
    _getenv_init                              - Undefined Weak Reference
    _handle_redirection                       - Undefined Weak Reference
    _init_alloc                               - Undefined Weak Reference
    _init_user_alloc                          - Undefined Weak Reference
    _initio                                   - Undefined Weak Reference
    _rand_init                                - Undefined Weak Reference
    _signal_finish                            - Undefined Weak Reference
    _signal_init                              - Undefined Weak Reference
    _terminate_alloc                          - Undefined Weak Reference
    _terminate_user_alloc                     - Undefined Weak Reference
    _terminateio                              - Undefined Weak Reference
    __Vectors_Size                           0x00000188   Number         0  startup_stm32f407xx.o ABSOLUTE
    __Vectors                                0x08000000   Data           4  startup_stm32f407xx.o(RESET)
    __Vectors_End                            0x08000188   Data           0  startup_stm32f407xx.o(RESET)
    __main                                   0x08000189   Thumb Code     8  __main.o(!!!main)
    __scatterload                            0x08000191   Thumb Code     0  __scatter.o(!!!scatter)
    __scatterload_rt2                        0x08000191   Thumb Code    44  __scatter.o(!!!scatter)
    __scatterload_rt2_thumb_only             0x08000191   Thumb Code     0  __scatter.o(!!!scatter)
    __scatterload_null                       0x0800019f   Thumb Code     0  __scatter.o(!!!scatter)
    __scatterload_copy                       0x080001c5   Thumb Code    26  __scatter_copy.o(!!handler_copy)
    __scatterload_zeroinit                   0x080001e1   Thumb Code    28  __scatter_zi.o(!!handler_zi)
    __rt_lib_init                            0x080001fd   Thumb Code     0  libinit.o(.ARM.Collect$$libinit$$00000000)
    __rt_lib_init_fp_1                       0x080001ff   Thumb Code     0  libinit2.o(.ARM.Collect$$libinit$$00000001)
    __rt_lib_init_alloca_1                   0x08000203   Thumb Code     0  libinit2.o(.ARM.Collect$$libinit$$0000002E)
    __rt_lib_init_argv_1                     0x08000203   Thumb Code     0  libinit2.o(.ARM.Collect$$libinit$$0000002C)
    __rt_lib_init_atexit_1                   0x08000203   Thumb Code     0  libinit2.o(.ARM.Collect$$libinit$$0000001B)
    __rt_lib_init_clock_1                    0x08000203   Thumb Code     0  libinit2.o(.ARM.Collect$$libinit$$00000021)
    __rt_lib_init_cpp_1                      0x08000203   Thumb Code     0  libinit2.o(.ARM.Collect$$libinit$$00000032)
    __rt_lib_init_exceptions_1               0x08000203   Thumb Code     0  libinit2.o(.ARM.Collect$$libinit$$00000030)
    __rt_lib_init_fp_trap_1                  0x08000203   Thumb Code     0  libinit2.o(.ARM.Collect$$libinit$$0000001F)
    __rt_lib_init_getenv_1                   0x08000203   Thumb Code     0  libinit2.o(.ARM.Collect$$libinit$$00000023)
    __rt_lib_init_heap_1                     0x08000203   Thumb Code     0  libinit2.o(.ARM.Collect$$libinit$$0000000A)
    __rt_lib_init_lc_collate_1               0x08000203   Thumb Code     0  libinit2.o(.ARM.Collect$$libinit$$00000011)
    __rt_lib_init_lc_ctype_1                 0x08000203   Thumb Code     0  libinit2.o(.ARM.Collect$$libinit$$00000013)
    __rt_lib_init_lc_monetary_1              0x08000203   Thumb Code     0  libinit2.o(.ARM.Collect$$libinit$$00000015)
    __rt_lib_init_lc_numeric_1               0x08000203   Thumb Code     0  libinit2.o(.ARM.Collect$$libinit$$00000017)
    __rt_lib_init_lc_time_1                  0x08000203   Thumb Code     0  libinit2.o(.ARM.Collect$$libinit$$00000019)
    __rt_lib_init_preinit_1                  0x08000203   Thumb Code     0  libinit2.o(.ARM.Collect$$libinit$$00000004)
    __rt_lib_init_rand_1                     0x08000203   Thumb Code     0  libinit2.o(.ARM.Collect$$libinit$$0000000E)
    __rt_lib_init_return                     0x08000203   Thumb Code     0  libinit2.o(.ARM.Collect$$libinit$$00000033)
    __rt_lib_init_signal_1                   0x08000203   Thumb Code     0  libinit2.o(.ARM.Collect$$libinit$$0000001D)
    __rt_lib_init_stdio_1                    0x08000203   Thumb Code     0  libinit2.o(.ARM.Collect$$libinit$$00000025)
    __rt_lib_init_user_alloc_1               0x08000203   Thumb Code     0  libinit2.o(.ARM.Collect$$libinit$$0000000C)
    __rt_lib_shutdown                        0x08000205   Thumb Code     0  libshutdown.o(.ARM.Collect$$libshutdown$$00000000)
    __rt_lib_shutdown_cpp_1                  0x08000207   Thumb Code     0  libshutdown2.o(.ARM.Collect$$libshutdown$$00000002)
    __rt_lib_shutdown_fp_trap_1              0x08000207   Thumb Code     0  libshutdown2.o(.ARM.Collect$$libshutdown$$00000007)
    __rt_lib_shutdown_heap_1                 0x08000207   Thumb Code     0  libshutdown2.o(.ARM.Collect$$libshutdown$$0000000F)
    __rt_lib_shutdown_return                 0x08000207   Thumb Code     0  libshutdown2.o(.ARM.Collect$$libshutdown$$00000010)
    __rt_lib_shutdown_signal_1               0x08000207   Thumb Code     0  libshutdown2.o(.ARM.Collect$$libshutdown$$0000000A)
    __rt_lib_shutdown_stdio_1                0x08000207   Thumb Code     0  libshutdown2.o(.ARM.Collect$$libshutdown$$00000004)
    __rt_lib_shutdown_user_alloc_1           0x08000207   Thumb Code     0  libshutdown2.o(.ARM.Collect$$libshutdown$$0000000C)
    __rt_entry                               0x08000209   Thumb Code     0  __rtentry.o(.ARM.Collect$$rtentry$$00000000)
    __rt_entry_presh_1                       0x08000209   Thumb Code     0  __rtentry2.o(.ARM.Collect$$rtentry$$00000002)
    __rt_entry_sh                            0x08000209   Thumb Code     0  __rtentry4.o(.ARM.Collect$$rtentry$$00000004)
    __rt_entry_postsh_1                      0x0800020f   Thumb Code     0  __rtentry2.o(.ARM.Collect$$rtentry$$00000008)
    __rt_entry_li                            0x08000217   Thumb Code     0  __rtentry2.o(.ARM.Collect$$rtentry$$0000000A)
    __rt_entry_main                          0x0800021b   Thumb Code     0  __rtentry2.o(.ARM.Collect$$rtentry$$0000000D)
    __rt_entry_postli_1                      0x0800021b   Thumb Code     0  __rtentry2.o(.ARM.Collect$$rtentry$$0000000C)
    __rt_exit                                0x08000223   Thumb Code     0  rtexit.o(.ARM.Collect$$rtexit$$00000000)
    __rt_exit_ls                             0x08000225   Thumb Code     0  rtexit2.o(.ARM.Collect$$rtexit$$00000003)
    __rt_exit_prels_1                        0x08000225   Thumb Code     0  rtexit2.o(.ARM.Collect$$rtexit$$00000002)
    __rt_exit_exit                           0x08000229   Thumb Code     0  rtexit2.o(.ARM.Collect$$rtexit$$00000004)
    Reset_Handler                            0x08000231   Thumb Code     8  startup_stm32f407xx.o(.text)
    NMI_Handler                              0x08000239   Thumb Code     2  startup_stm32f407xx.o(.text)
    HardFault_Handler                        0x0800023b   Thumb Code     2  startup_stm32f407xx.o(.text)
    MemManage_Handler                        0x0800023d   Thumb Code     2  startup_stm32f407xx.o(.text)
    BusFault_Handler                         0x0800023f   Thumb Code     2  startup_stm32f407xx.o(.text)
    UsageFault_Handler                       0x08000241   Thumb Code     2  startup_stm32f407xx.o(.text)
    DebugMon_Handler                         0x08000245   Thumb Code     2  startup_stm32f407xx.o(.text)
    ADC_IRQHandler                           0x0800024b   Thumb Code     0  startup_stm32f407xx.o(.text)
    DCMI_IRQHandler                          0x0800024b   Thumb Code     0  startup_stm32f407xx.o(.text)
    DMA1_Stream0_IRQHandler                  0x0800024b   Thumb Code     0  startup_stm32f407xx.o(.text)
    DMA1_Stream1_IRQHandler                  0x0800024b   Thumb Code     0  startup_stm32f407xx.o(.text)
    DMA1_Stream2_IRQHandler                  0x0800024b   Thumb Code     0  startup_stm32f407xx.o(.text)
    DMA1_Stream3_IRQHandler                  0x0800024b   Thumb Code     0  startup_stm32f407xx.o(.text)
    DMA1_Stream4_IRQHandler                  0x0800024b   Thumb Code     0  startup_stm32f407xx.o(.text)
    DMA1_Stream5_IRQHandler                  0x0800024b   Thumb Code     0  startup_stm32f407xx.o(.text)
    DMA1_Stream6_IRQHandler                  0x0800024b   Thumb Code     0  startup_stm32f407xx.o(.text)
    DMA1_Stream7_IRQHandler                  0x0800024b   Thumb Code     0  startup_stm32f407xx.o(.text)
    DMA2_Stream1_IRQHandler                  0x0800024b   Thumb Code     0  startup_stm32f407xx.o(.text)
    DMA2_Stream2_IRQHandler                  0x0800024b   Thumb Code     0  startup_stm32f407xx.o(.text)
    DMA2_Stream3_IRQHandler                  0x0800024b   Thumb Code     0  startup_stm32f407xx.o(.text)
    DMA2_Stream4_IRQHandler                  0x0800024b   Thumb Code     0  startup_stm32f407xx.o(.text)
    DMA2_Stream5_IRQHandler                  0x0800024b   Thumb Code     0  startup_stm32f407xx.o(.text)
    DMA2_Stream6_IRQHandler                  0x0800024b   Thumb Code     0  startup_stm32f407xx.o(.text)
    DMA2_Stream7_IRQHandler                  0x0800024b   Thumb Code     0  startup_stm32f407xx.o(.text)
    ETH_IRQHandler                           0x0800024b   Thumb Code     0  startup_stm32f407xx.o(.text)
    ETH_WKUP_IRQHandler                      0x0800024b   Thumb Code     0  startup_stm32f407xx.o(.text)
    EXTI15_10_IRQHandler                     0x0800024b   Thumb Code     0  startup_stm32f407xx.o(.text)
    EXTI1_IRQHandler                         0x0800024b   Thumb Code     0  startup_stm32f407xx.o(.text)
    EXTI2_IRQHandler                         0x0800024b   Thumb Code     0  startup_stm32f407xx.o(.text)
    EXTI3_IRQHandler                         0x0800024b   Thumb Code     0  startup_stm32f407xx.o(.text)
    EXTI4_IRQHandler                         0x0800024b   Thumb Code     0  startup_stm32f407xx.o(.text)
    EXTI9_5_IRQHandler                       0x0800024b   Thumb Code     0  startup_stm32f407xx.o(.text)
    FLASH_IRQHandler                         0x0800024b   Thumb Code     0  startup_stm32f407xx.o(.text)
    FMC_IRQHandler                           0x0800024b   Thumb Code     0  startup_stm32f407xx.o(.text)
    FPU_IRQHandler                           0x0800024b   Thumb Code     0  startup_stm32f407xx.o(.text)
    HASH_RNG_IRQHandler                      0x0800024b   Thumb Code     0  startup_stm32f407xx.o(.text)
    I2C1_ER_IRQHandler                       0x0800024b   Thumb Code     0  startup_stm32f407xx.o(.text)
    I2C1_EV_IRQHandler                       0x0800024b   Thumb Code     0  startup_stm32f407xx.o(.text)
    I2C2_ER_IRQHandler                       0x0800024b   Thumb Code     0  startup_stm32f407xx.o(.text)
    I2C2_EV_IRQHandler                       0x0800024b   Thumb Code     0  startup_stm32f407xx.o(.text)
    I2C3_ER_IRQHandler                       0x0800024b   Thumb Code     0  startup_stm32f407xx.o(.text)
    I2C3_EV_IRQHandler                       0x0800024b   Thumb Code     0  startup_stm32f407xx.o(.text)
    OTG_FS_IRQHandler                        0x0800024b   Thumb Code     0  startup_stm32f407xx.o(.text)
    OTG_FS_WKUP_IRQHandler                   0x0800024b   Thumb Code     0  startup_stm32f407xx.o(.text)
    OTG_HS_EP1_IN_IRQHandler                 0x0800024b   Thumb Code     0  startup_stm32f407xx.o(.text)
    OTG_HS_EP1_OUT_IRQHandler                0x0800024b   Thumb Code     0  startup_stm32f407xx.o(.text)
    OTG_HS_IRQHandler                        0x0800024b   Thumb Code     0  startup_stm32f407xx.o(.text)
    OTG_HS_WKUP_IRQHandler                   0x0800024b   Thumb Code     0  startup_stm32f407xx.o(.text)
    PVD_IRQHandler                           0x0800024b   Thumb Code     0  startup_stm32f407xx.o(.text)
    RCC_IRQHandler                           0x0800024b   Thumb Code     0  startup_stm32f407xx.o(.text)
    RTC_Alarm_IRQHandler                     0x0800024b   Thumb Code     0  startup_stm32f407xx.o(.text)
    RTC_WKUP_IRQHandler                      0x0800024b   Thumb Code     0  startup_stm32f407xx.o(.text)
    SDIO_IRQHandler                          0x0800024b   Thumb Code     0  startup_stm32f407xx.o(.text)
    SPI1_IRQHandler                          0x0800024b   Thumb Code     0  startup_stm32f407xx.o(.text)
    SPI2_IRQHandler                          0x0800024b   Thumb Code     0  startup_stm32f407xx.o(.text)
    SPI3_IRQHandler                          0x0800024b   Thumb Code     0  startup_stm32f407xx.o(.text)
    TAMP_STAMP_IRQHandler                    0x0800024b   Thumb Code     0  startup_stm32f407xx.o(.text)
    TIM1_BRK_TIM9_IRQHandler                 0x0800024b   Thumb Code     0  startup_stm32f407xx.o(.text)
    TIM1_CC_IRQHandler                       0x0800024b   Thumb Code     0  startup_stm32f407xx.o(.text)
    TIM1_TRG_COM_TIM11_IRQHandler            0x0800024b   Thumb Code     0  startup_stm32f407xx.o(.text)
    TIM1_UP_TIM10_IRQHandler                 0x0800024b   Thumb Code     0  startup_stm32f407xx.o(.text)
    TIM2_IRQHandler                          0x0800024b   Thumb Code     0  startup_stm32f407xx.o(.text)
    TIM3_IRQHandler                          0x0800024b   Thumb Code     0  startup_stm32f407xx.o(.text)
    TIM4_IRQHandler                          0x0800024b   Thumb Code     0  startup_stm32f407xx.o(.text)
    TIM6_DAC_IRQHandler                      0x0800024b   Thumb Code     0  startup_stm32f407xx.o(.text)
    TIM8_BRK_TIM12_IRQHandler                0x0800024b   Thumb Code     0  startup_stm32f407xx.o(.text)
    TIM8_CC_IRQHandler                       0x0800024b   Thumb Code     0  startup_stm32f407xx.o(.text)
    TIM8_TRG_COM_TIM14_IRQHandler            0x0800024b   Thumb Code     0  startup_stm32f407xx.o(.text)
    TIM8_UP_TIM13_IRQHandler                 0x0800024b   Thumb Code     0  startup_stm32f407xx.o(.text)
    UART4_IRQHandler                         0x0800024b   Thumb Code     0  startup_stm32f407xx.o(.text)
    UART5_IRQHandler                         0x0800024b   Thumb Code     0  startup_stm32f407xx.o(.text)
    USART1_IRQHandler                        0x0800024b   Thumb Code     0  startup_stm32f407xx.o(.text)
    USART2_IRQHandler                        0x0800024b   Thumb Code     0  startup_stm32f407xx.o(.text)
    USART3_IRQHandler                        0x0800024b   Thumb Code     0  startup_stm32f407xx.o(.text)
    USART6_IRQHandler                        0x0800024b   Thumb Code     0  startup_stm32f407xx.o(.text)
    WWDG_IRQHandler                          0x0800024b   Thumb Code     0  startup_stm32f407xx.o(.text)
    __user_initial_stackheap                 0x0800024d   Thumb Code     0  startup_stm32f407xx.o(.text)
    SVC_Handler                              0x08000271   Thumb Code   152  irq_cm4f.o(.text)
    PendSV_Handler                           0x08000309   Thumb Code    16  irq_cm4f.o(.text)
    SysTick_Handler                          0x08000319   Thumb Code    16  irq_cm4f.o(.text)
    __aeabi_uldivmod                         0x08000335   Thumb Code     0  lludivv7m.o(.text)
    _ll_udiv                                 0x08000335   Thumb Code   240  lludivv7m.o(.text)
    __aeabi_memcpy                           0x08000425   Thumb Code     0  rt_memcpy_v6.o(.text)
    __rt_memcpy                              0x08000425   Thumb Code   138  rt_memcpy_v6.o(.text)
    _memcpy_lastbytes                        0x0800048b   Thumb Code     0  rt_memcpy_v6.o(.text)
    __aeabi_memcpy4                          0x080004af   Thumb Code     0  rt_memcpy_w.o(.text)
    __aeabi_memcpy8                          0x080004af   Thumb Code     0  rt_memcpy_w.o(.text)
    __rt_memcpy_w                            0x080004af   Thumb Code   100  rt_memcpy_w.o(.text)
    _memcpy_lastbytes_aligned                0x080004f7   Thumb Code     0  rt_memcpy_w.o(.text)
    __aeabi_memclr                           0x08000513   Thumb Code     0  rt_memclr.o(.text)
    __rt_memclr                              0x08000513   Thumb Code     0  rt_memclr.o(.text)
    _memset                                  0x08000517   Thumb Code    64  rt_memclr.o(.text)
    __aeabi_memclr4                          0x08000557   Thumb Code     0  rt_memclr_w.o(.text)
    __aeabi_memclr8                          0x08000557   Thumb Code     0  rt_memclr_w.o(.text)
    __rt_memclr_w                            0x08000557   Thumb Code     0  rt_memclr_w.o(.text)
    _memset_w                                0x0800055b   Thumb Code    74  rt_memclr_w.o(.text)
    __use_two_region_memory                  0x080005a5   Thumb Code     2  heapauxi.o(.text)
    __rt_heap_escrow$2region                 0x080005a7   Thumb Code     2  heapauxi.o(.text)
    __rt_heap_expand$2region                 0x080005a9   Thumb Code     2  heapauxi.o(.text)
    __user_libspace                          0x080005ad   Thumb Code     8  libspace.o(.text)
    __user_perproc_libspace                  0x080005ad   Thumb Code     0  libspace.o(.text)
    __user_setup_stackheap                   0x080005b5   Thumb Code    74  sys_stackheap_outer.o(.text)
    exit                                     0x080005ff   Thumb Code    18  exit.o(.text)
    _sys_exit                                0x08000611   Thumb Code     8  sys_exit.o(.text)
    __I$use$semihosting                      0x0800061d   Thumb Code     0  use_no_semi.o(.text)
    __use_no_semihosting_swi                 0x0800061d   Thumb Code     2  use_no_semi.o(.text)
    __semihosting_library_function           0x0800061f   Thumb Code     0  indicate_semi.o(.text)
    ADC_factor                               0x080006ad   Thumb Code    22  analog_management.o(.text.ADC_factor)
    Analog_init                              0x080006c5   Thumb Code   376  analog_management.o(.text.Analog_init)
    CAN1_RX0_IRQHandler                      0x0800083d   Thumb Code   116  can_ll_management.o(.text.CAN1_RX0_IRQHandler)
    CAN1_RX1_IRQHandler                      0x080008b1   Thumb Code   116  can_ll_management.o(.text.CAN1_RX1_IRQHandler)
    CAN1_SCE_IRQHandler                      0x08000925   Thumb Code    26  can_ll_management.o(.text.CAN1_SCE_IRQHandler)
    CAN1_TX_IRQHandler                       0x08000941   Thumb Code   140  can_ll_management.o(.text.CAN1_TX_IRQHandler)
    CAN2_RX0_IRQHandler                      0x080009cd   Thumb Code   128  can_ll_management.o(.text.CAN2_RX0_IRQHandler)
    CAN2_RX1_IRQHandler                      0x08000a4d   Thumb Code   128  can_ll_management.o(.text.CAN2_RX1_IRQHandler)
    CAN2_SCE_IRQHandler                      0x08000acd   Thumb Code    24  can_ll_management.o(.text.CAN2_SCE_IRQHandler)
    CAN2_TX_IRQHandler                       0x08000ae5   Thumb Code   170  can_ll_management.o(.text.CAN2_TX_IRQHandler)
    CAN_CheckError1                          0x08000b91   Thumb Code   410  can_ll_management.o(.text.CAN_CheckError1)
    CAN_Config                               0x08000d2d   Thumb Code   532  can_ll_management.o(.text.CAN_Config)
    CAN_RX_Init                              0x08000f41   Thumb Code   196  can_ll_management.o(.text.CAN_RX_Init)
    CAN_RX_def                               0x08001005   Thumb Code   130  can_rx.o(.text.CAN_RX_def)
    CAN_TX_def                               0x08001089   Thumb Code   340  can_tx.o(.text.CAN_TX_def)
    CAN_Transmit                             0x080011dd   Thumb Code  1002  can_ll_management.o(.text.CAN_Transmit)
    DMA2_Stream0_IRQHandler                  0x080015c9   Thumb Code    14  analog_management.o(.text.DMA2_Stream0_IRQHandler)
    EXTI0_IRQHandler                         0x080015d9   Thumb Code    56  switch_management.o(.text.EXTI0_IRQHandler)
    Error_Handler                            0x08001611   Thumb Code     2  main.o(.text.Error_Handler)
    GPIO_init                                0x08001615   Thumb Code   152  gpio_management.o(.text.GPIO_init)
    HAL_ADC_ConfigChannel                    0x080016ad   Thumb Code   320  stm32f4xx_hal_adc.o(.text.HAL_ADC_ConfigChannel)
    HAL_ADC_ConvCpltCallback                 0x080017ed   Thumb Code     2  stm32f4xx_hal_adc.o(.text.HAL_ADC_ConvCpltCallback)
    HAL_ADC_ConvHalfCpltCallback             0x080017f1   Thumb Code     2  stm32f4xx_hal_adc.o(.text.HAL_ADC_ConvHalfCpltCallback)
    HAL_ADC_ErrorCallback                    0x080017f5   Thumb Code     2  stm32f4xx_hal_adc.o(.text.HAL_ADC_ErrorCallback)
    HAL_ADC_Init                             0x080017f9   Thumb Code   350  stm32f4xx_hal_adc.o(.text.HAL_ADC_Init)
    HAL_ADC_MspInit                          0x08001959   Thumb Code     2  stm32f4xx_hal_adc.o(.text.HAL_ADC_MspInit)
    HAL_ADC_Start_DMA                        0x0800195d   Thumb Code   386  stm32f4xx_hal_adc.o(.text.HAL_ADC_Start_DMA)
    HAL_CAN_AddTxMessage                     0x08001ae1   Thumb Code   188  stm32f4xx_hal_can.o(.text.HAL_CAN_AddTxMessage)
    HAL_CAN_ConfigFilter                     0x08001b9d   Thumb Code   222  stm32f4xx_hal_can.o(.text.HAL_CAN_ConfigFilter)
    HAL_CAN_GetRxMessage                     0x08001c7d   Thumb Code   286  stm32f4xx_hal_can.o(.text.HAL_CAN_GetRxMessage)
    HAL_CAN_Init                             0x08001d9d   Thumb Code   244  stm32f4xx_hal_can.o(.text.HAL_CAN_Init)
    HAL_CAN_IsTxMessagePending               0x08001e91   Thumb Code    32  stm32f4xx_hal_can.o(.text.HAL_CAN_IsTxMessagePending)
    HAL_CAN_MspInit                          0x08001eb1   Thumb Code     2  stm32f4xx_hal_can.o(.text.HAL_CAN_MspInit)
    HAL_CAN_Start                            0x08001eb5   Thumb Code    90  stm32f4xx_hal_can.o(.text.HAL_CAN_Start)
    HAL_CAN_Stop                             0x08001f11   Thumb Code    94  stm32f4xx_hal_can.o(.text.HAL_CAN_Stop)
    HAL_DMA_IRQHandler                       0x08001f71   Thumb Code   448  stm32f4xx_hal_dma.o(.text.HAL_DMA_IRQHandler)
    HAL_DMA_Init                             0x08002131   Thumb Code   354  stm32f4xx_hal_dma.o(.text.HAL_DMA_Init)
    HAL_DMA_Start_IT                         0x08002295   Thumb Code   158  stm32f4xx_hal_dma.o(.text.HAL_DMA_Start_IT)
    HAL_GPIO_Init                            0x08002335   Thumb Code   434  stm32f4xx_hal_gpio.o(.text.HAL_GPIO_Init)
    HAL_GPIO_ReadPin                         0x080024e9   Thumb Code    10  stm32f4xx_hal_gpio.o(.text.HAL_GPIO_ReadPin)
    HAL_GetTick                              0x080024f5   Thumb Code    12  timers_management.o(.text.HAL_GetTick)
    HAL_IWDG_Init                            0x08002501   Thumb Code    70  stm32f4xx_hal_iwdg.o(.text.HAL_IWDG_Init)
    HAL_IWDG_Refresh                         0x08002549   Thumb Code    12  stm32f4xx_hal_iwdg.o(.text.HAL_IWDG_Refresh)
    HAL_InitTick                             0x08002555   Thumb Code    72  stm32f4xx_hal.o(.text.HAL_InitTick)
    HAL_NVIC_EnableIRQ                       0x0800259d   Thumb Code    32  stm32f4xx_hal_cortex.o(.text.HAL_NVIC_EnableIRQ)
    HAL_NVIC_SetPriority                     0x080025bd   Thumb Code    86  stm32f4xx_hal_cortex.o(.text.HAL_NVIC_SetPriority)
    HAL_NVIC_SetPriorityGrouping             0x08002615   Thumb Code    32  stm32f4xx_hal_cortex.o(.text.HAL_NVIC_SetPriorityGrouping)
    HAL_RCC_ClockConfig                      0x08002635   Thumb Code   352  stm32f4xx_hal_rcc.o(.text.HAL_RCC_ClockConfig)
    HAL_RCC_GetClockConfig                   0x08002795   Thumb Code    62  stm32f4xx_hal_rcc.o(.text.HAL_RCC_GetClockConfig)
    HAL_RCC_GetPCLK1Freq                     0x080027d5   Thumb Code    38  stm32f4xx_hal_rcc.o(.text.HAL_RCC_GetPCLK1Freq)
    HAL_RCC_GetSysClockFreq                  0x080027fd   Thumb Code   106  stm32f4xx_hal_rcc.o(.text.HAL_RCC_GetSysClockFreq)
    HAL_RCC_OscConfig                        0x08002869   Thumb Code   868  stm32f4xx_hal_rcc.o(.text.HAL_RCC_OscConfig)
    HAL_SYSTICK_Config                       0x08002bcd   Thumb Code    44  stm32f4xx_hal_cortex.o(.text.HAL_SYSTICK_Config)
    HAL_TIMEx_MasterConfigSynchronization    0x08002bf9   Thumb Code   182  stm32f4xx_hal_tim_ex.o(.text.HAL_TIMEx_MasterConfigSynchronization)
    HAL_TIM_Base_Init                        0x08002cb1   Thumb Code    54  stm32f4xx_hal_tim.o(.text.HAL_TIM_Base_Init)
    HAL_TIM_Base_MspInit                     0x08002ce9   Thumb Code     2  stm32f4xx_hal_tim.o(.text.HAL_TIM_Base_MspInit)
    HAL_TIM_Base_Start_IT                    0x08002ced   Thumb Code    32  stm32f4xx_hal_tim.o(.text.HAL_TIM_Base_Start_IT)
    HAL_TIM_PWM_ConfigChannel                0x08002d0d   Thumb Code   540  stm32f4xx_hal_tim.o(.text.HAL_TIM_PWM_ConfigChannel)
    HAL_TIM_PWM_Init                         0x08002f29   Thumb Code    54  stm32f4xx_hal_tim.o(.text.HAL_TIM_PWM_Init)
    HAL_TIM_PWM_MspInit                      0x08002f61   Thumb Code     2  stm32f4xx_hal_tim.o(.text.HAL_TIM_PWM_MspInit)
    HAL_TIM_PWM_Start                        0x08002f65   Thumb Code    76  stm32f4xx_hal_tim.o(.text.HAL_TIM_PWM_Start)
    IWDG_Init                                0x08002fb1   Thumb Code    62  iwdg.o(.text.IWDG_Init)
    LED_Init                                 0x08002ff1   Thumb Code    96  led_management.o(.text.LED_Init)
    OS_Tick_AcknowledgeIRQ                   0x08003105   Thumb Code     8  os_systick.o(.text.OS_Tick_AcknowledgeIRQ)
    OS_Tick_Enable                           0x0800310d   Thumb Code    36  os_systick.o(.text.OS_Tick_Enable)
    OS_Tick_GetIRQn                          0x08003131   Thumb Code     6  os_systick.o(.text.OS_Tick_GetIRQn)
    OS_Tick_Setup                            0x08003139   Thumb Code    64  os_systick.o(.text.OS_Tick_Setup)
    PWM_TIM4_Init                            0x08003179   Thumb Code   274  timers_management.o(.text.PWM_TIM4_Init)
    Set_DutyCycle                            0x0800328d   Thumb Code    84  gpio_management.o(.text.Set_DutyCycle)
    Switch_Init                              0x080032e1   Thumb Code   134  switch_management.o(.text.Switch_Init)
    SystemCoreClockUpdate                    0x08003369   Thumb Code   124  system_stm32f4xx.o(.text.SystemCoreClockUpdate)
    SystemInit                               0x080033e5   Thumb Code    26  system_stm32f4xx.o(.text.SystemInit)
    TASK_CAN1_TX                             0x08003401   Thumb Code   182  can_ll_management.o(.text.TASK_CAN1_TX)
    TASK_CAN2_RX                             0x080034b9   Thumb Code   888  can_ll_management.o(.text.TASK_CAN2_RX)
    TASK_Filtering                           0x08003831   Thumb Code   310  analog_management.o(.text.TASK_Filtering)
    TASK_LED                                 0x08003969   Thumb Code   102  led_management.o(.text.TASK_LED)
    TASK_Switch                              0x080039d1   Thumb Code    88  switch_management.o(.text.TASK_Switch)
    TIM5_IRQHandler                          0x08003a39   Thumb Code    52  timers_management.o(.text.TIM5_IRQHandler)
    TIM7_IRQHandler                          0x08003a6d   Thumb Code   604  timers_management.o(.text.TIM7_IRQHandler)
    TIM_Base_SetConfig                       0x08003cc9   Thumb Code   316  stm32f4xx_hal_tim.o(.text.TIM_Base_SetConfig)
    TimeBase_Timer_Config                    0x08003e75   Thumb Code   128  timers_management.o(.text.TimeBase_Timer_Config)
    _mutex_acquire                           0x08003f39   Thumb Code    54  rtx_lib.o(.text._mutex_acquire)
    _mutex_free                              0x08003f71   Thumb Code     6  rtx_lib.o(.text._mutex_free)
    _mutex_initialize                        0x08003f79   Thumb Code    32  rtx_lib.o(.text._mutex_initialize)
    _mutex_release                           0x08003f99   Thumb Code    50  rtx_lib.o(.text._mutex_release)
    _platform_post_stackheap_init            0x08003fcd   Thumb Code     4  rtx_lib.o(.text._platform_post_stackheap_init)
    main                                     0x08004181   Thumb Code   198  main.o(.text.main)
    osDelay                                  0x08004249   Thumb Code    36  rtx_delay.o(.text.osDelay)
    osKernelGetState                         0x0800426d   Thumb Code    48  rtx_kernel.o(.text.osKernelGetState)
    osKernelInitialize                       0x0800429d   Thumb Code    44  rtx_kernel.o(.text.osKernelInitialize)
    osKernelStart                            0x080042c9   Thumb Code    36  rtx_kernel.o(.text.osKernelStart)
    osMessageQueueGet                        0x080042ed   Thumb Code   108  rtx_msgqueue.o(.text.osMessageQueueGet)
    osMessageQueueNew                        0x08004359   Thumb Code    36  rtx_msgqueue.o(.text.osMessageQueueNew)
    osMessageQueuePut                        0x0800437d   Thumb Code   120  rtx_msgqueue.o(.text.osMessageQueuePut)
    osMutexAcquire                           0x080043f5   Thumb Code    36  rtx_mutex.o(.text.osMutexAcquire)
    osMutexDelete                            0x08004419   Thumb Code    36  rtx_mutex.o(.text.osMutexDelete)
    osMutexNew                               0x0800443d   Thumb Code    36  rtx_mutex.o(.text.osMutexNew)
    osMutexRelease                           0x08004461   Thumb Code    36  rtx_mutex.o(.text.osMutexRelease)
    osRtxErrorNotify                         0x08004485   Thumb Code     2  rtx_config.o(.text.osRtxErrorNotify)
    osRtxIdleThread                          0x08004489   Thumb Code     2  rtx_config.o(.text.osRtxIdleThread)
    osRtxKernelPreInit                       0x0800448b   Thumb Code     2  rtx_kernel.o(.text.osRtxKernelPreInit)
    osRtxMemoryAlloc                         0x0800448d   Thumb Code   112  rtx_memory.o(.text.osRtxMemoryAlloc)
    osRtxMemoryFree                          0x080044fd   Thumb Code    70  rtx_memory.o(.text.osRtxMemoryFree)
    osRtxMemoryInit                          0x08004543   Thumb Code    60  rtx_memory.o(.text.osRtxMemoryInit)
    osRtxMemoryPoolAlloc                     0x0800457f   Thumb Code    58  rtx_mempool.o(.text.osRtxMemoryPoolAlloc)
    osRtxMemoryPoolFree                      0x080045b9   Thumb Code    74  rtx_mempool.o(.text.osRtxMemoryPoolFree)
    osRtxMemoryPoolInit                      0x08004603   Thumb Code    54  rtx_mempool.o(.text.osRtxMemoryPoolInit)
    osRtxMutexOwnerRelease                   0x080046f3   Thumb Code    72  rtx_mutex.o(.text.osRtxMutexOwnerRelease)
    osRtxMutexOwnerRestore                   0x0800473b   Thumb Code    66  rtx_mutex.o(.text.osRtxMutexOwnerRestore)
    osRtxPendSV_Handler                      0x0800477d   Thumb Code   136  rtx_system.o(.text.osRtxPendSV_Handler)
    osRtxPostProcess                         0x08004805   Thumb Code   112  rtx_system.o(.text.osRtxPostProcess)
    osRtxThreadDelayTick                     0x08004951   Thumb Code    72  rtx_thread.o(.text.osRtxThreadDelayTick)
    osRtxThreadDispatch                      0x08004999   Thumb Code    84  rtx_thread.o(.text.osRtxThreadDispatch)
    osRtxThreadListGet                       0x08004a41   Thumb Code    18  rtx_thread.o(.text.osRtxThreadListGet)
    osRtxThreadListPut                       0x08004a53   Thumb Code    44  rtx_thread.o(.text.osRtxThreadListPut)
    osRtxThreadListRemove                    0x08004a7f   Thumb Code    20  rtx_thread.o(.text.osRtxThreadListRemove)
    osRtxThreadListSort                      0x08004a9f   Thumb Code    38  rtx_thread.o(.text.osRtxThreadListSort)
    osRtxThreadReadyPut                      0x08004aed   Thumb Code    16  rtx_thread.o(.text.osRtxThreadReadyPut)
    osRtxThreadRegPtr                        0x08004afd   Thumb Code    20  rtx_thread.o(.text.osRtxThreadRegPtr)
    osRtxThreadStackCheck                    0x08004b11   Thumb Code    40  rtx_thread.o(.text.osRtxThreadStackCheck)
    osRtxThreadStartup                       0x08004b39   Thumb Code    56  rtx_thread.o(.text.osRtxThreadStartup)
    osRtxThreadSwitch                        0x08004b71   Thumb Code    12  rtx_thread.o(.text.osRtxThreadSwitch)
    osRtxThreadWaitEnter                     0x08004b7d   Thumb Code    56  rtx_thread.o(.text.osRtxThreadWaitEnter)
    osRtxThreadWaitExit                      0x08004bb5   Thumb Code    50  rtx_thread.o(.text.osRtxThreadWaitExit)
    osRtxTick_Handler                        0x08004be9   Thumb Code   112  rtx_system.o(.text.osRtxTick_Handler)
    osRtxTimerThread                         0x08004c59   Thumb Code    60  rtx_timer.o(.text.osRtxTimerThread)
    osThreadExit                             0x08004ce9   Thumb Code    12  rtx_thread.o(.text.osThreadExit)
    osThreadFlagsClear                       0x08004cf5   Thumb Code    36  rtx_thread.o(.text.osThreadFlagsClear)
    osThreadFlagsSet                         0x08004d19   Thumb Code    88  rtx_thread.o(.text.osThreadFlagsSet)
    osThreadFlagsWait                        0x08004d71   Thumb Code    36  rtx_thread.o(.text.osThreadFlagsWait)
    osThreadNew                              0x08004d95   Thumb Code    36  rtx_thread.o(.text.osThreadNew)
    osThreadSetPriority                      0x08004db9   Thumb Code    36  rtx_thread.o(.text.osThreadSetPriority)
    real_conversion                          0x08004ddd   Thumb Code   588  analog_management.o(.text.real_conversion)
    _fp_init                                 0x08005aa1   Thumb Code    26  fpinit.o(x$fpl$fpinit)
    __fplib_config_fpu_vfp                   0x08005ab9   Thumb Code     0  fpinit.o(x$fpl$fpinit)
    __fplib_config_pureend_doubles           0x08005ab9   Thumb Code     0  fpinit.o(x$fpl$fpinit)
    osRtxConfig                              0x08005abc   Data         104  rtx_lib.o(.rodata)
    os_cb_sections                           0x08005b24   Data          56  rtx_lib.o(.rodata)
    AHBPrescTable                            0x08005b5c   Data          16  system_stm32f4xx.o(.rodata.AHBPrescTable)
    APBPrescTable                            0x08005b6c   Data           8  system_stm32f4xx.o(.rodata.APBPrescTable)
    osRtxUserSVC                             0x08005b7c   Data           4  rtx_lib.o(.rodata.osRtxUserSVC)
    Region$$Table$$Base                      0x08005bec   Number         0  anon$$obj.o(Region$$Table)
    Region$$Table$$Limit                     0x08005c0c   Number         0  anon$$obj.o(Region$$Table)
    uwTickFreq                               0x20000000   Data           1  stm32f4xx_hal.o(.data..L_MergedGlobals)
    uwTickPrio                               0x20000004   Data           4  stm32f4xx_hal.o(.data..L_MergedGlobals)
    SystemCoreClock                          0x2000000c   Data           4  system_stm32f4xx.o(.data.SystemCoreClock)
    osRtxInfo                                0x20000010   Data         164  rtx_kernel.o(.data.os)
    __libspace_start                         0x200000b8   Data          96  libspace.o(.bss)
    __temporary_stack_top$libspace           0x20000118   Data           0  libspace.o(.bss)
    ADC_1                                    0x2000011c   Data          36  analog_management.o(.bss..L_MergedGlobals)
    overflow                                 0x20000188   Data           1  can_ll_management.o(.bss..L_MergedGlobals)
    id_task_CAN1_TX                          0x2000018c   Data           4  can_ll_management.o(.bss..L_MergedGlobals)
    id_task_CAN2_TX                          0x20000190   Data           4  can_ll_management.o(.bss..L_MergedGlobals)
    id_task_CAN1_RX                          0x20000194   Data           4  can_ll_management.o(.bss..L_MergedGlobals)
    id_task_CAN2_RX                          0x20000198   Data           4  can_ll_management.o(.bss..L_MergedGlobals)
    CAN1_mutex                               0x2000019c   Data           4  can_ll_management.o(.bss..L_MergedGlobals)
    CAN2_mutex                               0x200001a0   Data           4  can_ll_management.o(.bss..L_MergedGlobals)
    CAN1_RX_Q                                0x200001a4   Data           4  can_ll_management.o(.bss..L_MergedGlobals)
    CAN2_RX_Q                                0x200001a8   Data           4  can_ll_management.o(.bss..L_MergedGlobals)
    test_factors                             0x200001ac   Data           4  can_ll_management.o(.bss..L_MergedGlobals)
    CAN1_Q                                   0x200001b0   Data           4  can_ll_management.o(.bss..L_MergedGlobals)
    CAN2_Q                                   0x200001b4   Data           4  can_ll_management.o(.bss..L_MergedGlobals)
    hCAN1                                    0x200001b8   Data          40  can_ll_management.o(.bss..L_MergedGlobals)
    RX_ANA1                                  0x200001e0   Data          16  can_rx.o(.bss..L_MergedGlobals)
    RX_LED1_DC                               0x200001f0   Data          16  can_rx.o(.bss..L_MergedGlobals)
    RX_LED2_DC                               0x20000200   Data          16  can_rx.o(.bss..L_MergedGlobals)
    RX_LED3_DC                               0x20000210   Data          16  can_rx.o(.bss..L_MergedGlobals)
    RX_LED4_DC                               0x20000220   Data          16  can_rx.o(.bss..L_MergedGlobals)
    CAN2_data_RX                             0x20000230   Data          20  can_rx.o(.bss..L_MergedGlobals)
    Error_Data                               0x20000244   Data           8  can_tx.o(.bss..L_MergedGlobals)
    CAN2_FILTER_TR_bank                      0x2000024c   Data           8  can_tx.o(.bss..L_MergedGlobals)
    CAN1_FILTER_TR_bank                      0x20000254   Data           8  can_tx.o(.bss..L_MergedGlobals)
    TX_ANA1                                  0x2000025c   Data          16  can_tx.o(.bss..L_MergedGlobals)
    TX_LED1_DC                               0x2000026c   Data          16  can_tx.o(.bss..L_MergedGlobals)
    TX_LED2_DC                               0x2000027c   Data          16  can_tx.o(.bss..L_MergedGlobals)
    TX_LED3_DC                               0x2000028c   Data          16  can_tx.o(.bss..L_MergedGlobals)
    TX_LED4_DC                               0x2000029c   Data          16  can_tx.o(.bss..L_MergedGlobals)
    CANdata                                  0x200002ac   Data          20  can_tx.o(.bss..L_MergedGlobals)
    id_task_switch                           0x200002c4   Data           4  switch_management.o(.bss..L_MergedGlobals)
    PushB_Q                                  0x200002c8   Data           4  switch_management.o(.bss..L_MergedGlobals)
    PB1                                      0x200002cc   Data          16  switch_management.o(.bss..L_MergedGlobals)
    CAN_RX_Delay                             0x200002dc   Data           2  timers_management.o(.bss..L_MergedGlobals)
    Error_Timer                              0x200002de   Data           2  timers_management.o(.bss..L_MergedGlobals)
    Timer_ms                                 0x200002e4   Data           4  timers_management.o(.bss..L_MergedGlobals)
    id_Task_LED01                            0x200002e8   Data           4  led_management.o(.bss..L_MergedGlobals)
    id_Task_LED02                            0x200002ec   Data           4  led_management.o(.bss..L_MergedGlobals)
    id_Task_LED03                            0x200002f0   Data           4  led_management.o(.bss..L_MergedGlobals)
    id_Task_LED04                            0x200002f4   Data           4  led_management.o(.bss..L_MergedGlobals)
    LED01                                    0x200002f8   Data           8  led_management.o(.bss..L_MergedGlobals)
    LED02                                    0x20000300   Data           8  led_management.o(.bss..L_MergedGlobals)
    LED03                                    0x20000308   Data           8  led_management.o(.bss..L_MergedGlobals)
    LED04                                    0x20000310   Data           8  led_management.o(.bss..L_MergedGlobals)
    hCAN2                                    0x20000318   Data          40  can_ll_management.o(.bss..L_MergedGlobals.1)
    CAN1_BusInfo                             0x20000340   Data          64  can_ll_management.o(.bss..L_MergedGlobals.1)
    CAN1_RX_bank                             0x200003e0   Data           0  can_rx.o(.bss.CAN1_RX_bank)
    CAN2_BusInfo                             0x200003e0   Data          64  can_ll_management.o(.bss.CAN2_BusInfo)
    CAN2_RX_bank                             0x20000420   Data          24  can_rx.o(.bss.CAN2_RX_bank)
    HTX_Diag                                 0x200004a0   Data          24  can_tx.o(.bss.HTX_Diag)
    hiwdg                                    0x200004bc   Data          12  iwdg.o(.bss.hiwdg)
    htim4                                    0x200004c8   Data          64  timers_management.o(.bss.htim4)
    id_task_Filtering                        0x20000548   Data           4  analog_management.o(.bss.id_task_Filtering)
    .bss.os.msgqueue.cb$$Base                0x20008590   Number         0  rtx_lib.o(.bss.os.msgqueue.cb)
    .bss.os.msgqueue.cb$$Limit               0x200085c4   Number         0  rtx_lib.o(.bss.os.msgqueue.cb)
    .bss.os.thread.cb$$Base                  0x20008614   Number         0  rtx_lib.o(.bss.os.thread.cb)
    .bss.os.thread.cb$$Limit                 0x2000869c   Number         0  rtx_lib.o(.bss.os.thread.cb)



==============================================================================

Memory Map of the image

  Image Entry point : 0x08000231

  Load Region LR_1 (Base: 0x08000000, Size: 0x00005cc0, Max: 0xffffffff, ABSOLUTE)

    Execution Region ER_RO (Exec base: 0x08000000, Load base: 0x08000000, Size: 0x00005c0c, Max: 0xffffffff, ABSOLUTE)

    Exec Addr    Load Addr    Size         Type   Attr      Idx    E Section Name        Object

    0x08000000   0x08000000   0x00000188   Data   RO         2559    RESET               startup_stm32f407xx.o
    0x08000188   0x08000188   0x00000008   Code   RO         3104  * !!!main             c_w.l(__main.o)
    0x08000190   0x08000190   0x00000034   Code   RO         3406    !!!scatter          c_w.l(__scatter.o)
    0x080001c4   0x080001c4   0x0000001a   Code   RO         3408    !!handler_copy      c_w.l(__scatter_copy.o)
    0x080001de   0x080001de   0x00000002   PAD
    0x080001e0   0x080001e0   0x0000001c   Code   RO         3410    !!handler_zi        c_w.l(__scatter_zi.o)
    0x080001fc   0x080001fc   0x00000002   Code   RO         3273    .ARM.Collect$$libinit$$00000000  c_w.l(libinit.o)
    0x080001fe   0x080001fe   0x00000004   Code   RO         3282    .ARM.Collect$$libinit$$00000001  c_w.l(libinit2.o)
    0x08000202   0x08000202   0x00000000   Code   RO         3285    .ARM.Collect$$libinit$$00000004  c_w.l(libinit2.o)
    0x08000202   0x08000202   0x00000000   Code   RO         3288    .ARM.Collect$$libinit$$0000000A  c_w.l(libinit2.o)
    0x08000202   0x08000202   0x00000000   Code   RO         3290    .ARM.Collect$$libinit$$0000000C  c_w.l(libinit2.o)
    0x08000202   0x08000202   0x00000000   Code   RO         3292    .ARM.Collect$$libinit$$0000000E  c_w.l(libinit2.o)
    0x08000202   0x08000202   0x00000000   Code   RO         3295    .ARM.Collect$$libinit$$00000011  c_w.l(libinit2.o)
    0x08000202   0x08000202   0x00000000   Code   RO         3297    .ARM.Collect$$libinit$$00000013  c_w.l(libinit2.o)
    0x08000202   0x08000202   0x00000000   Code   RO         3299    .ARM.Collect$$libinit$$00000015  c_w.l(libinit2.o)
    0x08000202   0x08000202   0x00000000   Code   RO         3301    .ARM.Collect$$libinit$$00000017  c_w.l(libinit2.o)
    0x08000202   0x08000202   0x00000000   Code   RO         3303    .ARM.Collect$$libinit$$00000019  c_w.l(libinit2.o)
    0x08000202   0x08000202   0x00000000   Code   RO         3305    .ARM.Collect$$libinit$$0000001B  c_w.l(libinit2.o)
    0x08000202   0x08000202   0x00000000   Code   RO         3307    .ARM.Collect$$libinit$$0000001D  c_w.l(libinit2.o)
    0x08000202   0x08000202   0x00000000   Code   RO         3309    .ARM.Collect$$libinit$$0000001F  c_w.l(libinit2.o)
    0x08000202   0x08000202   0x00000000   Code   RO         3311    .ARM.Collect$$libinit$$00000021  c_w.l(libinit2.o)
    0x08000202   0x08000202   0x00000000   Code   RO         3313    .ARM.Collect$$libinit$$00000023  c_w.l(libinit2.o)
    0x08000202   0x08000202   0x00000000   Code   RO         3315    .ARM.Collect$$libinit$$00000025  c_w.l(libinit2.o)
    0x08000202   0x08000202   0x00000000   Code   RO         3319    .ARM.Collect$$libinit$$0000002C  c_w.l(libinit2.o)
    0x08000202   0x08000202   0x00000000   Code   RO         3321    .ARM.Collect$$libinit$$0000002E  c_w.l(libinit2.o)
    0x08000202   0x08000202   0x00000000   Code   RO         3323    .ARM.Collect$$libinit$$00000030  c_w.l(libinit2.o)
    0x08000202   0x08000202   0x00000000   Code   RO         3325    .ARM.Collect$$libinit$$00000032  c_w.l(libinit2.o)
    0x08000202   0x08000202   0x00000002   Code   RO         3326    .ARM.Collect$$libinit$$00000033  c_w.l(libinit2.o)
    0x08000204   0x08000204   0x00000002   Code   RO         3361    .ARM.Collect$$libshutdown$$00000000  c_w.l(libshutdown.o)
    0x08000206   0x08000206   0x00000000   Code   RO         3389    .ARM.Collect$$libshutdown$$00000002  c_w.l(libshutdown2.o)
    0x08000206   0x08000206   0x00000000   Code   RO         3391    .ARM.Collect$$libshutdown$$00000004  c_w.l(libshutdown2.o)
    0x08000206   0x08000206   0x00000000   Code   RO         3394    .ARM.Collect$$libshutdown$$00000007  c_w.l(libshutdown2.o)
    0x08000206   0x08000206   0x00000000   Code   RO         3397    .ARM.Collect$$libshutdown$$0000000A  c_w.l(libshutdown2.o)
    0x08000206   0x08000206   0x00000000   Code   RO         3399    .ARM.Collect$$libshutdown$$0000000C  c_w.l(libshutdown2.o)
    0x08000206   0x08000206   0x00000000   Code   RO         3402    .ARM.Collect$$libshutdown$$0000000F  c_w.l(libshutdown2.o)
    0x08000206   0x08000206   0x00000002   Code   RO         3403    .ARM.Collect$$libshutdown$$00000010  c_w.l(libshutdown2.o)
    0x08000208   0x08000208   0x00000000   Code   RO         3174    .ARM.Collect$$rtentry$$00000000  c_w.l(__rtentry.o)
    0x08000208   0x08000208   0x00000000   Code   RO         3234    .ARM.Collect$$rtentry$$00000002  c_w.l(__rtentry2.o)
    0x08000208   0x08000208   0x00000006   Code   RO         3246    .ARM.Collect$$rtentry$$00000004  c_w.l(__rtentry4.o)
    0x0800020e   0x0800020e   0x00000008   Code   RO         3235    .ARM.Collect$$rtentry$$00000008  c_w.l(__rtentry2.o)
    0x08000216   0x08000216   0x00000004   Code   RO         3237    .ARM.Collect$$rtentry$$0000000A  c_w.l(__rtentry2.o)
    0x0800021a   0x0800021a   0x00000000   Code   RO         3239    .ARM.Collect$$rtentry$$0000000C  c_w.l(__rtentry2.o)
    0x0800021a   0x0800021a   0x00000008   Code   RO         3240    .ARM.Collect$$rtentry$$0000000D  c_w.l(__rtentry2.o)
    0x08000222   0x08000222   0x00000002   Code   RO         3274    .ARM.Collect$$rtexit$$00000000  c_w.l(rtexit.o)
    0x08000224   0x08000224   0x00000000   Code   RO         3332    .ARM.Collect$$rtexit$$00000002  c_w.l(rtexit2.o)
    0x08000224   0x08000224   0x00000004   Code   RO         3333    .ARM.Collect$$rtexit$$00000003  c_w.l(rtexit2.o)
    0x08000228   0x08000228   0x00000006   Code   RO         3334    .ARM.Collect$$rtexit$$00000004  c_w.l(rtexit2.o)
    0x0800022e   0x0800022e   0x00000002   PAD
    0x08000230   0x08000230   0x00000040   Code   RO         2560  * .text               startup_stm32f407xx.o
    0x08000270   0x08000270   0x000000c4   Code   RO         3024    .text               RTX_CM4F.lib(irq_cm4f.o)
    0x08000334   0x08000334   0x000000f0   Code   RO         3088    .text               c_w.l(lludivv7m.o)
    0x08000424   0x08000424   0x0000008a   Code   RO         3092    .text               c_w.l(rt_memcpy_v6.o)
    0x080004ae   0x080004ae   0x00000064   Code   RO         3094    .text               c_w.l(rt_memcpy_w.o)
    0x08000512   0x08000512   0x00000044   Code   RO         3098    .text               c_w.l(rt_memclr.o)
    0x08000556   0x08000556   0x0000004e   Code   RO         3100    .text               c_w.l(rt_memclr_w.o)
    0x080005a4   0x080005a4   0x00000006   Code   RO         3102    .text               c_w.l(heapauxi.o)
    0x080005aa   0x080005aa   0x00000002   PAD
    0x080005ac   0x080005ac   0x00000008   Code   RO         3259    .text               c_w.l(libspace.o)
    0x080005b4   0x080005b4   0x0000004a   Code   RO         3262    .text               c_w.l(sys_stackheap_outer.o)
    0x080005fe   0x080005fe   0x00000012   Code   RO         3264    .text               c_w.l(exit.o)
    0x08000610   0x08000610   0x0000000c   Code   RO         3327    .text               c_w.l(sys_exit.o)
    0x0800061c   0x0800061c   0x00000002   Code   RO         3350    .text               c_w.l(use_no_semi.o)
    0x0800061e   0x0800061e   0x00000000   Code   RO         3352    .text               c_w.l(indicate_semi.o)
    0x0800061e   0x0800061e   0x00000002   PAD
    0x08000620   0x08000620   0x0000006e   Code   RO         1463    .text.ADC_DMAConvCplt  stm32f4xx_hal_adc.o
    0x0800068e   0x0800068e   0x00000002   PAD
    0x08000690   0x08000690   0x00000012   Code   RO         1467    .text.ADC_DMAError  stm32f4xx_hal_adc.o
    0x080006a2   0x080006a2   0x00000002   PAD
    0x080006a4   0x080006a4   0x00000006   Code   RO         1465    .text.ADC_DMAHalfConvCplt  stm32f4xx_hal_adc.o
    0x080006aa   0x080006aa   0x00000002   PAD
    0x080006ac   0x080006ac   0x00000016   Code   RO           12    .text.ADC_factor    analog_management.o
    0x080006c2   0x080006c2   0x00000002   PAD
    0x080006c4   0x080006c4   0x00000178   Code   RO            2    .text.Analog_init   analog_management.o
    0x0800083c   0x0800083c   0x00000074   Code   RO           47    .text.CAN1_RX0_IRQHandler  can_ll_management.o
    0x080008b0   0x080008b0   0x00000074   Code   RO           49    .text.CAN1_RX1_IRQHandler  can_ll_management.o
    0x08000924   0x08000924   0x0000001a   Code   RO           51    .text.CAN1_SCE_IRQHandler  can_ll_management.o
    0x0800093e   0x0800093e   0x00000002   PAD
    0x08000940   0x08000940   0x0000008c   Code   RO           45    .text.CAN1_TX_IRQHandler  can_ll_management.o
    0x080009cc   0x080009cc   0x00000080   Code   RO           57    .text.CAN2_RX0_IRQHandler  can_ll_management.o
    0x08000a4c   0x08000a4c   0x00000080   Code   RO           59    .text.CAN2_RX1_IRQHandler  can_ll_management.o
    0x08000acc   0x08000acc   0x00000018   Code   RO           61    .text.CAN2_SCE_IRQHandler  can_ll_management.o
    0x08000ae4   0x08000ae4   0x000000aa   Code   RO           55    .text.CAN2_TX_IRQHandler  can_ll_management.o
    0x08000b8e   0x08000b8e   0x00000002   PAD
    0x08000b90   0x08000b90   0x0000019a   Code   RO           53    .text.CAN_CheckError1  can_ll_management.o
    0x08000d2a   0x08000d2a   0x00000002   PAD
    0x08000d2c   0x08000d2c   0x00000214   Code   RO           29    .text.CAN_Config    can_ll_management.o
    0x08000f40   0x08000f40   0x000000c4   Code   RO           31    .text.CAN_RX_Init   can_ll_management.o
    0x08001004   0x08001004   0x00000082   Code   RO           86    .text.CAN_RX_def    can_rx.o
    0x08001086   0x08001086   0x00000002   PAD
    0x08001088   0x08001088   0x00000154   Code   RO           98    .text.CAN_TX_def    can_tx.o
    0x080011dc   0x080011dc   0x000003ea   Code   RO           35    .text.CAN_Transmit  can_ll_management.o
    0x080015c6   0x080015c6   0x00000002   PAD
    0x080015c8   0x080015c8   0x0000000e   Code   RO            6    .text.DMA2_Stream0_IRQHandler  analog_management.o
    0x080015d6   0x080015d6   0x00000002   PAD
    0x080015d8   0x080015d8   0x00000038   Code   RO          131    .text.EXTI0_IRQHandler  switch_management.o
    0x08001610   0x08001610   0x00000002   Code   RO          150    .text.Error_Handler  main.o
    0x08001612   0x08001612   0x00000002   PAD
    0x08001614   0x08001614   0x00000098   Code   RO          108    .text.GPIO_init     gpio_management.o
    0x080016ac   0x080016ac   0x00000140   Code   RO         1475    .text.HAL_ADC_ConfigChannel  stm32f4xx_hal_adc.o
    0x080017ec   0x080017ec   0x00000002   Code   RO         1455    .text.HAL_ADC_ConvCpltCallback  stm32f4xx_hal_adc.o
    0x080017ee   0x080017ee   0x00000002   PAD
    0x080017f0   0x080017f0   0x00000002   Code   RO         1473    .text.HAL_ADC_ConvHalfCpltCallback  stm32f4xx_hal_adc.o
    0x080017f2   0x080017f2   0x00000002   PAD
    0x080017f4   0x080017f4   0x00000002   Code   RO         1459    .text.HAL_ADC_ErrorCallback  stm32f4xx_hal_adc.o
    0x080017f6   0x080017f6   0x00000002   PAD
    0x080017f8   0x080017f8   0x0000015e   Code   RO         1433    .text.HAL_ADC_Init  stm32f4xx_hal_adc.o
    0x08001956   0x08001956   0x00000002   PAD
    0x08001958   0x08001958   0x00000002   Code   RO         1435    .text.HAL_ADC_MspInit  stm32f4xx_hal_adc.o
    0x0800195a   0x0800195a   0x00000002   PAD
    0x0800195c   0x0800195c   0x00000182   Code   RO         1461    .text.HAL_ADC_Start_DMA  stm32f4xx_hal_adc.o
    0x08001ade   0x08001ade   0x00000002   PAD
    0x08001ae0   0x08001ae0   0x000000bc   Code   RO         1549    .text.HAL_CAN_AddTxMessage  stm32f4xx_hal_can.o
    0x08001b9c   0x08001b9c   0x000000de   Code   RO         1539    .text.HAL_CAN_ConfigFilter  stm32f4xx_hal_can.o
    0x08001c7a   0x08001c7a   0x00000002   PAD
    0x08001c7c   0x08001c7c   0x0000011e   Code   RO         1559    .text.HAL_CAN_GetRxMessage  stm32f4xx_hal_can.o
    0x08001d9a   0x08001d9a   0x00000002   PAD
    0x08001d9c   0x08001d9c   0x000000f4   Code   RO         1529    .text.HAL_CAN_Init  stm32f4xx_hal_can.o
    0x08001e90   0x08001e90   0x00000020   Code   RO         1555    .text.HAL_CAN_IsTxMessagePending  stm32f4xx_hal_can.o
    0x08001eb0   0x08001eb0   0x00000002   Code   RO         1531    .text.HAL_CAN_MspInit  stm32f4xx_hal_can.o
    0x08001eb2   0x08001eb2   0x00000002   PAD
    0x08001eb4   0x08001eb4   0x0000005a   Code   RO         1541    .text.HAL_CAN_Start  stm32f4xx_hal_can.o
    0x08001f0e   0x08001f0e   0x00000002   PAD
    0x08001f10   0x08001f10   0x0000005e   Code   RO         1535    .text.HAL_CAN_Stop  stm32f4xx_hal_can.o
    0x08001f6e   0x08001f6e   0x00000002   PAD
    0x08001f70   0x08001f70   0x000001c0   Code   RO         1669    .text.HAL_DMA_IRQHandler  stm32f4xx_hal_dma.o
    0x08002130   0x08002130   0x00000162   Code   RO         1655    .text.HAL_DMA_Init  stm32f4xx_hal_dma.o
    0x08002292   0x08002292   0x00000002   PAD
    0x08002294   0x08002294   0x0000009e   Code   RO         1661    .text.HAL_DMA_Start_IT  stm32f4xx_hal_dma.o
    0x08002332   0x08002332   0x00000002   PAD
    0x08002334   0x08002334   0x000001b2   Code   RO         1728    .text.HAL_GPIO_Init  stm32f4xx_hal_gpio.o
    0x080024e6   0x080024e6   0x00000002   PAD
    0x080024e8   0x080024e8   0x0000000a   Code   RO         1732    .text.HAL_GPIO_ReadPin  stm32f4xx_hal_gpio.o
    0x080024f2   0x080024f2   0x00000002   PAD
    0x080024f4   0x080024f4   0x0000000c   Code   RO          161    .text.HAL_GetTick   timers_management.o
    0x08002500   0x08002500   0x00000046   Code   RO         1878    .text.HAL_IWDG_Init  stm32f4xx_hal_iwdg.o
    0x08002546   0x08002546   0x00000002   PAD
    0x08002548   0x08002548   0x0000000c   Code   RO         1880    .text.HAL_IWDG_Refresh  stm32f4xx_hal_iwdg.o
    0x08002554   0x08002554   0x00000048   Code   RO         1371    .text.HAL_InitTick  stm32f4xx_hal.o
    0x0800259c   0x0800259c   0x00000020   Code   RO         1613    .text.HAL_NVIC_EnableIRQ  stm32f4xx_hal_cortex.o
    0x080025bc   0x080025bc   0x00000056   Code   RO         1611    .text.HAL_NVIC_SetPriority  stm32f4xx_hal_cortex.o
    0x08002612   0x08002612   0x00000002   PAD
    0x08002614   0x08002614   0x00000020   Code   RO         1609    .text.HAL_NVIC_SetPriorityGrouping  stm32f4xx_hal_cortex.o
    0x08002634   0x08002634   0x00000160   Code   RO         1956    .text.HAL_RCC_ClockConfig  stm32f4xx_hal_rcc.o
    0x08002794   0x08002794   0x0000003e   Code   RO         1974    .text.HAL_RCC_GetClockConfig  stm32f4xx_hal_rcc.o
    0x080027d2   0x080027d2   0x00000002   PAD
    0x080027d4   0x080027d4   0x00000026   Code   RO         1968    .text.HAL_RCC_GetPCLK1Freq  stm32f4xx_hal_rcc.o
    0x080027fa   0x080027fa   0x00000002   PAD
    0x080027fc   0x080027fc   0x0000006a   Code   RO         1958    .text.HAL_RCC_GetSysClockFreq  stm32f4xx_hal_rcc.o
    0x08002866   0x08002866   0x00000002   PAD
    0x08002868   0x08002868   0x00000364   Code   RO         1954    .text.HAL_RCC_OscConfig  stm32f4xx_hal_rcc.o
    0x08002bcc   0x08002bcc   0x0000002c   Code   RO         1621    .text.HAL_SYSTICK_Config  stm32f4xx_hal_cortex.o
    0x08002bf8   0x08002bf8   0x000000b6   Code   RO         2536    .text.HAL_TIMEx_MasterConfigSynchronization  stm32f4xx_hal_tim_ex.o
    0x08002cae   0x08002cae   0x00000002   PAD
    0x08002cb0   0x08002cb0   0x00000036   Code   RO         2256    .text.HAL_TIM_Base_Init  stm32f4xx_hal_tim.o
    0x08002ce6   0x08002ce6   0x00000002   PAD
    0x08002ce8   0x08002ce8   0x00000002   Code   RO         2258    .text.HAL_TIM_Base_MspInit  stm32f4xx_hal_tim.o
    0x08002cea   0x08002cea   0x00000002   PAD
    0x08002cec   0x08002cec   0x00000020   Code   RO         2270    .text.HAL_TIM_Base_Start_IT  stm32f4xx_hal_tim.o
    0x08002d0c   0x08002d0c   0x0000021c   Code   RO         2410    .text.HAL_TIM_PWM_ConfigChannel  stm32f4xx_hal_tim.o
    0x08002f28   0x08002f28   0x00000036   Code   RO         2310    .text.HAL_TIM_PWM_Init  stm32f4xx_hal_tim.o
    0x08002f5e   0x08002f5e   0x00000002   PAD
    0x08002f60   0x08002f60   0x00000002   Code   RO         2312    .text.HAL_TIM_PWM_MspInit  stm32f4xx_hal_tim.o
    0x08002f62   0x08002f62   0x00000002   PAD
    0x08002f64   0x08002f64   0x0000004c   Code   RO         2318    .text.HAL_TIM_PWM_Start  stm32f4xx_hal_tim.o
    0x08002fb0   0x08002fb0   0x0000003e   Code   RO          120    .text.IWDG_Init     iwdg.o
    0x08002fee   0x08002fee   0x00000002   PAD
    0x08002ff0   0x08002ff0   0x00000060   Code   RO          187    .text.LED_Init      led_management.o
    0x08003050   0x08003050   0x00000040   Code   RO         3007    .text.MessageQueueGet  RTX_CM4F.lib(rtx_msgqueue.o)
    0x08003090   0x08003090   0x00000058   Code   RO         3001    .text.MessageQueuePut  RTX_CM4F.lib(rtx_msgqueue.o)
    0x080030e8   0x080030e8   0x0000001c   Code   RO         2999    .text.MessageQueueRemove  RTX_CM4F.lib(rtx_msgqueue.o)
    0x08003104   0x08003104   0x00000008   Code   RO         3065    .text.OS_Tick_AcknowledgeIRQ  RTX_CM4F.lib(os_systick.o)
    0x0800310c   0x0800310c   0x00000024   Code   RO         3061    .text.OS_Tick_Enable  RTX_CM4F.lib(os_systick.o)
    0x08003130   0x08003130   0x00000006   Code   RO         3067    .text.OS_Tick_GetIRQn  RTX_CM4F.lib(os_systick.o)
    0x08003136   0x08003136   0x00000002   PAD
    0x08003138   0x08003138   0x00000040   Code   RO         3059    .text.OS_Tick_Setup  RTX_CM4F.lib(os_systick.o)
    0x08003178   0x08003178   0x00000112   Code   RO          169    .text.PWM_TIM4_Init  timers_management.o
    0x0800328a   0x0800328a   0x00000002   PAD
    0x0800328c   0x0800328c   0x00000054   Code   RO          110    .text.Set_DutyCycle  gpio_management.o
    0x080032e0   0x080032e0   0x00000086   Code   RO          129    .text.Switch_Init   switch_management.o
    0x08003366   0x08003366   0x00000002   PAD
    0x08003368   0x08003368   0x0000007c   Code   RO         2569    .text.SystemCoreClockUpdate  system_stm32f4xx.o
    0x080033e4   0x080033e4   0x0000001a   Code   RO         2567    .text.SystemInit    system_stm32f4xx.o
    0x080033fe   0x080033fe   0x00000002   PAD
    0x08003400   0x08003400   0x000000b6   Code   RO           65    .text.TASK_CAN1_TX  can_ll_management.o
    0x080034b6   0x080034b6   0x00000002   PAD
    0x080034b8   0x080034b8   0x00000378   Code   RO           43    .text.TASK_CAN2_RX  can_ll_management.o
    0x08003830   0x08003830   0x00000136   Code   RO           14    .text.TASK_Filtering  analog_management.o
    0x08003966   0x08003966   0x00000002   PAD
    0x08003968   0x08003968   0x00000066   Code   RO          189    .text.TASK_LED      led_management.o
    0x080039ce   0x080039ce   0x00000002   PAD
    0x080039d0   0x080039d0   0x00000068   Code   RO          133    .text.TASK_Switch   switch_management.o
    0x08003a38   0x08003a38   0x00000034   Code   RO          173    .text.TIM5_IRQHandler  timers_management.o
    0x08003a6c   0x08003a6c   0x0000025c   Code   RO          167    .text.TIM7_IRQHandler  timers_management.o
    0x08003cc8   0x08003cc8   0x0000013c   Code   RO         2260    .text.TIM_Base_SetConfig  stm32f4xx_hal_tim.o
    0x08003e04   0x08003e04   0x0000006e   Code   RO         2729    .text.ThreadFlagsCheck  RTX_CM4F.lib(rtx_thread.o)
    0x08003e72   0x08003e72   0x00000002   PAD
    0x08003e74   0x08003e74   0x00000080   Code   RO          165    .text.TimeBase_Timer_Config  timers_management.o
    0x08003ef4   0x08003ef4   0x00000044   Code   RO         2815    .text.TimerInsert   RTX_CM4F.lib(rtx_timer.o)
    0x08003f38   0x08003f38   0x00000036   Code   RO         1331    .text._mutex_acquire  rtx_lib.o
    0x08003f6e   0x08003f6e   0x00000002   PAD
    0x08003f70   0x08003f70   0x00000006   Code   RO         1335    .text._mutex_free   rtx_lib.o
    0x08003f76   0x08003f76   0x00000002   PAD
    0x08003f78   0x08003f78   0x00000020   Code   RO         1329    .text._mutex_initialize  rtx_lib.o
    0x08003f98   0x08003f98   0x00000032   Code   RO         1333    .text._mutex_release  rtx_lib.o
    0x08003fca   0x08003fca   0x00000002   PAD
    0x08003fcc   0x08003fcc   0x00000004   Code   RO         1325    .text._platform_post_stackheap_init  rtx_lib.o
    0x08003fd0   0x08003fd0   0x000001ae   Code   RO          148    .text.app_main      main.o
    0x0800417e   0x0800417e   0x00000002   PAD
    0x08004180   0x08004180   0x000000c6   Code   RO          144    .text.main          main.o
    0x08004246   0x08004246   0x00000002   PAD
    0x08004248   0x08004248   0x00000024   Code   RO         2782    .text.osDelay       RTX_CM4F.lib(rtx_delay.o)
    0x0800426c   0x0800426c   0x00000030   Code   RO         2590    .text.osKernelGetState  RTX_CM4F.lib(rtx_kernel.o)
    0x0800429c   0x0800429c   0x0000002c   Code   RO         2584    .text.osKernelInitialize  RTX_CM4F.lib(rtx_kernel.o)
    0x080042c8   0x080042c8   0x00000024   Code   RO         2594    .text.osKernelStart  RTX_CM4F.lib(rtx_kernel.o)
    0x080042ec   0x080042ec   0x0000006c   Code   RO         2973    .text.osMessageQueueGet  RTX_CM4F.lib(rtx_msgqueue.o)
    0x08004358   0x08004358   0x00000024   Code   RO         2967    .text.osMessageQueueNew  RTX_CM4F.lib(rtx_msgqueue.o)
    0x0800437c   0x0800437c   0x00000078   Code   RO         2971    .text.osMessageQueuePut  RTX_CM4F.lib(rtx_msgqueue.o)
    0x080043f4   0x080043f4   0x00000024   Code   RO         2848    .text.osMutexAcquire  RTX_CM4F.lib(rtx_mutex.o)
    0x08004418   0x08004418   0x00000024   Code   RO         2854    .text.osMutexDelete  RTX_CM4F.lib(rtx_mutex.o)
    0x0800443c   0x0800443c   0x00000024   Code   RO         2844    .text.osMutexNew    RTX_CM4F.lib(rtx_mutex.o)
    0x08004460   0x08004460   0x00000024   Code   RO         2850    .text.osMutexRelease  RTX_CM4F.lib(rtx_mutex.o)
    0x08004484   0x08004484   0x00000002   Code   RO         1360    .text.osRtxErrorNotify  rtx_config.o
    0x08004486   0x08004486   0x00000002   PAD
    0x08004488   0x08004488   0x00000002   Code   RO         1358    .text.osRtxIdleThread  rtx_config.o
    0x0800448a   0x0800448a   0x00000002   Code   RO         2582    .text.osRtxKernelPreInit  RTX_CM4F.lib(rtx_kernel.o)
    0x0800448c   0x0800448c   0x00000070   Code   RO         3031    .text.osRtxMemoryAlloc  RTX_CM4F.lib(rtx_memory.o)
    0x080044fc   0x080044fc   0x00000046   Code   RO         3033    .text.osRtxMemoryFree  RTX_CM4F.lib(rtx_memory.o)
    0x08004542   0x08004542   0x0000003c   Code   RO         3029    .text.osRtxMemoryInit  RTX_CM4F.lib(rtx_memory.o)
    0x0800457e   0x0800457e   0x0000003a   Code   RO         2916    .text.osRtxMemoryPoolAlloc  RTX_CM4F.lib(rtx_mempool.o)
    0x080045b8   0x080045b8   0x0000004a   Code   RO         2918    .text.osRtxMemoryPoolFree  RTX_CM4F.lib(rtx_mempool.o)
    0x08004602   0x08004602   0x00000036   Code   RO         2914    .text.osRtxMemoryPoolInit  RTX_CM4F.lib(rtx_mempool.o)
    0x08004638   0x08004638   0x000000ba   Code   RO         2997    .text.osRtxMessageQueuePostProcess  RTX_CM4F.lib(rtx_msgqueue.o)
    0x080046f2   0x080046f2   0x00000048   Code   RO         2840    .text.osRtxMutexOwnerRelease  RTX_CM4F.lib(rtx_mutex.o)
    0x0800473a   0x0800473a   0x00000042   Code   RO         2842    .text.osRtxMutexOwnerRestore  RTX_CM4F.lib(rtx_mutex.o)
    0x0800477c   0x0800477c   0x00000088   Code   RO         3046    .text.osRtxPendSV_Handler  RTX_CM4F.lib(rtx_system.o)
    0x08004804   0x08004804   0x00000070   Code   RO         3048    .text.osRtxPostProcess  RTX_CM4F.lib(rtx_system.o)
    0x08004874   0x08004874   0x00000034   Code   RO         2669    .text.osRtxThreadBlock  RTX_CM4F.lib(rtx_thread.o)
    0x080048a8   0x080048a8   0x00000070   Code   RO         2677    .text.osRtxThreadDelayInsert  RTX_CM4F.lib(rtx_thread.o)
    0x08004918   0x08004918   0x00000038   Code   RO         2673    .text.osRtxThreadDelayRemove  RTX_CM4F.lib(rtx_thread.o)
    0x08004950   0x08004950   0x00000048   Code   RO         2657    .text.osRtxThreadDelayTick  RTX_CM4F.lib(rtx_thread.o)
    0x08004998   0x08004998   0x00000054   Code   RO         2667    .text.osRtxThreadDispatch  RTX_CM4F.lib(rtx_thread.o)
    0x080049ec   0x080049ec   0x00000054   Code   RO         2753    .text.osRtxThreadFree  RTX_CM4F.lib(rtx_thread.o)
    0x08004a40   0x08004a40   0x00000012   Code   RO         2649    .text.osRtxThreadListGet  RTX_CM4F.lib(rtx_thread.o)
    0x08004a52   0x08004a52   0x0000002c   Code   RO         2647    .text.osRtxThreadListPut  RTX_CM4F.lib(rtx_thread.o)
    0x08004a7e   0x08004a7e   0x00000014   Code   RO         2653    .text.osRtxThreadListRemove  RTX_CM4F.lib(rtx_thread.o)
    0x08004a92   0x08004a92   0x0000000c   Code   RO         2659    .text.osRtxThreadListRoot  RTX_CM4F.lib(rtx_thread.o)
    0x08004a9e   0x08004a9e   0x00000026   Code   RO         2651    .text.osRtxThreadListSort  RTX_CM4F.lib(rtx_thread.o)
    0x08004ac4   0x08004ac4   0x00000028   Code   RO         2727    .text.osRtxThreadPostProcess  RTX_CM4F.lib(rtx_thread.o)
    0x08004aec   0x08004aec   0x00000010   Code   RO         2655    .text.osRtxThreadReadyPut  RTX_CM4F.lib(rtx_thread.o)
    0x08004afc   0x08004afc   0x00000014   Code   RO         2661    .text.osRtxThreadRegPtr  RTX_CM4F.lib(rtx_thread.o)
    0x08004b10   0x08004b10   0x00000028   Code   RO         2665    .text.osRtxThreadStackCheck  RTX_CM4F.lib(rtx_thread.o)
    0x08004b38   0x08004b38   0x00000038   Code   RO         2679    .text.osRtxThreadStartup  RTX_CM4F.lib(rtx_thread.o)
    0x08004b70   0x08004b70   0x0000000c   Code   RO         2663    .text.osRtxThreadSwitch  RTX_CM4F.lib(rtx_thread.o)
    0x08004b7c   0x08004b7c   0x00000038   Code   RO         2675    .text.osRtxThreadWaitEnter  RTX_CM4F.lib(rtx_thread.o)
    0x08004bb4   0x08004bb4   0x00000032   Code   RO         2671    .text.osRtxThreadWaitExit  RTX_CM4F.lib(rtx_thread.o)
    0x08004be6   0x08004be6   0x00000002   PAD
    0x08004be8   0x08004be8   0x00000070   Code   RO         3044    .text.osRtxTick_Handler  RTX_CM4F.lib(rtx_system.o)
    0x08004c58   0x08004c58   0x0000003c   Code   RO         2799    .text.osRtxTimerThread  RTX_CM4F.lib(rtx_timer.o)
    0x08004c94   0x08004c94   0x00000054   Code   RO         2801    .text.osRtxTimerTick  RTX_CM4F.lib(rtx_timer.o)
    0x08004ce8   0x08004ce8   0x0000000c   Code   RO         2711    .text.osThreadExit  RTX_CM4F.lib(rtx_thread.o)
    0x08004cf4   0x08004cf4   0x00000024   Code   RO         2721    .text.osThreadFlagsClear  RTX_CM4F.lib(rtx_thread.o)
    0x08004d18   0x08004d18   0x00000058   Code   RO         2719    .text.osThreadFlagsSet  RTX_CM4F.lib(rtx_thread.o)
    0x08004d70   0x08004d70   0x00000024   Code   RO         2725    .text.osThreadFlagsWait  RTX_CM4F.lib(rtx_thread.o)
    0x08004d94   0x08004d94   0x00000024   Code   RO         2683    .text.osThreadNew   RTX_CM4F.lib(rtx_thread.o)
    0x08004db8   0x08004db8   0x00000024   Code   RO         2697    .text.osThreadSetPriority  RTX_CM4F.lib(rtx_thread.o)
    0x08004ddc   0x08004ddc   0x0000024c   Code   RO           10    .text.real_conversion  analog_management.o
    0x08005028   0x08005028   0x00000014   Code   RO         2786    .text.svcRtxDelay   RTX_CM4F.lib(rtx_delay.o)
    0x0800503c   0x0800503c   0x0000000c   Code   RO         2592    .text.svcRtxKernelGetState  RTX_CM4F.lib(rtx_kernel.o)
    0x08005048   0x08005048   0x00000148   Code   RO         2622    .text.svcRtxKernelInitialize  RTX_CM4F.lib(rtx_kernel.o)
    0x08005190   0x08005190   0x00000084   Code   RO         2624    .text.svcRtxKernelStart  RTX_CM4F.lib(rtx_kernel.o)
    0x08005214   0x08005214   0x000000dc   Code   RO         3009    .text.svcRtxMessageQueueGet  RTX_CM4F.lib(rtx_msgqueue.o)
    0x080052f0   0x080052f0   0x00000130   Code   RO         2995    .text.svcRtxMessageQueueNew  RTX_CM4F.lib(rtx_msgqueue.o)
    0x08005420   0x08005420   0x000000bc   Code   RO         3005    .text.svcRtxMessageQueuePut  RTX_CM4F.lib(rtx_msgqueue.o)
    0x080054dc   0x080054dc   0x00000094   Code   RO         2860    .text.svcRtxMutexAcquire  RTX_CM4F.lib(rtx_mutex.o)
    0x08005570   0x08005570   0x000000ac   Code   RO         2866    .text.svcRtxMutexDelete  RTX_CM4F.lib(rtx_mutex.o)
    0x0800561c   0x0800561c   0x00000068   Code   RO         2856    .text.svcRtxMutexNew  RTX_CM4F.lib(rtx_mutex.o)
    0x08005684   0x08005684   0x000000b4   Code   RO         2862    .text.svcRtxMutexRelease  RTX_CM4F.lib(rtx_mutex.o)
    0x08005738   0x08005738   0x00000064   Code   RO         2757    .text.svcRtxThreadExit  RTX_CM4F.lib(rtx_thread.o)
    0x0800579c   0x0800579c   0x00000034   Code   RO         2767    .text.svcRtxThreadFlagsClear  RTX_CM4F.lib(rtx_thread.o)
    0x080057d0   0x080057d0   0x00000066   Code   RO         2765    .text.svcRtxThreadFlagsSet  RTX_CM4F.lib(rtx_thread.o)
    0x08005836   0x08005836   0x00000002   PAD
    0x08005838   0x08005838   0x0000004c   Code   RO         2771    .text.svcRtxThreadFlagsWait  RTX_CM4F.lib(rtx_thread.o)
    0x08005884   0x08005884   0x000001d0   Code   RO         2681    .text.svcRtxThreadNew  RTX_CM4F.lib(rtx_thread.o)
    0x08005a54   0x08005a54   0x0000004c   Code   RO         2739    .text.svcRtxThreadSetPriority  RTX_CM4F.lib(rtx_thread.o)
    0x08005aa0   0x08005aa0   0x0000001a   Code   RO         3344    x$fpl$fpinit        fz_wm.l(fpinit.o)
    0x08005aba   0x08005aba   0x00000002   PAD
    0x08005abc   0x08005abc   0x000000a0   Data   RO         1341    .rodata             rtx_lib.o
    0x08005b5c   0x08005b5c   0x00000010   Data   RO         2572    .rodata.AHBPrescTable  system_stm32f4xx.o
    0x08005b6c   0x08005b6c   0x00000008   Data   RO         2573    .rodata.APBPrescTable  system_stm32f4xx.o
    0x08005b74   0x08005b74   0x00000008   Data   RO         1679    .rodata.cst8        stm32f4xx_hal_dma.o
    0x08005b7c   0x08005b7c   0x00000004   Data   RO         1343    .rodata.osRtxUserSVC  rtx_lib.o
    0x08005b80   0x08005b80   0x00000024   Data   RO         1338    .rodata.os_idle_thread_attr  rtx_lib.o
    0x08005ba4   0x08005ba4   0x00000018   Data   RO         1340    .rodata.os_timer_mq_attr  rtx_lib.o
    0x08005bbc   0x08005bbc   0x00000024   Data   RO         1339    .rodata.os_timer_thread_attr  rtx_lib.o
    0x08005be0   0x08005be0   0x0000000b   Data   RO         2636    .rodata.str1.4      RTX_CM4F.lib(rtx_kernel.o)
    0x08005beb   0x08005beb   0x00000001   PAD
    0x08005bec   0x08005bec   0x00000020   Data   RO         3405    Region$$Table       anon$$obj.o


    Execution Region ER_RW (Exec base: 0x20000000, Load base: 0x08005c0c, Size: 0x000000b4, Max: 0xffffffff, ABSOLUTE)

    Exec Addr    Load Addr    Size         Type   Attr      Idx    E Section Name        Object

    0x20000000   0x08005c0c   0x00000008   Data   RW         1424    .data..L_MergedGlobals  stm32f4xx_hal.o
    0x20000008   0x08005c14   0x00000004   Data   RW           71    .data.CAN_Transmit.transmitmailbox  can_ll_management.o
    0x2000000c   0x08005c18   0x00000004   Data   RW         2571    .data.SystemCoreClock  system_stm32f4xx.o
    0x20000010   0x08005c1c   0x000000a4   Data   RW         2637    .data.os            RTX_CM4F.lib(rtx_kernel.o)


    Execution Region ER_ZI (Exec base: 0x200000b8, Load base: 0x08005cc0, Size: 0x00008ff0, Max: 0xffffffff, ABSOLUTE)

    Exec Addr    Load Addr    Size         Type   Attr      Idx    E Section Name        Object

    0x200000b8        -       0x00000060   Zero   RW         3260    .bss                c_w.l(libspace.o)
    0x20000118        -       0x00000070   Zero   RW           20    .bss..L_MergedGlobals  analog_management.o
    0x20000188        -       0x00000058   Zero   RW           76    .bss..L_MergedGlobals  can_ll_management.o
    0x200001e0        -       0x00000064   Zero   RW           91    .bss..L_MergedGlobals  can_rx.o
    0x20000244        -       0x0000007c   Zero   RW          101    .bss..L_MergedGlobals  can_tx.o
    0x200002c0        -       0x0000001c   Zero   RW          135    .bss..L_MergedGlobals  switch_management.o
    0x200002dc        -       0x0000000c   Zero   RW          178    .bss..L_MergedGlobals  timers_management.o
    0x200002e8        -       0x00000030   Zero   RW          191    .bss..L_MergedGlobals  led_management.o
    0x20000318        -       0x00000068   Zero   RW           77    .bss..L_MergedGlobals.1  can_ll_management.o
    0x20000380        -       0x00000060   Zero   RW           16    .bss.Analog_init.hdma_adc  analog_management.o
    0x200003e0        -       0x00000000   Zero   RW           89    .bss.CAN1_RX_bank   can_rx.o
    0x200003e0        -       0x00000040   Zero   RW           70    .bss.CAN2_BusInfo   can_ll_management.o
    0x20000420        -       0x00000018   Zero   RW           88    .bss.CAN2_RX_bank   can_rx.o
    0x20000438        -       0x00000066   Zero   RW           18    .bss.Filter_Buffer  analog_management.o
    0x2000049e   0x08005cc0   0x00000002   PAD
    0x200004a0        -       0x00000018   Zero   RW          100    .bss.HTX_Diag       can_tx.o
    0x200004b8        -       0x00000001   Zero   RW         3077    .bss.PendST         RTX_CM4F.lib(os_systick.o)
    0x200004b9   0x08005cc0   0x00000003   PAD
    0x200004bc        -       0x0000000c   Zero   RW          122    .bss.hiwdg          iwdg.o
    0x200004c8        -       0x00000040   Zero   RW          176    .bss.htim4          timers_management.o
    0x20000508        -       0x00000040   Zero   RW          175    .bss.htim7          timers_management.o
    0x20000548        -       0x00000004   Zero   RW           19    .bss.id_task_Filtering  analog_management.o
    0x2000054c   0x08005cc0   0x00000004   PAD
    0x20000550        -       0x00008040   Zero   RW         1337    .bss.os             rtx_lib.o
    0x20008590        -       0x00000034   Zero   RW         1347    .bss.os.msgqueue.cb  rtx_lib.o
    0x200085c4        -       0x00000050   Zero   RW         1348    .bss.os.msgqueue.mem  rtx_lib.o
    0x20008614        -       0x00000088   Zero   RW         1345    .bss.os.thread.cb   rtx_lib.o
    0x2000869c   0x08005cc0   0x00000004   PAD
    0x200086a0        -       0x00000400   Zero   RW         1346    .bss.os.thread.stack  rtx_lib.o
    0x20008aa0        -       0x00000001   Zero   RW         1349    .bss.os_kernel_is_active.os_kernel_active  rtx_lib.o
    0x20008aa1   0x08005cc0   0x00000007   PAD
    0x20008aa8        -       0x00000200   Zero   RW         2558    HEAP                startup_stm32f407xx.o
    0x20008ca8        -       0x00000400   Zero   RW         2557    STACK               startup_stm32f407xx.o


==============================================================================

Image component sizes


      Code (inc. data)   RO Data    RW Data    ZI Data      Debug   Object Name

      1310         36          0          0        314      10630   analog_management.o
      4058          8          0          4        256      18080   can_ll_management.o
       130          0          0          0        124       1774   can_rx.o
       340          0          0          0        148       2717   can_tx.o
       236          4          0          0          0       4996   gpio_management.o
        62          0          0          0         12       1336   iwdg.o
       198          0          0          0         48       4439   led_management.o
       630          0          0          0          0       4688   main.o
         4          0          0          0          0        556   rtx_config.o
       146          0        260          0      34125       7431   rtx_lib.o
        64         26        392          0       1536        888   startup_stm32f407xx.o
        72          0          0          8          0       7605   stm32f4xx_hal.o
      1198          0          0          0          0      11132   stm32f4xx_hal_adc.o
      1158          0          0          0          0      14051   stm32f4xx_hal_can.o
       194          0          0          0          0      10824   stm32f4xx_hal_cortex.o
       960          6          8          0          0      10620   stm32f4xx_hal_dma.o
       444          0          0          0          0       5819   stm32f4xx_hal_gpio.o
        82          0          0          0          0       1862   stm32f4xx_hal_iwdg.o
      1426          0          0          0          0       7585   stm32f4xx_hal_rcc.o
      1076          4          0          0          0      47394   stm32f4xx_hal_tim.o
       182          0          0          0          0      17539   stm32f4xx_hal_tim_ex.o
       294         16          0          0         28       5471   switch_management.o
       150          0         24          4          0       2742   system_stm32f4xx.o
      1070          0          0          0        140       8471   timers_management.o

    ----------------------------------------------------------------------
     15582        100        716         16      36748     208650   Object Totals
         0          0         32          0          0          0   (incl. Generated)
        98          0          0          0         17          0   (incl. Padding)

    ----------------------------------------------------------------------

      Code (inc. data)   RO Data    RW Data    ZI Data      Debug   Library Member Name

       196         12          0          0          0        540   irq_cm4f.o
       114         20          0          0          1       3108   os_systick.o
        56          4          0          0          0       2854   rtx_delay.o
       602         36         11        164          0      17231   rtx_kernel.o
       242          0          0          0          0       2478   rtx_memory.o
       186          0          0          0          0      16576   rtx_mempool.o
      1342         20          0          0          0      18694   rtx_msgqueue.o
       886         28          0          0          0      10004   rtx_mutex.o
       360         18          0          0          0       5437   rtx_system.o
      2106         72          0          0          0      32850   rtx_thread.o
       212         16          0          0          0      10445   rtx_timer.o
         8          0          0          0          0         68   __main.o
         0          0          0          0          0          0   __rtentry.o
        20          0          0          0          0          0   __rtentry2.o
         6          0          0          0          0          0   __rtentry4.o
        52          8          0          0          0          0   __scatter.o
        26          0          0          0          0          0   __scatter_copy.o
        28          0          0          0          0          0   __scatter_zi.o
        18          0          0          0          0         80   exit.o
         6          0          0          0          0        152   heapauxi.o
         0          0          0          0          0          0   indicate_semi.o
         2          0          0          0          0          0   libinit.o
         6          0          0          0          0          0   libinit2.o
         2          0          0          0          0          0   libshutdown.o
         2          0          0          0          0          0   libshutdown2.o
         8          4          0          0         96         68   libspace.o
       240          0          0          0          0        100   lludivv7m.o
        68          0          0          0          0         68   rt_memclr.o
        78          0          0          0          0         80   rt_memclr_w.o
       138          0          0          0          0         68   rt_memcpy_v6.o
       100          0          0          0          0         80   rt_memcpy_w.o
         2          0          0          0          0          0   rtexit.o
        10          0          0          0          0          0   rtexit2.o
        12          4          0          0          0         68   sys_exit.o
        74          0          0          0          0         80   sys_stackheap_outer.o
         2          0          0          0          0         68   use_no_semi.o
        26          0          0          0          0        116   fpinit.o

    ----------------------------------------------------------------------
      7254        242         12        164        100     121313   Library Totals
        18          0          1          0          3          0   (incl. Padding)

    ----------------------------------------------------------------------

      Code (inc. data)   RO Data    RW Data    ZI Data      Debug   Library Name

      6302        226         11        164          1     120217   RTX_CM4F.lib
       908         16          0          0         96        980   c_w.l
        26          0          0          0          0        116   fz_wm.l

    ----------------------------------------------------------------------
      7254        242         12        164        100     121313   Library Totals

    ----------------------------------------------------------------------

==============================================================================


      Code (inc. data)   RO Data    RW Data    ZI Data      Debug   

     22836        342        728        180      36848     328935   Grand Totals
     22836        342        728        180      36848     328935   ELF Image Totals
     22836        342        728        180          0          0   ROM Totals

==============================================================================

    Total RO  Size (Code + RO Data)                23564 (  23.01kB)
    Total RW  Size (RW Data + ZI Data)             37028 (  36.16kB)
    Total ROM Size (Code + RO Data + RW Data)      23744 (  23.19kB)

==============================================================================

