Archive member included because of file (symbol)

c:/dave/dave-ide-4.4.2-64bit/eclipse/arm-gcc-49/bin/../lib/gcc/arm-none-eabi/4.9.3/armv7e-m/softfp\libgcc.a(_aeabi_uldivmod.o)
                              ./Dave/Generated/TIMER/timer.o (__aeabi_uldivmod)
c:/dave/dave-ide-4.4.2-64bit/eclipse/arm-gcc-49/bin/../lib/gcc/arm-none-eabi/4.9.3/armv7e-m/softfp\libgcc.a(bpabi.o)
                              c:/dave/dave-ide-4.4.2-64bit/eclipse/arm-gcc-49/bin/../lib/gcc/arm-none-eabi/4.9.3/armv7e-m/softfp\libgcc.a(_aeabi_uldivmod.o) (__gnu_uldivmod_helper)
c:/dave/dave-ide-4.4.2-64bit/eclipse/arm-gcc-49/bin/../lib/gcc/arm-none-eabi/4.9.3/armv7e-m/softfp\libgcc.a(_dvmd_tls.o)
                              c:/dave/dave-ide-4.4.2-64bit/eclipse/arm-gcc-49/bin/../lib/gcc/arm-none-eabi/4.9.3/armv7e-m/softfp\libgcc.a(_aeabi_uldivmod.o) (__aeabi_ldiv0)
c:/dave/dave-ide-4.4.2-64bit/eclipse/arm-gcc-49/bin/../lib/gcc/arm-none-eabi/4.9.3/armv7e-m/softfp\libgcc.a(_divdi3.o)
                              c:/dave/dave-ide-4.4.2-64bit/eclipse/arm-gcc-49/bin/../lib/gcc/arm-none-eabi/4.9.3/armv7e-m/softfp\libgcc.a(bpabi.o) (__divdi3)
c:/dave/dave-ide-4.4.2-64bit/eclipse/arm-gcc-49/bin/../lib/gcc/arm-none-eabi/4.9.3/armv7e-m/softfp\libgcc.a(_udivdi3.o)
                              c:/dave/dave-ide-4.4.2-64bit/eclipse/arm-gcc-49/bin/../lib/gcc/arm-none-eabi/4.9.3/armv7e-m/softfp\libgcc.a(bpabi.o) (__udivdi3)
c:/dave/dave-ide-4.4.2-64bit/eclipse/arm-gcc-49/bin/../lib/gcc/arm-none-eabi/4.9.3/../../../../arm-none-eabi/lib/armv7e-m/softfp\libg_nano.a(lib_a-errno.o)
                              ./Libraries/Newlib/syscalls.o (__errno)
c:/dave/dave-ide-4.4.2-64bit/eclipse/arm-gcc-49/bin/../lib/gcc/arm-none-eabi/4.9.3/../../../../arm-none-eabi/lib/armv7e-m/softfp\libg_nano.a(lib_a-impure.o)
                              c:/dave/dave-ide-4.4.2-64bit/eclipse/arm-gcc-49/bin/../lib/gcc/arm-none-eabi/4.9.3/../../../../arm-none-eabi/lib/armv7e-m/softfp\libg_nano.a(lib_a-errno.o) (_impure_ptr)
c:/dave/dave-ide-4.4.2-64bit/eclipse/arm-gcc-49/bin/../lib/gcc/arm-none-eabi/4.9.3/../../../../arm-none-eabi/lib/armv7e-m/softfp\libg_nano.a(lib_a-init.o)
                              ./Startup/startup_XMC4500.o (__libc_init_array)
c:/dave/dave-ide-4.4.2-64bit/eclipse/arm-gcc-49/bin/../lib/gcc/arm-none-eabi/4.9.3/../../../../arm-none-eabi/lib/armv7e-m/softfp\libg_nano.a(lib_a-memcpy.o)
                              ./Libraries/XMCLib/src/xmc_eth_mac.o (memcpy)
c:/dave/dave-ide-4.4.2-64bit/eclipse/arm-gcc-49/bin/../lib/gcc/arm-none-eabi/4.9.3/../../../../arm-none-eabi/lib/armv7e-m/softfp\libg_nano.a(lib_a-memset.o)
                              ./Libraries/XMCLib/src/xmc_usbd.o (memset)

Allocating common symbols
Common symbol       size              file

dma0_event_handlers
                    0x20              ./Libraries/XMCLib/src/xmc_dma.o
pipe                0x1c0             ./Libraries/XMCLib/src/xmc_usbh.o
dma1_event_handlers
                    0x10              ./Libraries/XMCLib/src/xmc_dma.o
event_handler_list  0x80              ./Libraries/XMCLib/src/xmc4_scu.o
delay_count         0x4               ./main.o
is_nack             0xe               ./Libraries/XMCLib/src/xmc_usbh.o
carData             0xbb              ./main.o
buffer              0x6               ./main.o
usbd_init           0x4               ./Libraries/XMCLib/src/xmc_usbd.o
xmc_device          0x208             ./Libraries/XMCLib/src/xmc_usbd.o

Discarded input sections

 .text          0x00000000        0x0 ./Startup/startup_XMC4500.o
 .data          0x00000000        0x0 ./Startup/startup_XMC4500.o
 .bss           0x00000000        0x0 ./Startup/startup_XMC4500.o
 .text          0x00000000        0x0 ./Startup/system_XMC4500.o
 .data          0x00000000        0x0 ./Startup/system_XMC4500.o
 .bss           0x00000000        0x0 ./Startup/system_XMC4500.o
 .text.delay    0x00000000       0x28 ./Startup/system_XMC4500.o
 .text.SystemCoreSetup
                0x00000000       0x70 ./Startup/system_XMC4500.o
 .text.SystemCoreClockSetup
                0x00000000      0x208 ./Startup/system_XMC4500.o
 .text.OSCHP_GetFrequency
                0x00000000       0x14 ./Startup/system_XMC4500.o
 .comment       0x00000000       0x71 ./Startup/system_XMC4500.o
 .text          0x00000000        0x0 ./Libraries/XMCLib/src/xmc4_eru.o
 .data          0x00000000        0x0 ./Libraries/XMCLib/src/xmc4_eru.o
 .bss           0x00000000        0x0 ./Libraries/XMCLib/src/xmc4_eru.o
 .text.XMC_ERU_Enable
                0x00000000       0x24 ./Libraries/XMCLib/src/xmc4_eru.o
 .text.XMC_ERU_Disable
                0x00000000       0x24 ./Libraries/XMCLib/src/xmc4_eru.o
 .debug_info    0x00000000      0x4ae ./Libraries/XMCLib/src/xmc4_eru.o
 .debug_abbrev  0x00000000      0x13b ./Libraries/XMCLib/src/xmc4_eru.o
 .debug_loc     0x00000000       0xa0 ./Libraries/XMCLib/src/xmc4_eru.o
 .debug_aranges
                0x00000000       0x28 ./Libraries/XMCLib/src/xmc4_eru.o
[...]
Memory Configuration

Name             Origin             Length             Attributes
FLASH_1_cached   0x08000000         0x00100000         xr
FLASH_1_uncached 0x0c000000         0x00100000         xr
PSRAM_1          0x10000000         0x00010000         !xr
DSRAM_1_system   0x20000000         0x00010000         !xr
DSRAM_2_comm     0x30000000         0x00008000         !xr
*default*        0x00000000         0xffffffff

Linker script and memory map

LOAD ./Startup/startup_XMC4500.o
LOAD ./Startup/system_XMC4500.o
LOAD ./Libraries/XMCLib/src/xmc4_eru.o
LOAD ./Libraries/XMCLib/src/xmc4_flash.o
LOAD ./Libraries/XMCLib/src/xmc4_gpio.o
LOAD ./Libraries/XMCLib/src/xmc4_rtc.o
LOAD ./Libraries/XMCLib/src/xmc4_scu.o
LOAD ./Libraries/XMCLib/src/xmc_can.o
LOAD ./Libraries/XMCLib/src/xmc_ccu4.o
LOAD ./Libraries/XMCLib/src/xmc_ccu8.o
LOAD ./Libraries/XMCLib/src/xmc_common.o
LOAD ./Libraries/XMCLib/src/xmc_dac.o
LOAD ./Libraries/XMCLib/src/xmc_dma.o
LOAD ./Libraries/XMCLib/src/xmc_dsd.o
LOAD ./Libraries/XMCLib/src/xmc_ebu.o
LOAD ./Libraries/XMCLib/src/xmc_ecat.o
LOAD ./Libraries/XMCLib/src/xmc_eru.o
LOAD ./Libraries/XMCLib/src/xmc_eth_mac.o
LOAD ./Libraries/XMCLib/src/xmc_eth_phy_dp83848.o
LOAD ./Libraries/XMCLib/src/xmc_eth_phy_ksz8031rnl.o
LOAD ./Libraries/XMCLib/src/xmc_eth_phy_ksz8081rnb.o
LOAD ./Libraries/XMCLib/src/xmc_fce.o
LOAD ./Libraries/XMCLib/src/xmc_gpio.o
LOAD ./Libraries/XMCLib/src/xmc_hrpwm.o
LOAD ./Libraries/XMCLib/src/xmc_i2c.o
LOAD ./Libraries/XMCLib/src/xmc_i2s.o
LOAD ./Libraries/XMCLib/src/xmc_ledts.o
LOAD ./Libraries/XMCLib/src/xmc_posif.o
LOAD ./Libraries/XMCLib/src/xmc_rtc.o
LOAD ./Libraries/XMCLib/src/xmc_sdmmc.o
LOAD ./Libraries/XMCLib/src/xmc_spi.o
LOAD ./Libraries/XMCLib/src/xmc_uart.o
LOAD ./Libraries/XMCLib/src/xmc_usbd.o
LOAD ./Libraries/XMCLib/src/xmc_usbh.o
LOAD ./Libraries/XMCLib/src/xmc_usic.o
LOAD ./Libraries/XMCLib/src/xmc_vadc.o
LOAD ./Libraries/XMCLib/src/xmc_wdt.o
LOAD ./Libraries/Newlib/syscalls.o
LOAD ./Dave/Generated/UART/uart.o
LOAD ./Dave/Generated/UART/uart_conf.o
LOAD ./Dave/Generated/TIMER/timer.o
LOAD ./Dave/Generated/TIMER/timer_conf.o
LOAD ./Dave/Generated/INTERRUPT/interrupt.o
LOAD ./Dave/Generated/INTERRUPT/interrupt_conf.o
LOAD ./Dave/Generated/GLOBAL_CCU4/global_ccu4.o
LOAD ./Dave/Generated/GLOBAL_CCU4/global_ccu4_conf.o
LOAD ./Dave/Generated/GLOBAL_CAN/global_can.o
LOAD ./Dave/Generated/GLOBAL_CAN/global_can_conf.o
LOAD ./Dave/Generated/GLOBAL_ADC/global_adc.o
LOAD ./Dave/Generated/GLOBAL_ADC/global_adc_conf.o
LOAD ./Dave/Generated/DIGITAL_IO/digital_io.o
LOAD ./Dave/Generated/DIGITAL_IO/digital_io_conf.o
LOAD ./Dave/Generated/CPU_CTRL_XMC4/cpu_ctrl_xmc4.o
LOAD ./Dave/Generated/CPU_CTRL_XMC4/cpu_ctrl_xmc4_conf.o
LOAD ./Dave/Generated/CLOCK_XMC4/clock_xmc4.o
LOAD ./Dave/Generated/CLOCK_XMC4/clock_xmc4_conf.o
LOAD ./Dave/Generated/CAN_NODE/can_node.o
LOAD ./Dave/Generated/CAN_NODE/can_node_conf.o
LOAD ./Dave/Generated/ANALOG_IO/analog_io.o
LOAD ./Dave/Generated/ANALOG_IO/analog_io_conf.o
LOAD ./Dave/Generated/ADC_MEASUREMENT/adc_measurement.o
LOAD ./Dave/Generated/ADC_MEASUREMENT/adc_measurement_conf.o
LOAD ./Dave/Generated/DAVE.o
LOAD ./CAN_1.o
LOAD ./CAN_2.o
LOAD ./getbits.o
LOAD ./main.o
LOAD c:/dave/dave-ide-4.4.2-64bit/eclipse/arm-gcc-49/bin/../lib/gcc/arm-none-eabi/4.9.3/../../../../arm-none-eabi/lib/armv7e-m/softfp\libm.a
START GROUP
LOAD c:/dave/dave-ide-4.4.2-64bit/eclipse/arm-gcc-49/bin/../lib/gcc/arm-none-eabi/4.9.3/armv7e-m/softfp\libgcc.a
LOAD c:/dave/dave-ide-4.4.2-64bit/eclipse/arm-gcc-49/bin/../lib/gcc/arm-none-eabi/4.9.3/../../../../arm-none-eabi/lib/armv7e-m/softfp\libg_nano.a
LOAD c:/dave/dave-ide-4.4.2-64bit/eclipse/arm-gcc-49/bin/../lib/gcc/arm-none-eabi/4.9.3/../../../../arm-none-eabi/lib/armv7e-m/softfp\libc_nano.a
END GROUP
START GROUP
LOAD c:/dave/dave-ide-4.4.2-64bit/eclipse/arm-gcc-49/bin/../lib/gcc/arm-none-eabi/4.9.3/armv7e-m/softfp\libgcc.a
LOAD c:/dave/dave-ide-4.4.2-64bit/eclipse/arm-gcc-49/bin/../lib/gcc/arm-none-eabi/4.9.3/../../../../arm-none-eabi/lib/armv7e-m/softfp\libc_nano.a
LOAD c:/dave/dave-ide-4.4.2-64bit/eclipse/arm-gcc-49/bin/../lib/gcc/arm-none-eabi/4.9.3/../../../../arm-none-eabi/lib/armv7e-m/softfp\libnosys.a
END GROUP
START GROUP
LOAD c:/dave/dave-ide-4.4.2-64bit/eclipse/arm-gcc-49/bin/../lib/gcc/arm-none-eabi/4.9.3/armv7e-m/softfp\libgcc.a
LOAD c:/dave/dave-ide-4.4.2-64bit/eclipse/arm-gcc-49/bin/../lib/gcc/arm-none-eabi/4.9.3/../../../../arm-none-eabi/lib/armv7e-m/softfp\libc_nano.a
LOAD c:/dave/dave-ide-4.4.2-64bit/eclipse/arm-gcc-49/bin/../lib/gcc/arm-none-eabi/4.9.3/../../../../arm-none-eabi/lib/armv7e-m/softfp\libnosys.a
END GROUP
                0x00000800                stack_size = DEFINED (stack_size)?stack_size:0x800
                0x00000040                no_init_size = 0x40

.text           0x08000000     0x514c load address 0x0c000000
                0x08000000                sText = .
 *(.reset)
 .reset         0x08000000      0x2b4 ./Startup/startup_XMC4500.o
                0x08000000                __Vectors
                0x08000200                Reset_Handler
                0x080002b0                DSD0_7_IRQHandler
                0x080002b0                DebugMon_Handler
                0x080002b0                VADC0_C0_0_IRQHandler
                0x080002b0                CAN0_4_IRQHandler
                0x080002b0                VADC0_G2_0_IRQHandler
                0x080002b0                USIC0_5_IRQHandler
                0x080002b0                POSIF0_0_IRQHandler
                0x080002b0                POSIF1_0_IRQHandler
                0x080002b0                HardFault_Handler
                0x080002b0                VADC0_G1_1_IRQHandler
                0x080002b0                SysTick_Handler
                0x080002b0                PendSV_Handler
                0x080002b0                NMI_Handler
                0x080002b0                USIC1_3_IRQHandler
                0x080002b0                CCU40_2_IRQHandler
                0x080002b0                SCU_0_IRQHandler
                0x080002b0                ERU0_0_IRQHandler
                0x080002b0                CCU41_0_IRQHandler
                0x080002b0                USIC1_5_IRQHandler
                0x080002b0                DSD0_4_IRQHandler
                0x080002b0                CCU80_1_IRQHandler
                0x080002b0                CCU81_0_IRQHandler
                0x080002b0                UsageFault_Handler
                0x080002b0                USIC0_0_IRQHandler
                0x080002b0                POSIF1_1_IRQHandler
                0x080002b0                ERU0_2_IRQHandler
                0x080002b0                CCU81_1_IRQHandler
                0x080002b0                ERU1_1_IRQHandler
                0x080002b0                VADC0_G2_3_IRQHandler
                0x080002b0                VADC0_G2_2_IRQHandler
                0x080002b0                CCU42_3_IRQHandler
                0x080002b0                ERU0_3_IRQHandler
                0x080002b0                DSD0_5_IRQHandler
                0x080002b0                VADC0_C0_3_IRQHandler
                0x080002b0                CAN0_6_IRQHandler
                0x080002b0                CCU43_0_IRQHandler
                0x080002b0                VADC0_G0_1_IRQHandler
                0x080002b0                CCU81_2_IRQHandler
                0x080002b0                USIC2_4_IRQHandler
                0x080002b0                CCU81_3_IRQHandler
                0x080002b0                CCU42_1_IRQHandler
                0x080002b0                USIC1_1_IRQHandler
                0x080002b0                USIC2_5_IRQHandler
                0x080002b0                CCU40_0_IRQHandler
                0x080002b0                CAN0_0_IRQHandler
                0x080002b0                ERU1_0_IRQHandler
                0x080002b0                CCU42_2_IRQHandler
                0x080002b0                Default_Handler
                0x080002b0                USIC1_4_IRQHandler
                0x080002b0                ERU1_3_IRQHandler
                0x080002b0                POSIF0_1_IRQHandler
                0x080002b0                VADC0_G0_0_IRQHandler
                0x080002b0                DSD0_2_IRQHandler
                0x080002b0                CCU80_3_IRQHandler
                0x080002b0                CCU41_3_IRQHandler
                0x080002b0                CCU80_2_IRQHandler
                0x080002b0                VADC0_G1_3_IRQHandler
                0x080002b0                VADC0_G0_3_IRQHandler
                0x080002b0                GPDMA0_0_IRQHandler
                0x080002b0                PMU0_0_IRQHandler
                0x080002b0                CAN0_7_IRQHandler
                0x080002b0                DSD0_1_IRQHandler
                0x080002b0                CCU41_2_IRQHandler
                0x080002b0                VADC0_C0_1_IRQHandler
                0x080002b0                CCU43_2_IRQHandler
                0x080002b0                USIC2_2_IRQHandler
                0x080002b0                MemManage_Handler
                0x080002b0                VADC0_G3_1_IRQHandler
                0x080002b0                DAC0_0_IRQHandler
                0x080002b0                SVC_Handler
                0x080002b0                VADC0_G3_3_IRQHandler
                0x080002b0                ERU1_2_IRQHandler
                0x080002b0                CCU41_1_IRQHandler
                0x080002b0                DSD0_6_IRQHandler
                0x080002b0                VADC0_G1_2_IRQHandler
                0x080002b0                USIC2_3_IRQHandler
                0x080002b0                CAN0_2_IRQHandler
                0x080002b0                USIC2_0_IRQHandler
                0x080002b0                VADC0_G0_2_IRQHandler
                0x080002b0                VADC0_G2_1_IRQHandler
                0x080002b0                CAN0_3_IRQHandler
                0x080002b0                ETH0_0_IRQHandler
                0x080002b0                USIC0_3_IRQHandler
                0x080002b0                DSD0_0_IRQHandler
                0x080002b0                VADC0_C0_2_IRQHandler
                0x080002b0                CCU42_0_IRQHandler
                0x080002b0                FCE0_0_IRQHandler
                0x080002b0                VADC0_G1_0_IRQHandler
                0x080002b0                USB0_0_IRQHandler
                0x080002b0                CAN0_5_IRQHandler
                0x080002b0                CCU80_0_IRQHandler
                0x080002b0                CCU40_1_IRQHandler
                0x080002b0                USIC2_1_IRQHandler
                0x080002b0                USIC0_1_IRQHandler
                0x080002b0                VADC0_G3_2_IRQHandler
                0x080002b0                CCU40_3_IRQHandler
                0x080002b0                BusFault_Handler
                0x080002b0                LEDTS0_0_IRQHandler
                0x080002b0                USIC0_4_IRQHandler
                0x080002b0                CCU43_3_IRQHandler
                0x080002b0                ERU0_1_IRQHandler
                0x080002b0                VADC0_G3_0_IRQHandler
                0x080002b0                USIC1_2_IRQHandler
                0x080002b0                DSD0_3_IRQHandler
                0x080002b0                SDMMC0_0_IRQHandler
                0x080002b0                CAN0_1_IRQHandler
                0x080002b0                USIC0_2_IRQHandler
                0x080002b0                DAC0_1_IRQHandler
                0x080002b0                GPDMA1_0_IRQHandler
 *(.text .text.* .gnu.linkonce.t.*)
 .text.SystemInit
                0x080002b4       0x20 ./Startup/system_XMC4500.o
                0x080002b4                SystemInit
 .text.SystemCoreClockUpdate
                0x080002d4       0xd4 ./Startup/system_XMC4500.o
                0x080002d4                SystemCoreClockUpdate
 .text.XMC_GPIO_Init
                0x080003a8      0x14c ./Libraries/XMCLib/src/xmc4_gpio.o
                0x080003a8                XMC_GPIO_Init
 .text.XMC_SCU_CLOCK_GetCpuClockFrequency
                0x080004f4       0x18 ./Libraries/XMCLib/src/xmc4_scu.o
 .text.XMC_SCU_GetMirrorStatus
                0x0800050c       0x18 ./Libraries/XMCLib/src/xmc4_scu.o
 .text.XMC_SCU_lDelay
                0x08000524       0x44 ./Libraries/XMCLib/src/xmc4_scu.o
 .text.XMC_SCU_CLOCK_Init
                0x08000568       0xec ./Libraries/XMCLib/src/xmc4_scu.o
                0x08000568                XMC_SCU_CLOCK_Init
 .text.XMC_SCU_RESET_DeassertPeripheralReset
                0x08000654       0x38 ./Libraries/XMCLib/src/xmc4_scu.o
                0x08000654                XMC_SCU_RESET_DeassertPeripheralReset
 .text.XMC_SCU_CLOCK_GetPeripheralClockFrequency
                0x0800068c       0x20 ./Libraries/XMCLib/src/xmc4_scu.o
                0x0800068c                XMC_SCU_CLOCK_GetPeripheralClockFrequency
 .text.XMC_SCU_CLOCK_SetSystemClockSource
                0x080006ac       0x28 ./Libraries/XMCLib/src/xmc4_scu.o
                0x080006ac                XMC_SCU_CLOCK_SetSystemClockSource
 .text.XMC_SCU_CLOCK_SetUsbClockSource
                0x080006d4       0x28 ./Libraries/XMCLib/src/xmc4_scu.o
                0x080006d4                XMC_SCU_CLOCK_SetUsbClockSource
 .text.XMC_SCU_CLOCK_SetWdtClockSource
                0x080006fc       0x28 ./Libraries/XMCLib/src/xmc4_scu.o
                0x080006fc                XMC_SCU_CLOCK_SetWdtClockSource
 .text.XMC_SCU_CLOCK_SetSystemPllClockSource
                0x08000724       0x40 ./Libraries/XMCLib/src/xmc4_scu.o
                0x08000724                XMC_SCU_CLOCK_SetSystemPllClockSource
 .text.XMC_SCU_HIB_SetRtcClockSource
                0x08000764       0x3c ./Libraries/XMCLib/src/xmc4_scu.o
                0x08000764                XMC_SCU_HIB_SetRtcClockSource
 .text.XMC_SCU_HIB_SetStandbyClockSource
                0x080007a0       0x3c ./Libraries/XMCLib/src/xmc4_scu.o
                0x080007a0                XMC_SCU_HIB_SetStandbyClockSource
 .text.XMC_SCU_CLOCK_SetSystemClockDivider
                0x080007dc       0x28 ./Libraries/XMCLib/src/xmc4_scu.o
                0x080007dc                XMC_SCU_CLOCK_SetSystemClockDivider
 .text.XMC_SCU_CLOCK_SetCcuClockDivider
                0x08000804       0x28 ./Libraries/XMCLib/src/xmc4_scu.o
                0x08000804                XMC_SCU_CLOCK_SetCcuClockDivider
 .text.XMC_SCU_CLOCK_SetCpuClockDivider
                0x0800082c       0x28 ./Libraries/XMCLib/src/xmc4_scu.o
                0x0800082c                XMC_SCU_CLOCK_SetCpuClockDivider
 .text.XMC_SCU_CLOCK_SetPeripheralClockDivider
                0x08000854       0x28 ./Libraries/XMCLib/src/xmc4_scu.o
                0x08000854                XMC_SCU_CLOCK_SetPeripheralClockDivider
 .text.XMC_SCU_CLOCK_SetUsbClockDivider
                0x0800087c       0x28 ./Libraries/XMCLib/src/xmc4_scu.o
                0x0800087c                XMC_SCU_CLOCK_SetUsbClockDivider
 .text.XMC_SCU_CLOCK_SetEbuClockDivider
                0x080008a4       0x28 ./Libraries/XMCLib/src/xmc4_scu.o
                0x080008a4                XMC_SCU_CLOCK_SetEbuClockDivider
 .text.XMC_SCU_CLOCK_SetWdtClockDivider
                0x080008cc       0x28 ./Libraries/XMCLib/src/xmc4_scu.o
                0x080008cc                XMC_SCU_CLOCK_SetWdtClockDivider
 .text.XMC_SCU_CLOCK_EnableClock
                0x080008f4       0x20 ./Libraries/XMCLib/src/xmc4_scu.o
                0x080008f4                XMC_SCU_CLOCK_EnableClock
 .text.XMC_SCU_CLOCK_StartUsbPll
                0x08000914       0x74 ./Libraries/XMCLib/src/xmc4_scu.o
                0x08000914                XMC_SCU_CLOCK_StartUsbPll
 .text.XMC_SCU_CLOCK_SetBackupClockCalibrationMode
                0x08000988       0x4c ./Libraries/XMCLib/src/xmc4_scu.o
                0x08000988                XMC_SCU_CLOCK_SetBackupClockCalibrationMode
 .text.XMC_SCU_HIB_EnableHibernateDomain
                0x080009d4       0x58 ./Libraries/XMCLib/src/xmc4_scu.o
                0x080009d4                XMC_SCU_HIB_EnableHibernateDomain
 .text.XMC_SCU_CLOCK_IsLowPowerOscillatorStable
                0x08000a2c       0x24 ./Libraries/XMCLib/src/xmc4_scu.o
                0x08000a2c                XMC_SCU_CLOCK_IsLowPowerOscillatorStable
 .text.XMC_SCU_CLOCK_EnableLowPowerOscillator
                0x08000a50       0x68 ./Libraries/XMCLib/src/xmc4_scu.o
                0x08000a50                XMC_SCU_CLOCK_EnableLowPowerOscillator
 .text.XMC_SCU_CLOCK_EnableHighPerformanceOscillator
                0x08000ab8       0x50 ./Libraries/XMCLib/src/xmc4_scu.o
                0x08000ab8                XMC_SCU_CLOCK_EnableHighPerformanceOscillator
 .text.XMC_SCU_CLOCK_IsHighPerformanceOscillatorStable
                0x08000b08       0x28 ./Libraries/XMCLib/src/xmc4_scu.o
                0x08000b08                XMC_SCU_CLOCK_IsHighPerformanceOscillatorStable
 .text.XMC_SCU_CLOCK_EnableSystemPll
                0x08000b30       0x20 ./Libraries/XMCLib/src/xmc4_scu.o
                0x08000b30                XMC_SCU_CLOCK_EnableSystemPll
 .text.XMC_SCU_CLOCK_DisableSystemPll
                0x08000b50       0x20 ./Libraries/XMCLib/src/xmc4_scu.o
                0x08000b50                XMC_SCU_CLOCK_DisableSystemPll
 .text.XMC_SCU_CLOCK_StartSystemPll
                0x08000b70      0x174 ./Libraries/XMCLib/src/xmc4_scu.o
                0x08000b70                XMC_SCU_CLOCK_StartSystemPll
 .text.XMC_SCU_CLOCK_StepSystemPllFrequency
                0x08000ce4       0x2c ./Libraries/XMCLib/src/xmc4_scu.o
                0x08000ce4                XMC_SCU_CLOCK_StepSystemPllFrequency
 .text.XMC_CAN_IsPanelControlReady
                0x08000d10       0x28 ./Libraries/XMCLib/src/xmc_can.o
 .text.XMC_CAN_PanelControl
                0x08000d38       0x3c ./Libraries/XMCLib/src/xmc_can.o
 .text.XMC_CAN_NODE_EnableConfigurationChange
                0x08000d74       0x20 ./Libraries/XMCLib/src/xmc_can.o
 .text.XMC_CAN_NODE_DisableConfigurationChange
                0x08000d94       0x20 ./Libraries/XMCLib/src/xmc_can.o
 .text.max      0x08000db4       0x20 ./Libraries/XMCLib/src/xmc_can.o
 .text.min      0x08000dd4       0x20 ./Libraries/XMCLib/src/xmc_can.o
 .text.XMC_CAN_NODE_NominalBitTimeConfigure
                0x08000df4      0x1c4 ./Libraries/XMCLib/src/xmc_can.o
                0x08000df4                XMC_CAN_NODE_NominalBitTimeConfigure
 .text.XMC_CAN_AllocateMOtoNodeList
                0x08000fb8       0x3c ./Libraries/XMCLib/src/xmc_can.o
                0x08000fb8                XMC_CAN_AllocateMOtoNodeList
 .text.XMC_CAN_Enable
                0x08000ff4       0x34 ./Libraries/XMCLib/src/xmc_can.o
                0x08000ff4                XMC_CAN_Enable
 .text.XMC_CAN_Init
                0x08001028       0xd4 ./Libraries/XMCLib/src/xmc_can.o
                0x08001028                XMC_CAN_Init
 .text.XMC_CAN_MO_Config
                0x080010fc      0x138 ./Libraries/XMCLib/src/xmc_can.o
                0x080010fc                XMC_CAN_MO_Config
 .text.XMC_CAN_MO_UpdateData
                0x08001234       0x70 ./Libraries/XMCLib/src/xmc_can.o
                0x08001234                XMC_CAN_MO_UpdateData
 .text.XMC_CAN_MO_ReceiveData
                0x080012a4       0x98 ./Libraries/XMCLib/src/xmc_can.o
                0x080012a4                XMC_CAN_MO_ReceiveData
 .text.XMC_CAN_MO_Receive
                0x0800133c      0x1a0 ./Libraries/XMCLib/src/xmc_can.o
                0x0800133c                XMC_CAN_MO_Receive
 .text.XMC_CAN_NODE_EnableEvent
                0x080014dc       0x38 ./Libraries/XMCLib/src/xmc_can.o
                0x080014dc                XMC_CAN_NODE_EnableEvent
 .text.XMC_CCU4_StartPrescaler
                0x08001514       0x20 ./Libraries/XMCLib/src/xmc_ccu4.o
 .text.XMC_CCU4_lDeassertReset
                0x08001534       0x60 ./Libraries/XMCLib/src/xmc_ccu4.o
 .text.XMC_CCU4_EnableModule
                0x08001594       0x1c ./Libraries/XMCLib/src/xmc_ccu4.o
                0x08001594                XMC_CCU4_EnableModule
 .text.XMC_CCU4_Init
                0x080015b0       0x3c ./Libraries/XMCLib/src/xmc_ccu4.o
                0x080015b0                XMC_CCU4_Init
 .text.XMC_CCU4_SLICE_CompareInit
                0x080015ec       0x6c ./Libraries/XMCLib/src/xmc_ccu4.o
                0x080015ec                XMC_CCU4_SLICE_CompareInit
 .text.XMC_CCU4_SLICE_SetInterruptNode
                0x08001658       0xb0 ./Libraries/XMCLib/src/xmc_ccu4.o
                0x08001658                XMC_CCU4_SLICE_SetInterruptNode
 .text.XMC_GPIO_SetHardwareControl
                0x08001708       0x44 ./Libraries/XMCLib/src/xmc_gpio.o
                0x08001708                XMC_GPIO_SetHardwareControl
 .text.XMC_USIC_CH_GetTransmitBufferStatus
                0x0800174c       0x20 ./Libraries/XMCLib/src/xmc_uart.o
 .text.XMC_UART_CH_ClearStatusFlag
                0x0800176c       0x1c ./Libraries/XMCLib/src/xmc_uart.o
 .text.XMC_UART_CH_Init
                0x08001788       0xac ./Libraries/XMCLib/src/xmc_uart.o
                0x08001788                XMC_UART_CH_Init
 .text.XMC_UART_CH_Transmit
                0x08001834       0x4c ./Libraries/XMCLib/src/xmc_uart.o
                0x08001834                XMC_UART_CH_Transmit
 .text.XMC_UART_CH_GetReceivedData
                0x08001880       0x34 ./Libraries/XMCLib/src/xmc_uart.o
                0x08001880                XMC_UART_CH_GetReceivedData
 .text.XMC_USIC_CH_Enable
                0x080018b4       0x98 ./Libraries/XMCLib/src/xmc_usic.o
                0x080018b4                XMC_USIC_CH_Enable
 .text.XMC_USIC_CH_SetBaudrate
                0x0800194c       0xe0 ./Libraries/XMCLib/src/xmc_usic.o
                0x0800194c                XMC_USIC_CH_SetBaudrate
 .text.XMC_USIC_CH_RXFIFO_Configure
                0x08001a2c       0x54 ./Libraries/XMCLib/src/xmc_usic.o
                0x08001a2c                XMC_USIC_CH_RXFIFO_Configure
 .text.XMC_USIC_CH_RXFIFO_SetSizeTriggerLimit
                0x08001a80       0x44 ./Libraries/XMCLib/src/xmc_usic.o
                0x08001a80                XMC_USIC_CH_RXFIFO_SetSizeTriggerLimit
 .text.XMC_USIC_CH_SetInterruptNodePointer
                0x08001ac4       0x38 ./Libraries/XMCLib/src/xmc_usic.o
                0x08001ac4                XMC_USIC_CH_SetInterruptNodePointer
 .text.XMC_USIC_CH_RXFIFO_SetInterruptNodePointer
                0x08001afc       0x3c ./Libraries/XMCLib/src/xmc_usic.o
                0x08001afc                XMC_USIC_CH_RXFIFO_SetInterruptNodePointer
 .text.XMC_USIC_Enable
                0x08001b38       0x54 ./Libraries/XMCLib/src/xmc_usic.o
                0x08001b38                XMC_USIC_Enable
 .text.XMC_VADC_GROUP_ExternalMuxControlInit
                0x08001b8c       0x6c ./Libraries/XMCLib/src/xmc_vadc.o
 .text.XMC_VADC_GROUP_BackgroundEnableArbitrationSlot
                0x08001bf8       0x24 ./Libraries/XMCLib/src/xmc_vadc.o
 .text.XMC_VADC_GROUP_BackgroundDisableArbitrationSlot
                0x08001c1c       0x24 ./Libraries/XMCLib/src/xmc_vadc.o
 .text.XMC_VADC_GLOBAL_EnableModule
                0x08001c40        0xc ./Libraries/XMCLib/src/xmc_vadc.o
                0x08001c40                XMC_VADC_GLOBAL_EnableModule
 .text.XMC_VADC_GLOBAL_Init
                0x08001c4c       0x54 ./Libraries/XMCLib/src/xmc_vadc.o
                0x08001c4c                XMC_VADC_GLOBAL_Init
 .text.XMC_VADC_GLOBAL_InputClassInit
                0x08001ca0       0x48 ./Libraries/XMCLib/src/xmc_vadc.o
                0x08001ca0                XMC_VADC_GLOBAL_InputClassInit
 .text.XMC_VADC_GLOBAL_StartupCalibration
                0x08001ce8       0x60 ./Libraries/XMCLib/src/xmc_vadc.o
                0x08001ce8                XMC_VADC_GLOBAL_StartupCalibration
 .text.XMC_VADC_GLOBAL_BackgroundSetReqSrcEventInterruptNode
                0x08001d48       0x48 ./Libraries/XMCLib/src/xmc_vadc.o
                0x08001d48                XMC_VADC_GLOBAL_BackgroundSetReqSrcEventInterruptNode
 .text.XMC_VADC_GROUP_Init
                0x08001d90       0x68 ./Libraries/XMCLib/src/xmc_vadc.o
                0x08001d90                XMC_VADC_GROUP_Init
 .text.XMC_VADC_GROUP_InputClassInit
                0x08001df8       0xb8 ./Libraries/XMCLib/src/xmc_vadc.o
                0x08001df8                XMC_VADC_GROUP_InputClassInit
 .text.XMC_VADC_GROUP_SetPowerMode
                0x08001eb0       0x38 ./Libraries/XMCLib/src/xmc_vadc.o
                0x08001eb0                XMC_VADC_GROUP_SetPowerMode
 .text.XMC_VADC_GLOBAL_BackgroundInit
                0x08001ee8       0xfc ./Libraries/XMCLib/src/xmc_vadc.o
                0x08001ee8                XMC_VADC_GLOBAL_BackgroundInit
 .text.XMC_VADC_GROUP_ChannelInit
                0x08001fe4       0xc8 ./Libraries/XMCLib/src/xmc_vadc.o
                0x08001fe4                XMC_VADC_GROUP_ChannelInit
 .text._init    0x080020ac        0xc ./Libraries/Newlib/syscalls.o
                0x080020ac                _init
 .text.XMC_USIC_CH_EnableEvent
                0x080020b8       0x20 ./Dave/Generated/UART/uart.o
 .text.XMC_USIC_CH_DisableEvent
                0x080020d8       0x24 ./Dave/Generated/UART/uart.o
 .text.XMC_USIC_CH_RXFIFO_EnableEvent
                0x080020fc       0x24 ./Dave/Generated/UART/uart.o
 .text.XMC_USIC_CH_RXFIFO_DisableEvent
                0x08002120       0x28 ./Dave/Generated/UART/uart.o
 .text.XMC_USIC_CH_RXFIFO_Flush
                0x08002148       0x1c ./Dave/Generated/UART/uart.o
 .text.XMC_USIC_CH_RXFIFO_IsEmpty
                0x08002164       0x28 ./Dave/Generated/UART/uart.o
 .text.UART_Init
                0x0800218c       0x24 ./Dave/Generated/UART/uart.o
                0x0800218c                UART_Init
 .text.UART_Receive
                0x080021b0       0x38 ./Dave/Generated/UART/uart.o
                0x080021b0                UART_Receive
 .text.UART_StartReceiveIRQ
                0x080021e8       0xac ./Dave/Generated/UART/uart.o
                0x080021e8                UART_StartReceiveIRQ
 .text.UART_lReceiveHandler
                0x08002294      0x120 ./Dave/Generated/UART/uart.o
                0x08002294                UART_lReceiveHandler
 .text.UART_lReconfigureRxFIFO
                0x080023b4       0x50 ./Dave/Generated/UART/uart.o
 .text.__NVIC_GetPriorityGrouping
                0x08002404       0x1c ./Dave/Generated/UART/uart_conf.o
 .text.__NVIC_EnableIRQ
                0x08002420       0x38 ./Dave/Generated/UART/uart_conf.o
 .text.__NVIC_SetPriority
                0x08002458       0x54 ./Dave/Generated/UART/uart_conf.o
 .text.NVIC_EncodePriority
                0x080024ac       0x64 ./Dave/Generated/UART/uart_conf.o
 .text.XMC_USIC_CH_SetInputSource
                0x08002510       0x3c ./Dave/Generated/UART/uart_conf.o
 .text.XMC_UART_CH_Start
                0x0800254c       0x24 ./Dave/Generated/UART/uart_conf.o
 .text.UART_0_init
                0x08002570       0xa0 ./Dave/Generated/UART/uart_conf.o
                0x08002570                UART_0_init
 .text.USIC1_0_IRQHandler
                0x08002610       0x10 ./Dave/Generated/UART/uart_conf.o
                0x08002610                USIC1_0_IRQHandler
 .text.XMC_CCU4_EnableClock
                0x08002620       0x28 ./Dave/Generated/TIMER/timer.o
 .text.XMC_CCU4_SLICE_StartTimer
                0x08002648       0x18 ./Dave/Generated/TIMER/timer.o
 .text.XMC_CCU4_SLICE_ClearTimer
                0x08002660       0x18 ./Dave/Generated/TIMER/timer.o
 .text.XMC_CCU4_SLICE_SetTimerPeriodMatch
                0x08002678       0x1c ./Dave/Generated/TIMER/timer.o
 .text.XMC_CCU4_SLICE_SetTimerCompareMatch
                0x08002694       0x1c ./Dave/Generated/TIMER/timer.o
 .text.XMC_CCU4_EnableShadowTransfer
                0x080026b0       0x1c ./Dave/Generated/TIMER/timer.o
 .text.XMC_CCU4_SLICE_EnableEvent
                0x080026cc       0x2c ./Dave/Generated/TIMER/timer.o
 .text.TIMER_Init
                0x080026f8       0x3c ./Dave/Generated/TIMER/timer.o
                0x080026f8                TIMER_Init
 .text.TIMER_CCU4_lInit
                0x08002734       0x98 ./Dave/Generated/TIMER/timer.o
                0x08002734                TIMER_CCU4_lInit
 .text.TIMER_CCU4_lShadowTransfer
                0x080027cc       0x3c ./Dave/Generated/TIMER/timer.o
                0x080027cc                TIMER_CCU4_lShadowTransfer
 .text.__NVIC_GetPriorityGrouping
                0x08002808       0x1c ./Dave/Generated/INTERRUPT/interrupt.o
 .text.__NVIC_EnableIRQ
                0x08002824       0x38 ./Dave/Generated/INTERRUPT/interrupt.o
 .text.__NVIC_SetPriority
                0x0800285c       0x54 ./Dave/Generated/INTERRUPT/interrupt.o
 .text.NVIC_EncodePriority
                0x080028b0       0x64 ./Dave/Generated/INTERRUPT/interrupt.o
 .text.INTERRUPT_Enable
                0x08002914       0x1c ./Dave/Generated/INTERRUPT/interrupt.o
 .text.INTERRUPT_Init
                0x08002930       0x4c ./Dave/Generated/INTERRUPT/interrupt.o
                0x08002930                INTERRUPT_Init
 .text.XMC_CCU4_StartPrescaler
                0x0800297c       0x20 ./Dave/Generated/GLOBAL_CCU4/global_ccu4.o
 .text.GLOBAL_CCU4_Init
                0x0800299c       0x40 ./Dave/Generated/GLOBAL_CCU4/global_ccu4.o
                0x0800299c                GLOBAL_CCU4_Init
 .text.GLOBAL_CAN_Init
                0x080029dc       0x40 ./Dave/Generated/GLOBAL_CAN/global_can.o
                0x080029dc                GLOBAL_CAN_Init
 .text.XMC_VADC_GLOBAL_DisablePostCalibration
                0x08002a1c       0x2c ./Dave/Generated/GLOBAL_ADC/global_adc.o
 .text.GLOBAL_ADC_Init
                0x08002a48       0xb0 ./Dave/Generated/GLOBAL_ADC/global_adc.o
                0x08002a48                GLOBAL_ADC_Init
 .text.DIGITAL_IO_Init
                0x08002af8       0x40 ./Dave/Generated/DIGITAL_IO/digital_io.o
                0x08002af8                DIGITAL_IO_Init
 .text.__NVIC_SetPriorityGrouping
                0x08002b38       0x48 ./Dave/Generated/CPU_CTRL_XMC4/cpu_ctrl_xmc4_conf.o
 .text.SystemCoreSetup
                0x08002b80       0xa0 ./Dave/Generated/CPU_CTRL_XMC4/cpu_ctrl_xmc4_conf.o
                0x08002b80                SystemCoreSetup
 .text.CLOCK_XMC4_Init
                0x08002c20       0x20 ./Dave/Generated/CLOCK_XMC4/clock_xmc4.o
                0x08002c20                CLOCK_XMC4_Init
 .text.OSCHP_GetFrequency
                0x08002c40       0x14 ./Dave/Generated/CLOCK_XMC4/clock_xmc4.o
                0x08002c40                OSCHP_GetFrequency
 .text.SystemCoreClockSetup
                0x08002c54       0x54 ./Dave/Generated/CLOCK_XMC4/clock_xmc4_conf.o
                0x08002c54                SystemCoreClockSetup
 .text.XMC_CAN_NODE_SetEventNodePointer
                0x08002ca8       0x38 ./Dave/Generated/CAN_NODE/can_node.o
 .text.XMC_CAN_NODE_SetReceiveInput
                0x08002ce0       0x2c ./Dave/Generated/CAN_NODE/can_node.o
 .text.XMC_CAN_NODE_EnableLoopBack
                0x08002d0c       0x20 ./Dave/Generated/CAN_NODE/can_node.o
 .text.XMC_CAN_NODE_EnableConfigurationChange
                0x08002d2c       0x20 ./Dave/Generated/CAN_NODE/can_node.o
 .text.XMC_CAN_NODE_DisableConfigurationChange
                0x08002d4c       0x20 ./Dave/Generated/CAN_NODE/can_node.o
 .text.XMC_CAN_NODE_SetInitBit
                0x08002d6c       0x20 ./Dave/Generated/CAN_NODE/can_node.o
 .text.XMC_CAN_NODE_ResetInitBit
                0x08002d8c       0x20 ./Dave/Generated/CAN_NODE/can_node.o
 .text.XMC_CAN_MO_SetEventNodePointer
                0x08002dac       0x3c ./Dave/Generated/CAN_NODE/can_node.o
 .text.XMC_CAN_MO_EnableEvent
                0x08002de8       0x24 ./Dave/Generated/CAN_NODE/can_node.o
 .text.CAN_NODE_MO_EnableTxEvent
                0x08002e0c       0x1c ./Dave/Generated/CAN_NODE/can_node.o
 .text.CAN_NODE_MO_EnableRxEvent
                0x08002e28       0x1c ./Dave/Generated/CAN_NODE/can_node.o
 .text.CAN_NODE_SetNodeEvents
                0x08002e44       0x74 ./Dave/Generated/CAN_NODE/can_node.o
 .text.CAN_NODE_SetNodePointer
                0x08002eb8       0x68 ./Dave/Generated/CAN_NODE/can_node.o
 .text.CAN_NODE_MO_Init
                0x08002f20       0x58 ./Dave/Generated/CAN_NODE/can_node.o
                0x08002f20                CAN_NODE_MO_Init
 .text.CAN_NODE_MO_Receive
                0x08002f78       0x24 ./Dave/Generated/CAN_NODE/can_node.o
                0x08002f78                CAN_NODE_MO_Receive
 .text.CAN_NODE_MO_ReceiveData
                0x08002f9c       0x24 ./Dave/Generated/CAN_NODE/can_node.o
                0x08002f9c                CAN_NODE_MO_ReceiveData
 .text.CAN_NODE_Init
                0x08002fc0      0x130 ./Dave/Generated/CAN_NODE/can_node.o
                0x08002fc0                CAN_NODE_Init
 .text.ANALOG_IO_Init
                0x080030f0       0x34 ./Dave/Generated/ANALOG_IO/analog_io.o
                0x080030f0                ANALOG_IO_Init
 .text.__NVIC_GetPriorityGrouping
                0x08003124       0x1c ./Dave/Generated/ADC_MEASUREMENT/adc_measurement.o
 .text.__NVIC_EnableIRQ
                0x08003140       0x38 ./Dave/Generated/ADC_MEASUREMENT/adc_measurement.o
 .text.__NVIC_SetPriority
                0x08003178       0x54 ./Dave/Generated/ADC_MEASUREMENT/adc_measurement.o
 .text.NVIC_EncodePriority
                0x080031cc       0x64 ./Dave/Generated/ADC_MEASUREMENT/adc_measurement.o
 .text.XMC_VADC_GLOBAL_BackgroundTriggerConversion
                0x08003230       0x24 ./Dave/Generated/ADC_MEASUREMENT/adc_measurement.o
 .text.XMC_VADC_GLOBAL_BackgroundAddChannelToSequence
                0x08003254       0x38 ./Dave/Generated/ADC_MEASUREMENT/adc_measurement.o
 .text.XMC_VADC_GROUP_ResultInit
                0x0800328c       0x24 ./Dave/Generated/ADC_MEASUREMENT/adc_measurement.o
 .text.ADC_MEASUREMENT_Init
                0x080032b0      0x16c ./Dave/Generated/ADC_MEASUREMENT/adc_measurement.o
                0x080032b0                ADC_MEASUREMENT_Init
 .text.DAVE_Init
                0x0800341c       0xb0 ./Dave/Generated/DAVE.o
                0x0800341c                DAVE_Init
 .text.CAN_1_Receive
                0x080034cc      0x3c0 ./CAN_1.o
                0x080034cc                CAN_1_Receive
 .text.CAN_2_Receive
                0x0800388c     0x1324 ./CAN_2.o
                0x0800388c                CAN_2_Receive
 .text.getbits  0x08004bb0       0x34 ./getbits.o
                0x08004bb0                getbits
 .text.shift    0x08004be4       0x20 ./getbits.o
                0x08004be4                shift
 .text.UART_TransmitWord
                0x08004c04       0x24 ./main.o
 .text.main     0x08004c28       0x44 ./main.o
                0x08004c28                main
 .text.uartreceive
                0x08004c6c       0x50 ./main.o
                0x08004c6c                uartreceive
 .text.CCU43_1_IRQHandler
                0x08004cbc        0xc ./main.o
                0x08004cbc                CCU43_1_IRQHandler
 .text.sendTlm  0x08004cc8       0x18 ./main.o
                0x08004cc8                sendTlm
 .text.writeTlm
                0x08004ce0       0x38 ./main.o
                0x08004ce0                writeTlm
 .text.__libc_init_array
                0x08004d18       0x4c c:/dave/dave-ide-4.4.2-64bit/eclipse/arm-gcc-49/bin/../lib/gcc/arm-none-eabi/4.9.3/../../../../arm-none-eabi/lib/armv7e-m/softfp\libg_nano.a(lib_a-init.o)
                0x08004d18                __libc_init_array
 *(.init)
 *(.fini)
 *crtbegin.o(.ctors)
 *crtbegin?.o(.ctors)
 *(EXCLUDE_FILE(*crtend.o *crtend?.o) .ctors)
 *(SORT(.ctors.*))
 *(.ctors)
 *crtbegin.o(.dtors)
 *crtbegin?.o(.dtors)
 *(EXCLUDE_FILE(*crtend.o *crtend?.o) .dtors)
 *(SORT(.dtors.*))
 *(.dtors)
 *(.rodata .rodata.*)
 .rodata.g_xmc_vadc_group_array
                0x08004d64       0x10 ./Libraries/XMCLib/src/xmc_vadc.o
 .rodata.UART_0_channel_config
                0x08004d74        0xc ./Dave/Generated/UART/uart_conf.o
                0x08004d74                UART_0_channel_config
 .rodata.UART_0_tx_pin_config
                0x08004d80        0xc ./Dave/Generated/UART/uart_conf.o
                0x08004d80                UART_0_tx_pin_config
 .rodata.UART_0_tx_pin
                0x08004d8c        0xc ./Dave/Generated/UART/uart_conf.o
                0x08004d8c                UART_0_tx_pin
 .rodata.UART_0_config
                0x08004d98       0x2c ./Dave/Generated/UART/uart_conf.o
                0x08004d98                UART_0_config
 .rodata.UART_0_rx_pin_config
                0x08004dc4        0xc ./Dave/Generated/UART/uart_conf.o
                0x08004dc4                UART_0_rx_pin_config
 .rodata.INTERRUPT_0
                0x08004dd0        0x4 ./Dave/Generated/INTERRUPT/interrupt_conf.o
                0x08004dd0                INTERRUPT_0
 .rodata.group_init_handle0
                0x08004dd4       0x14 ./Dave/Generated/GLOBAL_ADC/global_adc_conf.o
                0x08004dd4                group_init_handle0
 .rodata.group_init_handle1
                0x08004de8       0x14 ./Dave/Generated/GLOBAL_ADC/global_adc_conf.o
                0x08004de8                group_init_handle1
 .rodata.group_init_handle2
                0x08004dfc       0x14 ./Dave/Generated/GLOBAL_ADC/global_adc_conf.o
                0x08004dfc                group_init_handle2
 .rodata.group_init_handle3
                0x08004e10       0x14 ./Dave/Generated/GLOBAL_ADC/global_adc_conf.o
                0x08004e10                group_init_handle3
 .rodata.global_config
                0x08004e24       0x18 ./Dave/Generated/GLOBAL_ADC/global_adc_conf.o
                0x08004e24                global_config
 .rodata.LED_1  0x08004e3c       0x14 ./Dave/Generated/DIGITAL_IO/digital_io_conf.o
                0x08004e3c                LED_1
 .rodata        0x08004e50       0x14 ./Dave/Generated/CLOCK_XMC4/clock_xmc4_conf.o
 .rodata.CAN_2_gpio_out
                0x08004e64        0x8 ./Dave/Generated/CAN_NODE/can_node_conf.o
                0x08004e64                CAN_2_gpio_out
 .rodata.CAN_2_gpio_out_config
                0x08004e6c        0xc ./Dave/Generated/CAN_NODE/can_node_conf.o
                0x08004e6c                CAN_2_gpio_out_config
 .rodata.CAN_2_gpio_in
                0x08004e78        0x8 ./Dave/Generated/CAN_NODE/can_node_conf.o
                0x08004e78                CAN_2_gpio_in
 .rodata.CAN_2_gpio_in_config
                0x08004e80        0xc ./Dave/Generated/CAN_NODE/can_node_conf.o
                0x08004e80                CAN_2_gpio_in_config
 .rodata.CAN_2_sr
                0x08004e8c        0x4 ./Dave/Generated/CAN_NODE/can_node_conf.o
                0x08004e8c                CAN_2_sr
 .rodata.CAN_2_LMO_01_Config
                0x08004e90        0xc ./Dave/Generated/CAN_NODE/can_node_conf.o
                0x08004e90                CAN_2_LMO_01_Config
 .rodata.CAN_2_LMO_02_Config
                0x08004e9c        0xc ./Dave/Generated/CAN_NODE/can_node_conf.o
                0x08004e9c                CAN_2_LMO_02_Config
 .rodata.CAN_2_LMO_03_Config
                0x08004ea8        0xc ./Dave/Generated/CAN_NODE/can_node_conf.o
                0x08004ea8                CAN_2_LMO_03_Config
 .rodata.CAN_2_LMO_04_Config
                0x08004eb4        0xc ./Dave/Generated/CAN_NODE/can_node_conf.o
                0x08004eb4                CAN_2_LMO_04_Config
 .rodata.CAN_2_LMO_05_Config
                0x08004ec0        0xc ./Dave/Generated/CAN_NODE/can_node_conf.o
                0x08004ec0                CAN_2_LMO_05_Config
 .rodata.CAN_2_LMO_06_Config
                0x08004ecc        0xc ./Dave/Generated/CAN_NODE/can_node_conf.o
                0x08004ecc                CAN_2_LMO_06_Config
 .rodata.CAN_2_LMO_07_Config
                0x08004ed8        0xc ./Dave/Generated/CAN_NODE/can_node_conf.o
                0x08004ed8                CAN_2_LMO_07_Config
 .rodata.CAN_2_LMO_08_Config
                0x08004ee4        0xc ./Dave/Generated/CAN_NODE/can_node_conf.o
                0x08004ee4                CAN_2_LMO_08_Config
 .rodata.CAN_2_LMO_09_Config
                0x08004ef0        0xc ./Dave/Generated/CAN_NODE/can_node_conf.o
                0x08004ef0                CAN_2_LMO_09_Config
 .rodata.CAN_2_LMO_10_Config
                0x08004efc        0xc ./Dave/Generated/CAN_NODE/can_node_conf.o
                0x08004efc                CAN_2_LMO_10_Config
 .rodata.CAN_2_LMO_11_Config
                0x08004f08        0xc ./Dave/Generated/CAN_NODE/can_node_conf.o
                0x08004f08                CAN_2_LMO_11_Config
 .rodata.CAN_2_LMO_12_Config
                0x08004f14        0xc ./Dave/Generated/CAN_NODE/can_node_conf.o
                0x08004f14                CAN_2_LMO_12_Config
 .rodata.CAN_2_LMO_13_Config
                0x08004f20        0xc ./Dave/Generated/CAN_NODE/can_node_conf.o
                0x08004f20                CAN_2_LMO_13_Config
 .rodata.CAN_2_LMO_14_Config
                0x08004f2c        0xc ./Dave/Generated/CAN_NODE/can_node_conf.o
                0x08004f2c                CAN_2_LMO_14_Config
 .rodata.CAN_2_LMO_15_Config
                0x08004f38        0xc ./Dave/Generated/CAN_NODE/can_node_conf.o
                0x08004f38                CAN_2_LMO_15_Config
 .rodata.CAN_2_LMO_16_Config
                0x08004f44        0xc ./Dave/Generated/CAN_NODE/can_node_conf.o
                0x08004f44                CAN_2_LMO_16_Config
 .rodata.CAN_2_LMO_17_Config
                0x08004f50        0xc ./Dave/Generated/CAN_NODE/can_node_conf.o
                0x08004f50                CAN_2_LMO_17_Config
 .rodata.CAN_2_LMO_18_Config
                0x08004f5c        0xc ./Dave/Generated/CAN_NODE/can_node_conf.o
                0x08004f5c                CAN_2_LMO_18_Config
 .rodata.CAN_2  0x08004f68       0xa8 ./Dave/Generated/CAN_NODE/can_node_conf.o
                0x08004f68                CAN_2
 .rodata.CAN_1_gpio_out
                0x08005010        0x8 ./Dave/Generated/CAN_NODE/can_node_conf.o
                0x08005010                CAN_1_gpio_out
 .rodata.CAN_1_gpio_out_config
                0x08005018        0xc ./Dave/Generated/CAN_NODE/can_node_conf.o
                0x08005018                CAN_1_gpio_out_config
 .rodata.CAN_1_gpio_in
                0x08005024        0x8 ./Dave/Generated/CAN_NODE/can_node_conf.o
                0x08005024                CAN_1_gpio_in
 .rodata.CAN_1_gpio_in_config
                0x0800502c        0xc ./Dave/Generated/CAN_NODE/can_node_conf.o
                0x0800502c                CAN_1_gpio_in_config
 .rodata.CAN_1_sr
                0x08005038        0x4 ./Dave/Generated/CAN_NODE/can_node_conf.o
                0x08005038                CAN_1_sr
 .rodata.CAN_1_LMO_01_Config
                0x0800503c        0xc ./Dave/Generated/CAN_NODE/can_node_conf.o
                0x0800503c                CAN_1_LMO_01_Config
 .rodata.CAN_1_LMO_02_Config
                0x08005048        0xc ./Dave/Generated/CAN_NODE/can_node_conf.o
                0x08005048                CAN_1_LMO_02_Config
 .rodata.CAN_1_LMO_03_Config
                0x08005054        0xc ./Dave/Generated/CAN_NODE/can_node_conf.o
                0x08005054                CAN_1_LMO_03_Config
 .rodata.CAN_1_LMO_04_Config
                0x08005060        0xc ./Dave/Generated/CAN_NODE/can_node_conf.o
                0x08005060                CAN_1_LMO_04_Config
 .rodata.CAN_1_LMO_05_Config
                0x0800506c        0xc ./Dave/Generated/CAN_NODE/can_node_conf.o
                0x0800506c                CAN_1_LMO_05_Config
 .rodata.CAN_1_LMO_06_Config
                0x08005078        0xc ./Dave/Generated/CAN_NODE/can_node_conf.o
                0x08005078                CAN_1_LMO_06_Config
 .rodata.CAN_1  0x08005084       0xa8 ./Dave/Generated/CAN_NODE/can_node_conf.o
                0x08005084                CAN_1
 .rodata.ANALOG_IO_0
                0x0800512c       0x10 ./Dave/Generated/ANALOG_IO/analog_io_conf.o
                0x0800512c                ANALOG_IO_0
 .rodata.global_iclass_config
                0x0800513c        0x4 ./Dave/Generated/ADC_MEASUREMENT/adc_measurement_conf.o
                0x0800513c                global_iclass_config
 .rodata.backgnd_config
                0x08005140        0xc ./Dave/Generated/ADC_MEASUREMENT/adc_measurement_conf.o
                0x08005140                backgnd_config
 *(.gnu.linkonce.r*)
 *(vtable)
                0x0800514c                . = ALIGN (0x4)

.glue_7         0x0800514c        0x0 load address 0x0c00514c
 .glue_7        0x00000000        0x0 linker stubs

.glue_7t        0x0800514c        0x0 load address 0x0c00514c
 .glue_7t       0x00000000        0x0 linker stubs

.vfp11_veneer   0x0800514c        0x0 load address 0x0c00514c
 .vfp11_veneer  0x00000000        0x0 linker stubs

.v4_bx          0x0800514c        0x0 load address 0x0c00514c
 .v4_bx         0x00000000        0x0 linker stubs

.iplt           0x0800514c        0x0 load address 0x0c00514c
 .iplt          0x00000000        0x0 ./Startup/startup_XMC4500.o

.rel.dyn        0x0800514c        0x0 load address 0x0c00514c
 .rel.iplt      0x00000000        0x0 ./Startup/startup_XMC4500.o

.eh_frame_hdr
 *(.eh_frame_hdr)

.eh_frame
 *(.eh_frame)

.ARM.extab
 *(.ARM.extab* .gnu.linkonce.armextab.*)
                0x0800514c                . = ALIGN (0x4)
                0x0800514c                __exidx_start = .

.ARM.exidx
 *(.ARM.exidx* .gnu.linkonce.armexidx.*)
                0x0800514c                __exidx_end = .
                0x0800514c                . = ALIGN (0x4)

Stack           0x10000000      0x800
                0x10000000                __stack_start = .
                0x10000800                . = (. + stack_size)
 *fill*         0x10000000      0x800 
                0x10000800                __stack_end = .
                0x10000800                __initial_sp = .

.ram_code       0x10000800        0x0 load address 0x0c00514c
                0x10000800                . = ALIGN (0x4)
                0x10000800                __ram_code_start = .
 *(.ram_code)
                0x10000800                . = ALIGN (0x4)
                0x10000800                __ram_code_end = .
                0x0c00514c                __ram_code_load = LOADADDR (.ram_code)
                0x00000000                __ram_code_size = (__ram_code_end - __ram_code_start)

PSRAM_DATA      0x10000800        0x0 load address 0x0c00514c
                0x10000800                . = ALIGN (0x4)
                0x10000800                __data3_start = .
 *(PSRAM_DATA)
                0x10000800                . = ALIGN (0x4)
                0x10000800                __data3_end = .
                0x0c00514c                __data3_load = LOADADDR (PSRAM_DATA)
                0x00000000                __data3_size = (__data3_end - __data3_start)

PSRAM_BSS       0x10000800        0x0 load address 0x0c00514c
                0x10000800                . = ALIGN (0x4)
                0x10000800                __bss3_start = .
 *(PSRAM_BSS)
                0x10000800                . = ALIGN (0x4)
                0x10000800                __bss3_end = .
                0x10000800                . = ALIGN (0x8)
                0x10000800                Heap_Bank3_Start = .
                0x00000000                __bss3_size = (__bss3_end - __bss3_start)

.data           0x20000000      0x404 load address 0x0c00514c
                0x20000000                . = ALIGN (0x4)
                0x20000000                __data_start = .
 *(.data)
 *(.data*)
 .data.UART_0   0x20000000        0xc ./Dave/Generated/UART/uart_conf.o
                0x20000000                UART_0
 .data.TIMER_0_config
                0x2000000c        0x8 ./Dave/Generated/TIMER/timer_conf.o
                0x2000000c                TIMER_0_config
 .data.TIMER_0  0x20000014       0x28 ./Dave/Generated/TIMER/timer_conf.o
                0x20000014                TIMER_0
 .data.GLOBAL_CCU4_0
                0x2000003c       0x10 ./Dave/Generated/GLOBAL_CCU4/global_ccu4_conf.o
                0x2000003c                GLOBAL_CCU4_0
 .data.GLOBAL_CAN_0
                0x2000004c        0xc ./Dave/Generated/GLOBAL_CAN/global_can_conf.o
                0x2000004c                GLOBAL_CAN_0
 .data.group_0_config
                0x20000058        0xc ./Dave/Generated/GLOBAL_ADC/global_adc_conf.o
                0x20000058                group_0_config
 .data.group_1_config
                0x20000064        0xc ./Dave/Generated/GLOBAL_ADC/global_adc_conf.o
                0x20000064                group_1_config
 .data.group_2_config
                0x20000070        0xc ./Dave/Generated/GLOBAL_ADC/global_adc_conf.o
                0x20000070                group_2_config
 .data.group_3_config
                0x2000007c        0xc ./Dave/Generated/GLOBAL_ADC/global_adc_conf.o
                0x2000007c                group_3_config
 .data.GLOBAL_ADC_0
                0x20000088       0x1c ./Dave/Generated/GLOBAL_ADC/global_adc_conf.o
                0x20000088                GLOBAL_ADC_0
 .data.CAN_2_BitTimeConfig
                0x200000a4        0xc ./Dave/Generated/CAN_NODE/can_node_conf.o
                0x200000a4                CAN_2_BitTimeConfig
 .data.CAN_2_LMO_01
                0x200000b0       0x20 ./Dave/Generated/CAN_NODE/can_node_conf.o
                0x200000b0                CAN_2_LMO_01
 .data.CAN_2_LMO_02
                0x200000d0       0x20 ./Dave/Generated/CAN_NODE/can_node_conf.o
                0x200000d0                CAN_2_LMO_02
 .data.CAN_2_LMO_03
                0x200000f0       0x20 ./Dave/Generated/CAN_NODE/can_node_conf.o
                0x200000f0                CAN_2_LMO_03
 .data.CAN_2_LMO_04
                0x20000110       0x20 ./Dave/Generated/CAN_NODE/can_node_conf.o
                0x20000110                CAN_2_LMO_04
 .data.CAN_2_LMO_05
                0x20000130       0x20 ./Dave/Generated/CAN_NODE/can_node_conf.o
                0x20000130                CAN_2_LMO_05
 .data.CAN_2_LMO_06
                0x20000150       0x20 ./Dave/Generated/CAN_NODE/can_node_conf.o
                0x20000150                CAN_2_LMO_06
 .data.CAN_2_LMO_07
                0x20000170       0x20 ./Dave/Generated/CAN_NODE/can_node_conf.o
                0x20000170                CAN_2_LMO_07
 .data.CAN_2_LMO_08
                0x20000190       0x20 ./Dave/Generated/CAN_NODE/can_node_conf.o
                0x20000190                CAN_2_LMO_08
 .data.CAN_2_LMO_09
                0x200001b0       0x20 ./Dave/Generated/CAN_NODE/can_node_conf.o
                0x200001b0                CAN_2_LMO_09
 .data.CAN_2_LMO_10
                0x200001d0       0x20 ./Dave/Generated/CAN_NODE/can_node_conf.o
                0x200001d0                CAN_2_LMO_10
 .data.CAN_2_LMO_11
                0x200001f0       0x20 ./Dave/Generated/CAN_NODE/can_node_conf.o
                0x200001f0                CAN_2_LMO_11
 .data.CAN_2_LMO_12
                0x20000210       0x20 ./Dave/Generated/CAN_NODE/can_node_conf.o
                0x20000210                CAN_2_LMO_12
 .data.CAN_2_LMO_13
                0x20000230       0x20 ./Dave/Generated/CAN_NODE/can_node_conf.o
                0x20000230                CAN_2_LMO_13
 .data.CAN_2_LMO_14
                0x20000250       0x20 ./Dave/Generated/CAN_NODE/can_node_conf.o
                0x20000250                CAN_2_LMO_14
 .data.CAN_2_LMO_15
                0x20000270       0x20 ./Dave/Generated/CAN_NODE/can_node_conf.o
                0x20000270                CAN_2_LMO_15
 .data.CAN_2_LMO_16
                0x20000290       0x20 ./Dave/Generated/CAN_NODE/can_node_conf.o
                0x20000290                CAN_2_LMO_16
 .data.CAN_2_LMO_17
                0x200002b0       0x20 ./Dave/Generated/CAN_NODE/can_node_conf.o
                0x200002b0                CAN_2_LMO_17
 .data.CAN_2_LMO_18
                0x200002d0       0x20 ./Dave/Generated/CAN_NODE/can_node_conf.o
                0x200002d0                CAN_2_LMO_18
 .data.CAN_1_BitTimeConfig
                0x200002f0        0xc ./Dave/Generated/CAN_NODE/can_node_conf.o
                0x200002f0                CAN_1_BitTimeConfig
 *fill*         0x200002fc        0x4 
 .data.CAN_1_LMO_01
                0x20000300       0x20 ./Dave/Generated/CAN_NODE/can_node_conf.o
                0x20000300                CAN_1_LMO_01
 .data.CAN_1_LMO_02
                0x20000320       0x20 ./Dave/Generated/CAN_NODE/can_node_conf.o
                0x20000320                CAN_1_LMO_02
 .data.CAN_1_LMO_03
                0x20000340       0x20 ./Dave/Generated/CAN_NODE/can_node_conf.o
                0x20000340                CAN_1_LMO_03
 .data.CAN_1_LMO_04
                0x20000360       0x20 ./Dave/Generated/CAN_NODE/can_node_conf.o
                0x20000360                CAN_1_LMO_04
 .data.CAN_1_LMO_05
                0x20000380       0x20 ./Dave/Generated/CAN_NODE/can_node_conf.o
                0x20000380                CAN_1_LMO_05
 .data.CAN_1_LMO_06
                0x200003a0       0x20 ./Dave/Generated/CAN_NODE/can_node_conf.o
                0x200003a0                CAN_1_LMO_06
 .data.Channel_A_ch_config
                0x200003c0        0xc ./Dave/Generated/ADC_MEASUREMENT/adc_measurement_conf.o
                0x200003c0                Channel_A_ch_config
 .data.ADC_MEASUREMENT_Channel_A_handle
                0x200003cc       0x14 ./Dave/Generated/ADC_MEASUREMENT/adc_measurement_conf.o
                0x200003cc                ADC_MEASUREMENT_Channel_A_handle
 .data.ADC_MEASUREMENT_channel_array
                0x200003e0        0x4 ./Dave/Generated/ADC_MEASUREMENT/adc_measurement_conf.o
                0x200003e0                ADC_MEASUREMENT_channel_array
 .data.ADC_MEASUREMENT_0
                0x200003e4       0x1c ./Dave/Generated/ADC_MEASUREMENT/adc_measurement_conf.o
                0x200003e4                ADC_MEASUREMENT_0
 .data.id       0x20000400        0x1 ./main.o
                0x20000400                id
 .data.id_check
                0x20000401        0x1 ./main.o
                0x20000401                id_check
 .data.ok       0x20000402        0x1 ./main.o
                0x20000402                ok
 *(*.data)
 *(.gnu.linkonce.d*)
                0x20000404                . = ALIGN (0x4)
 *fill*         0x20000403        0x1 
                0x20000404                PROVIDE (__preinit_array_start, .)
 *(.preinit_array)
                0x20000404                PROVIDE (__preinit_array_end, .)
                0x20000404                . = ALIGN (0x4)
                0x20000404                PROVIDE (__init_array_start, .)
 *(SORT(.init_array.*))
 *(.init_array)
                0x20000404                PROVIDE (__init_array_end, .)
                0x20000404                . = ALIGN (0x4)
                0x20000404                PROVIDE (__fini_array_start, .)
 *(SORT(.fini_array.*))
 *(.fini_array)
                0x20000404                PROVIDE (__fini_array_end, .)
                0x20000404                . = ALIGN (0x4)
                0x20000404                __data_end = .
                0x0c00514c                __data_load = LOADADDR (.data)
                0x00000404                __data_size = (__data_end - __data_start)

.igot.plt       0x20000404        0x0 load address 0x0c005550
 .igot.plt      0x00000000        0x0 ./Startup/startup_XMC4500.o

.bss            0x20000404      0x2dc load address 0x0c005550
                0x20000404                . = ALIGN (0x4)
                0x20000404                __bss_start = .
 *(.bss)
 *(.bss*)
 .bss.UART_0_runtime
                0x20000404       0x1c ./Dave/Generated/UART/uart_conf.o
                0x20000404                UART_0_runtime
 .bss.CLOCK_XMC4_0
                0x20000420        0x4 ./Dave/Generated/CLOCK_XMC4/clock_xmc4_conf.o
                0x20000420                CLOCK_XMC4_0
 .bss.ANALOG_IO_0_state
                0x20000424        0x1 ./Dave/Generated/ANALOG_IO/analog_io_conf.o
 *fill*         0x20000425        0x3 
 .bss.Channel_A_res_config
                0x20000428        0x4 ./Dave/Generated/ADC_MEASUREMENT/adc_measurement_conf.o
                0x20000428                Channel_A_res_config
 .bss.p_air_22  0x2000042c        0x4 ./CAN_1.o
                0x2000042c                p_air_22
 .bss.n_engine  0x20000430        0x4 ./CAN_1.o
                0x20000430                n_engine
 .bss.gear      0x20000434        0x4 ./CAN_1.o
                0x20000434                gear
 .bss.gear_1    0x20000438        0x1 ./CAN_1.o
                0x20000438                gear_1
 *fill*         0x20000439        0x3 
 .bss.ign_angle
                0x2000043c        0x4 ./CAN_1.o
                0x2000043c                ign_angle
 .bss.ign_angle_1
                0x20000440        0x2 ./CAN_1.o
                0x20000440                ign_angle_1
 .bss.shift_up  0x20000442        0x1 ./CAN_1.o
                0x20000442                shift_up
 .bss.shift_down
                0x20000443        0x1 ./CAN_1.o
                0x20000443                shift_down
 .bss.eng_map   0x20000444        0x1 ./CAN_1.o
                0x20000444                eng_map
 *fill*         0x20000445        0x3 
 .bss.p_pneu    0x20000448        0x4 ./CAN_1.o
                0x20000448                p_pneu
 .bss.x_RH_RL   0x2000044c        0x4 ./CAN_1.o
                0x2000044c                x_RH_RL
 .bss.x_RH_RR   0x20000450        0x4 ./CAN_1.o
                0x20000450                x_RH_RR
 .bss.t_oil_gb  0x20000454        0x4 ./CAN_1.o
                0x20000454                t_oil_gb
 .bss.t_canmod  0x20000458        0x4 ./CAN_1.o
                0x20000458                t_canmod
 .bss.p_oil     0x2000045c        0x4 ./CAN_1.o
                0x2000045c                p_oil
 .bss.p_fuel_rail
                0x20000460        0x4 ./CAN_1.o
                0x20000460                p_fuel_rail
 .bss.a_ath     0x20000464        0x4 ./CAN_1.o
                0x20000464                a_ath
 .bss.t_water_engine
                0x20000468        0x4 ./CAN_1.o
                0x20000468                t_water_engine
 .bss.t_air_22  0x2000046c        0x4 ./CAN_1.o
                0x2000046c                t_air_22
 .bss.t_oil_engine
                0x20000470        0x4 ./CAN_1.o
                0x20000470                t_oil_engine
 .bss.lambda1   0x20000474        0x4 ./CAN_1.o
                0x20000474                lambda1
 .bss.lambda    0x20000478        0x2 ./CAN_1.o
                0x20000478                lambda
 *fill*         0x2000047a        0x2 
 .bss.trigger_error
                0x2000047c        0x4 ./CAN_1.o
                0x2000047c                trigger_error
 .bss.p_brake_rear
                0x20000480        0x4 ./CAN_1.o
                0x20000480                p_brake_rear
 .bss.i_tot     0x20000484        0x4 ./CAN_2.o
                0x20000484                i_tot
 .bss.t_pcm     0x20000488        0x4 ./CAN_2.o
                0x20000488                t_pcm
 .bss.f_rl      0x2000048c        0x4 ./CAN_2.o
                0x2000048c                f_rl
 .bss.f_rr      0x20000490        0x4 ./CAN_2.o
                0x20000490                f_rr
 .bss.x_dp_RL   0x20000494        0x4 ./CAN_2.o
                0x20000494                x_dp_RL
 .bss.x_dp_RR   0x20000498        0x4 ./CAN_2.o
                0x20000498                x_dp_RR
 .bss.f_fl      0x2000049c        0x4 ./CAN_2.o
                0x2000049c                f_fl
 .bss.f_fr      0x200004a0        0x4 ./CAN_2.o
                0x200004a0                f_fr
 .bss.t_VCU     0x200004a4        0x4 ./CAN_2.o
                0x200004a4                t_VCU
 .bss.x_RH_F    0x200004a8        0x4 ./CAN_2.o
                0x200004a8                x_RH_F
 .bss.x_clutch  0x200004ac        0x4 ./CAN_2.o
                0x200004ac                x_clutch
 .bss.x_clutch_STW
                0x200004b0        0x4 ./CAN_2.o
                0x200004b0                x_clutch_STW
 .bss.u_bat     0x200004b4        0x4 ./CAN_2.o
                0x200004b4                u_bat
 .bss.n_wheel_FL
                0x200004b8        0x4 ./CAN_2.o
                0x200004b8                n_wheel_FL
 .bss.n_wheel_FR
                0x200004bc        0x4 ./CAN_2.o
                0x200004bc                n_wheel_FR
 .bss.n_wheel_RL
                0x200004c0        0x4 ./CAN_2.o
                0x200004c0                n_wheel_RL
 .bss.n_wheel_RR
                0x200004c4        0x4 ./CAN_2.o
                0x200004c4                n_wheel_RR
 .bss.p_brake_front
                0x200004c8        0x4 ./CAN_2.o
                0x200004c8                p_brake_front
 .bss.AY        0x200004cc        0x4 ./CAN_2.o
                0x200004cc                AY
 .bss.AX        0x200004d0        0x4 ./CAN_2.o
                0x200004d0                AX
 .bss.t_tyre_FL_1_MSB
                0x200004d4        0x4 ./CAN_2.o
                0x200004d4                t_tyre_FL_1_MSB
 .bss.t_tyre_FL_1_LSB
                0x200004d8        0x4 ./CAN_2.o
                0x200004d8                t_tyre_FL_1_LSB
 .bss.t_tyre_FL_2_MSB
                0x200004dc        0x4 ./CAN_2.o
                0x200004dc                t_tyre_FL_2_MSB
 .bss.t_tyre_FL_2_LSB
                0x200004e0        0x4 ./CAN_2.o
                0x200004e0                t_tyre_FL_2_LSB
 .bss.t_tyre_FL_3_MSB
                0x200004e4        0x4 ./CAN_2.o
                0x200004e4                t_tyre_FL_3_MSB
 .bss.t_tyre_FL_3_LSB
                0x200004e8        0x4 ./CAN_2.o
                0x200004e8                t_tyre_FL_3_LSB
 .bss.t_tyre_FL_4_MSB
                0x200004ec        0x4 ./CAN_2.o
                0x200004ec                t_tyre_FL_4_MSB
 .bss.t_tyre_FL_4_LSB
                0x200004f0        0x4 ./CAN_2.o
                0x200004f0                t_tyre_FL_4_LSB
 .bss.t_tyre_FL_5_MSB
                0x200004f4        0x4 ./CAN_2.o
                0x200004f4                t_tyre_FL_5_MSB
 .bss.t_tyre_FL_5_LSB
                0x200004f8        0x4 ./CAN_2.o
                0x200004f8                t_tyre_FL_5_LSB
 .bss.t_tyre_FL_6_MSB
                0x200004fc        0x4 ./CAN_2.o
                0x200004fc                t_tyre_FL_6_MSB
 .bss.t_tyre_FL_6_LSB
                0x20000500        0x4 ./CAN_2.o
                0x20000500                t_tyre_FL_6_LSB
 .bss.t_tyre_FL_7_MSB
                0x20000504        0x4 ./CAN_2.o
                0x20000504                t_tyre_FL_7_MSB
 .bss.t_tyre_FL_7_LSB
                0x20000508        0x4 ./CAN_2.o
                0x20000508                t_tyre_FL_7_LSB
 .bss.t_tyre_FL_8_MSB
                0x2000050c        0x4 ./CAN_2.o
                0x2000050c                t_tyre_FL_8_MSB
 .bss.t_tyre_FL_8_LSB
                0x20000510        0x4 ./CAN_2.o
                0x20000510                t_tyre_FL_8_LSB
 .bss.t_tyre_FR_1_MSB
                0x20000514        0x4 ./CAN_2.o
                0x20000514                t_tyre_FR_1_MSB
 .bss.t_tyre_FR_1_LSB
                0x20000518        0x4 ./CAN_2.o
                0x20000518                t_tyre_FR_1_LSB
 .bss.t_tyre_FR_2_MSB
                0x2000051c        0x4 ./CAN_2.o
                0x2000051c                t_tyre_FR_2_MSB
 .bss.t_tyre_FR_2_LSB
                0x20000520        0x4 ./CAN_2.o
                0x20000520                t_tyre_FR_2_LSB
 .bss.t_tyre_FR_3_MSB
                0x20000524        0x4 ./CAN_2.o
                0x20000524                t_tyre_FR_3_MSB
 .bss.t_tyre_FR_3_LSB
                0x20000528        0x4 ./CAN_2.o
                0x20000528                t_tyre_FR_3_LSB
 .bss.t_tyre_FR_4_MSB
                0x2000052c        0x4 ./CAN_2.o
                0x2000052c                t_tyre_FR_4_MSB
 .bss.t_tyre_FR_4_LSB
                0x20000530        0x4 ./CAN_2.o
                0x20000530                t_tyre_FR_4_LSB
 .bss.t_tyre_FR_5_MSB
                0x20000534        0x4 ./CAN_2.o
                0x20000534                t_tyre_FR_5_MSB
 .bss.t_tyre_FR_5_LSB
                0x20000538        0x4 ./CAN_2.o
                0x20000538                t_tyre_FR_5_LSB
 .bss.t_tyre_FR_6_MSB
                0x2000053c        0x4 ./CAN_2.o
                0x2000053c                t_tyre_FR_6_MSB
 .bss.t_tyre_FR_6_LSB
                0x20000540        0x4 ./CAN_2.o
                0x20000540                t_tyre_FR_6_LSB
 .bss.t_tyre_FR_7_MSB
                0x20000544        0x4 ./CAN_2.o
                0x20000544                t_tyre_FR_7_MSB
 .bss.t_tyre_FR_7_LSB
                0x20000548        0x4 ./CAN_2.o
                0x20000548                t_tyre_FR_7_LSB
 .bss.t_tyre_FR_8_MSB
                0x2000054c        0x4 ./CAN_2.o
                0x2000054c                t_tyre_FR_8_MSB
 .bss.t_tyre_FR_8_LSB
                0x20000550        0x4 ./CAN_2.o
                0x20000550                t_tyre_FR_8_LSB
 .bss.t_tyre_RL_1_MSB
                0x20000554        0x4 ./CAN_2.o
                0x20000554                t_tyre_RL_1_MSB
 .bss.t_tyre_RL_1_LSB
                0x20000558        0x4 ./CAN_2.o
                0x20000558                t_tyre_RL_1_LSB
 .bss.t_tyre_RL_2_MSB
                0x2000055c        0x4 ./CAN_2.o
                0x2000055c                t_tyre_RL_2_MSB
 .bss.t_tyre_RL_2_LSB
                0x20000560        0x4 ./CAN_2.o
                0x20000560                t_tyre_RL_2_LSB
 .bss.t_tyre_RL_3_MSB
                0x20000564        0x4 ./CAN_2.o
                0x20000564                t_tyre_RL_3_MSB
 .bss.t_tyre_RL_3_LSB
                0x20000568        0x4 ./CAN_2.o
                0x20000568                t_tyre_RL_3_LSB
 .bss.t_tyre_RL_4_MSB
                0x2000056c        0x4 ./CAN_2.o
                0x2000056c                t_tyre_RL_4_MSB
 .bss.t_tyre_RL_4_LSB
                0x20000570        0x4 ./CAN_2.o
                0x20000570                t_tyre_RL_4_LSB
 .bss.t_tyre_RL_5_MSB
                0x20000574        0x4 ./CAN_2.o
                0x20000574                t_tyre_RL_5_MSB
 .bss.t_tyre_RL_5_LSB
                0x20000578        0x4 ./CAN_2.o
                0x20000578                t_tyre_RL_5_LSB
 .bss.t_tyre_RL_6_MSB
                0x2000057c        0x4 ./CAN_2.o
                0x2000057c                t_tyre_RL_6_MSB
 .bss.t_tyre_RL_6_LSB
                0x20000580        0x4 ./CAN_2.o
                0x20000580                t_tyre_RL_6_LSB
 .bss.t_tyre_RL_7_MSB
                0x20000584        0x4 ./CAN_2.o
                0x20000584                t_tyre_RL_7_MSB
 .bss.t_tyre_RL_7_LSB
                0x20000588        0x4 ./CAN_2.o
                0x20000588                t_tyre_RL_7_LSB
 .bss.t_tyre_RL_8_MSB
                0x2000058c        0x4 ./CAN_2.o
                0x2000058c                t_tyre_RL_8_MSB
 .bss.t_tyre_RL_8_LSB
                0x20000590        0x4 ./CAN_2.o
                0x20000590                t_tyre_RL_8_LSB
 .bss.t_tyre_RR_1_MSB
                0x20000594        0x4 ./CAN_2.o
                0x20000594                t_tyre_RR_1_MSB
 .bss.t_tyre_RR_1_LSB
                0x20000598        0x4 ./CAN_2.o
                0x20000598                t_tyre_RR_1_LSB
 .bss.t_tyre_RR_2_MSB
                0x2000059c        0x4 ./CAN_2.o
                0x2000059c                t_tyre_RR_2_MSB
 .bss.t_tyre_RR_2_LSB
                0x200005a0        0x4 ./CAN_2.o
                0x200005a0                t_tyre_RR_2_LSB
 .bss.t_tyre_RR_3_MSB
                0x200005a4        0x4 ./CAN_2.o
                0x200005a4                t_tyre_RR_3_MSB
 .bss.t_tyre_RR_3_LSB
                0x200005a8        0x4 ./CAN_2.o
                0x200005a8                t_tyre_RR_3_LSB
 .bss.t_tyre_RR_4_MSB
                0x200005ac        0x4 ./CAN_2.o
                0x200005ac                t_tyre_RR_4_MSB
 .bss.t_tyre_RR_4_LSB
                0x200005b0        0x4 ./CAN_2.o
                0x200005b0                t_tyre_RR_4_LSB
 .bss.t_tyre_RR_5_MSB
                0x200005b4        0x4 ./CAN_2.o
                0x200005b4                t_tyre_RR_5_MSB
 .bss.t_tyre_RR_5_LSB
                0x200005b8        0x4 ./CAN_2.o
                0x200005b8                t_tyre_RR_5_LSB
 .bss.t_tyre_RR_6_MSB
                0x200005bc        0x4 ./CAN_2.o
                0x200005bc                t_tyre_RR_6_MSB
 .bss.t_tyre_RR_6_LSB
                0x200005c0        0x4 ./CAN_2.o
                0x200005c0                t_tyre_RR_6_LSB
 .bss.t_tyre_RR_7_MSB
                0x200005c4        0x4 ./CAN_2.o
                0x200005c4                t_tyre_RR_7_MSB
 .bss.t_tyre_RR_7_LSB
                0x200005c8        0x4 ./CAN_2.o
                0x200005c8                t_tyre_RR_7_LSB
 .bss.t_tyre_RR_8_MSB
                0x200005cc        0x4 ./CAN_2.o
                0x200005cc                t_tyre_RR_8_MSB
 .bss.t_tyre_RR_8_LSB
                0x200005d0        0x4 ./CAN_2.o
                0x200005d0                t_tyre_RR_8_LSB
 .bss.t_tyre_FL_1
                0x200005d4        0x2 ./CAN_2.o
                0x200005d4                t_tyre_FL_1
 .bss.t_tyre_FL_2
                0x200005d6        0x2 ./CAN_2.o
                0x200005d6                t_tyre_FL_2
 .bss.t_tyre_FL_3
                0x200005d8        0x2 ./CAN_2.o
                0x200005d8                t_tyre_FL_3
 .bss.t_tyre_FL_4
                0x200005da        0x2 ./CAN_2.o
                0x200005da                t_tyre_FL_4
 .bss.t_tyre_FL_5
                0x200005dc        0x2 ./CAN_2.o
                0x200005dc                t_tyre_FL_5
 .bss.t_tyre_FL_6
                0x200005de        0x2 ./CAN_2.o
                0x200005de                t_tyre_FL_6
 .bss.t_tyre_FL_7
                0x200005e0        0x2 ./CAN_2.o
                0x200005e0                t_tyre_FL_7
 .bss.t_tyre_FL_8
                0x200005e2        0x2 ./CAN_2.o
                0x200005e2                t_tyre_FL_8
 .bss.t_tyre_FR_1
                0x200005e4        0x2 ./CAN_2.o
                0x200005e4                t_tyre_FR_1
 .bss.t_tyre_FR_2
                0x200005e6        0x2 ./CAN_2.o
                0x200005e6                t_tyre_FR_2
 .bss.t_tyre_FR_3
                0x200005e8        0x2 ./CAN_2.o
                0x200005e8                t_tyre_FR_3
 .bss.t_tyre_FR_4
                0x200005ea        0x2 ./CAN_2.o
                0x200005ea                t_tyre_FR_4
 .bss.t_tyre_FR_5
                0x200005ec        0x2 ./CAN_2.o
                0x200005ec                t_tyre_FR_5
 .bss.t_tyre_FR_6
                0x200005ee        0x2 ./CAN_2.o
                0x200005ee                t_tyre_FR_6
 .bss.t_tyre_FR_7
                0x200005f0        0x2 ./CAN_2.o
                0x200005f0                t_tyre_FR_7
 .bss.t_tyre_FR_8
                0x200005f2        0x2 ./CAN_2.o
                0x200005f2                t_tyre_FR_8
 .bss.t_tyre_RL_1
                0x200005f4        0x2 ./CAN_2.o
                0x200005f4                t_tyre_RL_1
 .bss.t_tyre_RL_2
                0x200005f6        0x2 ./CAN_2.o
                0x200005f6                t_tyre_RL_2
 .bss.t_tyre_RL_3
                0x200005f8        0x2 ./CAN_2.o
                0x200005f8                t_tyre_RL_3
 .bss.t_tyre_RL_4
                0x200005fa        0x2 ./CAN_2.o
                0x200005fa                t_tyre_RL_4
 .bss.t_tyre_RL_5
                0x200005fc        0x2 ./CAN_2.o
                0x200005fc                t_tyre_RL_5
 .bss.t_tyre_RL_6
                0x200005fe        0x2 ./CAN_2.o
                0x200005fe                t_tyre_RL_6
 .bss.t_tyre_RL_7
                0x20000600        0x2 ./CAN_2.o
                0x20000600                t_tyre_RL_7
 .bss.t_tyre_RL_8
                0x20000602        0x2 ./CAN_2.o
                0x20000602                t_tyre_RL_8
 .bss.t_tyre_RR_1
                0x20000604        0x2 ./CAN_2.o
                0x20000604                t_tyre_RR_1
 .bss.t_tyre_RR_2
                0x20000606        0x2 ./CAN_2.o
                0x20000606                t_tyre_RR_2
 .bss.t_tyre_RR_3
                0x20000608        0x2 ./CAN_2.o
                0x20000608                t_tyre_RR_3
 .bss.t_tyre_RR_4
                0x2000060a        0x2 ./CAN_2.o
                0x2000060a                t_tyre_RR_4
 .bss.t_tyre_RR_5
                0x2000060c        0x2 ./CAN_2.o
                0x2000060c                t_tyre_RR_5
 .bss.t_tyre_RR_6
                0x2000060e        0x2 ./CAN_2.o
                0x2000060e                t_tyre_RR_6
 .bss.t_tyre_RR_7
                0x20000610        0x2 ./CAN_2.o
                0x20000610                t_tyre_RR_7
 .bss.t_tyre_RR_8
                0x20000612        0x2 ./CAN_2.o
                0x20000612                t_tyre_RR_8
 *(COMMON)
 COMMON         0x20000614       0xc6 ./main.o
                0x20000614                delay_count
                0x20000618                carData
                0x200006d4                buffer
 *(.gnu.linkonce.b*)
                0x200006dc                . = ALIGN (0x4)
 *fill*         0x200006da        0x2 
                0x200006dc                __bss_end = .
                0x200006e0                . = ALIGN (0x8)
 *fill*         0x200006dc        0x4 
                0x200006e0                Heap_Bank1_Start = .
                0x000002d8                __bss_size = (__bss_end - __bss_start)

.no_init        0x2000ffc0       0x14
                0x2000ffc0                Heap_Bank1_End = .
 *(.no_init)
 .no_init       0x2000ffc0       0x14 ./Startup/system_XMC4500.o
                0x2000ffc0                SystemCoreClock
                0x2000ffc4                g_chipid

DSRAM2_DATA     0x30000000        0x0 load address 0x0c005550
                0x30000000                . = ALIGN (0x4)
                0x30000000                __data2_start = .
 *(DSRAM2_DATA)
                0x30000000                . = ALIGN (0x4)
                0x30000000                __data2_end = .
                0x0c005550                __data2_load = LOADADDR (DSRAM2_DATA)
                0x00000000                __data2_size = (__data2_end - __data2_start)
                0x00005550                __text_size = (((((__exidx_end - sText) + __data_size) + __ram_code_size) + __data2_size) + __data3_size)
                0x08005550                eText = (sText + __text_size)

DSRAM2_BSS      0x30000000        0x0 load address 0x0c005550
                0x30000000                . = ALIGN (0x4)
                0x30000000                __bss2_start = .
 *(ETH_RAM)
 *(USB_RAM)
 *(DSRAM2_BSS)
                0x30000000                . = ALIGN (0x4)
                0x30000000                __bss2_end = .
                0x30000000                . = ALIGN (0x8)
                0x30000000                Heap_Bank2_Start = .
                0x00000000                __bss2_size = (__bss2_end - __bss2_start)
                0x0000f8e0                Heap_Bank1_Size = (Heap_Bank1_End - Heap_Bank1_Start)
                0x00008000                Heap_Bank2_Size = (0x8000 - (Heap_Bank2_Start - ORIGIN (DSRAM_2_comm)))
                0x0000f800                Heap_Bank3_Size = (0x10000 - (Heap_Bank3_Start - ORIGIN (PSRAM_1)))
                0x00000001                ASSERT ((Heap_Bank1_Start <= Heap_Bank1_End), region SRAM_combined overflowed no_init section)

/DISCARD/
 *(.comment)

.stab
 *(.stab)

.stabstr
 *(.stabstr)

.debug
 *(.debug)

.line
 *(.line)

.debug_srcinfo
 *(.debug_srcinfo)

.debug_sfnames
 *(.debug_sfnames)

.debug_aranges  0x00000000     0x1150
 *(.debug_aranges)
 .debug_aranges
                0x00000000       0x20 ./Startup/startup_XMC4500.o
 .debug_aranges
                0x00000020       0x48 ./Startup/system_XMC4500.o
 .debug_aranges
                0x00000068       0x28 ./Libraries/XMCLib/src/xmc4_gpio.o
 .debug_aranges
                0x00000090      0x3c8 ./Libraries/XMCLib/src/xmc4_scu.o
 .debug_aranges
                0x00000458      0x118 ./Libraries/XMCLib/src/xmc_can.o
 .debug_aranges
                0x00000570      0x128 ./Libraries/XMCLib/src/xmc_ccu4.o
 .debug_aranges
                0x00000698       0x28 ./Libraries/XMCLib/src/xmc_gpio.o
 .debug_aranges
                0x000006c0       0x70 ./Libraries/XMCLib/src/xmc_uart.o
 .debug_aranges
                0x00000730       0x90 ./Libraries/XMCLib/src/xmc_usic.o
 .debug_aranges
                0x000007c0      0x280 ./Libraries/XMCLib/src/xmc_vadc.o
 .debug_aranges
                0x00000a40       0x28 ./Libraries/Newlib/syscalls.o
 .debug_aranges
                0x00000a68       0xc0 ./Dave/Generated/UART/uart.o
 .debug_aranges
                0x00000b28       0x58 ./Dave/Generated/UART/uart_conf.o
 .debug_aranges
                0x00000b80       0xd8 ./Dave/Generated/TIMER/timer.o
 .debug_aranges
                0x00000c58       0x18 ./Dave/Generated/TIMER/timer_conf.o
 .debug_aranges
                0x00000c70       0x50 ./Dave/Generated/INTERRUPT/interrupt.o
 .debug_aranges
                0x00000cc0       0x18 ./Dave/Generated/INTERRUPT/interrupt_conf.o
 .debug_aranges
                0x00000cd8       0x30 ./Dave/Generated/GLOBAL_CCU4/global_ccu4.o
 .debug_aranges
                0x00000d08       0x18 ./Dave/Generated/GLOBAL_CCU4/global_ccu4_conf.o
 .debug_aranges
                0x00000d20       0x28 ./Dave/Generated/GLOBAL_CAN/global_can.o
 .debug_aranges
                0x00000d48       0x18 ./Dave/Generated/GLOBAL_CAN/global_can_conf.o
 .debug_aranges
                0x00000d60       0x30 ./Dave/Generated/GLOBAL_ADC/global_adc.o
 .debug_aranges
                0x00000d90       0x18 ./Dave/Generated/GLOBAL_ADC/global_adc_conf.o
 .debug_aranges
                0x00000da8       0x28 ./Dave/Generated/DIGITAL_IO/digital_io.o
 .debug_aranges
                0x00000dd0       0x18 ./Dave/Generated/DIGITAL_IO/digital_io_conf.o
 .debug_aranges
                0x00000de8       0x28 ./Dave/Generated/CPU_CTRL_XMC4/cpu_ctrl_xmc4_conf.o
 .debug_aranges
                0x00000e10       0x38 ./Dave/Generated/CLOCK_XMC4/clock_xmc4.o
 .debug_aranges
                0x00000e48       0x20 ./Dave/Generated/CLOCK_XMC4/clock_xmc4_conf.o
 .debug_aranges
                0x00000e68      0x110 ./Dave/Generated/CAN_NODE/can_node.o
 .debug_aranges
                0x00000f78       0x18 ./Dave/Generated/CAN_NODE/can_node_conf.o
 .debug_aranges
                0x00000f90       0x28 ./Dave/Generated/ANALOG_IO/analog_io.o
 .debug_aranges
                0x00000fb8       0x18 ./Dave/Generated/ANALOG_IO/analog_io_conf.o
 .debug_aranges
                0x00000fd0       0x88 ./Dave/Generated/ADC_MEASUREMENT/adc_measurement.o
 .debug_aranges
                0x00001058       0x18 ./Dave/Generated/ADC_MEASUREMENT/adc_measurement_conf.o
 .debug_aranges
                0x00001070       0x20 ./Dave/Generated/DAVE.o
 .debug_aranges
                0x00001090       0x28 ./CAN_1.o
 .debug_aranges
                0x000010b8       0x20 ./CAN_2.o
 .debug_aranges
                0x000010d8       0x30 ./getbits.o
 .debug_aranges
                0x00001108       0x48 ./main.o

.debug_pubnames
 *(.debug_pubnames)

.debug_pubtypes
 *(.debug_pubtypes)

.debug_info     0x00000000    0x1e92b
 *(.debug_info .gnu.linkonce.wi.*)
 .debug_info    0x00000000       0x99 ./Startup/startup_XMC4500.o
 .debug_info    0x00000099      0x8b7 ./Startup/system_XMC4500.o
 .debug_info    0x00000950      0x422 ./Libraries/XMCLib/src/xmc4_gpio.o
 .debug_info    0x00000d72     0x20c4 ./Libraries/XMCLib/src/xmc4_scu.o
 .debug_info    0x00002e36     0x1304 ./Libraries/XMCLib/src/xmc_can.o
 .debug_info    0x0000413a     0x15c1 ./Libraries/XMCLib/src/xmc_ccu4.o
 .debug_info    0x000056fb      0x39d ./Libraries/XMCLib/src/xmc_gpio.o
 .debug_info    0x00005a98      0x88c ./Libraries/XMCLib/src/xmc_uart.o
 .debug_info    0x00006324      0xb5e ./Libraries/XMCLib/src/xmc_usic.o
 .debug_info    0x00006e82     0x2e68 ./Libraries/XMCLib/src/xmc_vadc.o
 .debug_info    0x00009cea      0x11f ./Libraries/Newlib/syscalls.o
 .debug_info    0x00009e09     0x12bc ./Dave/Generated/UART/uart.o
 .debug_info    0x0000b0c5     0x1330 ./Dave/Generated/UART/uart_conf.o
 .debug_info    0x0000c3f5      0xd93 ./Dave/Generated/TIMER/timer.o
 .debug_info    0x0000d188      0x83b ./Dave/Generated/TIMER/timer_conf.o
 .debug_info    0x0000d9c3      0x910 ./Dave/Generated/INTERRUPT/interrupt.o
 .debug_info    0x0000e2d3      0x405 ./Dave/Generated/INTERRUPT/interrupt_conf.o
 .debug_info    0x0000e6d8      0x3be ./Dave/Generated/GLOBAL_CCU4/global_ccu4.o
 .debug_info    0x0000ea96      0x2be ./Dave/Generated/GLOBAL_CCU4/global_ccu4_conf.o
 .debug_info    0x0000ed54      0x389 ./Dave/Generated/GLOBAL_CAN/global_can.o
 .debug_info    0x0000f0dd      0x2bb ./Dave/Generated/GLOBAL_CAN/global_can_conf.o
 .debug_info    0x0000f398      0xfae ./Dave/Generated/GLOBAL_ADC/global_adc.o
 .debug_info    0x00010346      0xfb0 ./Dave/Generated/GLOBAL_ADC/global_adc_conf.o
 .debug_info    0x000112f6      0x4dc ./Dave/Generated/DIGITAL_IO/digital_io.o
 .debug_info    0x000117d2      0x417 ./Dave/Generated/DIGITAL_IO/digital_io_conf.o
 .debug_info    0x00011be9      0x475 ./Dave/Generated/CPU_CTRL_XMC4/cpu_ctrl_xmc4_conf.o
 .debug_info    0x0001205e      0x224 ./Dave/Generated/CLOCK_XMC4/clock_xmc4.o
 .debug_info    0x00012282      0x385 ./Dave/Generated/CLOCK_XMC4/clock_xmc4_conf.o
 .debug_info    0x00012607     0x1447 ./Dave/Generated/CAN_NODE/can_node.o
 .debug_info    0x00013a4e     0x1026 ./Dave/Generated/CAN_NODE/can_node_conf.o
 .debug_info    0x00014a74      0x38c ./Dave/Generated/ANALOG_IO/analog_io.o
 .debug_info    0x00014e00      0x2d8 ./Dave/Generated/ANALOG_IO/analog_io_conf.o
 .debug_info    0x000150d8     0x1fbd ./Dave/Generated/ADC_MEASUREMENT/adc_measurement.o
 .debug_info    0x00017095     0x1944 ./Dave/Generated/ADC_MEASUREMENT/adc_measurement_conf.o
 .debug_info    0x000189d9     0x3081 ./Dave/Generated/DAVE.o
 .debug_info    0x0001ba5a      0xb02 ./CAN_1.o
 .debug_info    0x0001c55c     0x11c1 ./CAN_2.o
 .debug_info    0x0001d71d       0xe4 ./getbits.o
 .debug_info    0x0001d801     0x112a ./main.o

.debug_abbrev   0x00000000     0x3ce3
 *(.debug_abbrev)
 .debug_abbrev  0x00000000       0x14 ./Startup/startup_XMC4500.o
 .debug_abbrev  0x00000014      0x1a1 ./Startup/system_XMC4500.o
 .debug_abbrev  0x000001b5      0x11b ./Libraries/XMCLib/src/xmc4_gpio.o
 .debug_abbrev  0x000002d0      0x289 ./Libraries/XMCLib/src/xmc4_scu.o
 .debug_abbrev  0x00000559      0x2b8 ./Libraries/XMCLib/src/xmc_can.o
 .debug_abbrev  0x00000811      0x1fc ./Libraries/XMCLib/src/xmc_ccu4.o
 .debug_abbrev  0x00000a0d      0x10c ./Libraries/XMCLib/src/xmc_gpio.o
 .debug_abbrev  0x00000b19      0x1fe ./Libraries/XMCLib/src/xmc_uart.o
 .debug_abbrev  0x00000d17      0x1eb ./Libraries/XMCLib/src/xmc_usic.o
 .debug_abbrev  0x00000f02      0x266 ./Libraries/XMCLib/src/xmc_vadc.o
 .debug_abbrev  0x00001168       0xbd ./Libraries/Newlib/syscalls.o
 .debug_abbrev  0x00001225      0x280 ./Dave/Generated/UART/uart.o
 .debug_abbrev  0x000014a5      0x24b ./Dave/Generated/UART/uart_conf.o
 .debug_abbrev  0x000016f0      0x22b ./Dave/Generated/TIMER/timer.o
 .debug_abbrev  0x0000191b      0x15a ./Dave/Generated/TIMER/timer_conf.o
 .debug_abbrev  0x00001a75      0x1da ./Dave/Generated/INTERRUPT/interrupt.o
 .debug_abbrev  0x00001c4f       0x97 ./Dave/Generated/INTERRUPT/interrupt_conf.o
 .debug_abbrev  0x00001ce6      0x16f ./Dave/Generated/GLOBAL_CCU4/global_ccu4.o
 .debug_abbrev  0x00001e55       0xfd ./Dave/Generated/GLOBAL_CCU4/global_ccu4_conf.o
 .debug_abbrev  0x00001f52      0x148 ./Dave/Generated/GLOBAL_CAN/global_can.o
 .debug_abbrev  0x0000209a       0xe5 ./Dave/Generated/GLOBAL_CAN/global_can_conf.o
 .debug_abbrev  0x0000217f      0x1e6 ./Dave/Generated/GLOBAL_ADC/global_adc.o
 .debug_abbrev  0x00002365      0x185 ./Dave/Generated/GLOBAL_ADC/global_adc_conf.o
 .debug_abbrev  0x000024ea      0x148 ./Dave/Generated/DIGITAL_IO/digital_io.o
 .debug_abbrev  0x00002632       0xfd ./Dave/Generated/DIGITAL_IO/digital_io_conf.o
 .debug_abbrev  0x0000272f      0x184 ./Dave/Generated/CPU_CTRL_XMC4/cpu_ctrl_xmc4_conf.o
 .debug_abbrev  0x000028b3      0x10f ./Dave/Generated/CLOCK_XMC4/clock_xmc4.o
 .debug_abbrev  0x000029c2      0x104 ./Dave/Generated/CLOCK_XMC4/clock_xmc4_conf.o
 .debug_abbrev  0x00002ac6      0x2a0 ./Dave/Generated/CAN_NODE/can_node.o
 .debug_abbrev  0x00002d66      0x187 ./Dave/Generated/CAN_NODE/can_node_conf.o
 .debug_abbrev  0x00002eed      0x140 ./Dave/Generated/ANALOG_IO/analog_io.o
 .debug_abbrev  0x0000302d      0x104 ./Dave/Generated/ANALOG_IO/analog_io_conf.o
 .debug_abbrev  0x00003131      0x27c ./Dave/Generated/ADC_MEASUREMENT/adc_measurement.o
 .debug_abbrev  0x000033ad      0x18a ./Dave/Generated/ADC_MEASUREMENT/adc_measurement_conf.o
 .debug_abbrev  0x00003537      0x1cf ./Dave/Generated/DAVE.o
 .debug_abbrev  0x00003706      0x1a1 ./CAN_1.o
 .debug_abbrev  0x000038a7      0x178 ./CAN_2.o
 .debug_abbrev  0x00003a1f       0x71 ./getbits.o
 .debug_abbrev  0x00003a90      0x253 ./main.o

.debug_line     0x00000000     0x9372
 *(.debug_line)
 .debug_line    0x00000000       0x88 ./Startup/startup_XMC4500.o
 .debug_line    0x00000088      0x311 ./Startup/system_XMC4500.o
 .debug_line    0x00000399      0x226 ./Libraries/XMCLib/src/xmc4_gpio.o
 .debug_line    0x000005bf      0xdd0 ./Libraries/XMCLib/src/xmc4_scu.o
 .debug_line    0x0000138f      0x6c3 ./Libraries/XMCLib/src/xmc_can.o
 .debug_line    0x00001a52      0x60b ./Libraries/XMCLib/src/xmc_ccu4.o
 .debug_line    0x0000205d      0x213 ./Libraries/XMCLib/src/xmc_gpio.o
 .debug_line    0x00002270      0x38f ./Libraries/XMCLib/src/xmc_uart.o
 .debug_line    0x000025ff      0x43e ./Libraries/XMCLib/src/xmc_usic.o
 .debug_line    0x00002a3d      0xb16 ./Libraries/XMCLib/src/xmc_vadc.o
 .debug_line    0x00003553       0xbf ./Libraries/Newlib/syscalls.o
 .debug_line    0x00003612      0x54f ./Dave/Generated/UART/uart.o
 .debug_line    0x00003b61      0x37f ./Dave/Generated/UART/uart_conf.o
 .debug_line    0x00003ee0      0x5a8 ./Dave/Generated/TIMER/timer.o
 .debug_line    0x00004488      0x328 ./Dave/Generated/TIMER/timer_conf.o
 .debug_line    0x000047b0      0x332 ./Dave/Generated/INTERRUPT/interrupt.o
 .debug_line    0x00004ae2      0x20f ./Dave/Generated/INTERRUPT/interrupt_conf.o
 .debug_line    0x00004cf1      0x353 ./Dave/Generated/GLOBAL_CCU4/global_ccu4.o
 .debug_line    0x00005044      0x2a8 ./Dave/Generated/GLOBAL_CCU4/global_ccu4_conf.o
 .debug_line    0x000052ec      0x32c ./Dave/Generated/GLOBAL_CAN/global_can.o
 .debug_line    0x00005618      0x296 ./Dave/Generated/GLOBAL_CAN/global_can_conf.o
 .debug_line    0x000058ae      0x35f ./Dave/Generated/GLOBAL_ADC/global_adc.o
 .debug_line    0x00005c0d      0x297 ./Dave/Generated/GLOBAL_ADC/global_adc_conf.o
 .debug_line    0x00005ea4      0x29a ./Dave/Generated/DIGITAL_IO/digital_io.o
 .debug_line    0x0000613e      0x207 ./Dave/Generated/DIGITAL_IO/digital_io_conf.o
 .debug_line    0x00006345      0x28c ./Dave/Generated/CPU_CTRL_XMC4/cpu_ctrl_xmc4_conf.o
 .debug_line    0x000065d1      0x2d0 ./Dave/Generated/CLOCK_XMC4/clock_xmc4.o
 .debug_line    0x000068a1      0x2a6 ./Dave/Generated/CLOCK_XMC4/clock_xmc4_conf.o
 .debug_line    0x00006b47      0x609 ./Dave/Generated/CAN_NODE/can_node.o
 .debug_line    0x00007150      0x2fd ./Dave/Generated/CAN_NODE/can_node_conf.o
 .debug_line    0x0000744d      0x28b ./Dave/Generated/ANALOG_IO/analog_io.o
 .debug_line    0x000076d8      0x1f6 ./Dave/Generated/ANALOG_IO/analog_io_conf.o
 .debug_line    0x000078ce      0x584 ./Dave/Generated/ADC_MEASUREMENT/adc_measurement.o
 .debug_line    0x00007e52      0x3d0 ./Dave/Generated/ADC_MEASUREMENT/adc_measurement_conf.o
 .debug_line    0x00008222      0x573 ./Dave/Generated/DAVE.o
 .debug_line    0x00008795      0x35f ./CAN_1.o
 .debug_line    0x00008af4      0x3fc ./CAN_2.o
 .debug_line    0x00008ef0       0x63 ./getbits.o
 .debug_line    0x00008f53      0x41f ./main.o

.debug_frame    0x00000000     0x4500
 *(.debug_frame)
 .debug_frame   0x00000000       0xec ./Startup/system_XMC4500.o
 .debug_frame   0x000000ec       0x60 ./Libraries/XMCLib/src/xmc4_gpio.o
 .debug_frame   0x0000014c     0x11c0 ./Libraries/XMCLib/src/xmc4_scu.o
 .debug_frame   0x0000130c      0x510 ./Libraries/XMCLib/src/xmc_can.o
 .debug_frame   0x0000181c      0x560 ./Libraries/XMCLib/src/xmc_ccu4.o
 .debug_frame   0x00001d7c       0x60 ./Libraries/XMCLib/src/xmc_gpio.o
 .debug_frame   0x00001ddc      0x1c8 ./Libraries/XMCLib/src/xmc_uart.o
 .debug_frame   0x00001fa4      0x268 ./Libraries/XMCLib/src/xmc_usic.o
 .debug_frame   0x0000220c      0xc00 ./Libraries/XMCLib/src/xmc_vadc.o
 .debug_frame   0x00002e0c       0x5c ./Libraries/Newlib/syscalls.o
 .debug_frame   0x00002e68      0x35c ./Dave/Generated/UART/uart.o
 .debug_frame   0x000031c4      0x140 ./Dave/Generated/UART/uart_conf.o
 .debug_frame   0x00003304      0x3e0 ./Dave/Generated/TIMER/timer.o
 .debug_frame   0x000036e4      0x124 ./Dave/Generated/INTERRUPT/interrupt.o
 .debug_frame   0x00003808       0x88 ./Dave/Generated/GLOBAL_CCU4/global_ccu4.o
 .debug_frame   0x00003890       0x60 ./Dave/Generated/GLOBAL_CAN/global_can.o
 .debug_frame   0x000038f0       0x88 ./Dave/Generated/GLOBAL_ADC/global_adc.o
 .debug_frame   0x00003978       0x60 ./Dave/Generated/DIGITAL_IO/digital_io.o
 .debug_frame   0x000039d8       0x60 ./Dave/Generated/CPU_CTRL_XMC4/cpu_ctrl_xmc4_conf.o
 .debug_frame   0x00003a38       0xac ./Dave/Generated/CLOCK_XMC4/clock_xmc4.o
 .debug_frame   0x00003ae4       0x3c ./Dave/Generated/CLOCK_XMC4/clock_xmc4_conf.o
 .debug_frame   0x00003b20      0x4e8 ./Dave/Generated/CAN_NODE/can_node.o
 .debug_frame   0x00004008       0x60 ./Dave/Generated/ANALOG_IO/analog_io.o
 .debug_frame   0x00004068      0x240 ./Dave/Generated/ADC_MEASUREMENT/adc_measurement.o
 .debug_frame   0x000042a8       0x38 ./Dave/Generated/DAVE.o
 .debug_frame   0x000042e0       0x60 ./CAN_1.o
 .debug_frame   0x00004340       0x38 ./CAN_2.o
 .debug_frame   0x00004378       0x88 ./getbits.o
 .debug_frame   0x00004400       0xd4 ./main.o
 .debug_frame   0x000044d4       0x2c c:/dave/dave-ide-4.4.2-64bit/eclipse/arm-gcc-49/bin/../lib/gcc/arm-none-eabi/4.9.3/../../../../arm-none-eabi/lib/armv7e-m/softfp\libg_nano.a(lib_a-init.o)

.debug_str      0x00000000     0xbf3e
 *(.debug_str)
 .debug_str     0x00000000      0x50b ./Startup/system_XMC4500.o
                                0x58b (size before relaxing)
 .debug_str     0x0000050b      0x544 ./Libraries/XMCLib/src/xmc4_gpio.o
                                0x780 (size before relaxing)
 .debug_str     0x00000a4f     0x1f6f ./Libraries/XMCLib/src/xmc4_scu.o
                               0x2442 (size before relaxing)
 .debug_str     0x000029be      0xb79 ./Libraries/XMCLib/src/xmc_can.o
                               0x1166 (size before relaxing)
 .debug_str     0x00003537     0x14d6 ./Libraries/XMCLib/src/xmc_ccu4.o
                               0x1b14 (size before relaxing)
 .debug_str     0x00004a0d       0xca ./Libraries/XMCLib/src/xmc_gpio.o
                                0x62e (size before relaxing)
 .debug_str     0x00004ad7      0x86e ./Libraries/XMCLib/src/xmc_uart.o
                                0xb04 (size before relaxing)
 .debug_str     0x00005345      0x95b ./Libraries/XMCLib/src/xmc_usic.o
                               0x1073 (size before relaxing)
 .debug_str     0x00005ca0     0x20b7 ./Libraries/XMCLib/src/xmc_vadc.o
                               0x2706 (size before relaxing)
 .debug_str     0x00007d57       0x6a ./Libraries/Newlib/syscalls.o
                                0x234 (size before relaxing)
 .debug_str     0x00007dc1      0x9fe ./Dave/Generated/UART/uart.o
                               0x1a2c (size before relaxing)
 .debug_str     0x000087bf      0x7aa ./Dave/Generated/UART/uart_conf.o
                               0x191c (size before relaxing)
 .debug_str     0x00008f69      0x539 ./Dave/Generated/TIMER/timer.o
                                0xc2a (size before relaxing)
 .debug_str     0x000094a2      0x29a ./Dave/Generated/TIMER/timer_conf.o
                                0xb6f (size before relaxing)
 .debug_str     0x0000973c       0xdd ./Dave/Generated/INTERRUPT/interrupt.o
                                0xaab (size before relaxing)
 .debug_str     0x00009819       0x39 ./Dave/Generated/INTERRUPT/interrupt_conf.o
                                0x866 (size before relaxing)
 .debug_str     0x00009852       0xb5 ./Dave/Generated/GLOBAL_CCU4/global_ccu4.o
                                0x58d (size before relaxing)
 .debug_str     0x00009907       0x31 ./Dave/Generated/GLOBAL_CCU4/global_ccu4_conf.o
                                0x4a1 (size before relaxing)
 .debug_str     0x00009938       0xed ./Dave/Generated/GLOBAL_CAN/global_can.o
                                0x3d3 (size before relaxing)
 .debug_str     0x00009a25       0x3c ./Dave/Generated/GLOBAL_CAN/global_can_conf.o
                                0x316 (size before relaxing)
 .debug_str     0x00009a61      0x1b2 ./Dave/Generated/GLOBAL_ADC/global_adc.o
                                0xa2f (size before relaxing)
 .debug_str     0x00009c13      0x21d ./Dave/Generated/GLOBAL_ADC/global_adc_conf.o
                                0xb2e (size before relaxing)
 .debug_str     0x00009e30       0xdf ./Dave/Generated/DIGITAL_IO/digital_io.o
                                0x8bd (size before relaxing)
 .debug_str     0x00009f0f       0x35 ./Dave/Generated/DIGITAL_IO/digital_io_conf.o
                                0x804 (size before relaxing)
 .debug_str     0x00009f44       0x88 ./Dave/Generated/CPU_CTRL_XMC4/cpu_ctrl_xmc4_conf.o
                                0x3c0 (size before relaxing)
 .debug_str     0x00009fcc       0xe7 ./Dave/Generated/CLOCK_XMC4/clock_xmc4.o
                                0x371 (size before relaxing)
 .debug_str     0x0000a0b3       0x50 ./Dave/Generated/CLOCK_XMC4/clock_xmc4_conf.o
                                0x751 (size before relaxing)
 .debug_str     0x0000a103      0x8f8 ./Dave/Generated/CAN_NODE/can_node.o
                               0x1543 (size before relaxing)
 .debug_str     0x0000a9fb      0x4b8 ./Dave/Generated/CAN_NODE/can_node_conf.o
                               0x1219 (size before relaxing)